layers=4 parameters=38874112 samples=1024 scored_targets=10002
2026-09-20 22:17:05 UTC step=0 elapsed_seconds=10.5788 mean_loss=10.8709 errors=10001/10002 exact_sentences=0/1024
2026-09-20 22:17:12 UTC completed_step=16 elapsed_seconds=17.993 learning_rate=9.6e-05
2026-09-20 22:17:20 UTC completed_step=32 elapsed_seconds=25.317 learning_rate=0.000192
2026-09-20 22:17:27 UTC completed_step=48 elapsed_seconds=32.6421 learning_rate=0.000288
2026-09-20 22:17:34 UTC completed_step=64 elapsed_seconds=39.9674 learning_rate=0.000384
2026-09-20 22:17:42 UTC completed_step=80 elapsed_seconds=47.291 learning_rate=0.00048
2026-09-20 22:17:49 UTC completed_step=96 elapsed_seconds=54.6153 learning_rate=0.000576
2026-09-20 22:17:56 UTC completed_step=112 elapsed_seconds=61.9389 learning_rate=0.000599992
2026-09-20 22:18:04 UTC completed_step=128 elapsed_seconds=69.2634 learning_rate=0.000599956
2026-09-20 22:18:14 UTC step=128 elapsed_seconds=79.843 mean_loss=5.31566 errors=7498/10002 exact_sentences=1/1024
2026-09-20 22:18:21 UTC completed_step=144 elapsed_seconds=87.1698 learning_rate=0.000599893
2026-09-20 22:18:29 UTC completed_step=160 elapsed_seconds=94.4902 learning_rate=0.0005998
2026-09-20 22:18:36 UTC completed_step=176 elapsed_seconds=101.81 learning_rate=0.00059968
2026-09-20 22:18:43 UTC completed_step=192 elapsed_seconds=109.13 learning_rate=0.00059953
2026-09-20 22:18:51 UTC completed_step=208 elapsed_seconds=116.448 learning_rate=0.000599353
2026-09-20 22:18:58 UTC completed_step=224 elapsed_seconds=123.767 learning_rate=0.000599147
2026-09-20 22:19:05 UTC completed_step=240 elapsed_seconds=131.087 learning_rate=0.000598913
2026-09-20 22:19:13 UTC completed_step=256 elapsed_seconds=138.407 learning_rate=0.000598651
2026-09-20 22:19:23 UTC step=256 elapsed_seconds=148.974 mean_loss=3.94586 errors=6301/10002 exact_sentences=2/1024
2026-09-20 22:19:31 UTC completed_step=272 elapsed_seconds=156.298 learning_rate=0.00059836
2026-09-20 22:19:38 UTC completed_step=288 elapsed_seconds=163.621 learning_rate=0.000598041
2026-09-20 22:19:45 UTC completed_step=304 elapsed_seconds=170.943 learning_rate=0.000597694
2026-09-20 22:19:53 UTC completed_step=320 elapsed_seconds=178.265 learning_rate=0.000597319
2026-09-20 22:20:00 UTC completed_step=336 elapsed_seconds=185.584 learning_rate=0.000596915
2026-09-20 22:20:07 UTC completed_step=352 elapsed_seconds=192.909 learning_rate=0.000596484
2026-09-20 22:20:15 UTC completed_step=368 elapsed_seconds=200.23 learning_rate=0.000596024
2026-09-20 22:20:22 UTC completed_step=384 elapsed_seconds=207.553 learning_rate=0.000595536
2026-09-20 22:20:32 UTC step=384 elapsed_seconds=218.118 mean_loss=2.56133 errors=4839/10002 exact_sentences=4/1024
2026-09-20 22:20:40 UTC completed_step=400 elapsed_seconds=225.439 learning_rate=0.000595021
2026-09-20 22:20:47 UTC completed_step=416 elapsed_seconds=232.759 learning_rate=0.000594478
2026-09-20 22:20:54 UTC completed_step=432 elapsed_seconds=240.082 learning_rate=0.000593906
2026-09-20 22:21:02 UTC completed_step=448 elapsed_seconds=247.404 learning_rate=0.000593307
2026-09-20 22:21:09 UTC completed_step=464 elapsed_seconds=254.724 learning_rate=0.000592681
2026-09-20 22:21:16 UTC completed_step=480 elapsed_seconds=262.046 learning_rate=0.000592026
2026-09-20 22:21:24 UTC completed_step=496 elapsed_seconds=269.366 learning_rate=0.000591344
2026-09-20 22:21:31 UTC completed_step=512 elapsed_seconds=276.688 learning_rate=0.000590635
2026-09-20 22:21:42 UTC step=512 elapsed_seconds=287.254 mean_loss=1.22025 errors=1686/10002 exact_sentences=221/1024
2026-09-20 22:21:49 UTC completed_step=528 elapsed_seconds=294.615 learning_rate=0.000589898
2026-09-20 22:21:56 UTC completed_step=544 elapsed_seconds=301.936 learning_rate=0.000589134
2026-09-20 22:22:04 UTC completed_step=560 elapsed_seconds=309.257 learning_rate=0.000588342
2026-09-20 22:22:11 UTC completed_step=576 elapsed_seconds=316.58 learning_rate=0.000587524
2026-09-20 22:22:18 UTC completed_step=592 elapsed_seconds=323.904 learning_rate=0.000586678
2026-09-20 22:22:25 UTC completed_step=608 elapsed_seconds=331.226 learning_rate=0.000585805
2026-09-20 22:22:33 UTC completed_step=624 elapsed_seconds=338.55 learning_rate=0.000584906
2026-09-20 22:22:40 UTC completed_step=640 elapsed_seconds=345.871 learning_rate=0.000583979
2026-09-20 22:22:51 UTC step=640 elapsed_seconds=356.437 mean_loss=0.343164 errors=179/10002 exact_sentences=862/1024
2026-09-20 22:22:58 UTC completed_step=656 elapsed_seconds=363.763 learning_rate=0.000583026
2026-09-20 22:23:05 UTC completed_step=672 elapsed_seconds=371.082 learning_rate=0.000582046
2026-09-20 22:23:13 UTC completed_step=688 elapsed_seconds=378.399 learning_rate=0.00058104
2026-09-20 22:23:20 UTC completed_step=704 elapsed_seconds=385.716 learning_rate=0.000580007
2026-09-20 22:23:27 UTC completed_step=720 elapsed_seconds=393.037 learning_rate=0.000578948
2026-09-20 22:23:35 UTC completed_step=736 elapsed_seconds=400.358 learning_rate=0.000577862
2026-09-20 22:23:42 UTC completed_step=752 elapsed_seconds=407.678 learning_rate=0.000576751
2026-09-20 22:23:49 UTC completed_step=768 elapsed_seconds=414.997 learning_rate=0.000575614
2026-09-20 22:24:00 UTC step=768 elapsed_seconds=425.566 mean_loss=0.0981125 errors=86/10002 exact_sentences=941/1024
2026-09-20 22:24:07 UTC completed_step=784 elapsed_seconds=432.891 learning_rate=0.000574451
2026-09-20 22:24:14 UTC completed_step=800 elapsed_seconds=440.214 learning_rate=0.000573262
2026-09-20 22:24:22 UTC completed_step=816 elapsed_seconds=447.537 learning_rate=0.000572047
2026-09-20 22:24:29 UTC completed_step=832 elapsed_seconds=454.862 learning_rate=0.000570807
2026-09-20 22:24:36 UTC completed_step=848 elapsed_seconds=462.187 learning_rate=0.000569542
2026-09-20 22:24:44 UTC completed_step=864 elapsed_seconds=469.511 learning_rate=0.000568251
2026-09-20 22:24:51 UTC completed_step=880 elapsed_seconds=476.835 learning_rate=0.000566936
2026-09-20 22:24:58 UTC completed_step=896 elapsed_seconds=484.154 learning_rate=0.000565595
2026-09-20 22:25:09 UTC step=896 elapsed_seconds=494.726 mean_loss=0.061826 errors=80/10002 exact_sentences=952/1024
2026-09-20 22:25:16 UTC completed_step=912 elapsed_seconds=502.054 learning_rate=0.00056423
2026-09-20 22:25:24 UTC completed_step=928 elapsed_seconds=509.376 learning_rate=0.00056284
2026-09-20 22:25:31 UTC completed_step=944 elapsed_seconds=516.699 learning_rate=0.000561425
2026-09-20 22:25:38 UTC completed_step=960 elapsed_seconds=524.021 learning_rate=0.000559986
2026-09-20 22:25:46 UTC completed_step=976 elapsed_seconds=531.344 learning_rate=0.000558523
2026-09-20 22:25:53 UTC completed_step=992 elapsed_seconds=538.667 learning_rate=0.000557036
2026-09-20 22:26:00 UTC completed_step=1008 elapsed_seconds=545.99 learning_rate=0.000555525
2026-09-20 22:26:08 UTC completed_step=1024 elapsed_seconds=553.314 learning_rate=0.000553991
2026-09-20 22:26:18 UTC step=1024 elapsed_seconds=563.892 mean_loss=0.0453249 errors=57/10002 exact_sentences=972/1024
2026-09-20 22:26:26 UTC completed_step=1040 elapsed_seconds=571.251 learning_rate=0.000552432
2026-09-20 22:26:33 UTC completed_step=1056 elapsed_seconds=578.574 learning_rate=0.000550851
2026-09-20 22:26:40 UTC completed_step=1072 elapsed_seconds=585.896 learning_rate=0.000549246
2026-09-20 22:26:47 UTC completed_step=1088 elapsed_seconds=593.218 learning_rate=0.000547618
2026-09-20 22:26:55 UTC completed_step=1104 elapsed_seconds=600.54 learning_rate=0.000545967
2026-09-20 22:27:02 UTC completed_step=1120 elapsed_seconds=607.863 learning_rate=0.000544293
2026-09-20 22:27:09 UTC completed_step=1136 elapsed_seconds=615.183 learning_rate=0.000542597
2026-09-20 22:27:17 UTC completed_step=1152 elapsed_seconds=622.505 learning_rate=0.000540878
2026-09-20 22:27:27 UTC step=1152 elapsed_seconds=633.084 mean_loss=0.0338742 errors=47/10002 exact_sentences=982/1024
2026-09-20 22:27:35 UTC completed_step=1168 elapsed_seconds=640.409 learning_rate=0.000539138
2026-09-20 22:27:42 UTC completed_step=1184 elapsed_seconds=647.73 learning_rate=0.000537375
2026-09-20 22:27:49 UTC completed_step=1200 elapsed_seconds=655.05 learning_rate=0.00053559
2026-09-20 22:27:57 UTC completed_step=1216 elapsed_seconds=662.37 learning_rate=0.000533784
2026-09-20 22:28:04 UTC completed_step=1232 elapsed_seconds=669.691 learning_rate=0.000531957
2026-09-20 22:28:11 UTC completed_step=1248 elapsed_seconds=677.01 learning_rate=0.000530108
2026-09-20 22:28:19 UTC completed_step=1264 elapsed_seconds=684.327 learning_rate=0.000528238
2026-09-20 22:28:26 UTC completed_step=1280 elapsed_seconds=691.647 learning_rate=0.000526347
2026-09-20 22:28:36 UTC step=1280 elapsed_seconds=702.221 mean_loss=0.0364759 errors=72/10002 exact_sentences=964/1024
2026-09-20 22:28:44 UTC completed_step=1296 elapsed_seconds=709.546 learning_rate=0.000524435
2026-09-20 22:28:51 UTC completed_step=1312 elapsed_seconds=716.867 learning_rate=0.000522503
2026-09-20 22:28:58 UTC completed_step=1328 elapsed_seconds=724.185 learning_rate=0.000520551
2026-09-20 22:29:06 UTC completed_step=1344 elapsed_seconds=731.503 learning_rate=0.000518579
2026-09-20 22:29:13 UTC completed_step=1360 elapsed_seconds=738.822 learning_rate=0.000516587
2026-09-20 22:29:20 UTC completed_step=1376 elapsed_seconds=746.142 learning_rate=0.000514575
2026-09-20 22:29:28 UTC completed_step=1392 elapsed_seconds=753.462 learning_rate=0.000512544
2026-09-20 22:29:35 UTC completed_step=1408 elapsed_seconds=760.781 learning_rate=0.000510494
2026-09-20 22:29:46 UTC step=1408 elapsed_seconds=771.348 mean_loss=0.024308 errors=36/10002 exact_sentences=991/1024
2026-09-20 22:29:53 UTC completed_step=1424 elapsed_seconds=778.67 learning_rate=0.000508424
2026-09-20 22:30:00 UTC completed_step=1440 elapsed_seconds=785.991 learning_rate=0.000506336
2026-09-20 22:30:08 UTC completed_step=1456 elapsed_seconds=793.308 learning_rate=0.00050423
2026-09-20 22:30:15 UTC completed_step=1472 elapsed_seconds=800.626 learning_rate=0.000502104
2026-09-20 22:30:22 UTC completed_step=1488 elapsed_seconds=807.944 learning_rate=0.000499961
2026-09-20 22:30:30 UTC completed_step=1504 elapsed_seconds=815.263 learning_rate=0.0004978
2026-09-20 22:30:37 UTC completed_step=1520 elapsed_seconds=822.584 learning_rate=0.000495622
2026-09-20 22:30:44 UTC completed_step=1536 elapsed_seconds=829.904 learning_rate=0.000493426
2026-09-20 22:30:55 UTC step=1536 elapsed_seconds=840.474 mean_loss=0.0276578 errors=45/10002 exact_sentences=984/1024
2026-09-20 22:31:02 UTC completed_step=1552 elapsed_seconds=847.836 learning_rate=0.000491212
2026-09-20 22:31:09 UTC completed_step=1568 elapsed_seconds=855.158 learning_rate=0.000488982
2026-09-20 22:31:17 UTC completed_step=1584 elapsed_seconds=862.476 learning_rate=0.000486735
2026-09-20 22:31:24 UTC completed_step=1600 elapsed_seconds=869.796 learning_rate=0.000484472
2026-09-20 22:31:31 UTC completed_step=1616 elapsed_seconds=877.116 learning_rate=0.000482192
2026-09-20 22:31:39 UTC completed_step=1632 elapsed_seconds=884.436 learning_rate=0.000479896
2026-09-20 22:31:46 UTC completed_step=1648 elapsed_seconds=891.756 learning_rate=0.000477584
2026-09-20 22:31:53 UTC completed_step=1664 elapsed_seconds=899.079 learning_rate=0.000475257
2026-09-20 22:32:04 UTC step=1664 elapsed_seconds=909.647 mean_loss=0.0199716 errors=31/10002 exact_sentences=996/1024
2026-09-20 22:32:11 UTC completed_step=1680 elapsed_seconds=916.975 learning_rate=0.000472915
2026-09-20 22:32:19 UTC completed_step=1696 elapsed_seconds=924.295 learning_rate=0.000470558
2026-09-20 22:32:26 UTC completed_step=1712 elapsed_seconds=931.618 learning_rate=0.000468185
2026-09-20 22:32:33 UTC completed_step=1728 elapsed_seconds=938.937 learning_rate=0.000465799
2026-09-20 22:32:41 UTC completed_step=1744 elapsed_seconds=946.258 learning_rate=0.000463398
2026-09-20 22:32:48 UTC completed_step=1760 elapsed_seconds=953.576 learning_rate=0.000460983
2026-09-20 22:32:55 UTC completed_step=1776 elapsed_seconds=960.895 learning_rate=0.000458554
2026-09-20 22:33:02 UTC completed_step=1792 elapsed_seconds=968.213 learning_rate=0.000456112
2026-09-20 22:33:13 UTC step=1792 elapsed_seconds=978.786 mean_loss=0.0140631 errors=24/10002 exact_sentences=1001/1024
2026-09-20 22:33:20 UTC completed_step=1808 elapsed_seconds=986.109 learning_rate=0.000453656
2026-09-20 22:33:28 UTC completed_step=1824 elapsed_seconds=993.427 learning_rate=0.000451187
2026-09-20 22:33:35 UTC completed_step=1840 elapsed_seconds=1000.74 learning_rate=0.000448706
2026-09-20 22:33:42 UTC completed_step=1856 elapsed_seconds=1008.06 learning_rate=0.000446212
2026-09-20 22:33:50 UTC completed_step=1872 elapsed_seconds=1015.38 learning_rate=0.000443706
2026-09-20 22:33:57 UTC completed_step=1888 elapsed_seconds=1022.69 learning_rate=0.000441188
2026-09-20 22:34:04 UTC completed_step=1904 elapsed_seconds=1030.01 learning_rate=0.000438658
2026-09-20 22:34:12 UTC completed_step=1920 elapsed_seconds=1037.32 learning_rate=0.000436117
2026-09-20 22:34:22 UTC step=1920 elapsed_seconds=1047.9 mean_loss=0.0093616 errors=17/10002 exact_sentences=1009/1024
2026-09-20 22:34:29 UTC completed_step=1936 elapsed_seconds=1055.22 learning_rate=0.000433564
2026-09-20 22:34:37 UTC completed_step=1952 elapsed_seconds=1062.54 learning_rate=0.000431001
2026-09-20 22:34:44 UTC completed_step=1968 elapsed_seconds=1069.86 learning_rate=0.000428427
2026-09-20 22:34:51 UTC completed_step=1984 elapsed_seconds=1077.18 learning_rate=0.000425843
2026-09-20 22:34:59 UTC completed_step=2000 elapsed_seconds=1084.49 learning_rate=0.000423249
2026-09-20 22:35:06 UTC completed_step=2016 elapsed_seconds=1091.81 learning_rate=0.000420644
2026-09-20 22:35:13 UTC completed_step=2032 elapsed_seconds=1099.12 learning_rate=0.000418031
2026-09-20 22:35:21 UTC completed_step=2048 elapsed_seconds=1106.44 learning_rate=0.000415408
2026-09-20 22:35:31 UTC step=2048 elapsed_seconds=1117.02 mean_loss=0.0165985 errors=36/10002 exact_sentences=991/1024
2026-09-20 22:35:39 UTC completed_step=2064 elapsed_seconds=1124.38 learning_rate=0.000412776
2026-09-20 22:35:46 UTC completed_step=2080 elapsed_seconds=1131.69 learning_rate=0.000410135
2026-09-20 22:35:53 UTC completed_step=2096 elapsed_seconds=1139.01 learning_rate=0.000407486
2026-09-20 22:36:01 UTC completed_step=2112 elapsed_seconds=1146.33 learning_rate=0.000404829
2026-09-20 22:36:08 UTC completed_step=2128 elapsed_seconds=1153.65 learning_rate=0.000402164
2026-09-20 22:36:15 UTC completed_step=2144 elapsed_seconds=1160.97 learning_rate=0.000399491
2026-09-20 22:36:23 UTC completed_step=2160 elapsed_seconds=1168.28 learning_rate=0.000396811
2026-09-20 22:36:30 UTC completed_step=2176 elapsed_seconds=1175.6 learning_rate=0.000394124
2026-09-20 22:36:40 UTC step=2176 elapsed_seconds=1186.18 mean_loss=0.00894635 errors=16/10002 exact_sentences=1009/1024
2026-09-20 22:36:48 UTC completed_step=2192 elapsed_seconds=1193.5 learning_rate=0.00039143
2026-09-20 22:36:55 UTC completed_step=2208 elapsed_seconds=1200.82 learning_rate=0.00038873
2026-09-20 22:37:02 UTC completed_step=2224 elapsed_seconds=1208.15 learning_rate=0.000386023
2026-09-20 22:37:10 UTC completed_step=2240 elapsed_seconds=1215.47 learning_rate=0.000383311
2026-09-20 22:37:17 UTC completed_step=2256 elapsed_seconds=1222.79 learning_rate=0.000380593
2026-09-20 22:37:24 UTC completed_step=2272 elapsed_seconds=1230.11 learning_rate=0.00037787
2026-09-20 22:37:32 UTC completed_step=2288 elapsed_seconds=1237.43 learning_rate=0.000375141
2026-09-20 22:37:39 UTC completed_step=2304 elapsed_seconds=1244.75 learning_rate=0.000372408
2026-09-20 22:37:50 UTC step=2304 elapsed_seconds=1255.32 mean_loss=0.00862156 errors=15/10002 exact_sentences=1011/1024
2026-09-20 22:37:57 UTC completed_step=2320 elapsed_seconds=1262.65 learning_rate=0.000369671
2026-09-20 22:38:04 UTC completed_step=2336 elapsed_seconds=1269.97 learning_rate=0.000366929
2026-09-20 22:38:12 UTC completed_step=2352 elapsed_seconds=1277.29 learning_rate=0.000364183
2026-09-20 22:38:19 UTC completed_step=2368 elapsed_seconds=1284.61 learning_rate=0.000361434
2026-09-20 22:38:26 UTC completed_step=2384 elapsed_seconds=1291.92 learning_rate=0.000358682
2026-09-20 22:38:34 UTC completed_step=2400 elapsed_seconds=1299.24 learning_rate=0.000355926
2026-09-20 22:38:41 UTC completed_step=2416 elapsed_seconds=1306.56 learning_rate=0.000353168
2026-09-20 22:38:48 UTC completed_step=2432 elapsed_seconds=1313.88 learning_rate=0.000350407
2026-09-20 22:38:59 UTC step=2432 elapsed_seconds=1324.45 mean_loss=0.00529668 errors=5/10002 exact_sentences=1020/1024
2026-09-20 22:39:06 UTC completed_step=2448 elapsed_seconds=1331.77 learning_rate=0.000347644
2026-09-20 22:39:13 UTC completed_step=2464 elapsed_seconds=1339.09 learning_rate=0.00034488
2026-09-20 22:39:21 UTC completed_step=2480 elapsed_seconds=1346.41 learning_rate=0.000342113
2026-09-20 22:39:28 UTC completed_step=2496 elapsed_seconds=1353.73 learning_rate=0.000339346
2026-09-20 22:39:35 UTC completed_step=2512 elapsed_seconds=1361.05 learning_rate=0.000336577
2026-09-20 22:39:43 UTC completed_step=2528 elapsed_seconds=1368.37 learning_rate=0.000333808
2026-09-20 22:39:50 UTC completed_step=2544 elapsed_seconds=1375.68 learning_rate=0.000331039
2026-09-20 22:39:57 UTC completed_step=2560 elapsed_seconds=1383 learning_rate=0.000328269
2026-09-20 22:40:08 UTC step=2560 elapsed_seconds=1393.57 mean_loss=0.0058484 errors=13/10002 exact_sentences=1012/1024
2026-09-20 22:40:15 UTC completed_step=2576 elapsed_seconds=1400.93 learning_rate=0.000325499
2026-09-20 22:40:23 UTC completed_step=2592 elapsed_seconds=1408.25 learning_rate=0.00032273
2026-09-20 22:40:30 UTC completed_step=2608 elapsed_seconds=1415.57 learning_rate=0.000319962
2026-09-20 22:40:37 UTC completed_step=2624 elapsed_seconds=1422.88 learning_rate=0.000317195
2026-09-20 22:40:44 UTC completed_step=2640 elapsed_seconds=1430.2 learning_rate=0.000314429
2026-09-20 22:40:52 UTC completed_step=2656 elapsed_seconds=1437.52 learning_rate=0.000311665
2026-09-20 22:40:59 UTC completed_step=2672 elapsed_seconds=1444.83 learning_rate=0.000308902
2026-09-20 22:41:06 UTC completed_step=2688 elapsed_seconds=1452.15 learning_rate=0.000306142
2026-09-20 22:41:17 UTC step=2688 elapsed_seconds=1462.72 mean_loss=0.00242436 errors=3/10002 exact_sentences=1021/1024
2026-09-20 22:41:24 UTC completed_step=2704 elapsed_seconds=1470.05 learning_rate=0.000303385
2026-09-20 22:41:32 UTC completed_step=2720 elapsed_seconds=1477.37 learning_rate=0.00030063
2026-09-20 22:41:39 UTC completed_step=2736 elapsed_seconds=1484.69 learning_rate=0.000297878
2026-09-20 22:41:46 UTC completed_step=2752 elapsed_seconds=1492.01 learning_rate=0.00029513
2026-09-20 22:41:54 UTC completed_step=2768 elapsed_seconds=1499.33 learning_rate=0.000292385
2026-09-20 22:42:01 UTC completed_step=2784 elapsed_seconds=1506.65 learning_rate=0.000289644
2026-09-20 22:42:08 UTC completed_step=2800 elapsed_seconds=1513.97 learning_rate=0.000286908
2026-09-20 22:42:16 UTC completed_step=2816 elapsed_seconds=1521.29 learning_rate=0.000284176
2026-09-20 22:42:26 UTC step=2816 elapsed_seconds=1531.86 mean_loss=0.00276478 errors=2/10002 exact_sentences=1022/1024
2026-09-20 22:42:33 UTC completed_step=2832 elapsed_seconds=1539.18 learning_rate=0.000281449
2026-09-20 22:42:41 UTC completed_step=2848 elapsed_seconds=1546.5 learning_rate=0.000278727
2026-09-20 22:42:48 UTC completed_step=2864 elapsed_seconds=1553.82 learning_rate=0.00027601
2026-09-20 22:42:55 UTC completed_step=2880 elapsed_seconds=1561.14 learning_rate=0.0002733
2026-09-20 22:43:03 UTC completed_step=2896 elapsed_seconds=1568.46 learning_rate=0.000270595
2026-09-20 22:43:10 UTC completed_step=2912 elapsed_seconds=1575.78 learning_rate=0.000267896
2026-09-20 22:43:17 UTC completed_step=2928 elapsed_seconds=1583.1 learning_rate=0.000265204
2026-09-20 22:43:25 UTC completed_step=2944 elapsed_seconds=1590.42 learning_rate=0.000262518
2026-09-20 22:43:35 UTC step=2944 elapsed_seconds=1600.99 mean_loss=0.00601907 errors=4/10002 exact_sentences=1022/1024
2026-09-20 22:43:43 UTC completed_step=2960 elapsed_seconds=1608.32 learning_rate=0.00025984
2026-09-20 22:43:50 UTC completed_step=2976 elapsed_seconds=1615.64 learning_rate=0.000257169
2026-09-20 22:43:57 UTC completed_step=2992 elapsed_seconds=1622.96 learning_rate=0.000254506
2026-09-20 22:44:05 UTC completed_step=3008 elapsed_seconds=1630.28 learning_rate=0.000251851
2026-09-20 22:44:12 UTC completed_step=3024 elapsed_seconds=1637.6 learning_rate=0.000249204
2026-09-20 22:44:19 UTC completed_step=3040 elapsed_seconds=1644.92 learning_rate=0.000246565
2026-09-20 22:44:27 UTC completed_step=3056 elapsed_seconds=1652.25 learning_rate=0.000243936
2026-09-20 22:44:34 UTC completed_step=3072 elapsed_seconds=1659.57 learning_rate=0.000241315
2026-09-20 22:44:44 UTC step=3072 elapsed_seconds=1670.14 mean_loss=0.00184654 errors=3/10002 exact_sentences=1022/1024
2026-09-20 22:44:52 UTC completed_step=3088 elapsed_seconds=1677.5 learning_rate=0.000238704
2026-09-20 22:44:59 UTC completed_step=3104 elapsed_seconds=1684.83 learning_rate=0.000236102
2026-09-20 22:45:06 UTC completed_step=3120 elapsed_seconds=1692.16 learning_rate=0.00023351
2026-09-20 22:45:14 UTC completed_step=3136 elapsed_seconds=1699.48 learning_rate=0.000230928
2026-09-20 22:45:21 UTC completed_step=3152 elapsed_seconds=1706.81 learning_rate=0.000228357
2026-09-20 22:45:28 UTC completed_step=3168 elapsed_seconds=1714.14 learning_rate=0.000225796
2026-09-20 22:45:36 UTC completed_step=3184 elapsed_seconds=1721.46 learning_rate=0.000223247
2026-09-20 22:45:43 UTC completed_step=3200 elapsed_seconds=1728.78 learning_rate=0.000220708
2026-09-20 22:45:54 UTC step=3200 elapsed_seconds=1739.35 mean_loss=0.00165902 errors=2/10002 exact_sentences=1023/1024
2026-09-20 22:46:01 UTC completed_step=3216 elapsed_seconds=1746.68 learning_rate=0.000218182
2026-09-20 22:46:08 UTC completed_step=3232 elapsed_seconds=1754 learning_rate=0.000215666
2026-09-20 22:46:16 UTC completed_step=3248 elapsed_seconds=1761.32 learning_rate=0.000213163
2026-09-20 22:46:23 UTC completed_step=3264 elapsed_seconds=1768.64 learning_rate=0.000210673
2026-09-20 22:46:30 UTC completed_step=3280 elapsed_seconds=1775.96 learning_rate=0.000208194
2026-09-20 22:46:38 UTC completed_step=3296 elapsed_seconds=1783.28 learning_rate=0.000205729
2026-09-20 22:46:45 UTC completed_step=3312 elapsed_seconds=1790.6 learning_rate=0.000203277
2026-09-20 22:46:52 UTC completed_step=3328 elapsed_seconds=1797.92 learning_rate=0.000200838
2026-09-20 22:47:03 UTC step=3328 elapsed_seconds=1808.49 mean_loss=0.000659617 errors=1/10002 exact_sentences=1023/1024
2026-09-20 22:47:10 UTC completed_step=3344 elapsed_seconds=1815.82 learning_rate=0.000198412
2026-09-20 22:47:17 UTC completed_step=3360 elapsed_seconds=1823.14 learning_rate=0.000196001
2026-09-20 22:47:25 UTC completed_step=3376 elapsed_seconds=1830.47 learning_rate=0.000193603
2026-09-20 22:47:32 UTC completed_step=3392 elapsed_seconds=1837.79 learning_rate=0.00019122
2026-09-20 22:47:39 UTC completed_step=3408 elapsed_seconds=1845.11 learning_rate=0.000188852
2026-09-20 22:47:47 UTC completed_step=3424 elapsed_seconds=1852.44 learning_rate=0.000186498
2026-09-20 22:47:54 UTC completed_step=3440 elapsed_seconds=1859.76 learning_rate=0.000184159
2026-09-20 22:48:01 UTC completed_step=3456 elapsed_seconds=1867.09 learning_rate=0.000181836
2026-09-20 22:48:12 UTC step=3456 elapsed_seconds=1877.65 mean_loss=0.000289197 errors=0/10002 exact_sentences=1024/1024
2026-09-20 22:48:23 UTC step=3456 elapsed_seconds=1888.3 mean_loss=0.000289197 errors=0/10002 exact_sentences=1024/1024
MEMORIZED checkpoint=/home/ubuntu/checkpoints/memorize_general_facts/trial_0_remaining/layers_4/step_3456
