layers=3 parameters=35721728 samples=1024 scored_targets=10002
2026-09-20 22:48:44 UTC step=0 elapsed_seconds=9.37906 mean_loss=10.8757 errors=10002/10002 exact_sentences=0/1024
2026-09-20 22:48:51 UTC completed_step=16 elapsed_seconds=15.9033 learning_rate=9.6e-05
2026-09-20 22:48:57 UTC completed_step=32 elapsed_seconds=22.3331 learning_rate=0.000192
2026-09-20 22:49:04 UTC completed_step=48 elapsed_seconds=28.7658 learning_rate=0.000288
2026-09-20 22:49:10 UTC completed_step=64 elapsed_seconds=35.1958 learning_rate=0.000384
2026-09-20 22:49:16 UTC completed_step=80 elapsed_seconds=41.6223 learning_rate=0.00048
2026-09-20 22:49:23 UTC completed_step=96 elapsed_seconds=48.0521 learning_rate=0.000576
2026-09-20 22:49:29 UTC completed_step=112 elapsed_seconds=54.4823 learning_rate=0.000599992
2026-09-20 22:49:36 UTC completed_step=128 elapsed_seconds=60.9098 learning_rate=0.000599956
2026-09-20 22:49:45 UTC step=128 elapsed_seconds=70.2836 mean_loss=5.21904 errors=7350/10002 exact_sentences=1/1024
2026-09-20 22:49:51 UTC completed_step=144 elapsed_seconds=76.716 learning_rate=0.000599893
2026-09-20 22:49:58 UTC completed_step=160 elapsed_seconds=83.146 learning_rate=0.0005998
2026-09-20 22:50:04 UTC completed_step=176 elapsed_seconds=89.5713 learning_rate=0.00059968
2026-09-20 22:50:11 UTC completed_step=192 elapsed_seconds=95.9981 learning_rate=0.00059953
2026-09-20 22:50:17 UTC completed_step=208 elapsed_seconds=102.422 learning_rate=0.000599353
2026-09-20 22:50:24 UTC completed_step=224 elapsed_seconds=108.846 learning_rate=0.000599147
2026-09-20 22:50:30 UTC completed_step=240 elapsed_seconds=115.27 learning_rate=0.000598913
2026-09-20 22:50:36 UTC completed_step=256 elapsed_seconds=121.694 learning_rate=0.000598651
2026-09-20 22:50:46 UTC step=256 elapsed_seconds=131.066 mean_loss=3.52534 errors=5918/10002 exact_sentences=2/1024
2026-09-20 22:50:52 UTC completed_step=272 elapsed_seconds=137.497 learning_rate=0.00059836
2026-09-20 22:50:59 UTC completed_step=288 elapsed_seconds=143.923 learning_rate=0.000598041
2026-09-20 22:51:05 UTC completed_step=304 elapsed_seconds=150.348 learning_rate=0.000597694
2026-09-20 22:51:12 UTC completed_step=320 elapsed_seconds=156.772 learning_rate=0.000597319
2026-09-20 22:51:18 UTC completed_step=336 elapsed_seconds=163.197 learning_rate=0.000596915
2026-09-20 22:51:24 UTC completed_step=352 elapsed_seconds=169.62 learning_rate=0.000596484
2026-09-20 22:51:31 UTC completed_step=368 elapsed_seconds=176.044 learning_rate=0.000596024
2026-09-20 22:51:37 UTC completed_step=384 elapsed_seconds=182.468 learning_rate=0.000595536
2026-09-20 22:51:47 UTC step=384 elapsed_seconds=191.839 mean_loss=1.80557 errors=3239/10002 exact_sentences=52/1024
2026-09-20 22:51:53 UTC completed_step=400 elapsed_seconds=198.268 learning_rate=0.000595021
2026-09-20 22:51:59 UTC completed_step=416 elapsed_seconds=204.694 learning_rate=0.000594478
2026-09-20 22:52:06 UTC completed_step=432 elapsed_seconds=211.12 learning_rate=0.000593906
2026-09-20 22:52:12 UTC completed_step=448 elapsed_seconds=217.548 learning_rate=0.000593307
2026-09-20 22:52:19 UTC completed_step=464 elapsed_seconds=223.972 learning_rate=0.000592681
2026-09-20 22:52:25 UTC completed_step=480 elapsed_seconds=230.396 learning_rate=0.000592026
2026-09-20 22:52:32 UTC completed_step=496 elapsed_seconds=236.82 learning_rate=0.000591344
2026-09-20 22:52:38 UTC completed_step=512 elapsed_seconds=243.245 learning_rate=0.000590635
2026-09-20 22:52:47 UTC step=512 elapsed_seconds=252.623 mean_loss=0.489584 errors=264/10002 exact_sentences=808/1024
2026-09-20 22:52:54 UTC completed_step=528 elapsed_seconds=259.085 learning_rate=0.000589898
2026-09-20 22:53:00 UTC completed_step=544 elapsed_seconds=265.51 learning_rate=0.000589134
2026-09-20 22:53:07 UTC completed_step=560 elapsed_seconds=271.934 learning_rate=0.000588342
2026-09-20 22:53:13 UTC completed_step=576 elapsed_seconds=278.357 learning_rate=0.000587524
2026-09-20 22:53:20 UTC completed_step=592 elapsed_seconds=284.782 learning_rate=0.000586678
2026-09-20 22:53:26 UTC completed_step=608 elapsed_seconds=291.207 learning_rate=0.000585805
2026-09-20 22:53:32 UTC completed_step=624 elapsed_seconds=297.633 learning_rate=0.000584906
2026-09-20 22:53:39 UTC completed_step=640 elapsed_seconds=304.059 learning_rate=0.000583979
2026-09-20 22:53:48 UTC step=640 elapsed_seconds=313.439 mean_loss=0.101972 errors=93/10002 exact_sentences=943/1024
2026-09-20 22:53:55 UTC completed_step=656 elapsed_seconds=319.868 learning_rate=0.000583026
2026-09-20 22:54:01 UTC completed_step=672 elapsed_seconds=326.291 learning_rate=0.000582046
2026-09-20 22:54:07 UTC completed_step=688 elapsed_seconds=332.714 learning_rate=0.00058104
2026-09-20 22:54:14 UTC completed_step=704 elapsed_seconds=339.137 learning_rate=0.000580007
2026-09-20 22:54:20 UTC completed_step=720 elapsed_seconds=345.559 learning_rate=0.000578948
2026-09-20 22:54:27 UTC completed_step=736 elapsed_seconds=351.982 learning_rate=0.000577862
2026-09-20 22:54:33 UTC completed_step=752 elapsed_seconds=358.405 learning_rate=0.000576751
2026-09-20 22:54:40 UTC completed_step=768 elapsed_seconds=364.828 learning_rate=0.000575614
2026-09-20 22:54:49 UTC step=768 elapsed_seconds=374.195 mean_loss=0.0646788 errors=97/10002 exact_sentences=940/1024
2026-09-20 22:54:55 UTC completed_step=784 elapsed_seconds=380.623 learning_rate=0.000574451
2026-09-20 22:55:02 UTC completed_step=800 elapsed_seconds=387.049 learning_rate=0.000573262
2026-09-20 22:55:08 UTC completed_step=816 elapsed_seconds=393.475 learning_rate=0.000572047
2026-09-20 22:55:15 UTC completed_step=832 elapsed_seconds=399.901 learning_rate=0.000570807
2026-09-20 22:55:21 UTC completed_step=848 elapsed_seconds=406.325 learning_rate=0.000569542
2026-09-20 22:55:28 UTC completed_step=864 elapsed_seconds=412.75 learning_rate=0.000568251
2026-09-20 22:55:34 UTC completed_step=880 elapsed_seconds=419.176 learning_rate=0.000566936
2026-09-20 22:55:40 UTC completed_step=896 elapsed_seconds=425.602 learning_rate=0.000565595
2026-09-20 22:55:50 UTC step=896 elapsed_seconds=434.987 mean_loss=0.0462474 errors=67/10002 exact_sentences=964/1024
2026-09-20 22:55:56 UTC completed_step=912 elapsed_seconds=441.416 learning_rate=0.00056423
2026-09-20 22:56:03 UTC completed_step=928 elapsed_seconds=447.838 learning_rate=0.00056284
2026-09-20 22:56:09 UTC completed_step=944 elapsed_seconds=454.262 learning_rate=0.000561425
2026-09-20 22:56:15 UTC completed_step=960 elapsed_seconds=460.685 learning_rate=0.000559986
2026-09-20 22:56:22 UTC completed_step=976 elapsed_seconds=467.106 learning_rate=0.000558523
2026-09-20 22:56:28 UTC completed_step=992 elapsed_seconds=473.529 learning_rate=0.000557036
2026-09-20 22:56:35 UTC completed_step=1008 elapsed_seconds=479.95 learning_rate=0.000555525
2026-09-20 22:56:41 UTC completed_step=1024 elapsed_seconds=486.373 learning_rate=0.000553991
2026-09-20 22:56:51 UTC step=1024 elapsed_seconds=495.749 mean_loss=0.0337301 errors=55/10002 exact_sentences=973/1024
2026-09-20 22:56:57 UTC completed_step=1040 elapsed_seconds=502.207 learning_rate=0.000552432
2026-09-20 22:57:03 UTC completed_step=1056 elapsed_seconds=508.628 learning_rate=0.000550851
2026-09-20 22:57:10 UTC completed_step=1072 elapsed_seconds=515.05 learning_rate=0.000549246
2026-09-20 22:57:16 UTC completed_step=1088 elapsed_seconds=521.47 learning_rate=0.000547618
2026-09-20 22:57:23 UTC completed_step=1104 elapsed_seconds=527.89 learning_rate=0.000545967
2026-09-20 22:57:29 UTC completed_step=1120 elapsed_seconds=534.311 learning_rate=0.000544293
2026-09-20 22:57:36 UTC completed_step=1136 elapsed_seconds=540.735 learning_rate=0.000542597
2026-09-20 22:57:42 UTC completed_step=1152 elapsed_seconds=547.158 learning_rate=0.000540878
2026-09-20 22:57:51 UTC step=1152 elapsed_seconds=556.536 mean_loss=0.0356619 errors=68/10002 exact_sentences=962/1024
2026-09-20 22:57:58 UTC completed_step=1168 elapsed_seconds=562.964 learning_rate=0.000539138
2026-09-20 22:58:04 UTC completed_step=1184 elapsed_seconds=569.386 learning_rate=0.000537375
2026-09-20 22:58:11 UTC completed_step=1200 elapsed_seconds=575.811 learning_rate=0.00053559
2026-09-20 22:58:17 UTC completed_step=1216 elapsed_seconds=582.24 learning_rate=0.000533784
2026-09-20 22:58:23 UTC completed_step=1232 elapsed_seconds=588.666 learning_rate=0.000531957
2026-09-20 22:58:30 UTC completed_step=1248 elapsed_seconds=595.092 learning_rate=0.000530108
2026-09-20 22:58:36 UTC completed_step=1264 elapsed_seconds=601.518 learning_rate=0.000528238
2026-09-20 22:58:43 UTC completed_step=1280 elapsed_seconds=607.944 learning_rate=0.000526347
2026-09-20 22:58:52 UTC step=1280 elapsed_seconds=617.311 mean_loss=0.0280998 errors=51/10002 exact_sentences=977/1024
2026-09-20 22:58:59 UTC completed_step=1296 elapsed_seconds=623.737 learning_rate=0.000524435
2026-09-20 22:59:05 UTC completed_step=1312 elapsed_seconds=630.157 learning_rate=0.000522503
2026-09-20 22:59:11 UTC completed_step=1328 elapsed_seconds=636.581 learning_rate=0.000520551
2026-09-20 22:59:18 UTC completed_step=1344 elapsed_seconds=643.003 learning_rate=0.000518579
2026-09-20 22:59:24 UTC completed_step=1360 elapsed_seconds=649.425 learning_rate=0.000516587
2026-09-20 22:59:31 UTC completed_step=1376 elapsed_seconds=655.849 learning_rate=0.000514575
2026-09-20 22:59:37 UTC completed_step=1392 elapsed_seconds=662.271 learning_rate=0.000512544
2026-09-20 22:59:43 UTC completed_step=1408 elapsed_seconds=668.697 learning_rate=0.000510494
2026-09-20 22:59:53 UTC step=1408 elapsed_seconds=678.069 mean_loss=0.0189536 errors=29/10002 exact_sentences=999/1024
2026-09-20 22:59:59 UTC completed_step=1424 elapsed_seconds=684.497 learning_rate=0.000508424
2026-09-20 23:00:06 UTC completed_step=1440 elapsed_seconds=690.921 learning_rate=0.000506336
2026-09-20 23:00:12 UTC completed_step=1456 elapsed_seconds=697.35 learning_rate=0.00050423
2026-09-20 23:00:19 UTC completed_step=1472 elapsed_seconds=703.777 learning_rate=0.000502104
2026-09-20 23:00:25 UTC completed_step=1488 elapsed_seconds=710.204 learning_rate=0.000499961
2026-09-20 23:00:31 UTC completed_step=1504 elapsed_seconds=716.631 learning_rate=0.0004978
2026-09-20 23:00:38 UTC completed_step=1520 elapsed_seconds=723.058 learning_rate=0.000495622
2026-09-20 23:00:44 UTC completed_step=1536 elapsed_seconds=729.486 learning_rate=0.000493426
2026-09-20 23:00:54 UTC step=1536 elapsed_seconds=738.878 mean_loss=0.0257335 errors=42/10002 exact_sentences=983/1024
2026-09-20 23:01:00 UTC completed_step=1552 elapsed_seconds=745.344 learning_rate=0.000491212
2026-09-20 23:01:07 UTC completed_step=1568 elapsed_seconds=751.77 learning_rate=0.000488982
2026-09-20 23:01:13 UTC completed_step=1584 elapsed_seconds=758.197 learning_rate=0.000486735
2026-09-20 23:01:19 UTC completed_step=1600 elapsed_seconds=764.624 learning_rate=0.000484472
2026-09-20 23:01:26 UTC completed_step=1616 elapsed_seconds=771.052 learning_rate=0.000482192
2026-09-20 23:01:32 UTC completed_step=1632 elapsed_seconds=777.48 learning_rate=0.000479896
2026-09-20 23:01:39 UTC completed_step=1648 elapsed_seconds=783.908 learning_rate=0.000477584
2026-09-20 23:01:45 UTC completed_step=1664 elapsed_seconds=790.335 learning_rate=0.000475257
2026-09-20 23:01:54 UTC step=1664 elapsed_seconds=799.706 mean_loss=0.0166572 errors=29/10002 exact_sentences=1000/1024
2026-09-20 23:02:01 UTC completed_step=1680 elapsed_seconds=806.133 learning_rate=0.000472915
2026-09-20 23:02:07 UTC completed_step=1696 elapsed_seconds=812.557 learning_rate=0.000470558
2026-09-20 23:02:14 UTC completed_step=1712 elapsed_seconds=818.983 learning_rate=0.000468185
2026-09-20 23:02:20 UTC completed_step=1728 elapsed_seconds=825.408 learning_rate=0.000465799
2026-09-20 23:02:27 UTC completed_step=1744 elapsed_seconds=831.831 learning_rate=0.000463398
2026-09-20 23:02:33 UTC completed_step=1760 elapsed_seconds=838.257 learning_rate=0.000460983
2026-09-20 23:02:39 UTC completed_step=1776 elapsed_seconds=844.683 learning_rate=0.000458554
2026-09-20 23:02:46 UTC completed_step=1792 elapsed_seconds=851.109 learning_rate=0.000456112
2026-09-20 23:02:55 UTC step=1792 elapsed_seconds=860.491 mean_loss=0.0175224 errors=27/10002 exact_sentences=1000/1024
2026-09-20 23:03:02 UTC completed_step=1808 elapsed_seconds=866.917 learning_rate=0.000453656
2026-09-20 23:03:08 UTC completed_step=1824 elapsed_seconds=873.339 learning_rate=0.000451187
2026-09-20 23:03:15 UTC completed_step=1840 elapsed_seconds=879.759 learning_rate=0.000448706
2026-09-20 23:03:21 UTC completed_step=1856 elapsed_seconds=886.182 learning_rate=0.000446212
2026-09-20 23:03:27 UTC completed_step=1872 elapsed_seconds=892.603 learning_rate=0.000443706
2026-09-20 23:03:34 UTC completed_step=1888 elapsed_seconds=899.027 learning_rate=0.000441188
2026-09-20 23:03:40 UTC completed_step=1904 elapsed_seconds=905.449 learning_rate=0.000438658
2026-09-20 23:03:47 UTC completed_step=1920 elapsed_seconds=911.871 learning_rate=0.000436117
2026-09-20 23:03:56 UTC step=1920 elapsed_seconds=921.254 mean_loss=0.0107988 errors=24/10002 exact_sentences=1002/1024
2026-09-20 23:04:02 UTC completed_step=1936 elapsed_seconds=927.683 learning_rate=0.000433564
2026-09-20 23:04:09 UTC completed_step=1952 elapsed_seconds=934.107 learning_rate=0.000431001
2026-09-20 23:04:15 UTC completed_step=1968 elapsed_seconds=940.532 learning_rate=0.000428427
2026-09-20 23:04:22 UTC completed_step=1984 elapsed_seconds=946.955 learning_rate=0.000425843
2026-09-20 23:04:28 UTC completed_step=2000 elapsed_seconds=953.379 learning_rate=0.000423249
2026-09-20 23:04:35 UTC completed_step=2016 elapsed_seconds=959.803 learning_rate=0.000420644
2026-09-20 23:04:41 UTC completed_step=2032 elapsed_seconds=966.227 learning_rate=0.000418031
2026-09-20 23:04:47 UTC completed_step=2048 elapsed_seconds=972.649 learning_rate=0.000415408
2026-09-20 23:04:57 UTC step=2048 elapsed_seconds=982.02 mean_loss=0.00906668 errors=20/10002 exact_sentences=1005/1024
2026-09-20 23:05:03 UTC completed_step=2064 elapsed_seconds=988.483 learning_rate=0.000412776
2026-09-20 23:05:10 UTC completed_step=2080 elapsed_seconds=994.909 learning_rate=0.000410135
2026-09-20 23:05:16 UTC completed_step=2096 elapsed_seconds=1001.34 learning_rate=0.000407486
2026-09-20 23:05:23 UTC completed_step=2112 elapsed_seconds=1007.76 learning_rate=0.000404829
2026-09-20 23:05:29 UTC completed_step=2128 elapsed_seconds=1014.18 learning_rate=0.000402164
2026-09-20 23:05:35 UTC completed_step=2144 elapsed_seconds=1020.61 learning_rate=0.000399491
2026-09-20 23:05:42 UTC completed_step=2160 elapsed_seconds=1027.04 learning_rate=0.000396811
2026-09-20 23:05:48 UTC completed_step=2176 elapsed_seconds=1033.46 learning_rate=0.000394124
2026-09-20 23:05:58 UTC step=2176 elapsed_seconds=1042.84 mean_loss=0.00436561 errors=7/10002 exact_sentences=1017/1024
2026-09-20 23:06:04 UTC completed_step=2192 elapsed_seconds=1049.27 learning_rate=0.00039143
2026-09-20 23:06:10 UTC completed_step=2208 elapsed_seconds=1055.69 learning_rate=0.00038873
2026-09-20 23:06:17 UTC completed_step=2224 elapsed_seconds=1062.11 learning_rate=0.000386023
2026-09-20 23:06:23 UTC completed_step=2240 elapsed_seconds=1068.54 learning_rate=0.000383311
2026-09-20 23:06:30 UTC completed_step=2256 elapsed_seconds=1074.97 learning_rate=0.000380593
2026-09-20 23:06:36 UTC completed_step=2272 elapsed_seconds=1081.4 learning_rate=0.00037787
2026-09-20 23:06:43 UTC completed_step=2288 elapsed_seconds=1087.83 learning_rate=0.000375141
2026-09-20 23:06:49 UTC completed_step=2304 elapsed_seconds=1094.26 learning_rate=0.000372408
2026-09-20 23:06:58 UTC step=2304 elapsed_seconds=1103.63 mean_loss=0.00661876 errors=16/10002 exact_sentences=1008/1024
2026-09-20 23:07:05 UTC completed_step=2320 elapsed_seconds=1110.06 learning_rate=0.000369671
2026-09-20 23:07:11 UTC completed_step=2336 elapsed_seconds=1116.49 learning_rate=0.000366929
2026-09-20 23:07:18 UTC completed_step=2352 elapsed_seconds=1122.91 learning_rate=0.000364183
2026-09-20 23:07:24 UTC completed_step=2368 elapsed_seconds=1129.34 learning_rate=0.000361434
2026-09-20 23:07:31 UTC completed_step=2384 elapsed_seconds=1135.76 learning_rate=0.000358682
2026-09-20 23:07:37 UTC completed_step=2400 elapsed_seconds=1142.18 learning_rate=0.000355926
2026-09-20 23:07:43 UTC completed_step=2416 elapsed_seconds=1148.6 learning_rate=0.000353168
2026-09-20 23:07:50 UTC completed_step=2432 elapsed_seconds=1155.03 learning_rate=0.000350407
2026-09-20 23:07:59 UTC step=2432 elapsed_seconds=1164.43 mean_loss=0.00407673 errors=6/10002 exact_sentences=1019/1024
2026-09-20 23:08:06 UTC completed_step=2448 elapsed_seconds=1170.86 learning_rate=0.000347644
2026-09-20 23:08:12 UTC completed_step=2464 elapsed_seconds=1177.28 learning_rate=0.00034488
2026-09-20 23:08:18 UTC completed_step=2480 elapsed_seconds=1183.71 learning_rate=0.000342113
2026-09-20 23:08:25 UTC completed_step=2496 elapsed_seconds=1190.13 learning_rate=0.000339346
2026-09-20 23:08:31 UTC completed_step=2512 elapsed_seconds=1196.55 learning_rate=0.000336577
2026-09-20 23:08:38 UTC completed_step=2528 elapsed_seconds=1202.98 learning_rate=0.000333808
2026-09-20 23:08:44 UTC completed_step=2544 elapsed_seconds=1209.4 learning_rate=0.000331039
2026-09-20 23:08:51 UTC completed_step=2560 elapsed_seconds=1215.83 learning_rate=0.000328269
2026-09-20 23:09:00 UTC step=2560 elapsed_seconds=1225.2 mean_loss=0.00561746 errors=9/10002 exact_sentences=1015/1024
2026-09-20 23:09:06 UTC completed_step=2576 elapsed_seconds=1231.66 learning_rate=0.000325499
2026-09-20 23:09:13 UTC completed_step=2592 elapsed_seconds=1238.09 learning_rate=0.00032273
2026-09-20 23:09:19 UTC completed_step=2608 elapsed_seconds=1244.51 learning_rate=0.000319962
2026-09-20 23:09:26 UTC completed_step=2624 elapsed_seconds=1250.94 learning_rate=0.000317195
2026-09-20 23:09:32 UTC completed_step=2640 elapsed_seconds=1257.36 learning_rate=0.000314429
2026-09-20 23:09:39 UTC completed_step=2656 elapsed_seconds=1263.79 learning_rate=0.000311665
2026-09-20 23:09:45 UTC completed_step=2672 elapsed_seconds=1270.22 learning_rate=0.000308902
2026-09-20 23:09:51 UTC completed_step=2688 elapsed_seconds=1276.64 learning_rate=0.000306142
2026-09-20 23:10:01 UTC step=2688 elapsed_seconds=1286.02 mean_loss=0.00509683 errors=8/10002 exact_sentences=1016/1024
2026-09-20 23:10:07 UTC completed_step=2704 elapsed_seconds=1292.45 learning_rate=0.000303385
2026-09-20 23:10:14 UTC completed_step=2720 elapsed_seconds=1298.88 learning_rate=0.00030063
2026-09-20 23:10:20 UTC completed_step=2736 elapsed_seconds=1305.31 learning_rate=0.000297878
2026-09-20 23:10:27 UTC completed_step=2752 elapsed_seconds=1311.73 learning_rate=0.00029513
2026-09-20 23:10:33 UTC completed_step=2768 elapsed_seconds=1318.16 learning_rate=0.000292385
2026-09-20 23:10:39 UTC completed_step=2784 elapsed_seconds=1324.58 learning_rate=0.000289644
2026-09-20 23:10:46 UTC completed_step=2800 elapsed_seconds=1331 learning_rate=0.000286908
2026-09-20 23:10:52 UTC completed_step=2816 elapsed_seconds=1337.43 learning_rate=0.000284176
2026-09-20 23:11:02 UTC step=2816 elapsed_seconds=1346.8 mean_loss=0.00491994 errors=7/10002 exact_sentences=1018/1024
2026-09-20 23:11:08 UTC completed_step=2832 elapsed_seconds=1353.22 learning_rate=0.000281449
2026-09-20 23:11:14 UTC completed_step=2848 elapsed_seconds=1359.65 learning_rate=0.000278727
2026-09-20 23:11:21 UTC completed_step=2864 elapsed_seconds=1366.08 learning_rate=0.00027601
2026-09-20 23:11:27 UTC completed_step=2880 elapsed_seconds=1372.5 learning_rate=0.0002733
2026-09-20 23:11:34 UTC completed_step=2896 elapsed_seconds=1378.92 learning_rate=0.000270595
2026-09-20 23:11:40 UTC completed_step=2912 elapsed_seconds=1385.35 learning_rate=0.000267896
2026-09-20 23:11:47 UTC completed_step=2928 elapsed_seconds=1391.78 learning_rate=0.000265204
2026-09-20 23:11:53 UTC completed_step=2944 elapsed_seconds=1398.2 learning_rate=0.000262518
2026-09-20 23:12:02 UTC step=2944 elapsed_seconds=1407.57 mean_loss=0.00130146 errors=2/10002 exact_sentences=1022/1024
2026-09-20 23:12:09 UTC completed_step=2960 elapsed_seconds=1414 learning_rate=0.00025984
2026-09-20 23:12:15 UTC completed_step=2976 elapsed_seconds=1420.42 learning_rate=0.000257169
2026-09-20 23:12:22 UTC completed_step=2992 elapsed_seconds=1426.84 learning_rate=0.000254506
2026-09-20 23:12:28 UTC completed_step=3008 elapsed_seconds=1433.27 learning_rate=0.000251851
2026-09-20 23:12:34 UTC completed_step=3024 elapsed_seconds=1439.69 learning_rate=0.000249204
2026-09-20 23:12:41 UTC completed_step=3040 elapsed_seconds=1446.12 learning_rate=0.000246565
2026-09-20 23:12:47 UTC completed_step=3056 elapsed_seconds=1452.54 learning_rate=0.000243936
2026-09-20 23:12:54 UTC completed_step=3072 elapsed_seconds=1458.96 learning_rate=0.000241315
2026-09-20 23:13:03 UTC step=3072 elapsed_seconds=1468.36 mean_loss=0.00329172 errors=8/10002 exact_sentences=1016/1024
2026-09-20 23:13:10 UTC completed_step=3088 elapsed_seconds=1474.82 learning_rate=0.000238704
2026-09-20 23:13:16 UTC completed_step=3104 elapsed_seconds=1481.24 learning_rate=0.000236102
2026-09-20 23:13:22 UTC completed_step=3120 elapsed_seconds=1487.67 learning_rate=0.00023351
2026-09-20 23:13:29 UTC completed_step=3136 elapsed_seconds=1494.09 learning_rate=0.000230928
2026-09-20 23:13:35 UTC completed_step=3152 elapsed_seconds=1500.52 learning_rate=0.000228357
2026-09-20 23:13:42 UTC completed_step=3168 elapsed_seconds=1506.94 learning_rate=0.000225796
2026-09-20 23:13:48 UTC completed_step=3184 elapsed_seconds=1513.37 learning_rate=0.000223247
2026-09-20 23:13:55 UTC completed_step=3200 elapsed_seconds=1519.79 learning_rate=0.000220708
2026-09-20 23:14:04 UTC step=3200 elapsed_seconds=1529.16 mean_loss=0.000546557 errors=2/10002 exact_sentences=1022/1024
2026-09-20 23:14:10 UTC completed_step=3216 elapsed_seconds=1535.59 learning_rate=0.000218182
2026-09-20 23:14:17 UTC completed_step=3232 elapsed_seconds=1542.02 learning_rate=0.000215666
2026-09-20 23:14:23 UTC completed_step=3248 elapsed_seconds=1548.44 learning_rate=0.000213163
2026-09-20 23:14:30 UTC completed_step=3264 elapsed_seconds=1554.87 learning_rate=0.000210673
2026-09-20 23:14:36 UTC completed_step=3280 elapsed_seconds=1561.3 learning_rate=0.000208194
2026-09-20 23:14:42 UTC completed_step=3296 elapsed_seconds=1567.73 learning_rate=0.000205729
2026-09-20 23:14:49 UTC completed_step=3312 elapsed_seconds=1574.15 learning_rate=0.000203277
2026-09-20 23:14:55 UTC completed_step=3328 elapsed_seconds=1580.58 learning_rate=0.000200838
2026-09-20 23:15:05 UTC step=3328 elapsed_seconds=1589.97 mean_loss=0.000589104 errors=1/10002 exact_sentences=1023/1024
2026-09-20 23:15:11 UTC completed_step=3344 elapsed_seconds=1596.39 learning_rate=0.000198412
2026-09-20 23:15:18 UTC completed_step=3360 elapsed_seconds=1602.82 learning_rate=0.000196001
2026-09-20 23:15:24 UTC completed_step=3376 elapsed_seconds=1609.24 learning_rate=0.000193603
2026-09-20 23:15:30 UTC completed_step=3392 elapsed_seconds=1615.66 learning_rate=0.00019122
2026-09-20 23:15:37 UTC completed_step=3408 elapsed_seconds=1622.09 learning_rate=0.000188852
2026-09-20 23:15:43 UTC completed_step=3424 elapsed_seconds=1628.51 learning_rate=0.000186498
2026-09-20 23:15:50 UTC completed_step=3440 elapsed_seconds=1634.93 learning_rate=0.000184159
2026-09-20 23:15:56 UTC completed_step=3456 elapsed_seconds=1641.35 learning_rate=0.000181836
2026-09-20 23:16:05 UTC step=3456 elapsed_seconds=1650.72 mean_loss=0.00085562 errors=2/10002 exact_sentences=1022/1024
2026-09-20 23:16:12 UTC completed_step=3472 elapsed_seconds=1657.15 learning_rate=0.000179529
2026-09-20 23:16:18 UTC completed_step=3488 elapsed_seconds=1663.57 learning_rate=0.000177237
2026-09-20 23:16:25 UTC completed_step=3504 elapsed_seconds=1670 learning_rate=0.000174961
2026-09-20 23:16:31 UTC completed_step=3520 elapsed_seconds=1676.42 learning_rate=0.000172702
2026-09-20 23:16:38 UTC completed_step=3536 elapsed_seconds=1682.84 learning_rate=0.000170459
2026-09-20 23:16:44 UTC completed_step=3552 elapsed_seconds=1689.27 learning_rate=0.000168233
2026-09-20 23:16:50 UTC completed_step=3568 elapsed_seconds=1695.69 learning_rate=0.000166024
2026-09-20 23:16:57 UTC completed_step=3584 elapsed_seconds=1702.11 learning_rate=0.000163832
2026-09-20 23:17:06 UTC step=3584 elapsed_seconds=1711.48 mean_loss=0.000654866 errors=2/10002 exact_sentences=1022/1024
2026-09-20 23:17:13 UTC completed_step=3600 elapsed_seconds=1717.94 learning_rate=0.000161658
2026-09-20 23:17:19 UTC completed_step=3616 elapsed_seconds=1724.37 learning_rate=0.000159501
2026-09-20 23:17:26 UTC completed_step=3632 elapsed_seconds=1730.79 learning_rate=0.000157363
2026-09-20 23:17:32 UTC completed_step=3648 elapsed_seconds=1737.21 learning_rate=0.000155242
2026-09-20 23:17:38 UTC completed_step=3664 elapsed_seconds=1743.63 learning_rate=0.00015314
2026-09-20 23:17:45 UTC completed_step=3680 elapsed_seconds=1750.05 learning_rate=0.000151057
2026-09-20 23:17:51 UTC completed_step=3696 elapsed_seconds=1756.48 learning_rate=0.000148992
2026-09-20 23:17:58 UTC completed_step=3712 elapsed_seconds=1762.9 learning_rate=0.000146946
2026-09-20 23:18:07 UTC step=3712 elapsed_seconds=1772.27 mean_loss=4.37081e-05 errors=0/10002 exact_sentences=1024/1024
2026-09-20 23:18:16 UTC step=3712 elapsed_seconds=1781.71 mean_loss=4.37081e-05 errors=0/10002 exact_sentences=1024/1024
MEMORIZED checkpoint=/home/ubuntu/checkpoints/memorize_general_facts/trial_0_remaining/layers_3/step_3712
