layers=5 parameters=42026496 samples=1024 scored_targets=10002
2026-09-20 21:44:10 UTC step=0 elapsed_seconds=11.7749 mean_loss=10.8883 errors=10002/10002 exact_sentences=0/1024
2026-09-20 21:44:18 UTC completed_step=16 elapsed_seconds=20.0574 learning_rate=9.6e-05
2026-09-20 21:44:26 UTC completed_step=32 elapsed_seconds=28.2812 learning_rate=0.000192
2026-09-20 21:44:34 UTC completed_step=48 elapsed_seconds=36.5052 learning_rate=0.000288
2026-09-20 21:44:43 UTC completed_step=64 elapsed_seconds=44.7298 learning_rate=0.000384
2026-09-20 21:44:51 UTC completed_step=80 elapsed_seconds=52.9523 learning_rate=0.00048
2026-09-20 21:44:59 UTC completed_step=96 elapsed_seconds=61.1754 learning_rate=0.000576
2026-09-20 21:45:07 UTC completed_step=112 elapsed_seconds=69.3956 learning_rate=0.000599992
2026-09-20 21:45:16 UTC completed_step=128 elapsed_seconds=77.6147 learning_rate=0.000599956
2026-09-20 21:45:27 UTC step=128 elapsed_seconds=89.4063 mean_loss=5.35217 errors=7413/10002 exact_sentences=0/1024
2026-09-20 21:45:36 UTC completed_step=144 elapsed_seconds=97.6345 learning_rate=0.000599893
2026-09-20 21:45:44 UTC completed_step=160 elapsed_seconds=105.854 learning_rate=0.0005998
2026-09-20 21:45:52 UTC completed_step=176 elapsed_seconds=114.073 learning_rate=0.00059968
2026-09-20 21:46:00 UTC completed_step=192 elapsed_seconds=122.295 learning_rate=0.00059953
2026-09-20 21:46:08 UTC completed_step=208 elapsed_seconds=130.515 learning_rate=0.000599353
2026-09-20 21:46:17 UTC completed_step=224 elapsed_seconds=138.734 learning_rate=0.000599147
2026-09-20 21:46:25 UTC completed_step=240 elapsed_seconds=146.952 learning_rate=0.000598913
2026-09-20 21:46:33 UTC completed_step=256 elapsed_seconds=155.175 learning_rate=0.000598651
2026-09-20 21:46:45 UTC step=256 elapsed_seconds=166.953 mean_loss=4.20607 errors=6588/10002 exact_sentences=1/1024
2026-09-20 21:46:53 UTC completed_step=272 elapsed_seconds=175.182 learning_rate=0.00059836
2026-09-20 21:47:01 UTC completed_step=288 elapsed_seconds=183.4 learning_rate=0.000598041
2026-09-20 21:47:10 UTC completed_step=304 elapsed_seconds=191.619 learning_rate=0.000597694
2026-09-20 21:47:18 UTC completed_step=320 elapsed_seconds=199.84 learning_rate=0.000597319
2026-09-20 21:47:26 UTC completed_step=336 elapsed_seconds=208.062 learning_rate=0.000596915
2026-09-20 21:47:34 UTC completed_step=352 elapsed_seconds=216.28 learning_rate=0.000596484
2026-09-20 21:47:42 UTC completed_step=368 elapsed_seconds=224.499 learning_rate=0.000596024
2026-09-20 21:47:51 UTC completed_step=384 elapsed_seconds=232.726 learning_rate=0.000595536
2026-09-20 21:48:02 UTC step=384 elapsed_seconds=244.484 mean_loss=3.01387 errors=5515/10002 exact_sentences=2/1024
2026-09-20 21:48:11 UTC completed_step=400 elapsed_seconds=252.71 learning_rate=0.000595021
2026-09-20 21:48:19 UTC completed_step=416 elapsed_seconds=260.93 learning_rate=0.000594478
2026-09-20 21:48:27 UTC completed_step=432 elapsed_seconds=269.148 learning_rate=0.000593906
2026-09-20 21:48:35 UTC completed_step=448 elapsed_seconds=277.374 learning_rate=0.000593307
2026-09-20 21:48:44 UTC completed_step=464 elapsed_seconds=285.589 learning_rate=0.000592681
2026-09-20 21:48:52 UTC completed_step=480 elapsed_seconds=293.807 learning_rate=0.000592026
2026-09-20 21:49:00 UTC completed_step=496 elapsed_seconds=302.024 learning_rate=0.000591344
2026-09-20 21:49:08 UTC completed_step=512 elapsed_seconds=310.244 learning_rate=0.000590635
2026-09-20 21:49:20 UTC step=512 elapsed_seconds=322.007 mean_loss=1.92687 errors=3709/10002 exact_sentences=29/1024
2026-09-20 21:49:28 UTC completed_step=528 elapsed_seconds=330.27 learning_rate=0.000589898
2026-09-20 21:49:36 UTC completed_step=544 elapsed_seconds=338.491 learning_rate=0.000589134
2026-09-20 21:49:45 UTC completed_step=560 elapsed_seconds=346.713 learning_rate=0.000588342
2026-09-20 21:49:53 UTC completed_step=576 elapsed_seconds=354.934 learning_rate=0.000587524
2026-09-20 21:50:01 UTC completed_step=592 elapsed_seconds=363.153 learning_rate=0.000586678
2026-09-20 21:50:09 UTC completed_step=608 elapsed_seconds=371.369 learning_rate=0.000585805
2026-09-20 21:50:18 UTC completed_step=624 elapsed_seconds=379.587 learning_rate=0.000584906
2026-09-20 21:50:26 UTC completed_step=640 elapsed_seconds=387.805 learning_rate=0.000583979
2026-09-20 21:50:38 UTC step=640 elapsed_seconds=399.578 mean_loss=0.942789 errors=1207/10002 exact_sentences=359/1024
2026-09-20 21:50:46 UTC completed_step=656 elapsed_seconds=407.804 learning_rate=0.000583026
2026-09-20 21:50:54 UTC completed_step=672 elapsed_seconds=416.025 learning_rate=0.000582046
2026-09-20 21:51:02 UTC completed_step=688 elapsed_seconds=424.246 learning_rate=0.00058104
2026-09-20 21:51:10 UTC completed_step=704 elapsed_seconds=432.468 learning_rate=0.000580007
2026-09-20 21:51:19 UTC completed_step=720 elapsed_seconds=440.689 learning_rate=0.000578948
2026-09-20 21:51:27 UTC completed_step=736 elapsed_seconds=448.909 learning_rate=0.000577862
2026-09-20 21:51:35 UTC completed_step=752 elapsed_seconds=457.127 learning_rate=0.000576751
2026-09-20 21:51:43 UTC completed_step=768 elapsed_seconds=465.348 learning_rate=0.000575614
2026-09-20 21:51:55 UTC step=768 elapsed_seconds=477.114 mean_loss=0.309984 errors=205/10002 exact_sentences=859/1024
2026-09-20 21:52:03 UTC completed_step=784 elapsed_seconds=485.336 learning_rate=0.000574451
2026-09-20 21:52:11 UTC completed_step=800 elapsed_seconds=493.555 learning_rate=0.000573262
2026-09-20 21:52:20 UTC completed_step=816 elapsed_seconds=501.776 learning_rate=0.000572047
2026-09-20 21:52:28 UTC completed_step=832 elapsed_seconds=509.996 learning_rate=0.000570807
2026-09-20 21:52:36 UTC completed_step=848 elapsed_seconds=518.216 learning_rate=0.000569542
2026-09-20 21:52:44 UTC completed_step=864 elapsed_seconds=526.435 learning_rate=0.000568251
2026-09-20 21:52:53 UTC completed_step=880 elapsed_seconds=534.655 learning_rate=0.000566936
2026-09-20 21:53:01 UTC completed_step=896 elapsed_seconds=542.875 learning_rate=0.000565595
2026-09-20 21:53:13 UTC step=896 elapsed_seconds=554.655 mean_loss=0.113728 errors=129/10002 exact_sentences=909/1024
2026-09-20 21:53:21 UTC completed_step=912 elapsed_seconds=562.879 learning_rate=0.00056423
2026-09-20 21:53:29 UTC completed_step=928 elapsed_seconds=571.101 learning_rate=0.00056284
2026-09-20 21:53:37 UTC completed_step=944 elapsed_seconds=579.321 learning_rate=0.000561425
2026-09-20 21:53:45 UTC completed_step=960 elapsed_seconds=587.542 learning_rate=0.000559986
2026-09-20 21:53:54 UTC completed_step=976 elapsed_seconds=595.763 learning_rate=0.000558523
2026-09-20 21:54:02 UTC completed_step=992 elapsed_seconds=603.983 learning_rate=0.000557036
2026-09-20 21:54:10 UTC completed_step=1008 elapsed_seconds=612.204 learning_rate=0.000555525
2026-09-20 21:54:18 UTC completed_step=1024 elapsed_seconds=620.424 learning_rate=0.000553991
2026-09-20 21:54:30 UTC step=1024 elapsed_seconds=632.196 mean_loss=0.0726643 errors=90/10002 exact_sentences=950/1024
2026-09-20 21:54:38 UTC completed_step=1040 elapsed_seconds=640.46 learning_rate=0.000552432
2026-09-20 21:54:47 UTC completed_step=1056 elapsed_seconds=648.68 learning_rate=0.000550851
2026-09-20 21:54:55 UTC completed_step=1072 elapsed_seconds=656.899 learning_rate=0.000549246
2026-09-20 21:55:03 UTC completed_step=1088 elapsed_seconds=665.121 learning_rate=0.000547618
2026-09-20 21:55:11 UTC completed_step=1104 elapsed_seconds=673.342 learning_rate=0.000545967
2026-09-20 21:55:20 UTC completed_step=1120 elapsed_seconds=681.562 learning_rate=0.000544293
2026-09-20 21:55:28 UTC completed_step=1136 elapsed_seconds=689.781 learning_rate=0.000542597
2026-09-20 21:55:36 UTC completed_step=1152 elapsed_seconds=698 learning_rate=0.000540878
2026-09-20 21:55:48 UTC step=1152 elapsed_seconds=709.759 mean_loss=0.0626345 errors=96/10002 exact_sentences=939/1024
2026-09-20 21:55:56 UTC completed_step=1168 elapsed_seconds=717.983 learning_rate=0.000539138
2026-09-20 21:56:04 UTC completed_step=1184 elapsed_seconds=726.199 learning_rate=0.000537375
2026-09-20 21:56:12 UTC completed_step=1200 elapsed_seconds=734.418 learning_rate=0.00053559
2026-09-20 21:56:21 UTC completed_step=1216 elapsed_seconds=742.637 learning_rate=0.000533784
2026-09-20 21:56:29 UTC completed_step=1232 elapsed_seconds=750.855 learning_rate=0.000531957
2026-09-20 21:56:37 UTC completed_step=1248 elapsed_seconds=759.074 learning_rate=0.000530108
2026-09-20 21:56:45 UTC completed_step=1264 elapsed_seconds=767.291 learning_rate=0.000528238
2026-09-20 21:56:53 UTC completed_step=1280 elapsed_seconds=775.51 learning_rate=0.000526347
2026-09-20 21:57:05 UTC step=1280 elapsed_seconds=787.274 mean_loss=0.0395589 errors=63/10002 exact_sentences=967/1024
2026-09-20 21:57:13 UTC completed_step=1296 elapsed_seconds=795.502 learning_rate=0.000524435
2026-09-20 21:57:22 UTC completed_step=1312 elapsed_seconds=803.724 learning_rate=0.000522503
2026-09-20 21:57:30 UTC completed_step=1328 elapsed_seconds=811.944 learning_rate=0.000520551
2026-09-20 21:57:38 UTC completed_step=1344 elapsed_seconds=820.162 learning_rate=0.000518579
2026-09-20 21:57:46 UTC completed_step=1360 elapsed_seconds=828.38 learning_rate=0.000516587
2026-09-20 21:57:55 UTC completed_step=1376 elapsed_seconds=836.595 learning_rate=0.000514575
2026-09-20 21:58:03 UTC completed_step=1392 elapsed_seconds=844.814 learning_rate=0.000512544
2026-09-20 21:58:11 UTC completed_step=1408 elapsed_seconds=853.031 learning_rate=0.000510494
2026-09-20 21:58:23 UTC step=1408 elapsed_seconds=864.804 mean_loss=0.0407007 errors=78/10002 exact_sentences=955/1024
2026-09-20 21:58:31 UTC completed_step=1424 elapsed_seconds=873.028 learning_rate=0.000508424
2026-09-20 21:58:39 UTC completed_step=1440 elapsed_seconds=881.25 learning_rate=0.000506336
2026-09-20 21:58:47 UTC completed_step=1456 elapsed_seconds=889.468 learning_rate=0.00050423
2026-09-20 21:58:56 UTC completed_step=1472 elapsed_seconds=897.684 learning_rate=0.000502104
2026-09-20 21:59:04 UTC completed_step=1488 elapsed_seconds=905.905 learning_rate=0.000499961
2026-09-20 21:59:12 UTC completed_step=1504 elapsed_seconds=914.126 learning_rate=0.0004978
2026-09-20 21:59:20 UTC completed_step=1520 elapsed_seconds=922.348 learning_rate=0.000495622
2026-09-20 21:59:29 UTC completed_step=1536 elapsed_seconds=930.566 learning_rate=0.000493426
2026-09-20 21:59:40 UTC step=1536 elapsed_seconds=942.354 mean_loss=0.026363 errors=44/10002 exact_sentences=981/1024
2026-09-20 21:59:49 UTC completed_step=1552 elapsed_seconds=950.618 learning_rate=0.000491212
2026-09-20 21:59:57 UTC completed_step=1568 elapsed_seconds=958.839 learning_rate=0.000488982
2026-09-20 22:00:05 UTC completed_step=1584 elapsed_seconds=967.06 learning_rate=0.000486735
2026-09-20 22:00:13 UTC completed_step=1600 elapsed_seconds=975.282 learning_rate=0.000484472
2026-09-20 22:00:21 UTC completed_step=1616 elapsed_seconds=983.504 learning_rate=0.000482192
2026-09-20 22:00:30 UTC completed_step=1632 elapsed_seconds=991.722 learning_rate=0.000479896
2026-09-20 22:00:38 UTC completed_step=1648 elapsed_seconds=999.942 learning_rate=0.000477584
2026-09-20 22:00:46 UTC completed_step=1664 elapsed_seconds=1008.16 learning_rate=0.000475257
2026-09-20 22:00:58 UTC step=1664 elapsed_seconds=1019.92 mean_loss=0.0227472 errors=45/10002 exact_sentences=983/1024
2026-09-20 22:01:06 UTC completed_step=1680 elapsed_seconds=1028.14 learning_rate=0.000472915
2026-09-20 22:01:14 UTC completed_step=1696 elapsed_seconds=1036.36 learning_rate=0.000470558
2026-09-20 22:01:23 UTC completed_step=1712 elapsed_seconds=1044.59 learning_rate=0.000468185
2026-09-20 22:01:31 UTC completed_step=1728 elapsed_seconds=1052.8 learning_rate=0.000465799
2026-09-20 22:01:39 UTC completed_step=1744 elapsed_seconds=1061.02 learning_rate=0.000463398
2026-09-20 22:01:47 UTC completed_step=1760 elapsed_seconds=1069.24 learning_rate=0.000460983
2026-09-20 22:01:55 UTC completed_step=1776 elapsed_seconds=1077.46 learning_rate=0.000458554
2026-09-20 22:02:04 UTC completed_step=1792 elapsed_seconds=1085.68 learning_rate=0.000456112
2026-09-20 22:02:15 UTC step=1792 elapsed_seconds=1097.44 mean_loss=0.0158821 errors=22/10002 exact_sentences=1002/1024
2026-09-20 22:02:24 UTC completed_step=1808 elapsed_seconds=1105.66 learning_rate=0.000453656
2026-09-20 22:02:32 UTC completed_step=1824 elapsed_seconds=1113.88 learning_rate=0.000451187
2026-09-20 22:02:40 UTC completed_step=1840 elapsed_seconds=1122.1 learning_rate=0.000448706
2026-09-20 22:02:48 UTC completed_step=1856 elapsed_seconds=1130.32 learning_rate=0.000446212
2026-09-20 22:02:56 UTC completed_step=1872 elapsed_seconds=1138.54 learning_rate=0.000443706
2026-09-20 22:03:05 UTC completed_step=1888 elapsed_seconds=1146.76 learning_rate=0.000441188
2026-09-20 22:03:13 UTC completed_step=1904 elapsed_seconds=1154.98 learning_rate=0.000438658
2026-09-20 22:03:21 UTC completed_step=1920 elapsed_seconds=1163.2 learning_rate=0.000436117
2026-09-20 22:03:33 UTC step=1920 elapsed_seconds=1174.97 mean_loss=0.0221453 errors=36/10002 exact_sentences=991/1024
2026-09-20 22:03:41 UTC completed_step=1936 elapsed_seconds=1183.2 learning_rate=0.000433564
2026-09-20 22:03:49 UTC completed_step=1952 elapsed_seconds=1191.42 learning_rate=0.000431001
2026-09-20 22:03:58 UTC completed_step=1968 elapsed_seconds=1199.64 learning_rate=0.000428427
2026-09-20 22:04:06 UTC completed_step=1984 elapsed_seconds=1207.87 learning_rate=0.000425843
2026-09-20 22:04:14 UTC completed_step=2000 elapsed_seconds=1216.09 learning_rate=0.000423249
2026-09-20 22:04:22 UTC completed_step=2016 elapsed_seconds=1224.31 learning_rate=0.000420644
2026-09-20 22:04:30 UTC completed_step=2032 elapsed_seconds=1232.54 learning_rate=0.000418031
2026-09-20 22:04:39 UTC completed_step=2048 elapsed_seconds=1240.76 learning_rate=0.000415408
2026-09-20 22:04:50 UTC step=2048 elapsed_seconds=1252.53 mean_loss=0.0150127 errors=28/10002 exact_sentences=998/1024
2026-09-20 22:04:59 UTC completed_step=2064 elapsed_seconds=1260.8 learning_rate=0.000412776
2026-09-20 22:05:07 UTC completed_step=2080 elapsed_seconds=1269.02 learning_rate=0.000410135
2026-09-20 22:05:15 UTC completed_step=2096 elapsed_seconds=1277.25 learning_rate=0.000407486
2026-09-20 22:05:23 UTC completed_step=2112 elapsed_seconds=1285.47 learning_rate=0.000404829
2026-09-20 22:05:32 UTC completed_step=2128 elapsed_seconds=1293.7 learning_rate=0.000402164
2026-09-20 22:05:40 UTC completed_step=2144 elapsed_seconds=1301.92 learning_rate=0.000399491
2026-09-20 22:05:48 UTC completed_step=2160 elapsed_seconds=1310.15 learning_rate=0.000396811
2026-09-20 22:05:56 UTC completed_step=2176 elapsed_seconds=1318.38 learning_rate=0.000394124
2026-09-20 22:06:08 UTC step=2176 elapsed_seconds=1330.15 mean_loss=0.0123438 errors=20/10002 exact_sentences=1004/1024
2026-09-20 22:06:16 UTC completed_step=2192 elapsed_seconds=1338.38 learning_rate=0.00039143
2026-09-20 22:06:25 UTC completed_step=2208 elapsed_seconds=1346.61 learning_rate=0.00038873
2026-09-20 22:06:33 UTC completed_step=2224 elapsed_seconds=1354.84 learning_rate=0.000386023
2026-09-20 22:06:41 UTC completed_step=2240 elapsed_seconds=1363.07 learning_rate=0.000383311
2026-09-20 22:06:49 UTC completed_step=2256 elapsed_seconds=1371.29 learning_rate=0.000380593
2026-09-20 22:06:57 UTC completed_step=2272 elapsed_seconds=1379.52 learning_rate=0.00037787
2026-09-20 22:07:06 UTC completed_step=2288 elapsed_seconds=1387.75 learning_rate=0.000375141
2026-09-20 22:07:14 UTC completed_step=2304 elapsed_seconds=1395.97 learning_rate=0.000372408
2026-09-20 22:07:26 UTC step=2304 elapsed_seconds=1407.74 mean_loss=0.00803241 errors=16/10002 exact_sentences=1009/1024
2026-09-20 22:07:34 UTC completed_step=2320 elapsed_seconds=1415.97 learning_rate=0.000369671
2026-09-20 22:07:42 UTC completed_step=2336 elapsed_seconds=1424.19 learning_rate=0.000366929
2026-09-20 22:07:50 UTC completed_step=2352 elapsed_seconds=1432.41 learning_rate=0.000364183
2026-09-20 22:07:59 UTC completed_step=2368 elapsed_seconds=1440.64 learning_rate=0.000361434
2026-09-20 22:08:07 UTC completed_step=2384 elapsed_seconds=1448.86 learning_rate=0.000358682
2026-09-20 22:08:15 UTC completed_step=2400 elapsed_seconds=1457.09 learning_rate=0.000355926
2026-09-20 22:08:23 UTC completed_step=2416 elapsed_seconds=1465.31 learning_rate=0.000353168
2026-09-20 22:08:31 UTC completed_step=2432 elapsed_seconds=1473.54 learning_rate=0.000350407
2026-09-20 22:08:43 UTC step=2432 elapsed_seconds=1485.31 mean_loss=0.00717906 errors=13/10002 exact_sentences=1011/1024
2026-09-20 22:08:51 UTC completed_step=2448 elapsed_seconds=1493.54 learning_rate=0.000347644
2026-09-20 22:09:00 UTC completed_step=2464 elapsed_seconds=1501.76 learning_rate=0.00034488
2026-09-20 22:09:08 UTC completed_step=2480 elapsed_seconds=1509.99 learning_rate=0.000342113
2026-09-20 22:09:16 UTC completed_step=2496 elapsed_seconds=1518.22 learning_rate=0.000339346
2026-09-20 22:09:24 UTC completed_step=2512 elapsed_seconds=1526.44 learning_rate=0.000336577
2026-09-20 22:09:33 UTC completed_step=2528 elapsed_seconds=1534.67 learning_rate=0.000333808
2026-09-20 22:09:41 UTC completed_step=2544 elapsed_seconds=1542.9 learning_rate=0.000331039
2026-09-20 22:09:49 UTC completed_step=2560 elapsed_seconds=1551.12 learning_rate=0.000328269
2026-09-20 22:10:01 UTC step=2560 elapsed_seconds=1562.92 mean_loss=0.00242299 errors=4/10002 exact_sentences=1021/1024
2026-09-20 22:10:09 UTC completed_step=2576 elapsed_seconds=1571.19 learning_rate=0.000325499
2026-09-20 22:10:17 UTC completed_step=2592 elapsed_seconds=1579.42 learning_rate=0.00032273
2026-09-20 22:10:26 UTC completed_step=2608 elapsed_seconds=1587.64 learning_rate=0.000319962
2026-09-20 22:10:34 UTC completed_step=2624 elapsed_seconds=1595.87 learning_rate=0.000317195
2026-09-20 22:10:42 UTC completed_step=2640 elapsed_seconds=1604.1 learning_rate=0.000314429
2026-09-20 22:10:50 UTC completed_step=2656 elapsed_seconds=1612.33 learning_rate=0.000311665
2026-09-20 22:10:59 UTC completed_step=2672 elapsed_seconds=1620.56 learning_rate=0.000308902
2026-09-20 22:11:07 UTC completed_step=2688 elapsed_seconds=1628.79 learning_rate=0.000306142
2026-09-20 22:11:19 UTC step=2688 elapsed_seconds=1640.56 mean_loss=0.00679674 errors=8/10002 exact_sentences=1016/1024
2026-09-20 22:11:27 UTC completed_step=2704 elapsed_seconds=1648.8 learning_rate=0.000303385
2026-09-20 22:11:35 UTC completed_step=2720 elapsed_seconds=1657.03 learning_rate=0.00030063
2026-09-20 22:11:43 UTC completed_step=2736 elapsed_seconds=1665.26 learning_rate=0.000297878
2026-09-20 22:11:51 UTC completed_step=2752 elapsed_seconds=1673.49 learning_rate=0.00029513
2026-09-20 22:12:00 UTC completed_step=2768 elapsed_seconds=1681.72 learning_rate=0.000292385
2026-09-20 22:12:08 UTC completed_step=2784 elapsed_seconds=1689.95 learning_rate=0.000289644
2026-09-20 22:12:16 UTC completed_step=2800 elapsed_seconds=1698.18 learning_rate=0.000286908
2026-09-20 22:12:24 UTC completed_step=2816 elapsed_seconds=1706.41 learning_rate=0.000284176
2026-09-20 22:12:36 UTC step=2816 elapsed_seconds=1718.16 mean_loss=0.0073028 errors=14/10002 exact_sentences=1011/1024
2026-09-20 22:12:44 UTC completed_step=2832 elapsed_seconds=1726.4 learning_rate=0.000281449
2026-09-20 22:12:53 UTC completed_step=2848 elapsed_seconds=1734.63 learning_rate=0.000278727
2026-09-20 22:13:01 UTC completed_step=2864 elapsed_seconds=1742.85 learning_rate=0.00027601
2026-09-20 22:13:09 UTC completed_step=2880 elapsed_seconds=1751.08 learning_rate=0.0002733
2026-09-20 22:13:17 UTC completed_step=2896 elapsed_seconds=1759.31 learning_rate=0.000270595
2026-09-20 22:13:25 UTC completed_step=2912 elapsed_seconds=1767.54 learning_rate=0.000267896
2026-09-20 22:13:34 UTC completed_step=2928 elapsed_seconds=1775.76 learning_rate=0.000265204
2026-09-20 22:13:42 UTC completed_step=2944 elapsed_seconds=1783.99 learning_rate=0.000262518
2026-09-20 22:13:54 UTC step=2944 elapsed_seconds=1795.76 mean_loss=0.00239056 errors=6/10002 exact_sentences=1018/1024
2026-09-20 22:14:02 UTC completed_step=2960 elapsed_seconds=1804 learning_rate=0.00025984
2026-09-20 22:14:10 UTC completed_step=2976 elapsed_seconds=1812.23 learning_rate=0.000257169
2026-09-20 22:14:18 UTC completed_step=2992 elapsed_seconds=1820.46 learning_rate=0.000254506
2026-09-20 22:14:27 UTC completed_step=3008 elapsed_seconds=1828.69 learning_rate=0.000251851
2026-09-20 22:14:35 UTC completed_step=3024 elapsed_seconds=1836.93 learning_rate=0.000249204
2026-09-20 22:14:43 UTC completed_step=3040 elapsed_seconds=1845.16 learning_rate=0.000246565
2026-09-20 22:14:51 UTC completed_step=3056 elapsed_seconds=1853.38 learning_rate=0.000243936
2026-09-20 22:15:00 UTC completed_step=3072 elapsed_seconds=1861.61 learning_rate=0.000241315
2026-09-20 22:15:11 UTC step=3072 elapsed_seconds=1873.38 mean_loss=0.00223771 errors=4/10002 exact_sentences=1020/1024
2026-09-20 22:15:20 UTC completed_step=3088 elapsed_seconds=1881.65 learning_rate=0.000238704
2026-09-20 22:15:28 UTC completed_step=3104 elapsed_seconds=1889.88 learning_rate=0.000236102
2026-09-20 22:15:36 UTC completed_step=3120 elapsed_seconds=1898.11 learning_rate=0.00023351
2026-09-20 22:15:44 UTC completed_step=3136 elapsed_seconds=1906.34 learning_rate=0.000230928
2026-09-20 22:15:53 UTC completed_step=3152 elapsed_seconds=1914.57 learning_rate=0.000228357
2026-09-20 22:16:01 UTC completed_step=3168 elapsed_seconds=1922.81 learning_rate=0.000225796
2026-09-20 22:16:09 UTC completed_step=3184 elapsed_seconds=1931.04 learning_rate=0.000223247
2026-09-20 22:16:17 UTC completed_step=3200 elapsed_seconds=1939.27 learning_rate=0.000220708
2026-09-20 22:16:29 UTC step=3200 elapsed_seconds=1951.03 mean_loss=0.000290182 errors=0/10002 exact_sentences=1024/1024
2026-09-20 22:16:41 UTC step=3200 elapsed_seconds=1962.88 mean_loss=0.000290182 errors=0/10002 exact_sentences=1024/1024
MEMORIZED checkpoint=/home/ubuntu/checkpoints/memorize_general_facts/trial_0_remaining/layers_5/step_3200
