layers=8 parameters=51483648 samples=1024 scored_targets=10002
2026-09-20 19:23:06 UTC step=0 elapsed_seconds=15.3431 mean_loss=10.9348 errors=10002/10002 exact_sentences=0/1024
2026-09-20 19:23:17 UTC completed_step=16 elapsed_seconds=26.2595 learning_rate=9.6e-05
2026-09-20 19:23:28 UTC completed_step=32 elapsed_seconds=37.1761 learning_rate=0.000192
2026-09-20 19:23:39 UTC completed_step=48 elapsed_seconds=48.0891 learning_rate=0.000288
2026-09-20 19:23:50 UTC completed_step=64 elapsed_seconds=59.005 learning_rate=0.000384
2026-09-20 19:24:00 UTC completed_step=80 elapsed_seconds=69.9193 learning_rate=0.00048
2026-09-20 19:24:11 UTC completed_step=96 elapsed_seconds=80.8339 learning_rate=0.000576
2026-09-20 19:24:22 UTC completed_step=112 elapsed_seconds=91.7469 learning_rate=0.000599992
2026-09-20 19:24:33 UTC completed_step=128 elapsed_seconds=102.658 learning_rate=0.000599956
2026-09-20 19:24:49 UTC step=128 elapsed_seconds=118.025 mean_loss=5.46355 errors=7591/10002 exact_sentences=0/1024
2026-09-20 19:24:59 UTC completed_step=144 elapsed_seconds=128.945 learning_rate=0.000599893
2026-09-20 19:25:10 UTC completed_step=160 elapsed_seconds=139.859 learning_rate=0.0005998
2026-09-20 19:25:21 UTC completed_step=176 elapsed_seconds=150.776 learning_rate=0.00059968
2026-09-20 19:25:32 UTC completed_step=192 elapsed_seconds=161.69 learning_rate=0.00059953
2026-09-20 19:25:43 UTC completed_step=208 elapsed_seconds=172.602 learning_rate=0.000599353
2026-09-20 19:25:54 UTC completed_step=224 elapsed_seconds=183.517 learning_rate=0.000599147
2026-09-20 19:26:05 UTC completed_step=240 elapsed_seconds=194.434 learning_rate=0.000598913
2026-09-20 19:26:16 UTC completed_step=256 elapsed_seconds=205.35 learning_rate=0.000598651
2026-09-20 19:26:31 UTC step=256 elapsed_seconds=220.723 mean_loss=4.57657 errors=7011/10002 exact_sentences=1/1024
2026-09-20 19:26:42 UTC completed_step=272 elapsed_seconds=231.643 learning_rate=0.00059836
2026-09-20 19:26:53 UTC completed_step=288 elapsed_seconds=242.562 learning_rate=0.000598041
2026-09-20 19:27:04 UTC completed_step=304 elapsed_seconds=253.485 learning_rate=0.000597694
2026-09-20 19:27:15 UTC completed_step=320 elapsed_seconds=264.412 learning_rate=0.000597319
2026-09-20 19:27:26 UTC completed_step=336 elapsed_seconds=275.332 learning_rate=0.000596915
2026-09-20 19:27:37 UTC completed_step=352 elapsed_seconds=286.254 learning_rate=0.000596484
2026-09-20 19:27:48 UTC completed_step=368 elapsed_seconds=297.185 learning_rate=0.000596024
2026-09-20 19:27:59 UTC completed_step=384 elapsed_seconds=308.119 learning_rate=0.000595536
2026-09-20 19:28:14 UTC step=384 elapsed_seconds=323.49 mean_loss=3.60847 errors=6211/10002 exact_sentences=1/1024
2026-09-20 19:28:25 UTC completed_step=400 elapsed_seconds=334.425 learning_rate=0.000595021
2026-09-20 19:28:36 UTC completed_step=416 elapsed_seconds=345.357 learning_rate=0.000594478
2026-09-20 19:28:47 UTC completed_step=432 elapsed_seconds=356.292 learning_rate=0.000593906
2026-09-20 19:28:58 UTC completed_step=448 elapsed_seconds=367.232 learning_rate=0.000593307
2026-09-20 19:29:09 UTC completed_step=464 elapsed_seconds=378.173 learning_rate=0.000592681
2026-09-20 19:29:20 UTC completed_step=480 elapsed_seconds=389.12 learning_rate=0.000592026
2026-09-20 19:29:31 UTC completed_step=496 elapsed_seconds=400.065 learning_rate=0.000591344
2026-09-20 19:29:42 UTC completed_step=512 elapsed_seconds=411.007 learning_rate=0.000590635
2026-09-20 19:29:57 UTC step=512 elapsed_seconds=426.375 mean_loss=2.72076 errors=5203/10002 exact_sentences=7/1024
2026-09-20 19:30:08 UTC completed_step=528 elapsed_seconds=437.371 learning_rate=0.000589898
2026-09-20 19:30:19 UTC completed_step=544 elapsed_seconds=448.311 learning_rate=0.000589134
2026-09-20 19:30:30 UTC completed_step=560 elapsed_seconds=459.254 learning_rate=0.000588342
2026-09-20 19:30:41 UTC completed_step=576 elapsed_seconds=470.192 learning_rate=0.000587524
2026-09-20 19:30:52 UTC completed_step=592 elapsed_seconds=481.132 learning_rate=0.000586678
2026-09-20 19:31:03 UTC completed_step=608 elapsed_seconds=492.061 learning_rate=0.000585805
2026-09-20 19:31:14 UTC completed_step=624 elapsed_seconds=502.989 learning_rate=0.000584906
2026-09-20 19:31:24 UTC completed_step=640 elapsed_seconds=513.924 learning_rate=0.000583979
2026-09-20 19:31:40 UTC step=640 elapsed_seconds=529.296 mean_loss=1.93799 errors=3897/10002 exact_sentences=28/1024
2026-09-20 19:31:51 UTC completed_step=656 elapsed_seconds=540.233 learning_rate=0.000583026
2026-09-20 19:32:02 UTC completed_step=672 elapsed_seconds=551.171 learning_rate=0.000582046
2026-09-20 19:32:13 UTC completed_step=688 elapsed_seconds=562.114 learning_rate=0.00058104
2026-09-20 19:32:24 UTC completed_step=704 elapsed_seconds=573.056 learning_rate=0.000580007
2026-09-20 19:32:42 UTC completed_step=720 elapsed_seconds=591.431 learning_rate=0.000578948
2026-09-20 19:33:04 UTC completed_step=736 elapsed_seconds=613.33 learning_rate=0.000577862
2026-09-20 19:33:15 UTC completed_step=752 elapsed_seconds=624.27 learning_rate=0.000576751
2026-09-20 19:33:26 UTC completed_step=768 elapsed_seconds=635.206 learning_rate=0.000575614
2026-09-20 19:33:41 UTC step=768 elapsed_seconds=650.543 mean_loss=1.22336 errors=2096/10002 exact_sentences=184/1024
2026-09-20 19:33:52 UTC completed_step=784 elapsed_seconds=661.478 learning_rate=0.000574451
2026-09-20 19:34:03 UTC completed_step=800 elapsed_seconds=672.409 learning_rate=0.000573262
2026-09-20 19:34:14 UTC completed_step=816 elapsed_seconds=683.343 learning_rate=0.000572047
2026-09-20 19:34:25 UTC completed_step=832 elapsed_seconds=694.279 learning_rate=0.000570807
2026-09-20 19:34:36 UTC completed_step=848 elapsed_seconds=705.217 learning_rate=0.000569542
2026-09-20 19:34:47 UTC completed_step=864 elapsed_seconds=716.152 learning_rate=0.000568251
2026-09-20 19:34:58 UTC completed_step=880 elapsed_seconds=727.088 learning_rate=0.000566936
2026-09-20 19:35:09 UTC completed_step=896 elapsed_seconds=738.02 learning_rate=0.000565595
2026-09-20 19:35:24 UTC step=896 elapsed_seconds=753.359 mean_loss=0.641493 errors=762/10002 exact_sentences=541/1024
2026-09-20 19:35:35 UTC completed_step=912 elapsed_seconds=764.292 learning_rate=0.00056423
2026-09-20 19:35:46 UTC completed_step=928 elapsed_seconds=775.229 learning_rate=0.00056284
2026-09-20 19:35:57 UTC completed_step=944 elapsed_seconds=786.163 learning_rate=0.000561425
2026-09-20 19:36:08 UTC completed_step=960 elapsed_seconds=797.089 learning_rate=0.000559986
2026-09-20 19:36:19 UTC completed_step=976 elapsed_seconds=808.018 learning_rate=0.000558523
2026-09-20 19:36:29 UTC completed_step=992 elapsed_seconds=818.953 learning_rate=0.000557036
2026-09-20 19:36:40 UTC completed_step=1008 elapsed_seconds=829.883 learning_rate=0.000555525
2026-09-20 19:36:51 UTC completed_step=1024 elapsed_seconds=840.815 learning_rate=0.000553991
2026-09-20 19:37:07 UTC step=1024 elapsed_seconds=856.168 mean_loss=0.306168 errors=310/10002 exact_sentences=776/1024
2026-09-20 19:37:18 UTC completed_step=1040 elapsed_seconds=867.159 learning_rate=0.000552432
2026-09-20 19:37:29 UTC completed_step=1056 elapsed_seconds=878.093 learning_rate=0.000550851
2026-09-20 19:37:40 UTC completed_step=1072 elapsed_seconds=889.025 learning_rate=0.000549246
2026-09-20 19:37:50 UTC completed_step=1088 elapsed_seconds=899.958 learning_rate=0.000547618
2026-09-20 19:38:01 UTC completed_step=1104 elapsed_seconds=910.892 learning_rate=0.000545967
2026-09-20 19:38:12 UTC completed_step=1120 elapsed_seconds=921.826 learning_rate=0.000544293
2026-09-20 19:38:23 UTC completed_step=1136 elapsed_seconds=932.759 learning_rate=0.000542597
2026-09-20 19:38:34 UTC completed_step=1152 elapsed_seconds=943.691 learning_rate=0.000540878
2026-09-20 19:38:50 UTC step=1152 elapsed_seconds=959.029 mean_loss=0.156599 errors=211/10002 exact_sentences=851/1024
2026-09-20 19:39:00 UTC completed_step=1168 elapsed_seconds=969.96 learning_rate=0.000539138
2026-09-20 19:39:11 UTC completed_step=1184 elapsed_seconds=980.89 learning_rate=0.000537375
2026-09-20 19:39:22 UTC completed_step=1200 elapsed_seconds=991.815 learning_rate=0.00053559
2026-09-20 19:39:33 UTC completed_step=1216 elapsed_seconds=1002.74 learning_rate=0.000533784
2026-09-20 19:39:44 UTC completed_step=1232 elapsed_seconds=1013.68 learning_rate=0.000531957
2026-09-20 19:39:55 UTC completed_step=1248 elapsed_seconds=1024.6 learning_rate=0.000530108
2026-09-20 19:40:06 UTC completed_step=1264 elapsed_seconds=1035.53 learning_rate=0.000528238
2026-09-20 19:40:17 UTC completed_step=1280 elapsed_seconds=1046.45 learning_rate=0.000526347
2026-09-20 19:40:32 UTC step=1280 elapsed_seconds=1061.78 mean_loss=0.117861 errors=176/10002 exact_sentences=871/1024
2026-09-20 19:40:43 UTC completed_step=1296 elapsed_seconds=1072.71 learning_rate=0.000524435
2026-09-20 19:40:54 UTC completed_step=1312 elapsed_seconds=1083.63 learning_rate=0.000522503
2026-09-20 19:41:05 UTC completed_step=1328 elapsed_seconds=1094.56 learning_rate=0.000520551
2026-09-20 19:41:16 UTC completed_step=1344 elapsed_seconds=1105.49 learning_rate=0.000518579
2026-09-20 19:41:27 UTC completed_step=1360 elapsed_seconds=1116.43 learning_rate=0.000516587
2026-09-20 19:41:38 UTC completed_step=1376 elapsed_seconds=1127.36 learning_rate=0.000514575
2026-09-20 19:41:49 UTC completed_step=1392 elapsed_seconds=1138.29 learning_rate=0.000512544
2026-09-20 19:42:00 UTC completed_step=1408 elapsed_seconds=1149.22 learning_rate=0.000510494
2026-09-20 19:42:15 UTC step=1408 elapsed_seconds=1164.56 mean_loss=0.0934966 errors=160/10002 exact_sentences=890/1024
2026-09-20 19:42:26 UTC completed_step=1424 elapsed_seconds=1175.49 learning_rate=0.000508424
2026-09-20 19:42:37 UTC completed_step=1440 elapsed_seconds=1186.43 learning_rate=0.000506336
2026-09-20 19:42:48 UTC completed_step=1456 elapsed_seconds=1197.37 learning_rate=0.00050423
2026-09-20 19:42:59 UTC completed_step=1472 elapsed_seconds=1208.32 learning_rate=0.000502104
2026-09-20 19:43:10 UTC completed_step=1488 elapsed_seconds=1219.26 learning_rate=0.000499961
2026-09-20 19:43:21 UTC completed_step=1504 elapsed_seconds=1230.19 learning_rate=0.0004978
2026-09-20 19:43:32 UTC completed_step=1520 elapsed_seconds=1241.13 learning_rate=0.000495622
2026-09-20 19:43:43 UTC completed_step=1536 elapsed_seconds=1252.08 learning_rate=0.000493426
2026-09-20 19:43:58 UTC step=1536 elapsed_seconds=1267.42 mean_loss=0.0684308 errors=107/10002 exact_sentences=931/1024
2026-09-20 19:44:09 UTC completed_step=1552 elapsed_seconds=1278.41 learning_rate=0.000491212
2026-09-20 19:44:20 UTC completed_step=1568 elapsed_seconds=1289.34 learning_rate=0.000488982
2026-09-20 19:44:31 UTC completed_step=1584 elapsed_seconds=1300.27 learning_rate=0.000486735
2026-09-20 19:44:42 UTC completed_step=1600 elapsed_seconds=1311.21 learning_rate=0.000484472
2026-09-20 19:44:53 UTC completed_step=1616 elapsed_seconds=1322.14 learning_rate=0.000482192
2026-09-20 19:45:04 UTC completed_step=1632 elapsed_seconds=1333.08 learning_rate=0.000479896
2026-09-20 19:45:15 UTC completed_step=1648 elapsed_seconds=1344.02 learning_rate=0.000477584
2026-09-20 19:45:25 UTC completed_step=1664 elapsed_seconds=1354.97 learning_rate=0.000475257
2026-09-20 19:45:41 UTC step=1664 elapsed_seconds=1370.31 mean_loss=0.0602461 errors=110/10002 exact_sentences=930/1024
2026-09-20 19:45:52 UTC completed_step=1680 elapsed_seconds=1381.25 learning_rate=0.000472915
2026-09-20 19:46:03 UTC completed_step=1696 elapsed_seconds=1392.18 learning_rate=0.000470558
2026-09-20 19:46:14 UTC completed_step=1712 elapsed_seconds=1403.12 learning_rate=0.000468185
2026-09-20 19:46:25 UTC completed_step=1728 elapsed_seconds=1414.05 learning_rate=0.000465799
2026-09-20 19:46:36 UTC completed_step=1744 elapsed_seconds=1424.99 learning_rate=0.000463398
2026-09-20 19:46:46 UTC completed_step=1760 elapsed_seconds=1435.93 learning_rate=0.000460983
2026-09-20 19:46:57 UTC completed_step=1776 elapsed_seconds=1446.88 learning_rate=0.000458554
2026-09-20 19:47:08 UTC completed_step=1792 elapsed_seconds=1457.82 learning_rate=0.000456112
2026-09-20 19:47:24 UTC step=1792 elapsed_seconds=1473.17 mean_loss=0.0472544 errors=74/10002 exact_sentences=954/1024
2026-09-20 19:47:35 UTC completed_step=1808 elapsed_seconds=1484.12 learning_rate=0.000453656
2026-09-20 19:47:46 UTC completed_step=1824 elapsed_seconds=1495.05 learning_rate=0.000451187
2026-09-20 19:47:57 UTC completed_step=1840 elapsed_seconds=1505.99 learning_rate=0.000448706
2026-09-20 19:48:07 UTC completed_step=1856 elapsed_seconds=1516.93 learning_rate=0.000446212
2026-09-20 19:48:18 UTC completed_step=1872 elapsed_seconds=1527.87 learning_rate=0.000443706
2026-09-20 19:48:29 UTC completed_step=1888 elapsed_seconds=1538.81 learning_rate=0.000441188
2026-09-20 19:48:40 UTC completed_step=1904 elapsed_seconds=1549.74 learning_rate=0.000438658
2026-09-20 19:48:51 UTC completed_step=1920 elapsed_seconds=1560.68 learning_rate=0.000436117
2026-09-20 19:49:07 UTC step=1920 elapsed_seconds=1576.04 mean_loss=0.0363599 errors=62/10002 exact_sentences=971/1024
2026-09-20 19:49:17 UTC completed_step=1936 elapsed_seconds=1586.97 learning_rate=0.000433564
2026-09-20 19:49:28 UTC completed_step=1952 elapsed_seconds=1597.92 learning_rate=0.000431001
2026-09-20 19:49:39 UTC completed_step=1968 elapsed_seconds=1608.85 learning_rate=0.000428427
2026-09-20 19:49:50 UTC completed_step=1984 elapsed_seconds=1619.8 learning_rate=0.000425843
2026-09-20 19:50:01 UTC completed_step=2000 elapsed_seconds=1630.74 learning_rate=0.000423249
2026-09-20 19:50:12 UTC completed_step=2016 elapsed_seconds=1641.68 learning_rate=0.000420644
2026-09-20 19:50:23 UTC completed_step=2032 elapsed_seconds=1652.62 learning_rate=0.000418031
2026-09-20 19:50:34 UTC completed_step=2048 elapsed_seconds=1663.57 learning_rate=0.000415408
2026-09-20 19:50:49 UTC step=2048 elapsed_seconds=1678.91 mean_loss=0.0234781 errors=35/10002 exact_sentences=991/1024
2026-09-20 19:51:00 UTC completed_step=2064 elapsed_seconds=1689.91 learning_rate=0.000412776
2026-09-20 19:51:11 UTC completed_step=2080 elapsed_seconds=1700.85 learning_rate=0.000410135
2026-09-20 19:51:22 UTC completed_step=2096 elapsed_seconds=1711.79 learning_rate=0.000407486
2026-09-20 19:51:33 UTC completed_step=2112 elapsed_seconds=1722.74 learning_rate=0.000404829
2026-09-20 19:51:44 UTC completed_step=2128 elapsed_seconds=1733.69 learning_rate=0.000402164
2026-09-20 19:51:55 UTC completed_step=2144 elapsed_seconds=1744.62 learning_rate=0.000399491
2026-09-20 19:52:06 UTC completed_step=2160 elapsed_seconds=1755.57 learning_rate=0.000396811
2026-09-20 19:52:17 UTC completed_step=2176 elapsed_seconds=1766.51 learning_rate=0.000394124
2026-09-20 19:52:32 UTC step=2176 elapsed_seconds=1781.85 mean_loss=0.0224974 errors=37/10002 exact_sentences=989/1024
2026-09-20 19:52:43 UTC completed_step=2192 elapsed_seconds=1792.8 learning_rate=0.00039143
2026-09-20 19:52:54 UTC completed_step=2208 elapsed_seconds=1803.74 learning_rate=0.00038873
2026-09-20 19:53:05 UTC completed_step=2224 elapsed_seconds=1814.69 learning_rate=0.000386023
2026-09-20 19:53:16 UTC completed_step=2240 elapsed_seconds=1825.63 learning_rate=0.000383311
2026-09-20 19:53:27 UTC completed_step=2256 elapsed_seconds=1836.58 learning_rate=0.000380593
2026-09-20 19:53:38 UTC completed_step=2272 elapsed_seconds=1847.52 learning_rate=0.00037787
2026-09-20 19:53:49 UTC completed_step=2288 elapsed_seconds=1858.46 learning_rate=0.000375141
2026-09-20 19:54:00 UTC completed_step=2304 elapsed_seconds=1869.4 learning_rate=0.000372408
2026-09-20 19:54:15 UTC step=2304 elapsed_seconds=1884.74 mean_loss=0.0213298 errors=33/10002 exact_sentences=992/1024
2026-09-20 19:54:26 UTC completed_step=2320 elapsed_seconds=1895.69 learning_rate=0.000369671
2026-09-20 19:54:37 UTC completed_step=2336 elapsed_seconds=1906.63 learning_rate=0.000366929
2026-09-20 19:54:48 UTC completed_step=2352 elapsed_seconds=1917.58 learning_rate=0.000364183
2026-09-20 19:54:59 UTC completed_step=2368 elapsed_seconds=1928.54 learning_rate=0.000361434
2026-09-20 19:55:10 UTC completed_step=2384 elapsed_seconds=1939.49 learning_rate=0.000358682
2026-09-20 19:55:21 UTC completed_step=2400 elapsed_seconds=1950.44 learning_rate=0.000355926
2026-09-20 19:55:32 UTC completed_step=2416 elapsed_seconds=1961.39 learning_rate=0.000353168
2026-09-20 19:55:43 UTC completed_step=2432 elapsed_seconds=1972.35 learning_rate=0.000350407
2026-09-20 19:55:58 UTC step=2432 elapsed_seconds=1987.69 mean_loss=0.0157591 errors=25/10002 exact_sentences=999/1024
2026-09-20 19:56:09 UTC completed_step=2448 elapsed_seconds=1998.64 learning_rate=0.000347644
2026-09-20 19:56:20 UTC completed_step=2464 elapsed_seconds=2009.6 learning_rate=0.00034488
2026-09-20 19:56:31 UTC completed_step=2480 elapsed_seconds=2020.56 learning_rate=0.000342113
2026-09-20 19:56:42 UTC completed_step=2496 elapsed_seconds=2031.51 learning_rate=0.000339346
2026-09-20 19:56:53 UTC completed_step=2512 elapsed_seconds=2042.46 learning_rate=0.000336577
2026-09-20 19:57:04 UTC completed_step=2528 elapsed_seconds=2053.41 learning_rate=0.000333808
2026-09-20 19:57:15 UTC completed_step=2544 elapsed_seconds=2064.37 learning_rate=0.000331039
2026-09-20 19:57:26 UTC completed_step=2560 elapsed_seconds=2075.32 learning_rate=0.000328269
2026-09-20 19:57:41 UTC step=2560 elapsed_seconds=2090.65 mean_loss=0.0109852 errors=17/10002 exact_sentences=1007/1024
2026-09-20 19:57:52 UTC completed_step=2576 elapsed_seconds=2101.67 learning_rate=0.000325499
2026-09-20 19:58:03 UTC completed_step=2592 elapsed_seconds=2112.63 learning_rate=0.00032273
2026-09-20 19:58:14 UTC completed_step=2608 elapsed_seconds=2123.59 learning_rate=0.000319962
2026-09-20 19:58:25 UTC completed_step=2624 elapsed_seconds=2134.56 learning_rate=0.000317195
2026-09-20 19:58:36 UTC completed_step=2640 elapsed_seconds=2145.52 learning_rate=0.000314429
2026-09-20 19:58:56 UTC completed_step=2656 elapsed_seconds=2165.68 learning_rate=0.000311665
2026-09-20 19:59:16 UTC completed_step=2672 elapsed_seconds=2185.69 learning_rate=0.000308902
2026-09-20 19:59:27 UTC completed_step=2688 elapsed_seconds=2196.65 learning_rate=0.000306142
2026-09-20 19:59:43 UTC step=2688 elapsed_seconds=2212 mean_loss=0.0078352 errors=13/10002 exact_sentences=1012/1024
2026-09-20 19:59:53 UTC completed_step=2704 elapsed_seconds=2222.97 learning_rate=0.000303385
2026-09-20 20:00:04 UTC completed_step=2720 elapsed_seconds=2233.93 learning_rate=0.00030063
2026-09-20 20:00:15 UTC completed_step=2736 elapsed_seconds=2244.89 learning_rate=0.000297878
2026-09-20 20:00:26 UTC completed_step=2752 elapsed_seconds=2255.86 learning_rate=0.00029513
2026-09-20 20:00:37 UTC completed_step=2768 elapsed_seconds=2266.82 learning_rate=0.000292385
2026-09-20 20:00:48 UTC completed_step=2784 elapsed_seconds=2277.78 learning_rate=0.000289644
2026-09-20 20:00:59 UTC completed_step=2800 elapsed_seconds=2288.74 learning_rate=0.000286908
2026-09-20 20:01:10 UTC completed_step=2816 elapsed_seconds=2299.7 learning_rate=0.000284176
2026-09-20 20:01:26 UTC step=2816 elapsed_seconds=2315.04 mean_loss=0.00579736 errors=7/10002 exact_sentences=1017/1024
2026-09-20 20:01:37 UTC completed_step=2832 elapsed_seconds=2326 learning_rate=0.000281449
2026-09-20 20:01:47 UTC completed_step=2848 elapsed_seconds=2336.95 learning_rate=0.000278727
2026-09-20 20:01:58 UTC completed_step=2864 elapsed_seconds=2347.91 learning_rate=0.00027601
2026-09-20 20:02:09 UTC completed_step=2880 elapsed_seconds=2358.86 learning_rate=0.0002733
2026-09-20 20:02:20 UTC completed_step=2896 elapsed_seconds=2369.82 learning_rate=0.000270595
2026-09-20 20:02:31 UTC completed_step=2912 elapsed_seconds=2380.78 learning_rate=0.000267896
2026-09-20 20:02:42 UTC completed_step=2928 elapsed_seconds=2391.74 learning_rate=0.000265204
2026-09-20 20:02:53 UTC completed_step=2944 elapsed_seconds=2402.7 learning_rate=0.000262518
2026-09-20 20:03:09 UTC step=2944 elapsed_seconds=2418.04 mean_loss=0.00405608 errors=5/10002 exact_sentences=1019/1024
2026-09-20 20:03:20 UTC completed_step=2960 elapsed_seconds=2429 learning_rate=0.00025984
2026-09-20 20:03:30 UTC completed_step=2976 elapsed_seconds=2439.97 learning_rate=0.000257169
2026-09-20 20:03:41 UTC completed_step=2992 elapsed_seconds=2450.93 learning_rate=0.000254506
2026-09-20 20:03:52 UTC completed_step=3008 elapsed_seconds=2461.89 learning_rate=0.000251851
2026-09-20 20:04:03 UTC completed_step=3024 elapsed_seconds=2472.85 learning_rate=0.000249204
2026-09-20 20:04:14 UTC completed_step=3040 elapsed_seconds=2483.82 learning_rate=0.000246565
2026-09-20 20:04:25 UTC completed_step=3056 elapsed_seconds=2494.79 learning_rate=0.000243936
2026-09-20 20:04:36 UTC completed_step=3072 elapsed_seconds=2505.76 learning_rate=0.000241315
2026-09-20 20:04:52 UTC step=3072 elapsed_seconds=2521.12 mean_loss=0.00503241 errors=7/10002 exact_sentences=1017/1024
2026-09-20 20:05:03 UTC completed_step=3088 elapsed_seconds=2532.14 learning_rate=0.000238704
2026-09-20 20:05:14 UTC completed_step=3104 elapsed_seconds=2543.1 learning_rate=0.000236102
2026-09-20 20:05:25 UTC completed_step=3120 elapsed_seconds=2554.06 learning_rate=0.00023351
2026-09-20 20:05:36 UTC completed_step=3136 elapsed_seconds=2565.03 learning_rate=0.000230928
2026-09-20 20:05:47 UTC completed_step=3152 elapsed_seconds=2575.99 learning_rate=0.000228357
2026-09-20 20:05:57 UTC completed_step=3168 elapsed_seconds=2586.95 learning_rate=0.000225796
2026-09-20 20:06:08 UTC completed_step=3184 elapsed_seconds=2597.91 learning_rate=0.000223247
2026-09-20 20:06:19 UTC completed_step=3200 elapsed_seconds=2608.87 learning_rate=0.000220708
2026-09-20 20:06:35 UTC step=3200 elapsed_seconds=2624.22 mean_loss=0.00160496 errors=1/10002 exact_sentences=1023/1024
2026-09-20 20:06:46 UTC completed_step=3216 elapsed_seconds=2635.18 learning_rate=0.000218182
2026-09-20 20:06:57 UTC completed_step=3232 elapsed_seconds=2646.15 learning_rate=0.000215666
2026-09-20 20:07:08 UTC completed_step=3248 elapsed_seconds=2657.11 learning_rate=0.000213163
2026-09-20 20:07:19 UTC completed_step=3264 elapsed_seconds=2668.07 learning_rate=0.000210673
2026-09-20 20:07:30 UTC completed_step=3280 elapsed_seconds=2679.04 learning_rate=0.000208194
2026-09-20 20:07:41 UTC completed_step=3296 elapsed_seconds=2690 learning_rate=0.000205729
2026-09-20 20:07:51 UTC completed_step=3312 elapsed_seconds=2700.97 learning_rate=0.000203277
2026-09-20 20:08:02 UTC completed_step=3328 elapsed_seconds=2711.93 learning_rate=0.000200838
2026-09-20 20:08:18 UTC step=3328 elapsed_seconds=2727.28 mean_loss=0.00316057 errors=6/10002 exact_sentences=1018/1024
2026-09-20 20:08:29 UTC completed_step=3344 elapsed_seconds=2738.24 learning_rate=0.000198412
2026-09-20 20:08:40 UTC completed_step=3360 elapsed_seconds=2749.2 learning_rate=0.000196001
2026-09-20 20:08:51 UTC completed_step=3376 elapsed_seconds=2760.16 learning_rate=0.000193603
2026-09-20 20:09:02 UTC completed_step=3392 elapsed_seconds=2771.12 learning_rate=0.00019122
2026-09-20 20:09:13 UTC completed_step=3408 elapsed_seconds=2782.08 learning_rate=0.000188852
2026-09-20 20:09:24 UTC completed_step=3424 elapsed_seconds=2793.05 learning_rate=0.000186498
2026-09-20 20:09:35 UTC completed_step=3440 elapsed_seconds=2804.01 learning_rate=0.000184159
2026-09-20 20:09:45 UTC completed_step=3456 elapsed_seconds=2814.97 learning_rate=0.000181836
2026-09-20 20:10:01 UTC step=3456 elapsed_seconds=2830.32 mean_loss=0.000975398 errors=1/10002 exact_sentences=1023/1024
2026-09-20 20:10:12 UTC completed_step=3472 elapsed_seconds=2841.28 learning_rate=0.000179529
2026-09-20 20:10:23 UTC completed_step=3488 elapsed_seconds=2852.25 learning_rate=0.000177237
2026-09-20 20:10:34 UTC completed_step=3504 elapsed_seconds=2863.21 learning_rate=0.000174961
2026-09-20 20:10:45 UTC completed_step=3520 elapsed_seconds=2874.2 learning_rate=0.000172702
2026-09-20 20:10:56 UTC completed_step=3536 elapsed_seconds=2885.16 learning_rate=0.000170459
2026-09-20 20:11:07 UTC completed_step=3552 elapsed_seconds=2896.12 learning_rate=0.000168233
2026-09-20 20:11:18 UTC completed_step=3568 elapsed_seconds=2907.08 learning_rate=0.000166024
2026-09-20 20:11:29 UTC completed_step=3584 elapsed_seconds=2918.04 learning_rate=0.000163832
2026-09-20 20:11:44 UTC step=3584 elapsed_seconds=2933.39 mean_loss=0.00107257 errors=1/10002 exact_sentences=1023/1024
2026-09-20 20:11:55 UTC completed_step=3600 elapsed_seconds=2944.41 learning_rate=0.000161658
2026-09-20 20:12:06 UTC completed_step=3616 elapsed_seconds=2955.37 learning_rate=0.000159501
2026-09-20 20:12:17 UTC completed_step=3632 elapsed_seconds=2966.32 learning_rate=0.000157363
2026-09-20 20:12:28 UTC completed_step=3648 elapsed_seconds=2977.28 learning_rate=0.000155242
2026-09-20 20:12:39 UTC completed_step=3664 elapsed_seconds=2988.24 learning_rate=0.00015314
2026-09-20 20:12:50 UTC completed_step=3680 elapsed_seconds=2999.21 learning_rate=0.000151057
2026-09-20 20:13:01 UTC completed_step=3696 elapsed_seconds=3010.16 learning_rate=0.000148992
2026-09-20 20:13:12 UTC completed_step=3712 elapsed_seconds=3021.12 learning_rate=0.000146946
2026-09-20 20:13:27 UTC step=3712 elapsed_seconds=3036.47 mean_loss=0.00217119 errors=3/10002 exact_sentences=1022/1024
2026-09-20 20:13:38 UTC completed_step=3728 elapsed_seconds=3047.43 learning_rate=0.00014492
2026-09-20 20:13:49 UTC completed_step=3744 elapsed_seconds=3058.38 learning_rate=0.000142913
2026-09-20 20:14:00 UTC completed_step=3760 elapsed_seconds=3069.34 learning_rate=0.000140926
2026-09-20 20:14:11 UTC completed_step=3776 elapsed_seconds=3080.29 learning_rate=0.000138959
2026-09-20 20:14:22 UTC completed_step=3792 elapsed_seconds=3091.25 learning_rate=0.000137012
2026-09-20 20:14:33 UTC completed_step=3808 elapsed_seconds=3102.2 learning_rate=0.000135085
2026-09-20 20:14:44 UTC completed_step=3824 elapsed_seconds=3113.16 learning_rate=0.000133178
2026-09-20 20:14:55 UTC completed_step=3840 elapsed_seconds=3124.11 learning_rate=0.000131293
2026-09-20 20:15:10 UTC step=3840 elapsed_seconds=3139.45 mean_loss=0.000187041 errors=0/10002 exact_sentences=1024/1024
2026-09-20 20:15:25 UTC step=3840 elapsed_seconds=3154.89 mean_loss=0.000187041 errors=0/10002 exact_sentences=1024/1024
MEMORIZED checkpoint=/home/ubuntu/checkpoints/memorize_general_facts/trial_0/layers_8/step_3840
