layers=8 width=32 heads=1 feed_forward_width=128 parameters=1743168 samples=1024 scored_targets=10002
2026-09-21 02:01:23 UTC step=0 elapsed_seconds=1.84602 mean_loss=10.8232 errors=10002/10002 exact_sentences=0/1024
2026-09-21 02:01:25 UTC completed_step=16 elapsed_seconds=3.91512 learning_rate=9.6e-05
2026-09-21 02:01:27 UTC completed_step=32 elapsed_seconds=5.77119 learning_rate=0.000192
2026-09-21 02:01:29 UTC completed_step=48 elapsed_seconds=7.62642 learning_rate=0.000288
2026-09-21 02:01:31 UTC completed_step=64 elapsed_seconds=9.48151 learning_rate=0.000384
2026-09-21 02:01:33 UTC completed_step=80 elapsed_seconds=11.3366 learning_rate=0.00048
2026-09-21 02:01:34 UTC completed_step=96 elapsed_seconds=13.1934 learning_rate=0.000576
2026-09-21 02:01:36 UTC completed_step=112 elapsed_seconds=15.0495 learning_rate=0.000599992
2026-09-21 02:01:38 UTC completed_step=128 elapsed_seconds=16.9046 learning_rate=0.000599956
2026-09-21 02:01:40 UTC step=128 elapsed_seconds=18.7334 mean_loss=8.32208 errors=8978/10002 exact_sentences=0/1024
2026-09-21 02:01:42 UTC completed_step=144 elapsed_seconds=20.5931 learning_rate=0.000599893
2026-09-21 02:01:44 UTC completed_step=160 elapsed_seconds=22.4472 learning_rate=0.0005998
2026-09-21 02:01:46 UTC completed_step=176 elapsed_seconds=24.304 learning_rate=0.00059968
2026-09-21 02:01:47 UTC completed_step=192 elapsed_seconds=26.1601 learning_rate=0.00059953
2026-09-21 02:01:49 UTC completed_step=208 elapsed_seconds=28.0162 learning_rate=0.000599353
2026-09-21 02:01:51 UTC completed_step=224 elapsed_seconds=29.8733 learning_rate=0.000599147
2026-09-21 02:01:53 UTC completed_step=240 elapsed_seconds=31.7291 learning_rate=0.000598913
2026-09-21 02:01:55 UTC completed_step=256 elapsed_seconds=33.5867 learning_rate=0.000598651
2026-09-21 02:01:57 UTC step=256 elapsed_seconds=35.4282 mean_loss=6.24598 errors=8921/10002 exact_sentences=0/1024
2026-09-21 02:01:59 UTC completed_step=272 elapsed_seconds=37.2892 learning_rate=0.00059836
2026-09-21 02:02:00 UTC completed_step=288 elapsed_seconds=39.1438 learning_rate=0.000598041
2026-09-21 02:02:02 UTC completed_step=304 elapsed_seconds=40.9997 learning_rate=0.000597694
2026-09-21 02:02:04 UTC completed_step=320 elapsed_seconds=42.8553 learning_rate=0.000597319
2026-09-21 02:02:06 UTC completed_step=336 elapsed_seconds=44.7098 learning_rate=0.000596915
2026-09-21 02:02:08 UTC completed_step=352 elapsed_seconds=46.5671 learning_rate=0.000596484
2026-09-21 02:02:10 UTC completed_step=368 elapsed_seconds=48.4254 learning_rate=0.000596024
2026-09-21 02:02:12 UTC completed_step=384 elapsed_seconds=50.2825 learning_rate=0.000595536
2026-09-21 02:02:13 UTC step=384 elapsed_seconds=52.1197 mean_loss=5.87489 errors=7955/10002 exact_sentences=1/1024
2026-09-21 02:02:15 UTC completed_step=400 elapsed_seconds=53.9792 learning_rate=0.000595021
2026-09-21 02:02:17 UTC completed_step=416 elapsed_seconds=55.8331 learning_rate=0.000594478
2026-09-21 02:02:19 UTC completed_step=432 elapsed_seconds=57.6901 learning_rate=0.000593906
2026-09-21 02:02:21 UTC completed_step=448 elapsed_seconds=59.5462 learning_rate=0.000593307
2026-09-21 02:02:23 UTC completed_step=464 elapsed_seconds=61.4012 learning_rate=0.000592681
2026-09-21 02:02:25 UTC completed_step=480 elapsed_seconds=63.2585 learning_rate=0.000592026
2026-09-21 02:02:26 UTC completed_step=496 elapsed_seconds=65.1171 learning_rate=0.000591344
2026-09-21 02:02:28 UTC completed_step=512 elapsed_seconds=66.9743 learning_rate=0.000590635
2026-09-21 02:02:30 UTC step=512 elapsed_seconds=68.8081 mean_loss=5.5201 errors=7579/10002 exact_sentences=1/1024
2026-09-21 02:02:32 UTC completed_step=528 elapsed_seconds=70.675 learning_rate=0.000589898
2026-09-21 02:02:34 UTC completed_step=544 elapsed_seconds=72.5363 learning_rate=0.000589134
2026-09-21 02:02:36 UTC completed_step=560 elapsed_seconds=74.3947 learning_rate=0.000588342
2026-09-21 02:02:38 UTC completed_step=576 elapsed_seconds=76.2531 learning_rate=0.000587524
2026-09-21 02:02:39 UTC completed_step=592 elapsed_seconds=78.1094 learning_rate=0.000586678
2026-09-21 02:02:41 UTC completed_step=608 elapsed_seconds=79.9671 learning_rate=0.000585805
2026-09-21 02:02:43 UTC completed_step=624 elapsed_seconds=81.824 learning_rate=0.000584906
2026-09-21 02:02:45 UTC completed_step=640 elapsed_seconds=83.6812 learning_rate=0.000583979
2026-09-21 02:02:47 UTC step=640 elapsed_seconds=85.5077 mean_loss=5.23199 errors=7418/10002 exact_sentences=1/1024
2026-09-21 02:02:49 UTC completed_step=656 elapsed_seconds=87.3708 learning_rate=0.000583026
2026-09-21 02:02:51 UTC completed_step=672 elapsed_seconds=89.2271 learning_rate=0.000582046
2026-09-21 02:02:52 UTC completed_step=688 elapsed_seconds=91.0823 learning_rate=0.00058104
2026-09-21 02:02:54 UTC completed_step=704 elapsed_seconds=92.9387 learning_rate=0.000580007
2026-09-21 02:02:56 UTC completed_step=720 elapsed_seconds=94.7964 learning_rate=0.000578948
2026-09-21 02:02:58 UTC completed_step=736 elapsed_seconds=96.6537 learning_rate=0.000577862
2026-09-21 02:03:00 UTC completed_step=752 elapsed_seconds=98.5101 learning_rate=0.000576751
2026-09-21 02:03:02 UTC completed_step=768 elapsed_seconds=100.367 learning_rate=0.000575614
2026-09-21 02:03:04 UTC step=768 elapsed_seconds=102.218 mean_loss=5.00147 errors=7287/10002 exact_sentences=1/1024
2026-09-21 02:03:05 UTC completed_step=784 elapsed_seconds=104.077 learning_rate=0.000574451
2026-09-21 02:03:07 UTC completed_step=800 elapsed_seconds=105.933 learning_rate=0.000573262
2026-09-21 02:03:09 UTC completed_step=816 elapsed_seconds=107.788 learning_rate=0.000572047
2026-09-21 02:03:11 UTC completed_step=832 elapsed_seconds=109.643 learning_rate=0.000570807
2026-09-21 02:03:13 UTC completed_step=848 elapsed_seconds=111.498 learning_rate=0.000569542
2026-09-21 02:03:15 UTC completed_step=864 elapsed_seconds=113.354 learning_rate=0.000568251
2026-09-21 02:03:17 UTC completed_step=880 elapsed_seconds=115.21 learning_rate=0.000566936
2026-09-21 02:03:18 UTC completed_step=896 elapsed_seconds=117.064 learning_rate=0.000565595
2026-09-21 02:03:20 UTC step=896 elapsed_seconds=118.909 mean_loss=4.79102 errors=7037/10002 exact_sentences=1/1024
2026-09-21 02:03:22 UTC completed_step=912 elapsed_seconds=120.771 learning_rate=0.00056423
2026-09-21 02:03:24 UTC completed_step=928 elapsed_seconds=122.625 learning_rate=0.00056284
2026-09-21 02:03:26 UTC completed_step=944 elapsed_seconds=124.483 learning_rate=0.000561425
2026-09-21 02:03:28 UTC completed_step=960 elapsed_seconds=126.339 learning_rate=0.000559986
2026-09-21 02:03:29 UTC completed_step=976 elapsed_seconds=128.195 learning_rate=0.000558523
2026-09-21 02:03:31 UTC completed_step=992 elapsed_seconds=130.052 learning_rate=0.000557036
2026-09-21 02:03:33 UTC completed_step=1008 elapsed_seconds=131.909 learning_rate=0.000555525
2026-09-21 02:03:35 UTC completed_step=1024 elapsed_seconds=133.766 learning_rate=0.000553991
2026-09-21 02:03:37 UTC step=1024 elapsed_seconds=135.599 mean_loss=4.58266 errors=6852/10002 exact_sentences=1/1024
2026-09-21 02:03:39 UTC completed_step=1040 elapsed_seconds=137.465 learning_rate=0.000552432
2026-09-21 02:03:41 UTC completed_step=1056 elapsed_seconds=139.321 learning_rate=0.000550851
2026-09-21 02:03:42 UTC completed_step=1072 elapsed_seconds=141.178 learning_rate=0.000549246
2026-09-21 02:03:44 UTC completed_step=1088 elapsed_seconds=143.034 learning_rate=0.000547618
2026-09-21 02:03:46 UTC completed_step=1104 elapsed_seconds=144.889 learning_rate=0.000545967
2026-09-21 02:03:48 UTC completed_step=1120 elapsed_seconds=146.746 learning_rate=0.000544293
2026-09-21 02:03:50 UTC completed_step=1136 elapsed_seconds=148.602 learning_rate=0.000542597
2026-09-21 02:03:52 UTC completed_step=1152 elapsed_seconds=150.457 learning_rate=0.000540878
2026-09-21 02:03:54 UTC step=1152 elapsed_seconds=152.285 mean_loss=4.41233 errors=6717/10002 exact_sentences=1/1024
2026-09-21 02:03:55 UTC completed_step=1168 elapsed_seconds=154.145 learning_rate=0.000539138
2026-09-21 02:03:57 UTC completed_step=1184 elapsed_seconds=155.999 learning_rate=0.000537375
2026-09-21 02:03:59 UTC completed_step=1200 elapsed_seconds=157.855 learning_rate=0.00053559
2026-09-21 02:04:01 UTC completed_step=1216 elapsed_seconds=159.711 learning_rate=0.000533784
2026-09-21 02:04:03 UTC completed_step=1232 elapsed_seconds=161.567 learning_rate=0.000531957
2026-09-21 02:04:05 UTC completed_step=1248 elapsed_seconds=163.424 learning_rate=0.000530108
2026-09-21 02:04:07 UTC completed_step=1264 elapsed_seconds=165.282 learning_rate=0.000528238
2026-09-21 02:04:08 UTC completed_step=1280 elapsed_seconds=167.142 learning_rate=0.000526347
2026-09-21 02:04:10 UTC step=1280 elapsed_seconds=168.991 mean_loss=4.22971 errors=6558/10002 exact_sentences=1/1024
2026-09-21 02:04:12 UTC completed_step=1296 elapsed_seconds=170.851 learning_rate=0.000524435
2026-09-21 02:04:14 UTC completed_step=1312 elapsed_seconds=172.712 learning_rate=0.000522503
2026-09-21 02:04:16 UTC completed_step=1328 elapsed_seconds=174.57 learning_rate=0.000520551
2026-09-21 02:04:18 UTC completed_step=1344 elapsed_seconds=176.425 learning_rate=0.000518579
2026-09-21 02:04:20 UTC completed_step=1360 elapsed_seconds=178.283 learning_rate=0.000516587
2026-09-21 02:04:21 UTC completed_step=1376 elapsed_seconds=180.14 learning_rate=0.000514575
2026-09-21 02:04:23 UTC completed_step=1392 elapsed_seconds=181.996 learning_rate=0.000512544
2026-09-21 02:04:25 UTC completed_step=1408 elapsed_seconds=183.852 learning_rate=0.000510494
2026-09-21 02:04:27 UTC step=1408 elapsed_seconds=185.701 mean_loss=4.07134 errors=6437/10002 exact_sentences=1/1024
2026-09-21 02:04:29 UTC completed_step=1424 elapsed_seconds=187.567 learning_rate=0.000508424
2026-09-21 02:04:31 UTC completed_step=1440 elapsed_seconds=189.425 learning_rate=0.000506336
2026-09-21 02:04:33 UTC completed_step=1456 elapsed_seconds=191.281 learning_rate=0.00050423
2026-09-21 02:04:34 UTC completed_step=1472 elapsed_seconds=193.138 learning_rate=0.000502104
2026-09-21 02:04:36 UTC completed_step=1488 elapsed_seconds=194.996 learning_rate=0.000499961
2026-09-21 02:04:38 UTC completed_step=1504 elapsed_seconds=196.851 learning_rate=0.0004978
2026-09-21 02:04:40 UTC completed_step=1520 elapsed_seconds=198.707 learning_rate=0.000495622
2026-09-21 02:04:42 UTC completed_step=1536 elapsed_seconds=200.563 learning_rate=0.000493426
2026-09-21 02:04:44 UTC step=1536 elapsed_seconds=202.403 mean_loss=3.89463 errors=6158/10002 exact_sentences=1/1024
2026-09-21 02:04:46 UTC completed_step=1552 elapsed_seconds=204.27 learning_rate=0.000491212
2026-09-21 02:04:47 UTC completed_step=1568 elapsed_seconds=206.129 learning_rate=0.000488982
2026-09-21 02:04:49 UTC completed_step=1584 elapsed_seconds=207.988 learning_rate=0.000486735
2026-09-21 02:04:51 UTC completed_step=1600 elapsed_seconds=209.847 learning_rate=0.000484472
2026-09-21 02:04:53 UTC completed_step=1616 elapsed_seconds=211.705 learning_rate=0.000482192
2026-09-21 02:04:55 UTC completed_step=1632 elapsed_seconds=213.56 learning_rate=0.000479896
2026-09-21 02:04:57 UTC completed_step=1648 elapsed_seconds=215.418 learning_rate=0.000477584
2026-09-21 02:04:59 UTC completed_step=1664 elapsed_seconds=217.277 learning_rate=0.000475257
2026-09-21 02:05:00 UTC step=1664 elapsed_seconds=219.127 mean_loss=3.77203 errors=6039/10002 exact_sentences=1/1024
2026-09-21 02:05:02 UTC completed_step=1680 elapsed_seconds=220.989 learning_rate=0.000472915
2026-09-21 02:05:04 UTC completed_step=1696 elapsed_seconds=222.843 learning_rate=0.000470558
2026-09-21 02:05:06 UTC completed_step=1712 elapsed_seconds=224.699 learning_rate=0.000468185
2026-09-21 02:05:08 UTC completed_step=1728 elapsed_seconds=226.554 learning_rate=0.000465799
2026-09-21 02:05:10 UTC completed_step=1744 elapsed_seconds=228.412 learning_rate=0.000463398
2026-09-21 02:05:12 UTC completed_step=1760 elapsed_seconds=230.268 learning_rate=0.000460983
2026-09-21 02:05:13 UTC completed_step=1776 elapsed_seconds=232.124 learning_rate=0.000458554
2026-09-21 02:05:15 UTC completed_step=1792 elapsed_seconds=233.98 learning_rate=0.000456112
2026-09-21 02:05:17 UTC step=1792 elapsed_seconds=235.808 mean_loss=3.62042 errors=5793/10002 exact_sentences=1/1024
2026-09-21 02:05:19 UTC completed_step=1808 elapsed_seconds=237.669 learning_rate=0.000453656
2026-09-21 02:05:21 UTC completed_step=1824 elapsed_seconds=239.527 learning_rate=0.000451187
2026-09-21 02:05:23 UTC completed_step=1840 elapsed_seconds=241.385 learning_rate=0.000448706
2026-09-21 02:05:25 UTC completed_step=1856 elapsed_seconds=243.24 learning_rate=0.000446212
2026-09-21 02:05:26 UTC completed_step=1872 elapsed_seconds=245.096 learning_rate=0.000443706
2026-09-21 02:05:28 UTC completed_step=1888 elapsed_seconds=246.952 learning_rate=0.000441188
2026-09-21 02:05:30 UTC completed_step=1904 elapsed_seconds=248.808 learning_rate=0.000438658
2026-09-21 02:05:32 UTC completed_step=1920 elapsed_seconds=250.665 learning_rate=0.000436117
2026-09-21 02:05:34 UTC step=1920 elapsed_seconds=252.5 mean_loss=3.48468 errors=5683/10002 exact_sentences=1/1024
2026-09-21 02:05:36 UTC completed_step=1936 elapsed_seconds=254.364 learning_rate=0.000433564
2026-09-21 02:05:38 UTC completed_step=1952 elapsed_seconds=256.22 learning_rate=0.000431001
2026-09-21 02:05:39 UTC completed_step=1968 elapsed_seconds=258.077 learning_rate=0.000428427
2026-09-21 02:05:41 UTC completed_step=1984 elapsed_seconds=259.934 learning_rate=0.000425843
2026-09-21 02:05:43 UTC completed_step=2000 elapsed_seconds=261.791 learning_rate=0.000423249
2026-09-21 02:05:45 UTC completed_step=2016 elapsed_seconds=263.647 learning_rate=0.000420644
2026-09-21 02:05:47 UTC completed_step=2032 elapsed_seconds=265.504 learning_rate=0.000418031
2026-09-21 02:05:49 UTC completed_step=2048 elapsed_seconds=267.364 learning_rate=0.000415408
2026-09-21 02:05:50 UTC step=2048 elapsed_seconds=269.196 mean_loss=3.36239 errors=5546/10002 exact_sentences=1/1024
2026-09-21 02:05:52 UTC completed_step=2064 elapsed_seconds=271.061 learning_rate=0.000412776
2026-09-21 02:05:54 UTC completed_step=2080 elapsed_seconds=272.918 learning_rate=0.000410135
2026-09-21 02:05:56 UTC completed_step=2096 elapsed_seconds=274.774 learning_rate=0.000407486
2026-09-21 02:05:58 UTC completed_step=2112 elapsed_seconds=276.632 learning_rate=0.000404829
2026-09-21 02:06:00 UTC completed_step=2128 elapsed_seconds=278.492 learning_rate=0.000402164
2026-09-21 02:06:02 UTC completed_step=2144 elapsed_seconds=280.349 learning_rate=0.000399491
2026-09-21 02:06:03 UTC completed_step=2160 elapsed_seconds=282.205 learning_rate=0.000396811
2026-09-21 02:06:05 UTC completed_step=2176 elapsed_seconds=284.065 learning_rate=0.000394124
2026-09-21 02:06:07 UTC step=2176 elapsed_seconds=285.918 mean_loss=3.24313 errors=5393/10002 exact_sentences=2/1024
2026-09-21 02:06:09 UTC completed_step=2192 elapsed_seconds=287.78 learning_rate=0.00039143
2026-09-21 02:06:11 UTC completed_step=2208 elapsed_seconds=289.636 learning_rate=0.00038873
2026-09-21 02:06:13 UTC completed_step=2224 elapsed_seconds=291.493 learning_rate=0.000386023
2026-09-21 02:06:15 UTC completed_step=2240 elapsed_seconds=293.349 learning_rate=0.000383311
2026-09-21 02:06:16 UTC completed_step=2256 elapsed_seconds=295.205 learning_rate=0.000380593
2026-09-21 02:06:18 UTC completed_step=2272 elapsed_seconds=297.062 learning_rate=0.00037787
2026-09-21 02:06:20 UTC completed_step=2288 elapsed_seconds=298.922 learning_rate=0.000375141
2026-09-21 02:06:22 UTC completed_step=2304 elapsed_seconds=300.778 learning_rate=0.000372408
2026-09-21 02:06:24 UTC step=2304 elapsed_seconds=302.621 mean_loss=3.12041 errors=5252/10002 exact_sentences=3/1024
2026-09-21 02:06:26 UTC completed_step=2320 elapsed_seconds=304.487 learning_rate=0.000369671
2026-09-21 02:06:28 UTC completed_step=2336 elapsed_seconds=306.345 learning_rate=0.000366929
2026-09-21 02:06:29 UTC completed_step=2352 elapsed_seconds=308.202 learning_rate=0.000364183
2026-09-21 02:06:31 UTC completed_step=2368 elapsed_seconds=310.06 learning_rate=0.000361434
2026-09-21 02:06:33 UTC completed_step=2384 elapsed_seconds=311.918 learning_rate=0.000358682
2026-09-21 02:06:35 UTC completed_step=2400 elapsed_seconds=313.777 learning_rate=0.000355926
2026-09-21 02:06:37 UTC completed_step=2416 elapsed_seconds=315.632 learning_rate=0.000353168
2026-09-21 02:06:39 UTC completed_step=2432 elapsed_seconds=317.488 learning_rate=0.000350407
2026-09-21 02:06:41 UTC step=2432 elapsed_seconds=319.323 mean_loss=3.01037 errors=5069/10002 exact_sentences=3/1024
2026-09-21 02:06:42 UTC completed_step=2448 elapsed_seconds=321.187 learning_rate=0.000347644
2026-09-21 02:06:44 UTC completed_step=2464 elapsed_seconds=323.044 learning_rate=0.00034488
2026-09-21 02:06:46 UTC completed_step=2480 elapsed_seconds=324.9 learning_rate=0.000342113
2026-09-21 02:06:48 UTC completed_step=2496 elapsed_seconds=326.759 learning_rate=0.000339346
2026-09-21 02:06:50 UTC completed_step=2512 elapsed_seconds=328.617 learning_rate=0.000336577
2026-09-21 02:06:52 UTC completed_step=2528 elapsed_seconds=330.476 learning_rate=0.000333808
2026-09-21 02:06:54 UTC completed_step=2544 elapsed_seconds=332.332 learning_rate=0.000331039
2026-09-21 02:06:55 UTC completed_step=2560 elapsed_seconds=334.188 learning_rate=0.000328269
2026-09-21 02:06:57 UTC step=2560 elapsed_seconds=336.01 mean_loss=2.90725 errors=4897/10002 exact_sentences=5/1024
2026-09-21 02:06:59 UTC completed_step=2576 elapsed_seconds=337.877 learning_rate=0.000325499
2026-09-21 02:07:01 UTC completed_step=2592 elapsed_seconds=339.734 learning_rate=0.00032273
2026-09-21 02:07:03 UTC completed_step=2608 elapsed_seconds=341.591 learning_rate=0.000319962
2026-09-21 02:07:05 UTC completed_step=2624 elapsed_seconds=343.448 learning_rate=0.000317195
2026-09-21 02:07:07 UTC completed_step=2640 elapsed_seconds=345.306 learning_rate=0.000314429
2026-09-21 02:07:08 UTC completed_step=2656 elapsed_seconds=347.164 learning_rate=0.000311665
2026-09-21 02:07:10 UTC completed_step=2672 elapsed_seconds=349.022 learning_rate=0.000308902
2026-09-21 02:07:12 UTC completed_step=2688 elapsed_seconds=350.878 learning_rate=0.000306142
2026-09-21 02:07:14 UTC step=2688 elapsed_seconds=352.715 mean_loss=2.80969 errors=4665/10002 exact_sentences=5/1024
2026-09-21 02:07:16 UTC completed_step=2704 elapsed_seconds=354.578 learning_rate=0.000303385
2026-09-21 02:07:18 UTC completed_step=2720 elapsed_seconds=356.436 learning_rate=0.00030063
2026-09-21 02:07:20 UTC completed_step=2736 elapsed_seconds=358.295 learning_rate=0.000297878
2026-09-21 02:07:21 UTC completed_step=2752 elapsed_seconds=360.154 learning_rate=0.00029513
2026-09-21 02:07:23 UTC completed_step=2768 elapsed_seconds=362.013 learning_rate=0.000292385
2026-09-21 02:07:25 UTC completed_step=2784 elapsed_seconds=363.872 learning_rate=0.000289644
2026-09-21 02:07:27 UTC completed_step=2800 elapsed_seconds=365.731 learning_rate=0.000286908
2026-09-21 02:07:29 UTC completed_step=2816 elapsed_seconds=367.589 learning_rate=0.000284176
2026-09-21 02:07:31 UTC step=2816 elapsed_seconds=369.424 mean_loss=2.71906 errors=4527/10002 exact_sentences=7/1024
2026-09-21 02:07:33 UTC completed_step=2832 elapsed_seconds=371.287 learning_rate=0.000281449
2026-09-21 02:07:34 UTC completed_step=2848 elapsed_seconds=373.145 learning_rate=0.000278727
2026-09-21 02:07:36 UTC completed_step=2864 elapsed_seconds=375.003 learning_rate=0.00027601
2026-09-21 02:07:38 UTC completed_step=2880 elapsed_seconds=376.861 learning_rate=0.0002733
2026-09-21 02:07:40 UTC completed_step=2896 elapsed_seconds=378.718 learning_rate=0.000270595
2026-09-21 02:07:42 UTC completed_step=2912 elapsed_seconds=380.575 learning_rate=0.000267896
2026-09-21 02:07:44 UTC completed_step=2928 elapsed_seconds=382.432 learning_rate=0.000265204
2026-09-21 02:07:46 UTC completed_step=2944 elapsed_seconds=384.29 learning_rate=0.000262518
2026-09-21 02:07:47 UTC step=2944 elapsed_seconds=386.138 mean_loss=2.62928 errors=4316/10002 exact_sentences=8/1024
2026-09-21 02:07:49 UTC completed_step=2960 elapsed_seconds=388.002 learning_rate=0.00025984
2026-09-21 02:07:51 UTC completed_step=2976 elapsed_seconds=389.859 learning_rate=0.000257169
2026-09-21 02:07:53 UTC completed_step=2992 elapsed_seconds=391.716 learning_rate=0.000254506
2026-09-21 02:07:55 UTC completed_step=3008 elapsed_seconds=393.574 learning_rate=0.000251851
2026-09-21 02:07:57 UTC completed_step=3024 elapsed_seconds=395.433 learning_rate=0.000249204
2026-09-21 02:07:59 UTC completed_step=3040 elapsed_seconds=397.292 learning_rate=0.000246565
2026-09-21 02:08:00 UTC completed_step=3056 elapsed_seconds=399.151 learning_rate=0.000243936
2026-09-21 02:08:02 UTC completed_step=3072 elapsed_seconds=401.009 learning_rate=0.000241315
2026-09-21 02:08:04 UTC step=3072 elapsed_seconds=402.838 mean_loss=2.54838 errors=4200/10002 exact_sentences=9/1024
2026-09-21 02:08:06 UTC completed_step=3088 elapsed_seconds=404.704 learning_rate=0.000238704
2026-09-21 02:08:08 UTC completed_step=3104 elapsed_seconds=406.56 learning_rate=0.000236102
2026-09-21 02:08:10 UTC completed_step=3120 elapsed_seconds=408.417 learning_rate=0.00023351
2026-09-21 02:08:12 UTC completed_step=3136 elapsed_seconds=410.274 learning_rate=0.000230928
2026-09-21 02:08:13 UTC completed_step=3152 elapsed_seconds=412.133 learning_rate=0.000228357
2026-09-21 02:08:15 UTC completed_step=3168 elapsed_seconds=413.994 learning_rate=0.000225796
2026-09-21 02:08:17 UTC completed_step=3184 elapsed_seconds=415.854 learning_rate=0.000223247
2026-09-21 02:08:19 UTC completed_step=3200 elapsed_seconds=417.713 learning_rate=0.000220708
2026-09-21 02:08:21 UTC step=3200 elapsed_seconds=419.547 mean_loss=2.46932 errors=4020/10002 exact_sentences=13/1024
2026-09-21 02:08:23 UTC completed_step=3216 elapsed_seconds=421.411 learning_rate=0.000218182
2026-09-21 02:08:25 UTC completed_step=3232 elapsed_seconds=423.269 learning_rate=0.000215666
2026-09-21 02:08:26 UTC completed_step=3248 elapsed_seconds=425.125 learning_rate=0.000213163
2026-09-21 02:08:28 UTC completed_step=3264 elapsed_seconds=426.982 learning_rate=0.000210673
2026-09-21 02:08:30 UTC completed_step=3280 elapsed_seconds=428.844 learning_rate=0.000208194
2026-09-21 02:08:32 UTC completed_step=3296 elapsed_seconds=430.705 learning_rate=0.000205729
2026-09-21 02:08:34 UTC completed_step=3312 elapsed_seconds=432.566 learning_rate=0.000203277
2026-09-21 02:08:36 UTC completed_step=3328 elapsed_seconds=434.422 learning_rate=0.000200838
2026-09-21 02:08:38 UTC step=3328 elapsed_seconds=436.249 mean_loss=2.40363 errors=3787/10002 exact_sentences=16/1024
2026-09-21 02:08:39 UTC completed_step=3344 elapsed_seconds=438.11 learning_rate=0.000198412
2026-09-21 02:08:41 UTC completed_step=3360 elapsed_seconds=439.966 learning_rate=0.000196001
2026-09-21 02:08:43 UTC completed_step=3376 elapsed_seconds=441.823 learning_rate=0.000193603
2026-09-21 02:08:45 UTC completed_step=3392 elapsed_seconds=443.679 learning_rate=0.00019122
2026-09-21 02:08:47 UTC completed_step=3408 elapsed_seconds=445.539 learning_rate=0.000188852
2026-09-21 02:08:49 UTC completed_step=3424 elapsed_seconds=447.398 learning_rate=0.000186498
2026-09-21 02:08:51 UTC completed_step=3440 elapsed_seconds=449.257 learning_rate=0.000184159
2026-09-21 02:08:52 UTC completed_step=3456 elapsed_seconds=451.114 learning_rate=0.000181836
2026-09-21 02:08:54 UTC step=3456 elapsed_seconds=452.967 mean_loss=2.33801 errors=3731/10002 exact_sentences=17/1024
2026-09-21 02:08:56 UTC completed_step=3472 elapsed_seconds=454.829 learning_rate=0.000179529
2026-09-21 02:08:58 UTC completed_step=3488 elapsed_seconds=456.687 learning_rate=0.000177237
2026-09-21 02:09:00 UTC completed_step=3504 elapsed_seconds=458.546 learning_rate=0.000174961
2026-09-21 02:09:02 UTC completed_step=3520 elapsed_seconds=460.405 learning_rate=0.000172702
2026-09-21 02:09:04 UTC completed_step=3536 elapsed_seconds=462.264 learning_rate=0.000170459
2026-09-21 02:09:05 UTC completed_step=3552 elapsed_seconds=464.121 learning_rate=0.000168233
2026-09-21 02:09:07 UTC completed_step=3568 elapsed_seconds=465.978 learning_rate=0.000166024
2026-09-21 02:09:09 UTC completed_step=3584 elapsed_seconds=467.834 learning_rate=0.000163832
2026-09-21 02:09:11 UTC step=3584 elapsed_seconds=469.689 mean_loss=2.27694 errors=3609/10002 exact_sentences=21/1024
2026-09-21 02:09:13 UTC completed_step=3600 elapsed_seconds=471.554 learning_rate=0.000161658
2026-09-21 02:09:15 UTC completed_step=3616 elapsed_seconds=473.414 learning_rate=0.000159501
2026-09-21 02:09:17 UTC completed_step=3632 elapsed_seconds=475.272 learning_rate=0.000157363
2026-09-21 02:09:18 UTC completed_step=3648 elapsed_seconds=477.128 learning_rate=0.000155242
2026-09-21 02:09:20 UTC completed_step=3664 elapsed_seconds=478.984 learning_rate=0.00015314
2026-09-21 02:09:22 UTC completed_step=3680 elapsed_seconds=480.841 learning_rate=0.000151057
2026-09-21 02:09:24 UTC completed_step=3696 elapsed_seconds=482.701 learning_rate=0.000148992
2026-09-21 02:09:26 UTC completed_step=3712 elapsed_seconds=484.559 learning_rate=0.000146946
2026-09-21 02:09:28 UTC step=3712 elapsed_seconds=486.403 mean_loss=2.22549 errors=3535/10002 exact_sentences=22/1024
2026-09-21 02:09:30 UTC completed_step=3728 elapsed_seconds=488.266 learning_rate=0.00014492
2026-09-21 02:09:31 UTC completed_step=3744 elapsed_seconds=490.124 learning_rate=0.000142913
2026-09-21 02:09:33 UTC completed_step=3760 elapsed_seconds=491.983 learning_rate=0.000140926
2026-09-21 02:09:35 UTC completed_step=3776 elapsed_seconds=493.842 learning_rate=0.000138959
2026-09-21 02:09:37 UTC completed_step=3792 elapsed_seconds=495.701 learning_rate=0.000137012
2026-09-21 02:09:39 UTC completed_step=3808 elapsed_seconds=497.557 learning_rate=0.000135085
2026-09-21 02:09:41 UTC completed_step=3824 elapsed_seconds=499.416 learning_rate=0.000133178
2026-09-21 02:09:43 UTC completed_step=3840 elapsed_seconds=501.273 learning_rate=0.000131293
2026-09-21 02:09:44 UTC step=3840 elapsed_seconds=503.105 mean_loss=2.17512 errors=3410/10002 exact_sentences=29/1024
2026-09-21 02:09:46 UTC completed_step=3856 elapsed_seconds=504.972 learning_rate=0.000129428
2026-09-21 02:09:48 UTC completed_step=3872 elapsed_seconds=506.832 learning_rate=0.000127585
2026-09-21 02:09:50 UTC completed_step=3888 elapsed_seconds=508.69 learning_rate=0.000125762
2026-09-21 02:09:52 UTC completed_step=3904 elapsed_seconds=510.547 learning_rate=0.000123961
2026-09-21 02:09:54 UTC completed_step=3920 elapsed_seconds=512.404 learning_rate=0.000122182
2026-09-21 02:09:56 UTC completed_step=3936 elapsed_seconds=514.262 learning_rate=0.000120425
2026-09-21 02:09:57 UTC completed_step=3952 elapsed_seconds=516.121 learning_rate=0.00011869
2026-09-21 02:09:59 UTC completed_step=3968 elapsed_seconds=517.981 learning_rate=0.000116977
2026-09-21 02:10:01 UTC step=3968 elapsed_seconds=519.821 mean_loss=2.12863 errors=3287/10002 exact_sentences=30/1024
2026-09-21 02:10:03 UTC completed_step=3984 elapsed_seconds=521.687 learning_rate=0.000115286
2026-09-21 02:10:05 UTC completed_step=4000 elapsed_seconds=523.545 learning_rate=0.000113618
2026-09-21 02:10:07 UTC completed_step=4016 elapsed_seconds=525.401 learning_rate=0.000111973
2026-09-21 02:10:09 UTC completed_step=4032 elapsed_seconds=527.259 learning_rate=0.000110351
2026-09-21 02:10:10 UTC completed_step=4048 elapsed_seconds=529.119 learning_rate=0.000108752
2026-09-21 02:10:12 UTC completed_step=4064 elapsed_seconds=530.976 learning_rate=0.000107176
2026-09-21 02:10:14 UTC completed_step=4080 elapsed_seconds=532.836 learning_rate=0.000105623
2026-09-21 02:10:16 UTC completed_step=4096 elapsed_seconds=534.694 learning_rate=0.000104095
2026-09-21 02:10:18 UTC step=4096 elapsed_seconds=536.535 mean_loss=2.0904 errors=3207/10002 exact_sentences=32/1024
2026-09-21 02:10:20 UTC completed_step=4112 elapsed_seconds=538.401 learning_rate=0.00010259
2026-09-21 02:10:22 UTC completed_step=4128 elapsed_seconds=540.259 learning_rate=0.000101109
2026-09-21 02:10:23 UTC completed_step=4144 elapsed_seconds=542.116 learning_rate=9.96516e-05
2026-09-21 02:10:25 UTC completed_step=4160 elapsed_seconds=543.974 learning_rate=9.82188e-05
2026-09-21 02:10:27 UTC completed_step=4176 elapsed_seconds=545.832 learning_rate=9.68105e-05
2026-09-21 02:10:29 UTC completed_step=4192 elapsed_seconds=547.689 learning_rate=9.54266e-05
2026-09-21 02:10:31 UTC completed_step=4208 elapsed_seconds=549.547 learning_rate=9.40675e-05
2026-09-21 02:10:33 UTC completed_step=4224 elapsed_seconds=551.408 learning_rate=9.27331e-05
2026-09-21 02:10:35 UTC step=4224 elapsed_seconds=553.244 mean_loss=2.05583 errors=3109/10002 exact_sentences=35/1024
2026-09-21 02:10:36 UTC completed_step=4240 elapsed_seconds=555.109 learning_rate=9.14238e-05
2026-09-21 02:10:38 UTC completed_step=4256 elapsed_seconds=556.968 learning_rate=9.01395e-05
2026-09-21 02:10:40 UTC completed_step=4272 elapsed_seconds=558.826 learning_rate=8.88805e-05
2026-09-21 02:10:42 UTC completed_step=4288 elapsed_seconds=560.683 learning_rate=8.76469e-05
2026-09-21 02:10:44 UTC completed_step=4304 elapsed_seconds=562.541 learning_rate=8.64388e-05
2026-09-21 02:10:46 UTC completed_step=4320 elapsed_seconds=564.4 learning_rate=8.52563e-05
2026-09-21 02:10:48 UTC completed_step=4336 elapsed_seconds=566.259 learning_rate=8.40995e-05
2026-09-21 02:10:49 UTC completed_step=4352 elapsed_seconds=568.117 learning_rate=8.29687e-05
2026-09-21 02:10:51 UTC step=4352 elapsed_seconds=569.948 mean_loss=2.02258 errors=3053/10002 exact_sentences=39/1024
2026-09-21 02:10:53 UTC completed_step=4368 elapsed_seconds=571.813 learning_rate=8.18638e-05
2026-09-21 02:10:55 UTC completed_step=4384 elapsed_seconds=573.672 learning_rate=8.0785e-05
2026-09-21 02:10:57 UTC completed_step=4400 elapsed_seconds=575.532 learning_rate=7.97325e-05
2026-09-21 02:10:59 UTC completed_step=4416 elapsed_seconds=577.388 learning_rate=7.87063e-05
2026-09-21 02:11:01 UTC completed_step=4432 elapsed_seconds=579.245 learning_rate=7.77065e-05
2026-09-21 02:11:02 UTC completed_step=4448 elapsed_seconds=581.103 learning_rate=7.67333e-05
2026-09-21 02:11:04 UTC completed_step=4464 elapsed_seconds=582.96 learning_rate=7.57867e-05
2026-09-21 02:11:06 UTC completed_step=4480 elapsed_seconds=584.817 learning_rate=7.48669e-05
2026-09-21 02:11:08 UTC step=4480 elapsed_seconds=586.645 mean_loss=1.99261 errors=3009/10002 exact_sentences=40/1024
2026-09-21 02:11:10 UTC completed_step=4496 elapsed_seconds=588.509 learning_rate=7.3974e-05
2026-09-21 02:11:12 UTC completed_step=4512 elapsed_seconds=590.367 learning_rate=7.3108e-05
2026-09-21 02:11:14 UTC completed_step=4528 elapsed_seconds=592.225 learning_rate=7.2269e-05
2026-09-21 02:11:15 UTC completed_step=4544 elapsed_seconds=594.085 learning_rate=7.14571e-05
2026-09-21 02:11:17 UTC completed_step=4560 elapsed_seconds=595.944 learning_rate=7.06725e-05
2026-09-21 02:11:19 UTC completed_step=4576 elapsed_seconds=597.805 learning_rate=6.99151e-05
2026-09-21 02:11:21 UTC completed_step=4592 elapsed_seconds=599.662 learning_rate=6.91851e-05
2026-09-21 02:11:23 UTC completed_step=4608 elapsed_seconds=601.518 learning_rate=6.84825e-05
2026-09-21 02:11:25 UTC step=4608 elapsed_seconds=603.351 mean_loss=1.96876 errors=2968/10002 exact_sentences=44/1024
2026-09-21 02:11:27 UTC completed_step=4624 elapsed_seconds=605.218 learning_rate=6.78075e-05
2026-09-21 02:11:28 UTC completed_step=4640 elapsed_seconds=607.075 learning_rate=6.71601e-05
2026-09-21 02:11:30 UTC completed_step=4656 elapsed_seconds=608.935 learning_rate=6.65403e-05
2026-09-21 02:11:32 UTC completed_step=4672 elapsed_seconds=610.794 learning_rate=6.59482e-05
2026-09-21 02:11:34 UTC completed_step=4688 elapsed_seconds=612.652 learning_rate=6.5384e-05
2026-09-21 02:11:36 UTC completed_step=4704 elapsed_seconds=614.512 learning_rate=6.48475e-05
2026-09-21 02:11:38 UTC completed_step=4720 elapsed_seconds=616.37 learning_rate=6.4339e-05
2026-09-21 02:11:40 UTC completed_step=4736 elapsed_seconds=618.228 learning_rate=6.38584e-05
2026-09-21 02:11:41 UTC step=4736 elapsed_seconds=620.063 mean_loss=1.94349 errors=2869/10002 exact_sentences=48/1024
2026-09-21 02:11:43 UTC completed_step=4752 elapsed_seconds=621.925 learning_rate=6.34059e-05
2026-09-21 02:11:45 UTC completed_step=4768 elapsed_seconds=623.782 learning_rate=6.29814e-05
2026-09-21 02:11:47 UTC completed_step=4784 elapsed_seconds=625.639 learning_rate=6.2585e-05
2026-09-21 02:11:49 UTC completed_step=4800 elapsed_seconds=627.495 learning_rate=6.22167e-05
2026-09-21 02:11:51 UTC completed_step=4816 elapsed_seconds=629.352 learning_rate=6.18766e-05
2026-09-21 02:11:53 UTC completed_step=4832 elapsed_seconds=631.211 learning_rate=6.15647e-05
2026-09-21 02:11:54 UTC completed_step=4848 elapsed_seconds=633.07 learning_rate=6.12811e-05
2026-09-21 02:11:56 UTC completed_step=4864 elapsed_seconds=634.929 learning_rate=6.10258e-05
2026-09-21 02:11:58 UTC step=4864 elapsed_seconds=636.765 mean_loss=1.92148 errors=2852/10002 exact_sentences=49/1024
2026-09-21 02:12:00 UTC completed_step=4880 elapsed_seconds=638.632 learning_rate=6.07987e-05
2026-09-21 02:12:02 UTC completed_step=4896 elapsed_seconds=640.492 learning_rate=6.06e-05
2026-09-21 02:12:04 UTC completed_step=4912 elapsed_seconds=642.351 learning_rate=6.04296e-05
2026-09-21 02:12:06 UTC completed_step=4928 elapsed_seconds=644.212 learning_rate=6.02876e-05
2026-09-21 02:12:07 UTC completed_step=4944 elapsed_seconds=646.069 learning_rate=6.0174e-05
2026-09-21 02:12:09 UTC completed_step=4960 elapsed_seconds=647.928 learning_rate=6.00888e-05
2026-09-21 02:12:11 UTC completed_step=4976 elapsed_seconds=649.785 learning_rate=6.0032e-05
2026-09-21 02:12:13 UTC completed_step=4992 elapsed_seconds=651.641 learning_rate=6.00036e-05
2026-09-21 02:12:15 UTC step=4992 elapsed_seconds=653.471 mean_loss=1.89997 errors=2808/10002 exact_sentences=50/1024
2026-09-21 02:12:18 UTC step=5000 elapsed_seconds=656.241 mean_loss=1.89763 errors=2777/10002 exact_sentences=58/1024
2026-09-21 02:12:19 UTC step=5000 elapsed_seconds=658.104 mean_loss=1.89763 errors=2777/10002 exact_sentences=58/1024
BUDGET_EXHAUSTED checkpoint=/home/ubuntu/checkpoints/memorize_general_facts/width_depth_coarse_0/width_32/layers_8/step_5000
