layers=1 parameters=29416960 samples=1024 scored_targets=10002
2026-09-20 23:40:51 UTC step=0 elapsed_seconds=7.0194 mean_loss=10.8758 errors=10002/10002 exact_sentences=0/1024
2026-09-20 23:40:56 UTC completed_step=16 elapsed_seconds=11.7871 learning_rate=9.6e-05
2026-09-20 23:41:01 UTC completed_step=32 elapsed_seconds=16.418 learning_rate=0.000192
2026-09-20 23:41:05 UTC completed_step=48 elapsed_seconds=21.0504 learning_rate=0.000288
2026-09-20 23:41:10 UTC completed_step=64 elapsed_seconds=25.6833 learning_rate=0.000384
2026-09-20 23:41:14 UTC completed_step=80 elapsed_seconds=30.3172 learning_rate=0.00048
2026-09-20 23:41:19 UTC completed_step=96 elapsed_seconds=34.9547 learning_rate=0.000576
2026-09-20 23:41:24 UTC completed_step=112 elapsed_seconds=39.5884 learning_rate=0.000599992
2026-09-20 23:41:28 UTC completed_step=128 elapsed_seconds=44.2205 learning_rate=0.000599956
2026-09-20 23:41:35 UTC step=128 elapsed_seconds=51.2236 mean_loss=4.81119 errors=6952/10002 exact_sentences=1/1024
2026-09-20 23:41:40 UTC completed_step=144 elapsed_seconds=55.8614 learning_rate=0.000599893
2026-09-20 23:41:45 UTC completed_step=160 elapsed_seconds=60.4947 learning_rate=0.0005998
2026-09-20 23:41:49 UTC completed_step=176 elapsed_seconds=65.129 learning_rate=0.00059968
2026-09-20 23:41:54 UTC completed_step=192 elapsed_seconds=69.7614 learning_rate=0.00059953
2026-09-20 23:41:59 UTC completed_step=208 elapsed_seconds=74.3953 learning_rate=0.000599353
2026-09-20 23:42:03 UTC completed_step=224 elapsed_seconds=79.0257 learning_rate=0.000599147
2026-09-20 23:42:08 UTC completed_step=240 elapsed_seconds=83.6584 learning_rate=0.000598913
2026-09-20 23:42:12 UTC completed_step=256 elapsed_seconds=88.2924 learning_rate=0.000598651
2026-09-20 23:42:19 UTC step=256 elapsed_seconds=95.2847 mean_loss=2.48228 errors=4476/10002 exact_sentences=9/1024
2026-09-20 23:42:24 UTC completed_step=272 elapsed_seconds=99.9221 learning_rate=0.00059836
2026-09-20 23:42:29 UTC completed_step=288 elapsed_seconds=104.556 learning_rate=0.000598041
2026-09-20 23:42:33 UTC completed_step=304 elapsed_seconds=109.191 learning_rate=0.000597694
2026-09-20 23:42:38 UTC completed_step=320 elapsed_seconds=113.826 learning_rate=0.000597319
2026-09-20 23:42:43 UTC completed_step=336 elapsed_seconds=118.462 learning_rate=0.000596915
2026-09-20 23:42:47 UTC completed_step=352 elapsed_seconds=123.095 learning_rate=0.000596484
2026-09-20 23:42:52 UTC completed_step=368 elapsed_seconds=127.727 learning_rate=0.000596024
2026-09-20 23:42:57 UTC completed_step=384 elapsed_seconds=132.359 learning_rate=0.000595536
2026-09-20 23:43:04 UTC step=384 elapsed_seconds=139.38 mean_loss=0.588429 errors=427/10002 exact_sentences=701/1024
2026-09-20 23:43:08 UTC completed_step=400 elapsed_seconds=144.019 learning_rate=0.000595021
2026-09-20 23:43:13 UTC completed_step=416 elapsed_seconds=148.654 learning_rate=0.000594478
2026-09-20 23:43:17 UTC completed_step=432 elapsed_seconds=153.289 learning_rate=0.000593906
2026-09-20 23:43:22 UTC completed_step=448 elapsed_seconds=157.922 learning_rate=0.000593307
2026-09-20 23:43:27 UTC completed_step=464 elapsed_seconds=162.554 learning_rate=0.000592681
2026-09-20 23:43:31 UTC completed_step=480 elapsed_seconds=167.187 learning_rate=0.000592026
2026-09-20 23:43:36 UTC completed_step=496 elapsed_seconds=171.817 learning_rate=0.000591344
2026-09-20 23:43:41 UTC completed_step=512 elapsed_seconds=176.45 learning_rate=0.000590635
2026-09-20 23:43:48 UTC step=512 elapsed_seconds=183.432 mean_loss=0.1116 errors=126/10002 exact_sentences=914/1024
2026-09-20 23:43:52 UTC completed_step=528 elapsed_seconds=188.097 learning_rate=0.000589898
2026-09-20 23:43:57 UTC completed_step=544 elapsed_seconds=192.731 learning_rate=0.000589134
2026-09-20 23:44:02 UTC completed_step=560 elapsed_seconds=197.366 learning_rate=0.000588342
2026-09-20 23:44:06 UTC completed_step=576 elapsed_seconds=202.002 learning_rate=0.000587524
2026-09-20 23:44:11 UTC completed_step=592 elapsed_seconds=206.633 learning_rate=0.000586678
2026-09-20 23:44:15 UTC completed_step=608 elapsed_seconds=211.267 learning_rate=0.000585805
2026-09-20 23:44:20 UTC completed_step=624 elapsed_seconds=215.899 learning_rate=0.000584906
2026-09-20 23:44:25 UTC completed_step=640 elapsed_seconds=220.533 learning_rate=0.000583979
2026-09-20 23:44:32 UTC step=640 elapsed_seconds=227.532 mean_loss=0.0949376 errors=155/10002 exact_sentences=888/1024
2026-09-20 23:44:36 UTC completed_step=656 elapsed_seconds=232.17 learning_rate=0.000583026
2026-09-20 23:44:41 UTC completed_step=672 elapsed_seconds=236.803 learning_rate=0.000582046
2026-09-20 23:44:46 UTC completed_step=688 elapsed_seconds=241.434 learning_rate=0.00058104
2026-09-20 23:44:50 UTC completed_step=704 elapsed_seconds=246.068 learning_rate=0.000580007
2026-09-20 23:44:55 UTC completed_step=720 elapsed_seconds=250.702 learning_rate=0.000578948
2026-09-20 23:45:00 UTC completed_step=736 elapsed_seconds=255.336 learning_rate=0.000577862
2026-09-20 23:45:04 UTC completed_step=752 elapsed_seconds=259.971 learning_rate=0.000576751
2026-09-20 23:45:09 UTC completed_step=768 elapsed_seconds=264.606 learning_rate=0.000575614
2026-09-20 23:45:16 UTC step=768 elapsed_seconds=271.613 mean_loss=0.0799422 errors=138/10002 exact_sentences=903/1024
2026-09-20 23:45:20 UTC completed_step=784 elapsed_seconds=276.251 learning_rate=0.000574451
2026-09-20 23:45:25 UTC completed_step=800 elapsed_seconds=280.887 learning_rate=0.000573262
2026-09-20 23:45:30 UTC completed_step=816 elapsed_seconds=285.524 learning_rate=0.000572047
2026-09-20 23:45:34 UTC completed_step=832 elapsed_seconds=290.161 learning_rate=0.000570807
2026-09-20 23:45:39 UTC completed_step=848 elapsed_seconds=294.794 learning_rate=0.000569542
2026-09-20 23:45:44 UTC completed_step=864 elapsed_seconds=299.428 learning_rate=0.000568251
2026-09-20 23:45:48 UTC completed_step=880 elapsed_seconds=304.062 learning_rate=0.000566936
2026-09-20 23:45:53 UTC completed_step=896 elapsed_seconds=308.697 learning_rate=0.000565595
2026-09-20 23:46:00 UTC step=896 elapsed_seconds=315.677 mean_loss=0.068587 errors=114/10002 exact_sentences=930/1024
2026-09-20 23:46:04 UTC completed_step=912 elapsed_seconds=320.315 learning_rate=0.00056423
2026-09-20 23:46:09 UTC completed_step=928 elapsed_seconds=324.95 learning_rate=0.00056284
2026-09-20 23:46:14 UTC completed_step=944 elapsed_seconds=329.587 learning_rate=0.000561425
2026-09-20 23:46:18 UTC completed_step=960 elapsed_seconds=334.224 learning_rate=0.000559986
2026-09-20 23:46:23 UTC completed_step=976 elapsed_seconds=338.86 learning_rate=0.000558523
2026-09-20 23:46:28 UTC completed_step=992 elapsed_seconds=343.496 learning_rate=0.000557036
2026-09-20 23:46:32 UTC completed_step=1008 elapsed_seconds=348.131 learning_rate=0.000555525
2026-09-20 23:46:37 UTC completed_step=1024 elapsed_seconds=352.767 learning_rate=0.000553991
2026-09-20 23:46:44 UTC step=1024 elapsed_seconds=359.795 mean_loss=0.0471401 errors=74/10002 exact_sentences=964/1024
2026-09-20 23:46:49 UTC completed_step=1040 elapsed_seconds=364.463 learning_rate=0.000552432
2026-09-20 23:46:53 UTC completed_step=1056 elapsed_seconds=369.099 learning_rate=0.000550851
2026-09-20 23:46:58 UTC completed_step=1072 elapsed_seconds=373.732 learning_rate=0.000549246
2026-09-20 23:47:03 UTC completed_step=1088 elapsed_seconds=378.367 learning_rate=0.000547618
2026-09-20 23:47:07 UTC completed_step=1104 elapsed_seconds=383.003 learning_rate=0.000545967
2026-09-20 23:47:12 UTC completed_step=1120 elapsed_seconds=387.64 learning_rate=0.000544293
2026-09-20 23:47:16 UTC completed_step=1136 elapsed_seconds=392.277 learning_rate=0.000542597
2026-09-20 23:47:21 UTC completed_step=1152 elapsed_seconds=396.912 learning_rate=0.000540878
2026-09-20 23:47:28 UTC step=1152 elapsed_seconds=403.895 mean_loss=0.0408411 errors=71/10002 exact_sentences=966/1024
2026-09-20 23:47:33 UTC completed_step=1168 elapsed_seconds=408.534 learning_rate=0.000539138
2026-09-20 23:47:37 UTC completed_step=1184 elapsed_seconds=413.17 learning_rate=0.000537375
2026-09-20 23:47:42 UTC completed_step=1200 elapsed_seconds=417.804 learning_rate=0.00053559
2026-09-20 23:47:47 UTC completed_step=1216 elapsed_seconds=422.441 learning_rate=0.000533784
2026-09-20 23:47:51 UTC completed_step=1232 elapsed_seconds=427.074 learning_rate=0.000531957
2026-09-20 23:47:56 UTC completed_step=1248 elapsed_seconds=431.709 learning_rate=0.000530108
2026-09-20 23:48:01 UTC completed_step=1264 elapsed_seconds=436.346 learning_rate=0.000528238
2026-09-20 23:48:05 UTC completed_step=1280 elapsed_seconds=440.98 learning_rate=0.000526347
2026-09-20 23:48:12 UTC step=1280 elapsed_seconds=447.96 mean_loss=0.0369616 errors=67/10002 exact_sentences=969/1024
2026-09-20 23:48:17 UTC completed_step=1296 elapsed_seconds=452.599 learning_rate=0.000524435
2026-09-20 23:48:21 UTC completed_step=1312 elapsed_seconds=457.231 learning_rate=0.000522503
2026-09-20 23:48:26 UTC completed_step=1328 elapsed_seconds=461.865 learning_rate=0.000520551
2026-09-20 23:48:31 UTC completed_step=1344 elapsed_seconds=466.501 learning_rate=0.000518579
2026-09-20 23:48:35 UTC completed_step=1360 elapsed_seconds=471.136 learning_rate=0.000516587
2026-09-20 23:48:40 UTC completed_step=1376 elapsed_seconds=475.772 learning_rate=0.000514575
2026-09-20 23:48:45 UTC completed_step=1392 elapsed_seconds=480.407 learning_rate=0.000512544
2026-09-20 23:48:49 UTC completed_step=1408 elapsed_seconds=485.042 learning_rate=0.000510494
2026-09-20 23:48:56 UTC step=1408 elapsed_seconds=492.079 mean_loss=0.0332477 errors=56/10002 exact_sentences=974/1024
2026-09-20 23:49:01 UTC completed_step=1424 elapsed_seconds=496.715 learning_rate=0.000508424
2026-09-20 23:49:06 UTC completed_step=1440 elapsed_seconds=501.352 learning_rate=0.000506336
2026-09-20 23:49:10 UTC completed_step=1456 elapsed_seconds=505.986 learning_rate=0.00050423
2026-09-20 23:49:15 UTC completed_step=1472 elapsed_seconds=510.62 learning_rate=0.000502104
2026-09-20 23:49:19 UTC completed_step=1488 elapsed_seconds=515.254 learning_rate=0.000499961
2026-09-20 23:49:24 UTC completed_step=1504 elapsed_seconds=519.889 learning_rate=0.0004978
2026-09-20 23:49:29 UTC completed_step=1520 elapsed_seconds=524.523 learning_rate=0.000495622
2026-09-20 23:49:33 UTC completed_step=1536 elapsed_seconds=529.155 learning_rate=0.000493426
2026-09-20 23:49:40 UTC step=1536 elapsed_seconds=536.155 mean_loss=0.0402166 errors=69/10002 exact_sentences=962/1024
2026-09-20 23:49:45 UTC completed_step=1552 elapsed_seconds=540.82 learning_rate=0.000491212
2026-09-20 23:49:50 UTC completed_step=1568 elapsed_seconds=545.455 learning_rate=0.000488982
2026-09-20 23:49:54 UTC completed_step=1584 elapsed_seconds=550.091 learning_rate=0.000486735
2026-09-20 23:49:59 UTC completed_step=1600 elapsed_seconds=554.725 learning_rate=0.000484472
2026-09-20 23:50:04 UTC completed_step=1616 elapsed_seconds=559.36 learning_rate=0.000482192
2026-09-20 23:50:08 UTC completed_step=1632 elapsed_seconds=563.995 learning_rate=0.000479896
2026-09-20 23:50:13 UTC completed_step=1648 elapsed_seconds=568.629 learning_rate=0.000477584
2026-09-20 23:50:17 UTC completed_step=1664 elapsed_seconds=573.264 learning_rate=0.000475257
2026-09-20 23:50:24 UTC step=1664 elapsed_seconds=580.254 mean_loss=0.0157259 errors=27/10002 exact_sentences=999/1024
2026-09-20 23:50:29 UTC completed_step=1680 elapsed_seconds=584.89 learning_rate=0.000472915
2026-09-20 23:50:34 UTC completed_step=1696 elapsed_seconds=589.522 learning_rate=0.000470558
2026-09-20 23:50:38 UTC completed_step=1712 elapsed_seconds=594.159 learning_rate=0.000468185
2026-09-20 23:50:43 UTC completed_step=1728 elapsed_seconds=598.794 learning_rate=0.000465799
2026-09-20 23:50:48 UTC completed_step=1744 elapsed_seconds=603.429 learning_rate=0.000463398
2026-09-20 23:50:52 UTC completed_step=1760 elapsed_seconds=608.062 learning_rate=0.000460983
2026-09-20 23:50:57 UTC completed_step=1776 elapsed_seconds=612.697 learning_rate=0.000458554
2026-09-20 23:51:02 UTC completed_step=1792 elapsed_seconds=617.332 learning_rate=0.000456112
2026-09-20 23:51:08 UTC step=1792 elapsed_seconds=624.318 mean_loss=0.0163306 errors=40/10002 exact_sentences=988/1024
2026-09-20 23:51:13 UTC completed_step=1808 elapsed_seconds=628.956 learning_rate=0.000453656
2026-09-20 23:51:18 UTC completed_step=1824 elapsed_seconds=633.59 learning_rate=0.000451187
2026-09-20 23:51:22 UTC completed_step=1840 elapsed_seconds=638.222 learning_rate=0.000448706
2026-09-20 23:51:27 UTC completed_step=1856 elapsed_seconds=642.853 learning_rate=0.000446212
2026-09-20 23:51:32 UTC completed_step=1872 elapsed_seconds=647.485 learning_rate=0.000443706
2026-09-20 23:51:36 UTC completed_step=1888 elapsed_seconds=652.12 learning_rate=0.000441188
2026-09-20 23:51:41 UTC completed_step=1904 elapsed_seconds=656.756 learning_rate=0.000438658
2026-09-20 23:51:46 UTC completed_step=1920 elapsed_seconds=661.391 learning_rate=0.000436117
2026-09-20 23:51:53 UTC step=1920 elapsed_seconds=668.39 mean_loss=0.0132445 errors=25/10002 exact_sentences=1000/1024
2026-09-20 23:51:57 UTC completed_step=1936 elapsed_seconds=673.031 learning_rate=0.000433564
2026-09-20 23:52:02 UTC completed_step=1952 elapsed_seconds=677.667 learning_rate=0.000431001
2026-09-20 23:52:06 UTC completed_step=1968 elapsed_seconds=682.299 learning_rate=0.000428427
2026-09-20 23:52:11 UTC completed_step=1984 elapsed_seconds=686.931 learning_rate=0.000425843
2026-09-20 23:52:16 UTC completed_step=2000 elapsed_seconds=691.566 learning_rate=0.000423249
2026-09-20 23:52:20 UTC completed_step=2016 elapsed_seconds=696.2 learning_rate=0.000420644
2026-09-20 23:52:25 UTC completed_step=2032 elapsed_seconds=700.833 learning_rate=0.000418031
2026-09-20 23:52:30 UTC completed_step=2048 elapsed_seconds=705.464 learning_rate=0.000415408
2026-09-20 23:52:37 UTC step=2048 elapsed_seconds=712.465 mean_loss=0.0121327 errors=16/10002 exact_sentences=1008/1024
2026-09-20 23:52:41 UTC completed_step=2064 elapsed_seconds=717.128 learning_rate=0.000412776
2026-09-20 23:52:46 UTC completed_step=2080 elapsed_seconds=721.763 learning_rate=0.000410135
2026-09-20 23:52:51 UTC completed_step=2096 elapsed_seconds=726.394 learning_rate=0.000407486
2026-09-20 23:52:55 UTC completed_step=2112 elapsed_seconds=731.026 learning_rate=0.000404829
2026-09-20 23:53:00 UTC completed_step=2128 elapsed_seconds=735.66 learning_rate=0.000402164
2026-09-20 23:53:04 UTC completed_step=2144 elapsed_seconds=740.293 learning_rate=0.000399491
2026-09-20 23:53:09 UTC completed_step=2160 elapsed_seconds=744.924 learning_rate=0.000396811
2026-09-20 23:53:14 UTC completed_step=2176 elapsed_seconds=749.556 learning_rate=0.000394124
2026-09-20 23:53:21 UTC step=2176 elapsed_seconds=756.56 mean_loss=0.0134858 errors=24/10002 exact_sentences=1002/1024
2026-09-20 23:53:25 UTC completed_step=2192 elapsed_seconds=761.196 learning_rate=0.00039143
2026-09-20 23:53:30 UTC completed_step=2208 elapsed_seconds=765.831 learning_rate=0.00038873
2026-09-20 23:53:35 UTC completed_step=2224 elapsed_seconds=770.462 learning_rate=0.000386023
2026-09-20 23:53:39 UTC completed_step=2240 elapsed_seconds=775.095 learning_rate=0.000383311
2026-09-20 23:53:44 UTC completed_step=2256 elapsed_seconds=779.728 learning_rate=0.000380593
2026-09-20 23:53:49 UTC completed_step=2272 elapsed_seconds=784.36 learning_rate=0.00037787
2026-09-20 23:53:53 UTC completed_step=2288 elapsed_seconds=788.997 learning_rate=0.000375141
2026-09-20 23:53:58 UTC completed_step=2304 elapsed_seconds=793.634 learning_rate=0.000372408
2026-09-20 23:54:05 UTC step=2304 elapsed_seconds=800.617 mean_loss=0.0136492 errors=25/10002 exact_sentences=1003/1024
2026-09-20 23:54:09 UTC completed_step=2320 elapsed_seconds=805.256 learning_rate=0.000369671
2026-09-20 23:54:14 UTC completed_step=2336 elapsed_seconds=809.888 learning_rate=0.000366929
2026-09-20 23:54:19 UTC completed_step=2352 elapsed_seconds=814.522 learning_rate=0.000364183
2026-09-20 23:54:23 UTC completed_step=2368 elapsed_seconds=819.156 learning_rate=0.000361434
2026-09-20 23:54:28 UTC completed_step=2384 elapsed_seconds=823.789 learning_rate=0.000358682
2026-09-20 23:54:33 UTC completed_step=2400 elapsed_seconds=828.419 learning_rate=0.000355926
2026-09-20 23:54:37 UTC completed_step=2416 elapsed_seconds=833.052 learning_rate=0.000353168
2026-09-20 23:54:42 UTC completed_step=2432 elapsed_seconds=837.686 learning_rate=0.000350407
2026-09-20 23:54:49 UTC step=2432 elapsed_seconds=844.689 mean_loss=0.0159273 errors=25/10002 exact_sentences=1002/1024
2026-09-20 23:54:53 UTC completed_step=2448 elapsed_seconds=849.325 learning_rate=0.000347644
2026-09-20 23:54:58 UTC completed_step=2464 elapsed_seconds=853.96 learning_rate=0.00034488
2026-09-20 23:55:03 UTC completed_step=2480 elapsed_seconds=858.595 learning_rate=0.000342113
2026-09-20 23:55:07 UTC completed_step=2496 elapsed_seconds=863.228 learning_rate=0.000339346
2026-09-20 23:55:12 UTC completed_step=2512 elapsed_seconds=867.859 learning_rate=0.000336577
2026-09-20 23:55:17 UTC completed_step=2528 elapsed_seconds=872.494 learning_rate=0.000333808
2026-09-20 23:55:21 UTC completed_step=2544 elapsed_seconds=877.127 learning_rate=0.000331039
2026-09-20 23:55:26 UTC completed_step=2560 elapsed_seconds=881.764 learning_rate=0.000328269
2026-09-20 23:55:33 UTC step=2560 elapsed_seconds=888.757 mean_loss=0.00609351 errors=6/10002 exact_sentences=1018/1024
2026-09-20 23:55:38 UTC completed_step=2576 elapsed_seconds=893.419 learning_rate=0.000325499
2026-09-20 23:55:42 UTC completed_step=2592 elapsed_seconds=898.052 learning_rate=0.00032273
2026-09-20 23:55:47 UTC completed_step=2608 elapsed_seconds=902.685 learning_rate=0.000319962
2026-09-20 23:55:51 UTC completed_step=2624 elapsed_seconds=907.318 learning_rate=0.000317195
2026-09-20 23:55:56 UTC completed_step=2640 elapsed_seconds=911.953 learning_rate=0.000314429
2026-09-20 23:56:01 UTC completed_step=2656 elapsed_seconds=916.585 learning_rate=0.000311665
2026-09-20 23:56:05 UTC completed_step=2672 elapsed_seconds=921.216 learning_rate=0.000308902
2026-09-20 23:56:10 UTC completed_step=2688 elapsed_seconds=925.847 learning_rate=0.000306142
2026-09-20 23:56:17 UTC step=2688 elapsed_seconds=932.844 mean_loss=0.00257813 errors=6/10002 exact_sentences=1018/1024
2026-09-20 23:56:22 UTC completed_step=2704 elapsed_seconds=937.484 learning_rate=0.000303385
2026-09-20 23:56:26 UTC completed_step=2720 elapsed_seconds=942.119 learning_rate=0.00030063
2026-09-20 23:56:31 UTC completed_step=2736 elapsed_seconds=946.753 learning_rate=0.000297878
2026-09-20 23:56:36 UTC completed_step=2752 elapsed_seconds=951.387 learning_rate=0.00029513
2026-09-20 23:56:40 UTC completed_step=2768 elapsed_seconds=956.019 learning_rate=0.000292385
2026-09-20 23:56:45 UTC completed_step=2784 elapsed_seconds=960.655 learning_rate=0.000289644
2026-09-20 23:56:49 UTC completed_step=2800 elapsed_seconds=965.291 learning_rate=0.000286908
2026-09-20 23:56:54 UTC completed_step=2816 elapsed_seconds=969.923 learning_rate=0.000284176
2026-09-20 23:57:01 UTC step=2816 elapsed_seconds=976.931 mean_loss=0.00244938 errors=3/10002 exact_sentences=1021/1024
2026-09-20 23:57:06 UTC completed_step=2832 elapsed_seconds=981.568 learning_rate=0.000281449
2026-09-20 23:57:10 UTC completed_step=2848 elapsed_seconds=986.198 learning_rate=0.000278727
2026-09-20 23:57:15 UTC completed_step=2864 elapsed_seconds=990.829 learning_rate=0.00027601
2026-09-20 23:57:20 UTC completed_step=2880 elapsed_seconds=995.462 learning_rate=0.0002733
2026-09-20 23:57:24 UTC completed_step=2896 elapsed_seconds=1000.09 learning_rate=0.000270595
2026-09-20 23:57:29 UTC completed_step=2912 elapsed_seconds=1004.72 learning_rate=0.000267896
2026-09-20 23:57:34 UTC completed_step=2928 elapsed_seconds=1009.36 learning_rate=0.000265204
2026-09-20 23:57:38 UTC completed_step=2944 elapsed_seconds=1013.99 learning_rate=0.000262518
2026-09-20 23:57:45 UTC step=2944 elapsed_seconds=1021 mean_loss=0.000131259 errors=0/10002 exact_sentences=1024/1024
2026-09-20 23:57:52 UTC step=2944 elapsed_seconds=1028.05 mean_loss=0.000131259 errors=0/10002 exact_sentences=1024/1024
MEMORIZED checkpoint=/home/ubuntu/checkpoints/memorize_general_facts/trial_0_remaining/layers_1/step_2944
