layers=7 parameters=48331264 samples=1024 scored_targets=10002
2026-09-20 20:16:51 UTC step=0 elapsed_seconds=14.1745 mean_loss=10.9371 errors=10002/10002 exact_sentences=0/1024
2026-09-20 20:17:01 UTC completed_step=16 elapsed_seconds=24.1978 learning_rate=9.6e-05
2026-09-20 20:17:11 UTC completed_step=32 elapsed_seconds=34.2039 learning_rate=0.000192
2026-09-20 20:17:21 UTC completed_step=48 elapsed_seconds=44.2081 learning_rate=0.000288
2026-09-20 20:17:31 UTC completed_step=64 elapsed_seconds=54.213 learning_rate=0.000384
2026-09-20 20:17:41 UTC completed_step=80 elapsed_seconds=64.2156 learning_rate=0.00048
2026-09-20 20:17:51 UTC completed_step=96 elapsed_seconds=74.2205 learning_rate=0.000576
2026-09-20 20:18:01 UTC completed_step=112 elapsed_seconds=84.2256 learning_rate=0.000599992
2026-09-20 20:18:11 UTC completed_step=128 elapsed_seconds=94.2306 learning_rate=0.000599956
2026-09-20 20:18:25 UTC step=128 elapsed_seconds=108.383 mean_loss=5.43476 errors=7613/10002 exact_sentences=0/1024
2026-09-20 20:18:35 UTC completed_step=144 elapsed_seconds=118.392 learning_rate=0.000599893
2026-09-20 20:18:45 UTC completed_step=160 elapsed_seconds=128.397 learning_rate=0.0005998
2026-09-20 20:18:55 UTC completed_step=176 elapsed_seconds=138.405 learning_rate=0.00059968
2026-09-20 20:19:05 UTC completed_step=192 elapsed_seconds=148.416 learning_rate=0.00059953
2026-09-20 20:19:15 UTC completed_step=208 elapsed_seconds=158.427 learning_rate=0.000599353
2026-09-20 20:19:25 UTC completed_step=224 elapsed_seconds=168.436 learning_rate=0.000599147
2026-09-20 20:19:35 UTC completed_step=240 elapsed_seconds=178.445 learning_rate=0.000598913
2026-09-20 20:19:45 UTC completed_step=256 elapsed_seconds=188.455 learning_rate=0.000598651
2026-09-20 20:19:59 UTC step=256 elapsed_seconds=202.598 mean_loss=4.48936 errors=6838/10002 exact_sentences=1/1024
2026-09-20 20:20:09 UTC completed_step=272 elapsed_seconds=212.61 learning_rate=0.00059836
2026-09-20 20:20:19 UTC completed_step=288 elapsed_seconds=222.623 learning_rate=0.000598041
2026-09-20 20:20:29 UTC completed_step=304 elapsed_seconds=232.632 learning_rate=0.000597694
2026-09-20 20:20:39 UTC completed_step=320 elapsed_seconds=242.64 learning_rate=0.000597319
2026-09-20 20:20:49 UTC completed_step=336 elapsed_seconds=252.682 learning_rate=0.000596915
2026-09-20 20:20:59 UTC completed_step=352 elapsed_seconds=262.703 learning_rate=0.000596484
2026-09-20 20:21:09 UTC completed_step=368 elapsed_seconds=272.726 learning_rate=0.000596024
2026-09-20 20:21:19 UTC completed_step=384 elapsed_seconds=282.753 learning_rate=0.000595536
2026-09-20 20:21:34 UTC step=384 elapsed_seconds=296.903 mean_loss=3.52311 errors=6088/10002 exact_sentences=2/1024
2026-09-20 20:21:44 UTC completed_step=400 elapsed_seconds=306.926 learning_rate=0.000595021
2026-09-20 20:21:54 UTC completed_step=416 elapsed_seconds=316.941 learning_rate=0.000594478
2026-09-20 20:22:04 UTC completed_step=432 elapsed_seconds=326.961 learning_rate=0.000593906
2026-09-20 20:22:14 UTC completed_step=448 elapsed_seconds=336.995 learning_rate=0.000593307
2026-09-20 20:22:24 UTC completed_step=464 elapsed_seconds=347.035 learning_rate=0.000592681
2026-09-20 20:22:34 UTC completed_step=480 elapsed_seconds=357.063 learning_rate=0.000592026
2026-09-20 20:22:44 UTC completed_step=496 elapsed_seconds=367.093 learning_rate=0.000591344
2026-09-20 20:22:54 UTC completed_step=512 elapsed_seconds=377.127 learning_rate=0.000590635
2026-09-20 20:23:08 UTC step=512 elapsed_seconds=391.27 mean_loss=2.5691 errors=4983/10002 exact_sentences=9/1024
2026-09-20 20:23:18 UTC completed_step=528 elapsed_seconds=401.353 learning_rate=0.000589898
2026-09-20 20:23:28 UTC completed_step=544 elapsed_seconds=411.385 learning_rate=0.000589134
2026-09-20 20:23:38 UTC completed_step=560 elapsed_seconds=421.412 learning_rate=0.000588342
2026-09-20 20:23:48 UTC completed_step=576 elapsed_seconds=431.439 learning_rate=0.000587524
2026-09-20 20:23:58 UTC completed_step=592 elapsed_seconds=441.473 learning_rate=0.000586678
2026-09-20 20:24:08 UTC completed_step=608 elapsed_seconds=451.503 learning_rate=0.000585805
2026-09-20 20:24:18 UTC completed_step=624 elapsed_seconds=461.53 learning_rate=0.000584906
2026-09-20 20:24:28 UTC completed_step=640 elapsed_seconds=471.557 learning_rate=0.000583979
2026-09-20 20:24:42 UTC step=640 elapsed_seconds=485.709 mean_loss=1.74565 errors=3405/10002 exact_sentences=55/1024
2026-09-20 20:24:52 UTC completed_step=656 elapsed_seconds=495.739 learning_rate=0.000583026
2026-09-20 20:25:02 UTC completed_step=672 elapsed_seconds=505.763 learning_rate=0.000582046
2026-09-20 20:25:12 UTC completed_step=688 elapsed_seconds=515.784 learning_rate=0.00058104
2026-09-20 20:25:22 UTC completed_step=704 elapsed_seconds=525.805 learning_rate=0.000580007
2026-09-20 20:25:32 UTC completed_step=720 elapsed_seconds=535.825 learning_rate=0.000578948
2026-09-20 20:25:42 UTC completed_step=736 elapsed_seconds=545.841 learning_rate=0.000577862
2026-09-20 20:25:53 UTC completed_step=752 elapsed_seconds=555.864 learning_rate=0.000576751
2026-09-20 20:26:03 UTC completed_step=768 elapsed_seconds=565.889 learning_rate=0.000575614
2026-09-20 20:26:17 UTC step=768 elapsed_seconds=580.039 mean_loss=0.972441 errors=1331/10002 exact_sentences=329/1024
2026-09-20 20:26:27 UTC completed_step=784 elapsed_seconds=590.074 learning_rate=0.000574451
2026-09-20 20:26:37 UTC completed_step=800 elapsed_seconds=600.1 learning_rate=0.000573262
2026-09-20 20:26:47 UTC completed_step=816 elapsed_seconds=610.123 learning_rate=0.000572047
2026-09-20 20:26:57 UTC completed_step=832 elapsed_seconds=620.144 learning_rate=0.000570807
2026-09-20 20:27:07 UTC completed_step=848 elapsed_seconds=630.166 learning_rate=0.000569542
2026-09-20 20:27:17 UTC completed_step=864 elapsed_seconds=640.183 learning_rate=0.000568251
2026-09-20 20:27:27 UTC completed_step=880 elapsed_seconds=650.204 learning_rate=0.000566936
2026-09-20 20:27:37 UTC completed_step=896 elapsed_seconds=660.221 learning_rate=0.000565595
2026-09-20 20:27:51 UTC step=896 elapsed_seconds=674.368 mean_loss=0.438171 errors=394/10002 exact_sentences=724/1024
2026-09-20 20:28:01 UTC completed_step=912 elapsed_seconds=684.39 learning_rate=0.00056423
2026-09-20 20:28:11 UTC completed_step=928 elapsed_seconds=694.408 learning_rate=0.00056284
2026-09-20 20:28:21 UTC completed_step=944 elapsed_seconds=704.428 learning_rate=0.000561425
2026-09-20 20:28:31 UTC completed_step=960 elapsed_seconds=714.448 learning_rate=0.000559986
2026-09-20 20:28:41 UTC completed_step=976 elapsed_seconds=724.468 learning_rate=0.000558523
2026-09-20 20:28:51 UTC completed_step=992 elapsed_seconds=734.49 learning_rate=0.000557036
2026-09-20 20:29:01 UTC completed_step=1008 elapsed_seconds=744.515 learning_rate=0.000555525
2026-09-20 20:29:11 UTC completed_step=1024 elapsed_seconds=754.538 learning_rate=0.000553991
2026-09-20 20:29:25 UTC step=1024 elapsed_seconds=768.683 mean_loss=0.186663 errors=175/10002 exact_sentences=878/1024
2026-09-20 20:29:35 UTC completed_step=1040 elapsed_seconds=778.758 learning_rate=0.000552432
2026-09-20 20:29:45 UTC completed_step=1056 elapsed_seconds=788.779 learning_rate=0.000550851
2026-09-20 20:29:55 UTC completed_step=1072 elapsed_seconds=798.806 learning_rate=0.000549246
2026-09-20 20:30:05 UTC completed_step=1088 elapsed_seconds=808.835 learning_rate=0.000547618
2026-09-20 20:30:16 UTC completed_step=1104 elapsed_seconds=818.857 learning_rate=0.000545967
2026-09-20 20:30:26 UTC completed_step=1120 elapsed_seconds=828.882 learning_rate=0.000544293
2026-09-20 20:30:36 UTC completed_step=1136 elapsed_seconds=838.906 learning_rate=0.000542597
2026-09-20 20:30:46 UTC completed_step=1152 elapsed_seconds=848.933 learning_rate=0.000540878
2026-09-20 20:31:00 UTC step=1152 elapsed_seconds=863.081 mean_loss=0.120239 errors=169/10002 exact_sentences=878/1024
2026-09-20 20:31:10 UTC completed_step=1168 elapsed_seconds=873.119 learning_rate=0.000539138
2026-09-20 20:31:20 UTC completed_step=1184 elapsed_seconds=883.149 learning_rate=0.000537375
2026-09-20 20:31:30 UTC completed_step=1200 elapsed_seconds=893.175 learning_rate=0.00053559
2026-09-20 20:31:40 UTC completed_step=1216 elapsed_seconds=903.204 learning_rate=0.000533784
2026-09-20 20:31:50 UTC completed_step=1232 elapsed_seconds=913.239 learning_rate=0.000531957
2026-09-20 20:32:00 UTC completed_step=1248 elapsed_seconds=923.276 learning_rate=0.000530108
2026-09-20 20:32:10 UTC completed_step=1264 elapsed_seconds=933.318 learning_rate=0.000528238
2026-09-20 20:32:20 UTC completed_step=1280 elapsed_seconds=943.357 learning_rate=0.000526347
2026-09-20 20:32:34 UTC step=1280 elapsed_seconds=957.502 mean_loss=0.0780931 errors=116/10002 exact_sentences=919/1024
2026-09-20 20:32:44 UTC completed_step=1296 elapsed_seconds=967.542 learning_rate=0.000524435
2026-09-20 20:32:54 UTC completed_step=1312 elapsed_seconds=977.579 learning_rate=0.000522503
2026-09-20 20:33:04 UTC completed_step=1328 elapsed_seconds=987.607 learning_rate=0.000520551
2026-09-20 20:33:14 UTC completed_step=1344 elapsed_seconds=997.637 learning_rate=0.000518579
2026-09-20 20:33:24 UTC completed_step=1360 elapsed_seconds=1007.67 learning_rate=0.000516587
2026-09-20 20:33:34 UTC completed_step=1376 elapsed_seconds=1017.7 learning_rate=0.000514575
2026-09-20 20:33:44 UTC completed_step=1392 elapsed_seconds=1027.72 learning_rate=0.000512544
2026-09-20 20:33:54 UTC completed_step=1408 elapsed_seconds=1037.74 learning_rate=0.000510494
2026-09-20 20:34:09 UTC step=1408 elapsed_seconds=1051.89 mean_loss=0.0569405 errors=95/10002 exact_sentences=937/1024
2026-09-20 20:34:19 UTC completed_step=1424 elapsed_seconds=1061.93 learning_rate=0.000508424
2026-09-20 20:34:29 UTC completed_step=1440 elapsed_seconds=1071.96 learning_rate=0.000506336
2026-09-20 20:34:39 UTC completed_step=1456 elapsed_seconds=1081.98 learning_rate=0.00050423
2026-09-20 20:34:49 UTC completed_step=1472 elapsed_seconds=1092.02 learning_rate=0.000502104
2026-09-20 20:34:59 UTC completed_step=1488 elapsed_seconds=1102.06 learning_rate=0.000499961
2026-09-20 20:35:09 UTC completed_step=1504 elapsed_seconds=1112.1 learning_rate=0.0004978
2026-09-20 20:35:19 UTC completed_step=1520 elapsed_seconds=1122.15 learning_rate=0.000495622
2026-09-20 20:35:29 UTC completed_step=1536 elapsed_seconds=1132.19 learning_rate=0.000493426
2026-09-20 20:35:43 UTC step=1536 elapsed_seconds=1146.33 mean_loss=0.0536657 errors=82/10002 exact_sentences=950/1024
2026-09-20 20:35:53 UTC completed_step=1552 elapsed_seconds=1156.42 learning_rate=0.000491212
2026-09-20 20:36:03 UTC completed_step=1568 elapsed_seconds=1166.47 learning_rate=0.000488982
2026-09-20 20:36:13 UTC completed_step=1584 elapsed_seconds=1176.51 learning_rate=0.000486735
2026-09-20 20:36:23 UTC completed_step=1600 elapsed_seconds=1186.55 learning_rate=0.000484472
2026-09-20 20:36:33 UTC completed_step=1616 elapsed_seconds=1196.59 learning_rate=0.000482192
2026-09-20 20:36:43 UTC completed_step=1632 elapsed_seconds=1206.63 learning_rate=0.000479896
2026-09-20 20:36:53 UTC completed_step=1648 elapsed_seconds=1216.67 learning_rate=0.000477584
2026-09-20 20:37:03 UTC completed_step=1664 elapsed_seconds=1226.71 learning_rate=0.000475257
2026-09-20 20:37:18 UTC step=1664 elapsed_seconds=1240.86 mean_loss=0.043941 errors=89/10002 exact_sentences=946/1024
2026-09-20 20:37:28 UTC completed_step=1680 elapsed_seconds=1250.9 learning_rate=0.000472915
2026-09-20 20:37:38 UTC completed_step=1696 elapsed_seconds=1260.94 learning_rate=0.000470558
2026-09-20 20:37:48 UTC completed_step=1712 elapsed_seconds=1270.97 learning_rate=0.000468185
2026-09-20 20:37:58 UTC completed_step=1728 elapsed_seconds=1281 learning_rate=0.000465799
2026-09-20 20:38:08 UTC completed_step=1744 elapsed_seconds=1291.04 learning_rate=0.000463398
2026-09-20 20:38:18 UTC completed_step=1760 elapsed_seconds=1301.07 learning_rate=0.000460983
2026-09-20 20:38:28 UTC completed_step=1776 elapsed_seconds=1311.1 learning_rate=0.000458554
2026-09-20 20:38:38 UTC completed_step=1792 elapsed_seconds=1321.14 learning_rate=0.000456112
2026-09-20 20:38:52 UTC step=1792 elapsed_seconds=1335.3 mean_loss=0.0359391 errors=71/10002 exact_sentences=963/1024
2026-09-20 20:39:02 UTC completed_step=1808 elapsed_seconds=1345.35 learning_rate=0.000453656
2026-09-20 20:39:12 UTC completed_step=1824 elapsed_seconds=1355.39 learning_rate=0.000451187
2026-09-20 20:39:22 UTC completed_step=1840 elapsed_seconds=1365.43 learning_rate=0.000448706
2026-09-20 20:39:32 UTC completed_step=1856 elapsed_seconds=1375.47 learning_rate=0.000446212
2026-09-20 20:39:42 UTC completed_step=1872 elapsed_seconds=1385.51 learning_rate=0.000443706
2026-09-20 20:39:52 UTC completed_step=1888 elapsed_seconds=1395.55 learning_rate=0.000441188
2026-09-20 20:40:02 UTC completed_step=1904 elapsed_seconds=1405.59 learning_rate=0.000438658
2026-09-20 20:40:12 UTC completed_step=1920 elapsed_seconds=1415.64 learning_rate=0.000436117
2026-09-20 20:40:26 UTC step=1920 elapsed_seconds=1429.79 mean_loss=0.0276756 errors=48/10002 exact_sentences=981/1024
2026-09-20 20:40:36 UTC completed_step=1936 elapsed_seconds=1439.83 learning_rate=0.000433564
2026-09-20 20:40:47 UTC completed_step=1952 elapsed_seconds=1449.87 learning_rate=0.000431001
2026-09-20 20:40:57 UTC completed_step=1968 elapsed_seconds=1459.91 learning_rate=0.000428427
2026-09-20 20:41:07 UTC completed_step=1984 elapsed_seconds=1469.96 learning_rate=0.000425843
2026-09-20 20:41:17 UTC completed_step=2000 elapsed_seconds=1480 learning_rate=0.000423249
2026-09-20 20:41:27 UTC completed_step=2016 elapsed_seconds=1490.05 learning_rate=0.000420644
2026-09-20 20:41:37 UTC completed_step=2032 elapsed_seconds=1500.1 learning_rate=0.000418031
2026-09-20 20:41:47 UTC completed_step=2048 elapsed_seconds=1510.14 learning_rate=0.000415408
2026-09-20 20:42:01 UTC step=2048 elapsed_seconds=1524.29 mean_loss=0.0225646 errors=37/10002 exact_sentences=992/1024
2026-09-20 20:42:11 UTC completed_step=2064 elapsed_seconds=1534.39 learning_rate=0.000412776
2026-09-20 20:42:21 UTC completed_step=2080 elapsed_seconds=1544.44 learning_rate=0.000410135
2026-09-20 20:42:31 UTC completed_step=2096 elapsed_seconds=1554.49 learning_rate=0.000407486
2026-09-20 20:42:41 UTC completed_step=2112 elapsed_seconds=1564.53 learning_rate=0.000404829
2026-09-20 20:42:51 UTC completed_step=2128 elapsed_seconds=1574.58 learning_rate=0.000402164
2026-09-20 20:43:01 UTC completed_step=2144 elapsed_seconds=1584.63 learning_rate=0.000399491
2026-09-20 20:43:12 UTC completed_step=2160 elapsed_seconds=1595.59 learning_rate=0.000396811
2026-09-20 20:43:22 UTC completed_step=2176 elapsed_seconds=1605.64 learning_rate=0.000394124
2026-09-20 20:43:36 UTC step=2176 elapsed_seconds=1619.78 mean_loss=0.0150258 errors=29/10002 exact_sentences=997/1024
2026-09-20 20:43:46 UTC completed_step=2192 elapsed_seconds=1629.83 learning_rate=0.00039143
2026-09-20 20:43:57 UTC completed_step=2208 elapsed_seconds=1639.88 learning_rate=0.00038873
2026-09-20 20:44:07 UTC completed_step=2224 elapsed_seconds=1649.93 learning_rate=0.000386023
2026-09-20 20:44:17 UTC completed_step=2240 elapsed_seconds=1659.98 learning_rate=0.000383311
2026-09-20 20:44:27 UTC completed_step=2256 elapsed_seconds=1670.03 learning_rate=0.000380593
2026-09-20 20:44:37 UTC completed_step=2272 elapsed_seconds=1680.08 learning_rate=0.00037787
2026-09-20 20:44:47 UTC completed_step=2288 elapsed_seconds=1690.13 learning_rate=0.000375141
2026-09-20 20:44:57 UTC completed_step=2304 elapsed_seconds=1700.18 learning_rate=0.000372408
2026-09-20 20:45:11 UTC step=2304 elapsed_seconds=1714.32 mean_loss=0.0182057 errors=33/10002 exact_sentences=992/1024
2026-09-20 20:45:21 UTC completed_step=2320 elapsed_seconds=1724.38 learning_rate=0.000369671
2026-09-20 20:45:31 UTC completed_step=2336 elapsed_seconds=1734.43 learning_rate=0.000366929
2026-09-20 20:45:41 UTC completed_step=2352 elapsed_seconds=1744.48 learning_rate=0.000364183
2026-09-20 20:45:51 UTC completed_step=2368 elapsed_seconds=1754.52 learning_rate=0.000361434
2026-09-20 20:46:01 UTC completed_step=2384 elapsed_seconds=1764.57 learning_rate=0.000358682
2026-09-20 20:46:11 UTC completed_step=2400 elapsed_seconds=1774.62 learning_rate=0.000355926
2026-09-20 20:46:21 UTC completed_step=2416 elapsed_seconds=1784.67 learning_rate=0.000353168
2026-09-20 20:46:31 UTC completed_step=2432 elapsed_seconds=1794.71 learning_rate=0.000350407
2026-09-20 20:46:46 UTC step=2432 elapsed_seconds=1808.86 mean_loss=0.0105826 errors=18/10002 exact_sentences=1008/1024
2026-09-20 20:46:56 UTC completed_step=2448 elapsed_seconds=1818.91 learning_rate=0.000347644
2026-09-20 20:47:06 UTC completed_step=2464 elapsed_seconds=1828.95 learning_rate=0.00034488
2026-09-20 20:47:16 UTC completed_step=2480 elapsed_seconds=1838.98 learning_rate=0.000342113
2026-09-20 20:47:26 UTC completed_step=2496 elapsed_seconds=1849.03 learning_rate=0.000339346
2026-09-20 20:47:36 UTC completed_step=2512 elapsed_seconds=1859.07 learning_rate=0.000336577
2026-09-20 20:47:46 UTC completed_step=2528 elapsed_seconds=1869.12 learning_rate=0.000333808
2026-09-20 20:47:56 UTC completed_step=2544 elapsed_seconds=1879.16 learning_rate=0.000331039
2026-09-20 20:48:06 UTC completed_step=2560 elapsed_seconds=1889.2 learning_rate=0.000328269
2026-09-20 20:48:20 UTC step=2560 elapsed_seconds=1903.35 mean_loss=0.00522781 errors=9/10002 exact_sentences=1016/1024
2026-09-20 20:48:30 UTC completed_step=2576 elapsed_seconds=1913.44 learning_rate=0.000325499
2026-09-20 20:48:40 UTC completed_step=2592 elapsed_seconds=1923.49 learning_rate=0.00032273
2026-09-20 20:48:50 UTC completed_step=2608 elapsed_seconds=1933.54 learning_rate=0.000319962
2026-09-20 20:49:00 UTC completed_step=2624 elapsed_seconds=1943.58 learning_rate=0.000317195
2026-09-20 20:49:10 UTC completed_step=2640 elapsed_seconds=1953.63 learning_rate=0.000314429
2026-09-20 20:49:20 UTC completed_step=2656 elapsed_seconds=1963.69 learning_rate=0.000311665
2026-09-20 20:49:30 UTC completed_step=2672 elapsed_seconds=1973.74 learning_rate=0.000308902
2026-09-20 20:49:40 UTC completed_step=2688 elapsed_seconds=1983.78 learning_rate=0.000306142
2026-09-20 20:49:55 UTC step=2688 elapsed_seconds=1997.94 mean_loss=0.00785941 errors=13/10002 exact_sentences=1011/1024
2026-09-20 20:50:05 UTC completed_step=2704 elapsed_seconds=2007.99 learning_rate=0.000303385
2026-09-20 20:50:15 UTC completed_step=2720 elapsed_seconds=2018.03 learning_rate=0.00030063
2026-09-20 20:50:25 UTC completed_step=2736 elapsed_seconds=2028.08 learning_rate=0.000297878
2026-09-20 20:50:35 UTC completed_step=2752 elapsed_seconds=2038.12 learning_rate=0.00029513
2026-09-20 20:50:45 UTC completed_step=2768 elapsed_seconds=2048.17 learning_rate=0.000292385
2026-09-20 20:50:55 UTC completed_step=2784 elapsed_seconds=2058.22 learning_rate=0.000289644
2026-09-20 20:51:05 UTC completed_step=2800 elapsed_seconds=2068.28 learning_rate=0.000286908
2026-09-20 20:51:15 UTC completed_step=2816 elapsed_seconds=2078.33 learning_rate=0.000284176
2026-09-20 20:51:29 UTC step=2816 elapsed_seconds=2092.48 mean_loss=0.00711063 errors=12/10002 exact_sentences=1012/1024
2026-09-20 20:51:39 UTC completed_step=2832 elapsed_seconds=2102.53 learning_rate=0.000281449
2026-09-20 20:51:49 UTC completed_step=2848 elapsed_seconds=2112.58 learning_rate=0.000278727
2026-09-20 20:51:59 UTC completed_step=2864 elapsed_seconds=2122.63 learning_rate=0.00027601
2026-09-20 20:52:09 UTC completed_step=2880 elapsed_seconds=2132.68 learning_rate=0.0002733
2026-09-20 20:52:19 UTC completed_step=2896 elapsed_seconds=2142.72 learning_rate=0.000270595
2026-09-20 20:52:29 UTC completed_step=2912 elapsed_seconds=2152.77 learning_rate=0.000267896
2026-09-20 20:52:39 UTC completed_step=2928 elapsed_seconds=2162.82 learning_rate=0.000265204
2026-09-20 20:52:50 UTC completed_step=2944 elapsed_seconds=2172.86 learning_rate=0.000262518
2026-09-20 20:53:04 UTC step=2944 elapsed_seconds=2187.02 mean_loss=0.00313628 errors=6/10002 exact_sentences=1019/1024
2026-09-20 20:53:14 UTC completed_step=2960 elapsed_seconds=2197.07 learning_rate=0.00025984
2026-09-20 20:53:24 UTC completed_step=2976 elapsed_seconds=2207.12 learning_rate=0.000257169
2026-09-20 20:53:34 UTC completed_step=2992 elapsed_seconds=2217.16 learning_rate=0.000254506
2026-09-20 20:53:44 UTC completed_step=3008 elapsed_seconds=2227.21 learning_rate=0.000251851
2026-09-20 20:53:54 UTC completed_step=3024 elapsed_seconds=2237.25 learning_rate=0.000249204
2026-09-20 20:54:04 UTC completed_step=3040 elapsed_seconds=2247.3 learning_rate=0.000246565
2026-09-20 20:54:14 UTC completed_step=3056 elapsed_seconds=2257.34 learning_rate=0.000243936
2026-09-20 20:54:24 UTC completed_step=3072 elapsed_seconds=2267.39 learning_rate=0.000241315
2026-09-20 20:54:38 UTC step=3072 elapsed_seconds=2281.55 mean_loss=0.00149292 errors=2/10002 exact_sentences=1023/1024
2026-09-20 20:54:48 UTC completed_step=3088 elapsed_seconds=2291.64 learning_rate=0.000238704
2026-09-20 20:54:58 UTC completed_step=3104 elapsed_seconds=2301.68 learning_rate=0.000236102
2026-09-20 20:55:08 UTC completed_step=3120 elapsed_seconds=2311.73 learning_rate=0.00023351
2026-09-20 20:55:18 UTC completed_step=3136 elapsed_seconds=2321.77 learning_rate=0.000230928
2026-09-20 20:55:28 UTC completed_step=3152 elapsed_seconds=2331.81 learning_rate=0.000228357
2026-09-20 20:55:39 UTC completed_step=3168 elapsed_seconds=2341.85 learning_rate=0.000225796
2026-09-20 20:55:49 UTC completed_step=3184 elapsed_seconds=2351.9 learning_rate=0.000223247
2026-09-20 20:55:59 UTC completed_step=3200 elapsed_seconds=2361.94 learning_rate=0.000220708
2026-09-20 20:56:13 UTC step=3200 elapsed_seconds=2376.1 mean_loss=0.00072651 errors=1/10002 exact_sentences=1023/1024
2026-09-20 20:56:23 UTC completed_step=3216 elapsed_seconds=2386.15 learning_rate=0.000218182
2026-09-20 20:56:33 UTC completed_step=3232 elapsed_seconds=2396.2 learning_rate=0.000215666
2026-09-20 20:56:43 UTC completed_step=3248 elapsed_seconds=2406.25 learning_rate=0.000213163
2026-09-20 20:56:53 UTC completed_step=3264 elapsed_seconds=2416.29 learning_rate=0.000210673
2026-09-20 20:57:03 UTC completed_step=3280 elapsed_seconds=2426.34 learning_rate=0.000208194
2026-09-20 20:57:13 UTC completed_step=3296 elapsed_seconds=2436.38 learning_rate=0.000205729
2026-09-20 20:57:23 UTC completed_step=3312 elapsed_seconds=2446.43 learning_rate=0.000203277
2026-09-20 20:57:33 UTC completed_step=3328 elapsed_seconds=2456.48 learning_rate=0.000200838
2026-09-20 20:57:47 UTC step=3328 elapsed_seconds=2470.64 mean_loss=0.00429762 errors=10/10002 exact_sentences=1016/1024
2026-09-20 20:57:57 UTC completed_step=3344 elapsed_seconds=2480.7 learning_rate=0.000198412
2026-09-20 20:58:07 UTC completed_step=3360 elapsed_seconds=2490.75 learning_rate=0.000196001
2026-09-20 20:58:17 UTC completed_step=3376 elapsed_seconds=2500.8 learning_rate=0.000193603
2026-09-20 20:58:27 UTC completed_step=3392 elapsed_seconds=2510.85 learning_rate=0.00019122
2026-09-20 20:58:38 UTC completed_step=3408 elapsed_seconds=2520.89 learning_rate=0.000188852
2026-09-20 20:58:48 UTC completed_step=3424 elapsed_seconds=2530.94 learning_rate=0.000186498
2026-09-20 20:58:58 UTC completed_step=3440 elapsed_seconds=2540.99 learning_rate=0.000184159
2026-09-20 20:59:08 UTC completed_step=3456 elapsed_seconds=2551.04 learning_rate=0.000181836
2026-09-20 20:59:22 UTC step=3456 elapsed_seconds=2565.19 mean_loss=0.00252516 errors=4/10002 exact_sentences=1020/1024
2026-09-20 20:59:32 UTC completed_step=3472 elapsed_seconds=2575.24 learning_rate=0.000179529
2026-09-20 20:59:42 UTC completed_step=3488 elapsed_seconds=2585.29 learning_rate=0.000177237
2026-09-20 20:59:52 UTC completed_step=3504 elapsed_seconds=2595.35 learning_rate=0.000174961
2026-09-20 21:00:02 UTC completed_step=3520 elapsed_seconds=2605.4 learning_rate=0.000172702
2026-09-20 21:00:12 UTC completed_step=3536 elapsed_seconds=2615.45 learning_rate=0.000170459
2026-09-20 21:00:22 UTC completed_step=3552 elapsed_seconds=2625.5 learning_rate=0.000168233
2026-09-20 21:00:32 UTC completed_step=3568 elapsed_seconds=2635.55 learning_rate=0.000166024
2026-09-20 21:00:42 UTC completed_step=3584 elapsed_seconds=2645.6 learning_rate=0.000163832
2026-09-20 21:00:56 UTC step=3584 elapsed_seconds=2659.75 mean_loss=0.000569335 errors=0/10002 exact_sentences=1024/1024
2026-09-20 21:01:11 UTC step=3584 elapsed_seconds=2674.06 mean_loss=0.000569335 errors=0/10002 exact_sentences=1024/1024
MEMORIZED checkpoint=/home/ubuntu/checkpoints/memorize_general_facts/trial_0_remaining/layers_7/step_3584
