layers=7 width=32 heads=1 feed_forward_width=128 parameters=1730464 samples=1024 scored_targets=10002
2026-09-21 01:51:08 UTC step=0 elapsed_seconds=1.78023 mean_loss=10.8217 errors=10002/10002 exact_sentences=0/1024
2026-09-21 01:51:10 UTC completed_step=16 elapsed_seconds=3.68833 learning_rate=9.6e-05
2026-09-21 01:51:12 UTC completed_step=32 elapsed_seconds=5.3843 learning_rate=0.000192
2026-09-21 01:51:14 UTC completed_step=48 elapsed_seconds=7.07867 learning_rate=0.000288
2026-09-21 01:51:15 UTC completed_step=64 elapsed_seconds=8.77309 learning_rate=0.000384
2026-09-21 01:51:17 UTC completed_step=80 elapsed_seconds=10.4707 learning_rate=0.00048
2026-09-21 01:51:19 UTC completed_step=96 elapsed_seconds=12.167 learning_rate=0.000576
2026-09-21 01:51:21 UTC completed_step=112 elapsed_seconds=13.864 learning_rate=0.000599992
2026-09-21 01:51:22 UTC completed_step=128 elapsed_seconds=15.5622 learning_rate=0.000599956
2026-09-21 01:51:24 UTC step=128 elapsed_seconds=17.3104 mean_loss=8.31774 errors=8978/10002 exact_sentences=0/1024
2026-09-21 01:51:26 UTC completed_step=144 elapsed_seconds=19.0129 learning_rate=0.000599893
2026-09-21 01:51:27 UTC completed_step=160 elapsed_seconds=20.7073 learning_rate=0.0005998
2026-09-21 01:51:29 UTC completed_step=176 elapsed_seconds=22.4044 learning_rate=0.00059968
2026-09-21 01:51:31 UTC completed_step=192 elapsed_seconds=24.0994 learning_rate=0.00059953
2026-09-21 01:51:32 UTC completed_step=208 elapsed_seconds=25.7957 learning_rate=0.000599353
2026-09-21 01:51:34 UTC completed_step=224 elapsed_seconds=27.4948 learning_rate=0.000599147
2026-09-21 01:51:36 UTC completed_step=240 elapsed_seconds=29.1917 learning_rate=0.000598913
2026-09-21 01:51:38 UTC completed_step=256 elapsed_seconds=30.8858 learning_rate=0.000598651
2026-09-21 01:51:39 UTC step=256 elapsed_seconds=32.6447 mean_loss=6.24648 errors=8978/10002 exact_sentences=0/1024
2026-09-21 01:51:41 UTC completed_step=272 elapsed_seconds=34.3445 learning_rate=0.00059836
2026-09-21 01:51:43 UTC completed_step=288 elapsed_seconds=36.0417 learning_rate=0.000598041
2026-09-21 01:51:44 UTC completed_step=304 elapsed_seconds=37.7395 learning_rate=0.000597694
2026-09-21 01:51:46 UTC completed_step=320 elapsed_seconds=39.4359 learning_rate=0.000597319
2026-09-21 01:51:48 UTC completed_step=336 elapsed_seconds=41.1299 learning_rate=0.000596915
2026-09-21 01:51:49 UTC completed_step=352 elapsed_seconds=42.8243 learning_rate=0.000596484
2026-09-21 01:51:51 UTC completed_step=368 elapsed_seconds=44.5198 learning_rate=0.000596024
2026-09-21 01:51:53 UTC completed_step=384 elapsed_seconds=46.215 learning_rate=0.000595536
2026-09-21 01:51:55 UTC step=384 elapsed_seconds=47.9671 mean_loss=5.87847 errors=7955/10002 exact_sentences=1/1024
2026-09-21 01:51:56 UTC completed_step=400 elapsed_seconds=49.6667 learning_rate=0.000595021
2026-09-21 01:51:58 UTC completed_step=416 elapsed_seconds=51.3618 learning_rate=0.000594478
2026-09-21 01:52:00 UTC completed_step=432 elapsed_seconds=53.0565 learning_rate=0.000593906
2026-09-21 01:52:01 UTC completed_step=448 elapsed_seconds=54.7523 learning_rate=0.000593307
2026-09-21 01:52:03 UTC completed_step=464 elapsed_seconds=56.4471 learning_rate=0.000592681
2026-09-21 01:52:05 UTC completed_step=480 elapsed_seconds=58.1449 learning_rate=0.000592026
2026-09-21 01:52:06 UTC completed_step=496 elapsed_seconds=59.8425 learning_rate=0.000591344
2026-09-21 01:52:08 UTC completed_step=512 elapsed_seconds=61.538 learning_rate=0.000590635
2026-09-21 01:52:10 UTC step=512 elapsed_seconds=63.2959 mean_loss=5.53005 errors=7562/10002 exact_sentences=1/1024
2026-09-21 01:52:12 UTC completed_step=528 elapsed_seconds=64.9993 learning_rate=0.000589898
2026-09-21 01:52:13 UTC completed_step=544 elapsed_seconds=66.6989 learning_rate=0.000589134
2026-09-21 01:52:15 UTC completed_step=560 elapsed_seconds=68.3955 learning_rate=0.000588342
2026-09-21 01:52:17 UTC completed_step=576 elapsed_seconds=70.092 learning_rate=0.000587524
2026-09-21 01:52:18 UTC completed_step=592 elapsed_seconds=71.7879 learning_rate=0.000586678
2026-09-21 01:52:20 UTC completed_step=608 elapsed_seconds=73.4837 learning_rate=0.000585805
2026-09-21 01:52:22 UTC completed_step=624 elapsed_seconds=75.1776 learning_rate=0.000584906
2026-09-21 01:52:24 UTC completed_step=640 elapsed_seconds=76.8718 learning_rate=0.000583979
2026-09-21 01:52:25 UTC step=640 elapsed_seconds=78.6223 mean_loss=5.23738 errors=7407/10002 exact_sentences=1/1024
2026-09-21 01:52:27 UTC completed_step=656 elapsed_seconds=80.3213 learning_rate=0.000583026
2026-09-21 01:52:29 UTC completed_step=672 elapsed_seconds=82.0158 learning_rate=0.000582046
2026-09-21 01:52:30 UTC completed_step=688 elapsed_seconds=83.7111 learning_rate=0.00058104
2026-09-21 01:52:32 UTC completed_step=704 elapsed_seconds=85.4061 learning_rate=0.000580007
2026-09-21 01:52:34 UTC completed_step=720 elapsed_seconds=87.1021 learning_rate=0.000578948
2026-09-21 01:52:35 UTC completed_step=736 elapsed_seconds=88.7971 learning_rate=0.000577862
2026-09-21 01:52:37 UTC completed_step=752 elapsed_seconds=90.4947 learning_rate=0.000576751
2026-09-21 01:52:39 UTC completed_step=768 elapsed_seconds=92.1912 learning_rate=0.000575614
2026-09-21 01:52:41 UTC step=768 elapsed_seconds=93.939 mean_loss=4.99175 errors=7261/10002 exact_sentences=1/1024
2026-09-21 01:52:42 UTC completed_step=784 elapsed_seconds=95.639 learning_rate=0.000574451
2026-09-21 01:52:44 UTC completed_step=800 elapsed_seconds=97.3348 learning_rate=0.000573262
2026-09-21 01:52:46 UTC completed_step=816 elapsed_seconds=99.0299 learning_rate=0.000572047
2026-09-21 01:52:47 UTC completed_step=832 elapsed_seconds=100.726 learning_rate=0.000570807
2026-09-21 01:52:49 UTC completed_step=848 elapsed_seconds=102.42 learning_rate=0.000569542
2026-09-21 01:52:51 UTC completed_step=864 elapsed_seconds=104.114 learning_rate=0.000568251
2026-09-21 01:52:52 UTC completed_step=880 elapsed_seconds=105.808 learning_rate=0.000566936
2026-09-21 01:52:54 UTC completed_step=896 elapsed_seconds=107.502 learning_rate=0.000565595
2026-09-21 01:52:56 UTC step=896 elapsed_seconds=109.266 mean_loss=4.78025 errors=6976/10002 exact_sentences=1/1024
2026-09-21 01:52:58 UTC completed_step=912 elapsed_seconds=110.965 learning_rate=0.00056423
2026-09-21 01:52:59 UTC completed_step=928 elapsed_seconds=112.659 learning_rate=0.00056284
2026-09-21 01:53:01 UTC completed_step=944 elapsed_seconds=114.353 learning_rate=0.000561425
2026-09-21 01:53:03 UTC completed_step=960 elapsed_seconds=116.048 learning_rate=0.000559986
2026-09-21 01:53:04 UTC completed_step=976 elapsed_seconds=117.742 learning_rate=0.000558523
2026-09-21 01:53:06 UTC completed_step=992 elapsed_seconds=119.435 learning_rate=0.000557036
2026-09-21 01:53:08 UTC completed_step=1008 elapsed_seconds=121.128 learning_rate=0.000555525
2026-09-21 01:53:09 UTC completed_step=1024 elapsed_seconds=122.822 learning_rate=0.000553991
2026-09-21 01:53:11 UTC step=1024 elapsed_seconds=124.579 mean_loss=4.57822 errors=6840/10002 exact_sentences=1/1024
2026-09-21 01:53:13 UTC completed_step=1040 elapsed_seconds=126.281 learning_rate=0.000552432
2026-09-21 01:53:15 UTC completed_step=1056 elapsed_seconds=128.046 learning_rate=0.000550851
2026-09-21 01:53:17 UTC completed_step=1072 elapsed_seconds=130.299 learning_rate=0.000549246
2026-09-21 01:53:19 UTC completed_step=1088 elapsed_seconds=132.096 learning_rate=0.000547618
2026-09-21 01:53:21 UTC completed_step=1104 elapsed_seconds=134.134 learning_rate=0.000545967
2026-09-21 01:53:23 UTC completed_step=1120 elapsed_seconds=135.916 learning_rate=0.000544293
2026-09-21 01:53:24 UTC completed_step=1136 elapsed_seconds=137.706 learning_rate=0.000542597
2026-09-21 01:53:26 UTC completed_step=1152 elapsed_seconds=139.471 learning_rate=0.000540878
2026-09-21 01:53:28 UTC step=1152 elapsed_seconds=141.242 mean_loss=4.39552 errors=6692/10002 exact_sentences=1/1024
2026-09-21 01:53:30 UTC completed_step=1168 elapsed_seconds=142.941 learning_rate=0.000539138
2026-09-21 01:53:31 UTC completed_step=1184 elapsed_seconds=144.636 learning_rate=0.000537375
2026-09-21 01:53:33 UTC completed_step=1200 elapsed_seconds=146.334 learning_rate=0.00053559
2026-09-21 01:53:35 UTC completed_step=1216 elapsed_seconds=148.033 learning_rate=0.000533784
2026-09-21 01:53:36 UTC completed_step=1232 elapsed_seconds=149.728 learning_rate=0.000531957
2026-09-21 01:53:38 UTC completed_step=1248 elapsed_seconds=151.422 learning_rate=0.000530108
2026-09-21 01:53:40 UTC completed_step=1264 elapsed_seconds=153.119 learning_rate=0.000528238
2026-09-21 01:53:41 UTC completed_step=1280 elapsed_seconds=154.814 learning_rate=0.000526347
2026-09-21 01:53:43 UTC step=1280 elapsed_seconds=156.58 mean_loss=4.21228 errors=6522/10002 exact_sentences=1/1024
2026-09-21 01:53:45 UTC completed_step=1296 elapsed_seconds=158.283 learning_rate=0.000524435
2026-09-21 01:53:47 UTC completed_step=1312 elapsed_seconds=159.98 learning_rate=0.000522503
2026-09-21 01:53:48 UTC completed_step=1328 elapsed_seconds=161.676 learning_rate=0.000520551
2026-09-21 01:53:50 UTC completed_step=1344 elapsed_seconds=163.371 learning_rate=0.000518579
2026-09-21 01:53:52 UTC completed_step=1360 elapsed_seconds=165.068 learning_rate=0.000516587
2026-09-21 01:53:53 UTC completed_step=1376 elapsed_seconds=166.764 learning_rate=0.000514575
2026-09-21 01:53:55 UTC completed_step=1392 elapsed_seconds=168.459 learning_rate=0.000512544
2026-09-21 01:53:57 UTC completed_step=1408 elapsed_seconds=170.158 learning_rate=0.000510494
2026-09-21 01:53:59 UTC step=1408 elapsed_seconds=171.93 mean_loss=4.04975 errors=6339/10002 exact_sentences=1/1024
2026-09-21 01:54:00 UTC completed_step=1424 elapsed_seconds=173.631 learning_rate=0.000508424
2026-09-21 01:54:02 UTC completed_step=1440 elapsed_seconds=175.329 learning_rate=0.000506336
2026-09-21 01:54:04 UTC completed_step=1456 elapsed_seconds=177.024 learning_rate=0.00050423
2026-09-21 01:54:05 UTC completed_step=1472 elapsed_seconds=178.72 learning_rate=0.000502104
2026-09-21 01:54:07 UTC completed_step=1488 elapsed_seconds=180.417 learning_rate=0.000499961
2026-09-21 01:54:09 UTC completed_step=1504 elapsed_seconds=182.113 learning_rate=0.0004978
2026-09-21 01:54:10 UTC completed_step=1520 elapsed_seconds=183.808 learning_rate=0.000495622
2026-09-21 01:54:12 UTC completed_step=1536 elapsed_seconds=185.501 learning_rate=0.000493426
2026-09-21 01:54:14 UTC step=1536 elapsed_seconds=187.274 mean_loss=3.89294 errors=6177/10002 exact_sentences=1/1024
2026-09-21 01:54:16 UTC completed_step=1552 elapsed_seconds=188.979 learning_rate=0.000491212
2026-09-21 01:54:17 UTC completed_step=1568 elapsed_seconds=190.674 learning_rate=0.000488982
2026-09-21 01:54:19 UTC completed_step=1584 elapsed_seconds=192.369 learning_rate=0.000486735
2026-09-21 01:54:21 UTC completed_step=1600 elapsed_seconds=194.062 learning_rate=0.000484472
2026-09-21 01:54:22 UTC completed_step=1616 elapsed_seconds=195.759 learning_rate=0.000482192
2026-09-21 01:54:24 UTC completed_step=1632 elapsed_seconds=197.456 learning_rate=0.000479896
2026-09-21 01:54:26 UTC completed_step=1648 elapsed_seconds=199.149 learning_rate=0.000477584
2026-09-21 01:54:27 UTC completed_step=1664 elapsed_seconds=200.844 learning_rate=0.000475257
2026-09-21 01:54:29 UTC step=1664 elapsed_seconds=202.602 mean_loss=3.74668 errors=6032/10002 exact_sentences=1/1024
2026-09-21 01:54:31 UTC completed_step=1680 elapsed_seconds=204.306 learning_rate=0.000472915
2026-09-21 01:54:33 UTC completed_step=1696 elapsed_seconds=206.003 learning_rate=0.000470558
2026-09-21 01:54:34 UTC completed_step=1712 elapsed_seconds=207.699 learning_rate=0.000468185
2026-09-21 01:54:36 UTC completed_step=1728 elapsed_seconds=209.401 learning_rate=0.000465799
2026-09-21 01:54:38 UTC completed_step=1744 elapsed_seconds=211.138 learning_rate=0.000463398
2026-09-21 01:54:39 UTC completed_step=1760 elapsed_seconds=212.833 learning_rate=0.000460983
2026-09-21 01:54:41 UTC completed_step=1776 elapsed_seconds=214.529 learning_rate=0.000458554
2026-09-21 01:54:43 UTC completed_step=1792 elapsed_seconds=216.224 learning_rate=0.000456112
2026-09-21 01:54:45 UTC step=1792 elapsed_seconds=217.993 mean_loss=3.62258 errors=5878/10002 exact_sentences=1/1024
2026-09-21 01:54:46 UTC completed_step=1808 elapsed_seconds=219.695 learning_rate=0.000453656
2026-09-21 01:54:48 UTC completed_step=1824 elapsed_seconds=221.391 learning_rate=0.000451187
2026-09-21 01:54:50 UTC completed_step=1840 elapsed_seconds=223.087 learning_rate=0.000448706
2026-09-21 01:54:51 UTC completed_step=1856 elapsed_seconds=224.782 learning_rate=0.000446212
2026-09-21 01:54:53 UTC completed_step=1872 elapsed_seconds=226.477 learning_rate=0.000443706
2026-09-21 01:54:55 UTC completed_step=1888 elapsed_seconds=228.172 learning_rate=0.000441188
2026-09-21 01:54:57 UTC completed_step=1904 elapsed_seconds=229.869 learning_rate=0.000438658
2026-09-21 01:54:58 UTC completed_step=1920 elapsed_seconds=231.565 learning_rate=0.000436117
2026-09-21 01:55:00 UTC step=1920 elapsed_seconds=233.317 mean_loss=3.48174 errors=5698/10002 exact_sentences=1/1024
2026-09-21 01:55:02 UTC completed_step=1936 elapsed_seconds=235.019 learning_rate=0.000433564
2026-09-21 01:55:03 UTC completed_step=1952 elapsed_seconds=236.716 learning_rate=0.000431001
2026-09-21 01:55:05 UTC completed_step=1968 elapsed_seconds=238.414 learning_rate=0.000428427
2026-09-21 01:55:07 UTC completed_step=1984 elapsed_seconds=240.111 learning_rate=0.000425843
2026-09-21 01:55:08 UTC completed_step=2000 elapsed_seconds=241.809 learning_rate=0.000423249
2026-09-21 01:55:10 UTC completed_step=2016 elapsed_seconds=243.508 learning_rate=0.000420644
2026-09-21 01:55:12 UTC completed_step=2032 elapsed_seconds=245.207 learning_rate=0.000418031
2026-09-21 01:55:14 UTC completed_step=2048 elapsed_seconds=246.902 learning_rate=0.000415408
2026-09-21 01:55:15 UTC step=2048 elapsed_seconds=248.665 mean_loss=3.36031 errors=5508/10002 exact_sentences=1/1024
2026-09-21 01:55:17 UTC completed_step=2064 elapsed_seconds=250.37 learning_rate=0.000412776
2026-09-21 01:55:19 UTC completed_step=2080 elapsed_seconds=252.067 learning_rate=0.000410135
2026-09-21 01:55:20 UTC completed_step=2096 elapsed_seconds=253.761 learning_rate=0.000407486
2026-09-21 01:55:22 UTC completed_step=2112 elapsed_seconds=255.456 learning_rate=0.000404829
2026-09-21 01:55:24 UTC completed_step=2128 elapsed_seconds=257.151 learning_rate=0.000402164
2026-09-21 01:55:26 UTC completed_step=2144 elapsed_seconds=258.847 learning_rate=0.000399491
2026-09-21 01:55:27 UTC completed_step=2160 elapsed_seconds=260.542 learning_rate=0.000396811
2026-09-21 01:55:29 UTC completed_step=2176 elapsed_seconds=262.238 learning_rate=0.000394124
2026-09-21 01:55:31 UTC step=2176 elapsed_seconds=263.995 mean_loss=3.2353 errors=5350/10002 exact_sentences=2/1024
2026-09-21 01:55:32 UTC completed_step=2192 elapsed_seconds=265.699 learning_rate=0.00039143
2026-09-21 01:55:34 UTC completed_step=2208 elapsed_seconds=267.397 learning_rate=0.00038873
2026-09-21 01:55:36 UTC completed_step=2224 elapsed_seconds=269.093 learning_rate=0.000386023
2026-09-21 01:55:37 UTC completed_step=2240 elapsed_seconds=270.791 learning_rate=0.000383311
2026-09-21 01:55:39 UTC completed_step=2256 elapsed_seconds=272.491 learning_rate=0.000380593
2026-09-21 01:55:41 UTC completed_step=2272 elapsed_seconds=274.188 learning_rate=0.00037787
2026-09-21 01:55:43 UTC completed_step=2288 elapsed_seconds=275.883 learning_rate=0.000375141
2026-09-21 01:55:44 UTC completed_step=2304 elapsed_seconds=277.58 learning_rate=0.000372408
2026-09-21 01:55:46 UTC step=2304 elapsed_seconds=279.342 mean_loss=3.12165 errors=5208/10002 exact_sentences=1/1024
2026-09-21 01:55:48 UTC completed_step=2320 elapsed_seconds=281.125 learning_rate=0.000369671
2026-09-21 01:55:49 UTC completed_step=2336 elapsed_seconds=282.821 learning_rate=0.000366929
2026-09-21 01:55:51 UTC completed_step=2352 elapsed_seconds=284.515 learning_rate=0.000364183
2026-09-21 01:55:53 UTC completed_step=2368 elapsed_seconds=286.209 learning_rate=0.000361434
2026-09-21 01:55:55 UTC completed_step=2384 elapsed_seconds=287.904 learning_rate=0.000358682
2026-09-21 01:55:56 UTC completed_step=2400 elapsed_seconds=289.601 learning_rate=0.000355926
2026-09-21 01:55:58 UTC completed_step=2416 elapsed_seconds=291.298 learning_rate=0.000353168
2026-09-21 01:56:00 UTC completed_step=2432 elapsed_seconds=292.994 learning_rate=0.000350407
2026-09-21 01:56:01 UTC step=2432 elapsed_seconds=294.752 mean_loss=3.00591 errors=5022/10002 exact_sentences=3/1024
2026-09-21 01:56:03 UTC completed_step=2448 elapsed_seconds=296.452 learning_rate=0.000347644
2026-09-21 01:56:05 UTC completed_step=2464 elapsed_seconds=298.145 learning_rate=0.00034488
2026-09-21 01:56:06 UTC completed_step=2480 elapsed_seconds=299.841 learning_rate=0.000342113
2026-09-21 01:56:08 UTC completed_step=2496 elapsed_seconds=301.539 learning_rate=0.000339346
2026-09-21 01:56:10 UTC completed_step=2512 elapsed_seconds=303.233 learning_rate=0.000336577
2026-09-21 01:56:12 UTC completed_step=2528 elapsed_seconds=304.928 learning_rate=0.000333808
2026-09-21 01:56:13 UTC completed_step=2544 elapsed_seconds=306.625 learning_rate=0.000331039
2026-09-21 01:56:15 UTC completed_step=2560 elapsed_seconds=308.322 learning_rate=0.000328269
2026-09-21 01:56:17 UTC step=2560 elapsed_seconds=310.15 mean_loss=2.9036 errors=4844/10002 exact_sentences=5/1024
2026-09-21 01:56:20 UTC completed_step=2576 elapsed_seconds=313.465 learning_rate=0.000325499
2026-09-21 01:56:22 UTC completed_step=2592 elapsed_seconds=315.355 learning_rate=0.00032273
2026-09-21 01:56:24 UTC completed_step=2608 elapsed_seconds=317.347 learning_rate=0.000319962
2026-09-21 01:56:26 UTC completed_step=2624 elapsed_seconds=319.042 learning_rate=0.000317195
2026-09-21 01:56:27 UTC completed_step=2640 elapsed_seconds=320.74 learning_rate=0.000314429
2026-09-21 01:56:29 UTC completed_step=2656 elapsed_seconds=322.435 learning_rate=0.000311665
2026-09-21 01:56:31 UTC completed_step=2672 elapsed_seconds=324.131 learning_rate=0.000308902
2026-09-21 01:56:32 UTC completed_step=2688 elapsed_seconds=325.826 learning_rate=0.000306142
2026-09-21 01:56:34 UTC step=2688 elapsed_seconds=327.579 mean_loss=2.80936 errors=4678/10002 exact_sentences=5/1024
2026-09-21 01:56:36 UTC completed_step=2704 elapsed_seconds=329.278 learning_rate=0.000303385
2026-09-21 01:56:38 UTC completed_step=2720 elapsed_seconds=330.97 learning_rate=0.00030063
2026-09-21 01:56:39 UTC completed_step=2736 elapsed_seconds=332.664 learning_rate=0.000297878
2026-09-21 01:56:41 UTC completed_step=2752 elapsed_seconds=334.358 learning_rate=0.00029513
2026-09-21 01:56:43 UTC completed_step=2768 elapsed_seconds=336.054 learning_rate=0.000292385
2026-09-21 01:56:44 UTC completed_step=2784 elapsed_seconds=337.75 learning_rate=0.000289644
2026-09-21 01:56:46 UTC completed_step=2800 elapsed_seconds=339.444 learning_rate=0.000286908
2026-09-21 01:56:48 UTC completed_step=2816 elapsed_seconds=341.137 learning_rate=0.000284176
2026-09-21 01:56:50 UTC step=2816 elapsed_seconds=342.891 mean_loss=2.71215 errors=4503/10002 exact_sentences=4/1024
2026-09-21 01:56:51 UTC completed_step=2832 elapsed_seconds=344.589 learning_rate=0.000281449
2026-09-21 01:56:53 UTC completed_step=2848 elapsed_seconds=346.284 learning_rate=0.000278727
2026-09-21 01:56:55 UTC completed_step=2864 elapsed_seconds=347.98 learning_rate=0.00027601
2026-09-21 01:56:56 UTC completed_step=2880 elapsed_seconds=349.674 learning_rate=0.0002733
2026-09-21 01:56:58 UTC completed_step=2896 elapsed_seconds=351.367 learning_rate=0.000270595
2026-09-21 01:57:00 UTC completed_step=2912 elapsed_seconds=353.061 learning_rate=0.000267896
2026-09-21 01:57:01 UTC completed_step=2928 elapsed_seconds=354.755 learning_rate=0.000265204
2026-09-21 01:57:03 UTC completed_step=2944 elapsed_seconds=356.448 learning_rate=0.000262518
2026-09-21 01:57:05 UTC step=2944 elapsed_seconds=358.197 mean_loss=2.62937 errors=4328/10002 exact_sentences=9/1024
2026-09-21 01:57:07 UTC completed_step=2960 elapsed_seconds=359.896 learning_rate=0.00025984
2026-09-21 01:57:08 UTC completed_step=2976 elapsed_seconds=361.592 learning_rate=0.000257169
2026-09-21 01:57:10 UTC completed_step=2992 elapsed_seconds=363.288 learning_rate=0.000254506
2026-09-21 01:57:12 UTC completed_step=3008 elapsed_seconds=364.982 learning_rate=0.000251851
2026-09-21 01:57:13 UTC completed_step=3024 elapsed_seconds=366.675 learning_rate=0.000249204
2026-09-21 01:57:15 UTC completed_step=3040 elapsed_seconds=368.37 learning_rate=0.000246565
2026-09-21 01:57:17 UTC completed_step=3056 elapsed_seconds=370.066 learning_rate=0.000243936
2026-09-21 01:57:18 UTC completed_step=3072 elapsed_seconds=371.784 learning_rate=0.000241315
2026-09-21 01:57:20 UTC step=3072 elapsed_seconds=373.551 mean_loss=2.54591 errors=4245/10002 exact_sentences=8/1024
2026-09-21 01:57:22 UTC completed_step=3088 elapsed_seconds=375.255 learning_rate=0.000238704
2026-09-21 01:57:24 UTC completed_step=3104 elapsed_seconds=377.044 learning_rate=0.000236102
2026-09-21 01:57:26 UTC completed_step=3120 elapsed_seconds=379.067 learning_rate=0.00023351
2026-09-21 01:57:28 UTC completed_step=3136 elapsed_seconds=380.871 learning_rate=0.000230928
2026-09-21 01:57:29 UTC completed_step=3152 elapsed_seconds=382.695 learning_rate=0.000228357
2026-09-21 01:57:32 UTC completed_step=3168 elapsed_seconds=384.984 learning_rate=0.000225796
2026-09-21 01:57:33 UTC completed_step=3184 elapsed_seconds=386.792 learning_rate=0.000223247
2026-09-21 01:57:36 UTC completed_step=3200 elapsed_seconds=388.972 learning_rate=0.000220708
2026-09-21 01:57:37 UTC step=3200 elapsed_seconds=390.833 mean_loss=2.47485 errors=4062/10002 exact_sentences=10/1024
2026-09-21 01:57:39 UTC completed_step=3216 elapsed_seconds=392.722 learning_rate=0.000218182
2026-09-21 01:57:41 UTC completed_step=3232 elapsed_seconds=394.573 learning_rate=0.000215666
2026-09-21 01:57:43 UTC completed_step=3248 elapsed_seconds=396.452 learning_rate=0.000213163
2026-09-21 01:57:45 UTC completed_step=3264 elapsed_seconds=398.408 learning_rate=0.000210673
2026-09-21 01:57:47 UTC completed_step=3280 elapsed_seconds=400.642 learning_rate=0.000208194
2026-09-21 01:57:49 UTC completed_step=3296 elapsed_seconds=402.766 learning_rate=0.000205729
2026-09-21 01:57:51 UTC completed_step=3312 elapsed_seconds=404.616 learning_rate=0.000203277
2026-09-21 01:57:53 UTC completed_step=3328 elapsed_seconds=406.315 learning_rate=0.000200838
2026-09-21 01:57:55 UTC step=3328 elapsed_seconds=408.072 mean_loss=2.41145 errors=3920/10002 exact_sentences=11/1024
2026-09-21 01:57:56 UTC completed_step=3344 elapsed_seconds=409.777 learning_rate=0.000198412
2026-09-21 01:57:58 UTC completed_step=3360 elapsed_seconds=411.476 learning_rate=0.000196001
2026-09-21 01:58:00 UTC completed_step=3376 elapsed_seconds=413.174 learning_rate=0.000193603
2026-09-21 01:58:02 UTC completed_step=3392 elapsed_seconds=414.871 learning_rate=0.00019122
2026-09-21 01:58:03 UTC completed_step=3408 elapsed_seconds=416.566 learning_rate=0.000188852
2026-09-21 01:58:05 UTC completed_step=3424 elapsed_seconds=418.264 learning_rate=0.000186498
2026-09-21 01:58:07 UTC completed_step=3440 elapsed_seconds=419.961 learning_rate=0.000184159
2026-09-21 01:58:08 UTC completed_step=3456 elapsed_seconds=421.656 learning_rate=0.000181836
2026-09-21 01:58:10 UTC step=3456 elapsed_seconds=423.413 mean_loss=2.34502 errors=3847/10002 exact_sentences=13/1024
2026-09-21 01:58:12 UTC completed_step=3472 elapsed_seconds=425.113 learning_rate=0.000179529
2026-09-21 01:58:13 UTC completed_step=3488 elapsed_seconds=426.807 learning_rate=0.000177237
2026-09-21 01:58:15 UTC completed_step=3504 elapsed_seconds=428.503 learning_rate=0.000174961
2026-09-21 01:58:17 UTC completed_step=3520 elapsed_seconds=430.197 learning_rate=0.000172702
2026-09-21 01:58:19 UTC completed_step=3536 elapsed_seconds=431.891 learning_rate=0.000170459
2026-09-21 01:58:20 UTC completed_step=3552 elapsed_seconds=433.586 learning_rate=0.000168233
2026-09-21 01:58:22 UTC completed_step=3568 elapsed_seconds=435.281 learning_rate=0.000166024
2026-09-21 01:58:24 UTC completed_step=3584 elapsed_seconds=436.974 learning_rate=0.000163832
2026-09-21 01:58:25 UTC step=3584 elapsed_seconds=438.753 mean_loss=2.29086 errors=3612/10002 exact_sentences=18/1024
2026-09-21 01:58:27 UTC completed_step=3600 elapsed_seconds=440.455 learning_rate=0.000161658
2026-09-21 01:58:29 UTC completed_step=3616 elapsed_seconds=442.149 learning_rate=0.000159501
2026-09-21 01:58:30 UTC completed_step=3632 elapsed_seconds=443.843 learning_rate=0.000157363
2026-09-21 01:58:32 UTC completed_step=3648 elapsed_seconds=445.538 learning_rate=0.000155242
2026-09-21 01:58:34 UTC completed_step=3664 elapsed_seconds=447.234 learning_rate=0.00015314
2026-09-21 01:58:36 UTC completed_step=3680 elapsed_seconds=448.93 learning_rate=0.000151057
2026-09-21 01:58:37 UTC completed_step=3696 elapsed_seconds=450.626 learning_rate=0.000148992
2026-09-21 01:58:39 UTC completed_step=3712 elapsed_seconds=452.322 learning_rate=0.000146946
2026-09-21 01:58:41 UTC step=3712 elapsed_seconds=454.078 mean_loss=2.23574 errors=3533/10002 exact_sentences=22/1024
2026-09-21 01:58:42 UTC completed_step=3728 elapsed_seconds=455.779 learning_rate=0.00014492
2026-09-21 01:58:44 UTC completed_step=3744 elapsed_seconds=457.473 learning_rate=0.000142913
2026-09-21 01:58:46 UTC completed_step=3760 elapsed_seconds=459.169 learning_rate=0.000140926
2026-09-21 01:58:48 UTC completed_step=3776 elapsed_seconds=460.863 learning_rate=0.000138959
2026-09-21 01:58:49 UTC completed_step=3792 elapsed_seconds=462.558 learning_rate=0.000137012
2026-09-21 01:58:51 UTC completed_step=3808 elapsed_seconds=464.252 learning_rate=0.000135085
2026-09-21 01:58:53 UTC completed_step=3824 elapsed_seconds=465.946 learning_rate=0.000133178
2026-09-21 01:58:54 UTC completed_step=3840 elapsed_seconds=467.642 learning_rate=0.000131293
2026-09-21 01:58:56 UTC step=3840 elapsed_seconds=469.396 mean_loss=2.18662 errors=3438/10002 exact_sentences=24/1024
2026-09-21 01:58:58 UTC completed_step=3856 elapsed_seconds=471.097 learning_rate=0.000129428
2026-09-21 01:58:59 UTC completed_step=3872 elapsed_seconds=472.793 learning_rate=0.000127585
2026-09-21 01:59:01 UTC completed_step=3888 elapsed_seconds=474.645 learning_rate=0.000125762
2026-09-21 01:59:03 UTC completed_step=3904 elapsed_seconds=476.343 learning_rate=0.000123961
2026-09-21 01:59:05 UTC completed_step=3920 elapsed_seconds=478.038 learning_rate=0.000122182
2026-09-21 01:59:06 UTC completed_step=3936 elapsed_seconds=479.735 learning_rate=0.000120425
2026-09-21 01:59:08 UTC completed_step=3952 elapsed_seconds=481.43 learning_rate=0.00011869
2026-09-21 01:59:10 UTC completed_step=3968 elapsed_seconds=483.124 learning_rate=0.000116977
2026-09-21 01:59:12 UTC step=3968 elapsed_seconds=484.881 mean_loss=2.14304 errors=3345/10002 exact_sentences=30/1024
2026-09-21 01:59:13 UTC completed_step=3984 elapsed_seconds=486.582 learning_rate=0.000115286
2026-09-21 01:59:15 UTC completed_step=4000 elapsed_seconds=488.277 learning_rate=0.000113618
2026-09-21 01:59:17 UTC completed_step=4016 elapsed_seconds=489.974 learning_rate=0.000111973
2026-09-21 01:59:18 UTC completed_step=4032 elapsed_seconds=491.67 learning_rate=0.000110351
2026-09-21 01:59:20 UTC completed_step=4048 elapsed_seconds=493.365 learning_rate=0.000108752
2026-09-21 01:59:22 UTC completed_step=4064 elapsed_seconds=495.059 learning_rate=0.000107176
2026-09-21 01:59:23 UTC completed_step=4080 elapsed_seconds=496.753 learning_rate=0.000105623
2026-09-21 01:59:25 UTC completed_step=4096 elapsed_seconds=498.449 learning_rate=0.000104095
2026-09-21 01:59:27 UTC step=4096 elapsed_seconds=500.204 mean_loss=2.10271 errors=3306/10002 exact_sentences=30/1024
2026-09-21 01:59:29 UTC completed_step=4112 elapsed_seconds=501.908 learning_rate=0.00010259
2026-09-21 01:59:30 UTC completed_step=4128 elapsed_seconds=503.607 learning_rate=0.000101109
2026-09-21 01:59:32 UTC completed_step=4144 elapsed_seconds=505.303 learning_rate=9.96516e-05
2026-09-21 01:59:34 UTC completed_step=4160 elapsed_seconds=506.999 learning_rate=9.82188e-05
2026-09-21 01:59:35 UTC completed_step=4176 elapsed_seconds=508.694 learning_rate=9.68105e-05
2026-09-21 01:59:37 UTC completed_step=4192 elapsed_seconds=510.389 learning_rate=9.54266e-05
2026-09-21 01:59:39 UTC completed_step=4208 elapsed_seconds=512.085 learning_rate=9.40675e-05
2026-09-21 01:59:40 UTC completed_step=4224 elapsed_seconds=513.781 learning_rate=9.27331e-05
2026-09-21 01:59:42 UTC step=4224 elapsed_seconds=515.543 mean_loss=2.06727 errors=3224/10002 exact_sentences=31/1024
2026-09-21 01:59:44 UTC completed_step=4240 elapsed_seconds=517.243 learning_rate=9.14238e-05
2026-09-21 01:59:46 UTC completed_step=4256 elapsed_seconds=518.938 learning_rate=9.01395e-05
2026-09-21 01:59:47 UTC completed_step=4272 elapsed_seconds=520.635 learning_rate=8.88805e-05
2026-09-21 01:59:49 UTC completed_step=4288 elapsed_seconds=522.33 learning_rate=8.76469e-05
2026-09-21 01:59:51 UTC completed_step=4304 elapsed_seconds=524.026 learning_rate=8.64388e-05
2026-09-21 01:59:52 UTC completed_step=4320 elapsed_seconds=525.72 learning_rate=8.52563e-05
2026-09-21 01:59:54 UTC completed_step=4336 elapsed_seconds=527.415 learning_rate=8.40995e-05
2026-09-21 01:59:56 UTC completed_step=4352 elapsed_seconds=529.11 learning_rate=8.29687e-05
2026-09-21 01:59:58 UTC step=4352 elapsed_seconds=530.871 mean_loss=2.03585 errors=3129/10002 exact_sentences=33/1024
2026-09-21 01:59:59 UTC completed_step=4368 elapsed_seconds=532.572 learning_rate=8.18638e-05
2026-09-21 02:00:01 UTC completed_step=4384 elapsed_seconds=534.266 learning_rate=8.0785e-05
2026-09-21 02:00:03 UTC completed_step=4400 elapsed_seconds=535.961 learning_rate=7.97325e-05
2026-09-21 02:00:04 UTC completed_step=4416 elapsed_seconds=537.658 learning_rate=7.87063e-05
2026-09-21 02:00:06 UTC completed_step=4432 elapsed_seconds=539.356 learning_rate=7.77065e-05
2026-09-21 02:00:08 UTC completed_step=4448 elapsed_seconds=541.053 learning_rate=7.67333e-05
2026-09-21 02:00:09 UTC completed_step=4464 elapsed_seconds=542.752 learning_rate=7.57867e-05
2026-09-21 02:00:11 UTC completed_step=4480 elapsed_seconds=544.448 learning_rate=7.48669e-05
2026-09-21 02:00:13 UTC step=4480 elapsed_seconds=546.204 mean_loss=2.00722 errors=3073/10002 exact_sentences=38/1024
2026-09-21 02:00:15 UTC completed_step=4496 elapsed_seconds=547.906 learning_rate=7.3974e-05
2026-09-21 02:00:16 UTC completed_step=4512 elapsed_seconds=549.602 learning_rate=7.3108e-05
2026-09-21 02:00:18 UTC completed_step=4528 elapsed_seconds=551.301 learning_rate=7.2269e-05
2026-09-21 02:00:20 UTC completed_step=4544 elapsed_seconds=552.999 learning_rate=7.14571e-05
2026-09-21 02:00:21 UTC completed_step=4560 elapsed_seconds=554.695 learning_rate=7.06725e-05
2026-09-21 02:00:23 UTC completed_step=4576 elapsed_seconds=556.39 learning_rate=6.99151e-05
2026-09-21 02:00:25 UTC completed_step=4592 elapsed_seconds=558.084 learning_rate=6.91851e-05
2026-09-21 02:00:26 UTC completed_step=4608 elapsed_seconds=559.779 learning_rate=6.84825e-05
2026-09-21 02:00:28 UTC step=4608 elapsed_seconds=561.545 mean_loss=1.98171 errors=3027/10002 exact_sentences=39/1024
2026-09-21 02:00:30 UTC completed_step=4624 elapsed_seconds=563.249 learning_rate=6.78075e-05
2026-09-21 02:00:32 UTC completed_step=4640 elapsed_seconds=564.944 learning_rate=6.71601e-05
2026-09-21 02:00:33 UTC completed_step=4656 elapsed_seconds=566.64 learning_rate=6.65403e-05
2026-09-21 02:00:35 UTC completed_step=4672 elapsed_seconds=568.335 learning_rate=6.59482e-05
2026-09-21 02:00:37 UTC completed_step=4688 elapsed_seconds=570.03 learning_rate=6.5384e-05
2026-09-21 02:00:38 UTC completed_step=4704 elapsed_seconds=571.724 learning_rate=6.48475e-05
2026-09-21 02:00:40 UTC completed_step=4720 elapsed_seconds=573.419 learning_rate=6.4339e-05
2026-09-21 02:00:42 UTC completed_step=4736 elapsed_seconds=575.116 learning_rate=6.38584e-05
2026-09-21 02:00:44 UTC step=4736 elapsed_seconds=576.867 mean_loss=1.95953 errors=3008/10002 exact_sentences=37/1024
2026-09-21 02:00:45 UTC completed_step=4752 elapsed_seconds=578.566 learning_rate=6.34059e-05
2026-09-21 02:00:47 UTC completed_step=4768 elapsed_seconds=580.262 learning_rate=6.29814e-05
2026-09-21 02:00:49 UTC completed_step=4784 elapsed_seconds=581.958 learning_rate=6.2585e-05
2026-09-21 02:00:50 UTC completed_step=4800 elapsed_seconds=583.653 learning_rate=6.22167e-05
2026-09-21 02:00:52 UTC completed_step=4816 elapsed_seconds=585.347 learning_rate=6.18766e-05
2026-09-21 02:00:54 UTC completed_step=4832 elapsed_seconds=587.042 learning_rate=6.15647e-05
2026-09-21 02:00:55 UTC completed_step=4848 elapsed_seconds=588.738 learning_rate=6.12811e-05
2026-09-21 02:00:57 UTC completed_step=4864 elapsed_seconds=590.435 learning_rate=6.10258e-05
2026-09-21 02:00:59 UTC step=4864 elapsed_seconds=592.192 mean_loss=1.93694 errors=2919/10002 exact_sentences=40/1024
2026-09-21 02:01:01 UTC completed_step=4880 elapsed_seconds=593.895 learning_rate=6.07987e-05
2026-09-21 02:01:02 UTC completed_step=4896 elapsed_seconds=595.593 learning_rate=6.06e-05
2026-09-21 02:01:04 UTC completed_step=4912 elapsed_seconds=597.289 learning_rate=6.04296e-05
2026-09-21 02:01:06 UTC completed_step=4928 elapsed_seconds=598.988 learning_rate=6.02876e-05
2026-09-21 02:01:07 UTC completed_step=4944 elapsed_seconds=600.688 learning_rate=6.0174e-05
2026-09-21 02:01:09 UTC completed_step=4960 elapsed_seconds=602.383 learning_rate=6.00888e-05
2026-09-21 02:01:11 UTC completed_step=4976 elapsed_seconds=604.079 learning_rate=6.0032e-05
2026-09-21 02:01:12 UTC completed_step=4992 elapsed_seconds=605.774 learning_rate=6.00036e-05
2026-09-21 02:01:14 UTC step=4992 elapsed_seconds=607.528 mean_loss=1.91521 errors=2879/10002 exact_sentences=41/1024
2026-09-21 02:01:17 UTC step=5000 elapsed_seconds=610.152 mean_loss=1.91381 errors=2891/10002 exact_sentences=43/1024
2026-09-21 02:01:19 UTC step=5000 elapsed_seconds=611.943 mean_loss=1.91381 errors=2891/10002 exact_sentences=43/1024
BUDGET_EXHAUSTED checkpoint=/home/ubuntu/checkpoints/memorize_general_facts/width_depth_coarse_0/width_32/layers_7/step_5000
