layers=2 width=64 heads=1 feed_forward_width=256 parameters=3383040 samples=1024 scored_targets=10002
2026-09-21 01:08:02 UTC step=0 elapsed_seconds=1.67581 mean_loss=10.8524 errors=10002/10002 exact_sentences=0/1024
2026-09-21 01:08:04 UTC completed_step=16 elapsed_seconds=2.98182 learning_rate=9.6e-05
2026-09-21 01:08:05 UTC completed_step=32 elapsed_seconds=4.0727 learning_rate=0.000192
2026-09-21 01:08:06 UTC completed_step=48 elapsed_seconds=5.16318 learning_rate=0.000288
2026-09-21 01:08:07 UTC completed_step=64 elapsed_seconds=6.25707 learning_rate=0.000384
2026-09-21 01:08:08 UTC completed_step=80 elapsed_seconds=7.34979 learning_rate=0.00048
2026-09-21 01:08:09 UTC completed_step=96 elapsed_seconds=8.44379 learning_rate=0.000576
2026-09-21 01:08:10 UTC completed_step=112 elapsed_seconds=9.53288 learning_rate=0.000599992
2026-09-21 01:08:11 UTC completed_step=128 elapsed_seconds=10.6227 learning_rate=0.000599956
2026-09-21 01:08:13 UTC step=128 elapsed_seconds=12.2962 mean_loss=6.73764 errors=7954/10002 exact_sentences=1/1024
2026-09-21 01:08:14 UTC completed_step=144 elapsed_seconds=13.3919 learning_rate=0.000599893
2026-09-21 01:08:15 UTC completed_step=160 elapsed_seconds=14.4809 learning_rate=0.0005998
2026-09-21 01:08:16 UTC completed_step=176 elapsed_seconds=15.5709 learning_rate=0.00059968
2026-09-21 01:08:17 UTC completed_step=192 elapsed_seconds=16.6607 learning_rate=0.00059953
2026-09-21 01:08:18 UTC completed_step=208 elapsed_seconds=17.7542 learning_rate=0.000599353
2026-09-21 01:08:19 UTC completed_step=224 elapsed_seconds=18.8471 learning_rate=0.000599147
2026-09-21 01:08:21 UTC completed_step=240 elapsed_seconds=19.9395 learning_rate=0.000598913
2026-09-21 01:08:22 UTC completed_step=256 elapsed_seconds=21.0323 learning_rate=0.000598651
2026-09-21 01:08:23 UTC step=256 elapsed_seconds=22.695 mean_loss=5.61871 errors=7652/10002 exact_sentences=1/1024
2026-09-21 01:08:24 UTC completed_step=272 elapsed_seconds=23.7924 learning_rate=0.00059836
2026-09-21 01:08:25 UTC completed_step=288 elapsed_seconds=24.8835 learning_rate=0.000598041
2026-09-21 01:08:27 UTC completed_step=304 elapsed_seconds=25.9762 learning_rate=0.000597694
2026-09-21 01:08:28 UTC completed_step=320 elapsed_seconds=27.0695 learning_rate=0.000597319
2026-09-21 01:08:29 UTC completed_step=336 elapsed_seconds=28.1619 learning_rate=0.000596915
2026-09-21 01:08:30 UTC completed_step=352 elapsed_seconds=29.2517 learning_rate=0.000596484
2026-09-21 01:08:31 UTC completed_step=368 elapsed_seconds=30.3414 learning_rate=0.000596024
2026-09-21 01:08:32 UTC completed_step=384 elapsed_seconds=31.43 learning_rate=0.000595536
2026-09-21 01:08:34 UTC step=384 elapsed_seconds=33.0979 mean_loss=5.19621 errors=7344/10002 exact_sentences=1/1024
2026-09-21 01:08:35 UTC completed_step=400 elapsed_seconds=34.1917 learning_rate=0.000595021
2026-09-21 01:08:36 UTC completed_step=416 elapsed_seconds=35.2807 learning_rate=0.000594478
2026-09-21 01:08:37 UTC completed_step=432 elapsed_seconds=36.3707 learning_rate=0.000593906
2026-09-21 01:08:38 UTC completed_step=448 elapsed_seconds=37.4644 learning_rate=0.000593307
2026-09-21 01:08:39 UTC completed_step=464 elapsed_seconds=38.5567 learning_rate=0.000592681
2026-09-21 01:08:40 UTC completed_step=480 elapsed_seconds=39.6497 learning_rate=0.000592026
2026-09-21 01:08:41 UTC completed_step=496 elapsed_seconds=40.7433 learning_rate=0.000591344
2026-09-21 01:08:42 UTC completed_step=512 elapsed_seconds=41.8378 learning_rate=0.000590635
2026-09-21 01:08:44 UTC step=512 elapsed_seconds=43.5166 mean_loss=4.7993 errors=6983/10002 exact_sentences=1/1024
2026-09-21 01:08:45 UTC completed_step=528 elapsed_seconds=44.6191 learning_rate=0.000589898
2026-09-21 01:08:46 UTC completed_step=544 elapsed_seconds=45.7104 learning_rate=0.000589134
2026-09-21 01:08:47 UTC completed_step=560 elapsed_seconds=46.8018 learning_rate=0.000588342
2026-09-21 01:08:48 UTC completed_step=576 elapsed_seconds=47.8921 learning_rate=0.000587524
2026-09-21 01:08:50 UTC completed_step=592 elapsed_seconds=48.982 learning_rate=0.000586678
2026-09-21 01:08:51 UTC completed_step=608 elapsed_seconds=50.0712 learning_rate=0.000585805
2026-09-21 01:08:52 UTC completed_step=624 elapsed_seconds=51.1626 learning_rate=0.000584906
2026-09-21 01:08:53 UTC completed_step=640 elapsed_seconds=52.2534 learning_rate=0.000583979
2026-09-21 01:08:55 UTC step=640 elapsed_seconds=53.9107 mean_loss=4.41504 errors=6590/10002 exact_sentences=1/1024
2026-09-21 01:08:56 UTC completed_step=656 elapsed_seconds=55.0122 learning_rate=0.000583026
2026-09-21 01:08:57 UTC completed_step=672 elapsed_seconds=56.1087 learning_rate=0.000582046
2026-09-21 01:08:58 UTC completed_step=688 elapsed_seconds=57.2007 learning_rate=0.00058104
2026-09-21 01:08:59 UTC completed_step=704 elapsed_seconds=58.2908 learning_rate=0.000580007
2026-09-21 01:09:00 UTC completed_step=720 elapsed_seconds=59.3813 learning_rate=0.000578948
2026-09-21 01:09:01 UTC completed_step=736 elapsed_seconds=60.4738 learning_rate=0.000577862
2026-09-21 01:09:02 UTC completed_step=752 elapsed_seconds=61.5672 learning_rate=0.000576751
2026-09-21 01:09:03 UTC completed_step=768 elapsed_seconds=62.6618 learning_rate=0.000575614
2026-09-21 01:09:05 UTC step=768 elapsed_seconds=64.324 mean_loss=4.0275 errors=6152/10002 exact_sentences=1/1024
2026-09-21 01:09:06 UTC completed_step=784 elapsed_seconds=65.4209 learning_rate=0.000574451
2026-09-21 01:09:07 UTC completed_step=800 elapsed_seconds=66.5109 learning_rate=0.000573262
2026-09-21 01:09:08 UTC completed_step=816 elapsed_seconds=67.6006 learning_rate=0.000572047
2026-09-21 01:09:09 UTC completed_step=832 elapsed_seconds=68.6934 learning_rate=0.000570807
2026-09-21 01:09:10 UTC completed_step=848 elapsed_seconds=69.7846 learning_rate=0.000569542
2026-09-21 01:09:11 UTC completed_step=864 elapsed_seconds=70.8766 learning_rate=0.000568251
2026-09-21 01:09:13 UTC completed_step=880 elapsed_seconds=71.9693 learning_rate=0.000566936
2026-09-21 01:09:14 UTC completed_step=896 elapsed_seconds=73.0609 learning_rate=0.000565595
2026-09-21 01:09:15 UTC step=896 elapsed_seconds=74.722 mean_loss=3.67512 errors=5710/10002 exact_sentences=1/1024
2026-09-21 01:09:16 UTC completed_step=912 elapsed_seconds=75.8193 learning_rate=0.00056423
2026-09-21 01:09:18 UTC completed_step=928 elapsed_seconds=76.9107 learning_rate=0.00056284
2026-09-21 01:09:19 UTC completed_step=944 elapsed_seconds=78.0038 learning_rate=0.000561425
2026-09-21 01:09:20 UTC completed_step=960 elapsed_seconds=79.0973 learning_rate=0.000559986
2026-09-21 01:09:21 UTC completed_step=976 elapsed_seconds=80.1878 learning_rate=0.000558523
2026-09-21 01:09:22 UTC completed_step=992 elapsed_seconds=81.2797 learning_rate=0.000557036
2026-09-21 01:09:23 UTC completed_step=1008 elapsed_seconds=82.3708 learning_rate=0.000555525
2026-09-21 01:09:24 UTC completed_step=1024 elapsed_seconds=83.4625 learning_rate=0.000553991
2026-09-21 01:09:26 UTC step=1024 elapsed_seconds=85.1216 mean_loss=3.34466 errors=5327/10002 exact_sentences=1/1024
2026-09-21 01:09:27 UTC completed_step=1040 elapsed_seconds=86.2212 learning_rate=0.000552432
2026-09-21 01:09:28 UTC completed_step=1056 elapsed_seconds=87.3134 learning_rate=0.000550851
2026-09-21 01:09:29 UTC completed_step=1072 elapsed_seconds=88.4041 learning_rate=0.000549246
2026-09-21 01:09:30 UTC completed_step=1088 elapsed_seconds=89.4964 learning_rate=0.000547618
2026-09-21 01:09:31 UTC completed_step=1104 elapsed_seconds=90.5868 learning_rate=0.000545967
2026-09-21 01:09:32 UTC completed_step=1120 elapsed_seconds=91.6779 learning_rate=0.000544293
2026-09-21 01:09:33 UTC completed_step=1136 elapsed_seconds=92.7695 learning_rate=0.000542597
2026-09-21 01:09:34 UTC completed_step=1152 elapsed_seconds=93.8624 learning_rate=0.000540878
2026-09-21 01:09:36 UTC step=1152 elapsed_seconds=95.5543 mean_loss=3.03585 errors=4840/10002 exact_sentences=2/1024
2026-09-21 01:09:37 UTC completed_step=1168 elapsed_seconds=96.6509 learning_rate=0.000539138
2026-09-21 01:09:38 UTC completed_step=1184 elapsed_seconds=97.7416 learning_rate=0.000537375
2026-09-21 01:09:39 UTC completed_step=1200 elapsed_seconds=98.8309 learning_rate=0.00053559
2026-09-21 01:09:41 UTC completed_step=1216 elapsed_seconds=99.9234 learning_rate=0.000533784
2026-09-21 01:09:42 UTC completed_step=1232 elapsed_seconds=101.017 learning_rate=0.000531957
2026-09-21 01:09:43 UTC completed_step=1248 elapsed_seconds=102.109 learning_rate=0.000530108
2026-09-21 01:09:44 UTC completed_step=1264 elapsed_seconds=103.2 learning_rate=0.000528238
2026-09-21 01:09:45 UTC completed_step=1280 elapsed_seconds=104.29 learning_rate=0.000526347
2026-09-21 01:09:47 UTC step=1280 elapsed_seconds=105.964 mean_loss=2.72822 errors=4196/10002 exact_sentences=5/1024
2026-09-21 01:09:48 UTC completed_step=1296 elapsed_seconds=107.06 learning_rate=0.000524435
2026-09-21 01:09:49 UTC completed_step=1312 elapsed_seconds=108.151 learning_rate=0.000522503
2026-09-21 01:09:50 UTC completed_step=1328 elapsed_seconds=109.244 learning_rate=0.000520551
2026-09-21 01:09:51 UTC completed_step=1344 elapsed_seconds=110.34 learning_rate=0.000518579
2026-09-21 01:09:52 UTC completed_step=1360 elapsed_seconds=111.432 learning_rate=0.000516587
2026-09-21 01:09:53 UTC completed_step=1376 elapsed_seconds=112.522 learning_rate=0.000514575
2026-09-21 01:09:54 UTC completed_step=1392 elapsed_seconds=113.612 learning_rate=0.000512544
2026-09-21 01:09:55 UTC completed_step=1408 elapsed_seconds=114.701 learning_rate=0.000510494
2026-09-21 01:09:57 UTC step=1408 elapsed_seconds=116.37 mean_loss=2.42524 errors=3761/10002 exact_sentences=7/1024
2026-09-21 01:09:58 UTC completed_step=1424 elapsed_seconds=117.466 learning_rate=0.000508424
2026-09-21 01:09:59 UTC completed_step=1440 elapsed_seconds=118.558 learning_rate=0.000506336
2026-09-21 01:10:00 UTC completed_step=1456 elapsed_seconds=119.65 learning_rate=0.00050423
2026-09-21 01:10:01 UTC completed_step=1472 elapsed_seconds=120.74 learning_rate=0.000502104
2026-09-21 01:10:02 UTC completed_step=1488 elapsed_seconds=121.831 learning_rate=0.000499961
2026-09-21 01:10:04 UTC completed_step=1504 elapsed_seconds=122.923 learning_rate=0.0004978
2026-09-21 01:10:05 UTC completed_step=1520 elapsed_seconds=124.013 learning_rate=0.000495622
2026-09-21 01:10:06 UTC completed_step=1536 elapsed_seconds=125.103 learning_rate=0.000493426
2026-09-21 01:10:07 UTC step=1536 elapsed_seconds=126.767 mean_loss=2.15387 errors=3272/10002 exact_sentences=16/1024
2026-09-21 01:10:08 UTC completed_step=1552 elapsed_seconds=127.866 learning_rate=0.000491212
2026-09-21 01:10:10 UTC completed_step=1568 elapsed_seconds=128.956 learning_rate=0.000488982
2026-09-21 01:10:11 UTC completed_step=1584 elapsed_seconds=130.047 learning_rate=0.000486735
2026-09-21 01:10:12 UTC completed_step=1600 elapsed_seconds=131.137 learning_rate=0.000484472
2026-09-21 01:10:13 UTC completed_step=1616 elapsed_seconds=132.227 learning_rate=0.000482192
2026-09-21 01:10:14 UTC completed_step=1632 elapsed_seconds=133.317 learning_rate=0.000479896
2026-09-21 01:10:15 UTC completed_step=1648 elapsed_seconds=134.407 learning_rate=0.000477584
2026-09-21 01:10:16 UTC completed_step=1664 elapsed_seconds=135.5 learning_rate=0.000475257
2026-09-21 01:10:18 UTC step=1664 elapsed_seconds=137.161 mean_loss=1.89726 errors=2943/10002 exact_sentences=34/1024
2026-09-21 01:10:19 UTC completed_step=1680 elapsed_seconds=138.256 learning_rate=0.000472915
2026-09-21 01:10:20 UTC completed_step=1696 elapsed_seconds=139.346 learning_rate=0.000470558
2026-09-21 01:10:21 UTC completed_step=1712 elapsed_seconds=140.435 learning_rate=0.000468185
2026-09-21 01:10:22 UTC completed_step=1728 elapsed_seconds=141.525 learning_rate=0.000465799
2026-09-21 01:10:23 UTC completed_step=1744 elapsed_seconds=142.614 learning_rate=0.000463398
2026-09-21 01:10:24 UTC completed_step=1760 elapsed_seconds=143.703 learning_rate=0.000460983
2026-09-21 01:10:25 UTC completed_step=1776 elapsed_seconds=144.792 learning_rate=0.000458554
2026-09-21 01:10:26 UTC completed_step=1792 elapsed_seconds=145.881 learning_rate=0.000456112
2026-09-21 01:10:28 UTC step=1792 elapsed_seconds=147.545 mean_loss=1.64852 errors=2466/10002 exact_sentences=61/1024
2026-09-21 01:10:29 UTC completed_step=1808 elapsed_seconds=148.644 learning_rate=0.000453656
2026-09-21 01:10:30 UTC completed_step=1824 elapsed_seconds=149.737 learning_rate=0.000451187
2026-09-21 01:10:31 UTC completed_step=1840 elapsed_seconds=150.83 learning_rate=0.000448706
2026-09-21 01:10:33 UTC completed_step=1856 elapsed_seconds=151.927 learning_rate=0.000446212
2026-09-21 01:10:34 UTC completed_step=1872 elapsed_seconds=153.024 learning_rate=0.000443706
2026-09-21 01:10:35 UTC completed_step=1888 elapsed_seconds=154.122 learning_rate=0.000441188
2026-09-21 01:10:36 UTC completed_step=1904 elapsed_seconds=155.215 learning_rate=0.000438658
2026-09-21 01:10:37 UTC completed_step=1920 elapsed_seconds=156.307 learning_rate=0.000436117
2026-09-21 01:10:39 UTC step=1920 elapsed_seconds=157.972 mean_loss=1.42325 errors=1989/10002 exact_sentences=128/1024
2026-09-21 01:10:40 UTC completed_step=1936 elapsed_seconds=159.068 learning_rate=0.000433564
2026-09-21 01:10:41 UTC completed_step=1952 elapsed_seconds=160.159 learning_rate=0.000431001
2026-09-21 01:10:42 UTC completed_step=1968 elapsed_seconds=161.25 learning_rate=0.000428427
2026-09-21 01:10:43 UTC completed_step=1984 elapsed_seconds=162.339 learning_rate=0.000425843
2026-09-21 01:10:44 UTC completed_step=2000 elapsed_seconds=163.43 learning_rate=0.000423249
2026-09-21 01:10:45 UTC completed_step=2016 elapsed_seconds=164.522 learning_rate=0.000420644
2026-09-21 01:10:46 UTC completed_step=2032 elapsed_seconds=165.614 learning_rate=0.000418031
2026-09-21 01:10:47 UTC completed_step=2048 elapsed_seconds=166.703 learning_rate=0.000415408
2026-09-21 01:10:49 UTC step=2048 elapsed_seconds=168.364 mean_loss=1.22302 errors=1740/10002 exact_sentences=172/1024
2026-09-21 01:10:50 UTC completed_step=2064 elapsed_seconds=169.463 learning_rate=0.000412776
2026-09-21 01:10:51 UTC completed_step=2080 elapsed_seconds=170.553 learning_rate=0.000410135
2026-09-21 01:10:52 UTC completed_step=2096 elapsed_seconds=171.644 learning_rate=0.000407486
2026-09-21 01:10:53 UTC completed_step=2112 elapsed_seconds=172.734 learning_rate=0.000404829
2026-09-21 01:10:54 UTC completed_step=2128 elapsed_seconds=173.824 learning_rate=0.000402164
2026-09-21 01:10:56 UTC completed_step=2144 elapsed_seconds=174.914 learning_rate=0.000399491
2026-09-21 01:10:57 UTC completed_step=2160 elapsed_seconds=176.005 learning_rate=0.000396811
2026-09-21 01:10:58 UTC completed_step=2176 elapsed_seconds=177.098 learning_rate=0.000394124
2026-09-21 01:10:59 UTC step=2176 elapsed_seconds=178.755 mean_loss=1.04213 errors=1334/10002 exact_sentences=280/1024
2026-09-21 01:11:00 UTC completed_step=2192 elapsed_seconds=179.85 learning_rate=0.00039143
2026-09-21 01:11:02 UTC completed_step=2208 elapsed_seconds=180.938 learning_rate=0.00038873
2026-09-21 01:11:03 UTC completed_step=2224 elapsed_seconds=182.028 learning_rate=0.000386023
2026-09-21 01:11:04 UTC completed_step=2240 elapsed_seconds=183.117 learning_rate=0.000383311
2026-09-21 01:11:05 UTC completed_step=2256 elapsed_seconds=184.207 learning_rate=0.000380593
2026-09-21 01:11:06 UTC completed_step=2272 elapsed_seconds=185.301 learning_rate=0.00037787
2026-09-21 01:11:07 UTC completed_step=2288 elapsed_seconds=186.395 learning_rate=0.000375141
2026-09-21 01:11:08 UTC completed_step=2304 elapsed_seconds=187.487 learning_rate=0.000372408
2026-09-21 01:11:10 UTC step=2304 elapsed_seconds=189.157 mean_loss=0.878814 errors=972/10002 exact_sentences=405/1024
2026-09-21 01:11:11 UTC completed_step=2320 elapsed_seconds=190.252 learning_rate=0.000369671
2026-09-21 01:11:12 UTC completed_step=2336 elapsed_seconds=191.343 learning_rate=0.000366929
2026-09-21 01:11:13 UTC completed_step=2352 elapsed_seconds=192.431 learning_rate=0.000364183
2026-09-21 01:11:14 UTC completed_step=2368 elapsed_seconds=193.522 learning_rate=0.000361434
2026-09-21 01:11:15 UTC completed_step=2384 elapsed_seconds=194.612 learning_rate=0.000358682
2026-09-21 01:11:16 UTC completed_step=2400 elapsed_seconds=195.702 learning_rate=0.000355926
2026-09-21 01:11:17 UTC completed_step=2416 elapsed_seconds=196.793 learning_rate=0.000353168
2026-09-21 01:11:18 UTC completed_step=2432 elapsed_seconds=197.883 learning_rate=0.000350407
2026-09-21 01:11:20 UTC step=2432 elapsed_seconds=199.543 mean_loss=0.727468 errors=630/10002 exact_sentences=569/1024
2026-09-21 01:11:21 UTC completed_step=2448 elapsed_seconds=200.638 learning_rate=0.000347644
2026-09-21 01:11:22 UTC completed_step=2464 elapsed_seconds=201.728 learning_rate=0.00034488
2026-09-21 01:11:23 UTC completed_step=2480 elapsed_seconds=202.818 learning_rate=0.000342113
2026-09-21 01:11:24 UTC completed_step=2496 elapsed_seconds=203.908 learning_rate=0.000339346
2026-09-21 01:11:26 UTC completed_step=2512 elapsed_seconds=204.997 learning_rate=0.000336577
2026-09-21 01:11:27 UTC completed_step=2528 elapsed_seconds=206.089 learning_rate=0.000333808
2026-09-21 01:11:28 UTC completed_step=2544 elapsed_seconds=207.178 learning_rate=0.000331039
2026-09-21 01:11:29 UTC completed_step=2560 elapsed_seconds=208.269 learning_rate=0.000328269
2026-09-21 01:11:31 UTC step=2560 elapsed_seconds=209.929 mean_loss=0.610046 errors=489/10002 exact_sentences=653/1024
2026-09-21 01:11:32 UTC completed_step=2576 elapsed_seconds=211.029 learning_rate=0.000325499
2026-09-21 01:11:33 UTC completed_step=2592 elapsed_seconds=212.119 learning_rate=0.00032273
2026-09-21 01:11:34 UTC completed_step=2608 elapsed_seconds=213.21 learning_rate=0.000319962
2026-09-21 01:11:35 UTC completed_step=2624 elapsed_seconds=214.302 learning_rate=0.000317195
2026-09-21 01:11:36 UTC completed_step=2640 elapsed_seconds=215.394 learning_rate=0.000314429
2026-09-21 01:11:37 UTC completed_step=2656 elapsed_seconds=216.486 learning_rate=0.000311665
2026-09-21 01:11:38 UTC completed_step=2672 elapsed_seconds=217.578 learning_rate=0.000308902
2026-09-21 01:11:39 UTC completed_step=2688 elapsed_seconds=218.667 learning_rate=0.000306142
2026-09-21 01:11:41 UTC step=2688 elapsed_seconds=220.328 mean_loss=0.505724 errors=292/10002 exact_sentences=785/1024
2026-09-21 01:11:42 UTC completed_step=2704 elapsed_seconds=221.424 learning_rate=0.000303385
2026-09-21 01:11:43 UTC completed_step=2720 elapsed_seconds=222.514 learning_rate=0.00030063
2026-09-21 01:11:44 UTC completed_step=2736 elapsed_seconds=223.606 learning_rate=0.000297878
2026-09-21 01:11:45 UTC completed_step=2752 elapsed_seconds=224.7 learning_rate=0.00029513
2026-09-21 01:11:46 UTC completed_step=2768 elapsed_seconds=225.794 learning_rate=0.000292385
2026-09-21 01:11:47 UTC completed_step=2784 elapsed_seconds=226.888 learning_rate=0.000289644
2026-09-21 01:11:49 UTC completed_step=2800 elapsed_seconds=227.98 learning_rate=0.000286908
2026-09-21 01:11:50 UTC completed_step=2816 elapsed_seconds=229.072 learning_rate=0.000284176
2026-09-21 01:11:51 UTC step=2816 elapsed_seconds=230.755 mean_loss=0.412643 errors=201/10002 exact_sentences=853/1024
2026-09-21 01:11:52 UTC completed_step=2832 elapsed_seconds=231.853 learning_rate=0.000281449
2026-09-21 01:11:54 UTC completed_step=2848 elapsed_seconds=232.947 learning_rate=0.000278727
2026-09-21 01:11:55 UTC completed_step=2864 elapsed_seconds=234.042 learning_rate=0.00027601
2026-09-21 01:11:56 UTC completed_step=2880 elapsed_seconds=235.136 learning_rate=0.0002733
2026-09-21 01:11:57 UTC completed_step=2896 elapsed_seconds=236.228 learning_rate=0.000270595
2026-09-21 01:11:58 UTC completed_step=2912 elapsed_seconds=237.322 learning_rate=0.000267896
2026-09-21 01:11:59 UTC completed_step=2928 elapsed_seconds=238.414 learning_rate=0.000265204
2026-09-21 01:12:00 UTC completed_step=2944 elapsed_seconds=239.505 learning_rate=0.000262518
2026-09-21 01:12:02 UTC step=2944 elapsed_seconds=241.165 mean_loss=0.337026 errors=110/10002 exact_sentences=925/1024
2026-09-21 01:12:03 UTC completed_step=2960 elapsed_seconds=242.262 learning_rate=0.00025984
2026-09-21 01:12:04 UTC completed_step=2976 elapsed_seconds=243.355 learning_rate=0.000257169
2026-09-21 01:12:05 UTC completed_step=2992 elapsed_seconds=244.444 learning_rate=0.000254506
2026-09-21 01:12:06 UTC completed_step=3008 elapsed_seconds=245.532 learning_rate=0.000251851
2026-09-21 01:12:07 UTC completed_step=3024 elapsed_seconds=246.621 learning_rate=0.000249204
2026-09-21 01:12:08 UTC completed_step=3040 elapsed_seconds=247.713 learning_rate=0.000246565
2026-09-21 01:12:09 UTC completed_step=3056 elapsed_seconds=248.805 learning_rate=0.000243936
2026-09-21 01:12:10 UTC completed_step=3072 elapsed_seconds=249.899 learning_rate=0.000241315
2026-09-21 01:12:12 UTC step=3072 elapsed_seconds=251.565 mean_loss=0.277132 errors=56/10002 exact_sentences=971/1024
2026-09-21 01:12:13 UTC completed_step=3088 elapsed_seconds=252.664 learning_rate=0.000238704
2026-09-21 01:12:14 UTC completed_step=3104 elapsed_seconds=253.754 learning_rate=0.000236102
2026-09-21 01:12:15 UTC completed_step=3120 elapsed_seconds=254.843 learning_rate=0.00023351
2026-09-21 01:12:17 UTC completed_step=3136 elapsed_seconds=255.936 learning_rate=0.000230928
2026-09-21 01:12:18 UTC completed_step=3152 elapsed_seconds=257.028 learning_rate=0.000228357
2026-09-21 01:12:19 UTC completed_step=3168 elapsed_seconds=258.119 learning_rate=0.000225796
2026-09-21 01:12:20 UTC completed_step=3184 elapsed_seconds=259.209 learning_rate=0.000223247
2026-09-21 01:12:21 UTC completed_step=3200 elapsed_seconds=260.298 learning_rate=0.000220708
2026-09-21 01:12:23 UTC step=3200 elapsed_seconds=261.957 mean_loss=0.226398 errors=36/10002 exact_sentences=991/1024
2026-09-21 01:12:24 UTC completed_step=3216 elapsed_seconds=263.05 learning_rate=0.000218182
2026-09-21 01:12:25 UTC completed_step=3232 elapsed_seconds=264.139 learning_rate=0.000215666
2026-09-21 01:12:26 UTC completed_step=3248 elapsed_seconds=265.23 learning_rate=0.000213163
2026-09-21 01:12:27 UTC completed_step=3264 elapsed_seconds=266.32 learning_rate=0.000210673
2026-09-21 01:12:28 UTC completed_step=3280 elapsed_seconds=267.409 learning_rate=0.000208194
2026-09-21 01:12:29 UTC completed_step=3296 elapsed_seconds=268.499 learning_rate=0.000205729
2026-09-21 01:12:30 UTC completed_step=3312 elapsed_seconds=269.588 learning_rate=0.000203277
2026-09-21 01:12:31 UTC completed_step=3328 elapsed_seconds=270.677 learning_rate=0.000200838
2026-09-21 01:12:33 UTC step=3328 elapsed_seconds=272.344 mean_loss=0.184149 errors=27/10002 exact_sentences=997/1024
2026-09-21 01:12:34 UTC completed_step=3344 elapsed_seconds=273.44 learning_rate=0.000198412
2026-09-21 01:12:35 UTC completed_step=3360 elapsed_seconds=274.531 learning_rate=0.000196001
2026-09-21 01:12:36 UTC completed_step=3376 elapsed_seconds=275.622 learning_rate=0.000193603
2026-09-21 01:12:37 UTC completed_step=3392 elapsed_seconds=276.713 learning_rate=0.00019122
2026-09-21 01:12:38 UTC completed_step=3408 elapsed_seconds=277.803 learning_rate=0.000188852
2026-09-21 01:12:39 UTC completed_step=3424 elapsed_seconds=278.894 learning_rate=0.000186498
2026-09-21 01:12:41 UTC completed_step=3440 elapsed_seconds=279.987 learning_rate=0.000184159
2026-09-21 01:12:42 UTC completed_step=3456 elapsed_seconds=281.077 learning_rate=0.000181836
2026-09-21 01:12:43 UTC step=3456 elapsed_seconds=282.753 mean_loss=0.153103 errors=15/10002 exact_sentences=1009/1024
2026-09-21 01:12:44 UTC completed_step=3472 elapsed_seconds=283.851 learning_rate=0.000179529
2026-09-21 01:12:46 UTC completed_step=3488 elapsed_seconds=284.944 learning_rate=0.000177237
2026-09-21 01:12:47 UTC completed_step=3504 elapsed_seconds=286.038 learning_rate=0.000174961
2026-09-21 01:12:48 UTC completed_step=3520 elapsed_seconds=287.132 learning_rate=0.000172702
2026-09-21 01:12:49 UTC completed_step=3536 elapsed_seconds=288.227 learning_rate=0.000170459
2026-09-21 01:12:50 UTC completed_step=3552 elapsed_seconds=289.321 learning_rate=0.000168233
2026-09-21 01:12:51 UTC completed_step=3568 elapsed_seconds=290.411 learning_rate=0.000166024
2026-09-21 01:12:52 UTC completed_step=3584 elapsed_seconds=291.501 learning_rate=0.000163832
2026-09-21 01:12:54 UTC step=3584 elapsed_seconds=293.165 mean_loss=0.127738 errors=10/10002 exact_sentences=1014/1024
2026-09-21 01:12:55 UTC completed_step=3600 elapsed_seconds=294.263 learning_rate=0.000161658
2026-09-21 01:12:56 UTC completed_step=3616 elapsed_seconds=295.352 learning_rate=0.000159501
2026-09-21 01:12:57 UTC completed_step=3632 elapsed_seconds=296.441 learning_rate=0.000157363
2026-09-21 01:12:58 UTC completed_step=3648 elapsed_seconds=297.531 learning_rate=0.000155242
2026-09-21 01:12:59 UTC completed_step=3664 elapsed_seconds=298.62 learning_rate=0.00015314
2026-09-21 01:13:00 UTC completed_step=3680 elapsed_seconds=299.712 learning_rate=0.000151057
2026-09-21 01:13:01 UTC completed_step=3696 elapsed_seconds=300.801 learning_rate=0.000148992
2026-09-21 01:13:02 UTC completed_step=3712 elapsed_seconds=301.892 learning_rate=0.000146946
2026-09-21 01:13:04 UTC step=3712 elapsed_seconds=303.567 mean_loss=0.106553 errors=8/10002 exact_sentences=1016/1024
2026-09-21 01:13:05 UTC completed_step=3728 elapsed_seconds=304.662 learning_rate=0.00014492
2026-09-21 01:13:06 UTC completed_step=3744 elapsed_seconds=305.752 learning_rate=0.000142913
2026-09-21 01:13:07 UTC completed_step=3760 elapsed_seconds=306.844 learning_rate=0.000140926
2026-09-21 01:13:09 UTC completed_step=3776 elapsed_seconds=307.935 learning_rate=0.000138959
2026-09-21 01:13:10 UTC completed_step=3792 elapsed_seconds=309.027 learning_rate=0.000137012
2026-09-21 01:13:11 UTC completed_step=3808 elapsed_seconds=310.118 learning_rate=0.000135085
2026-09-21 01:13:12 UTC completed_step=3824 elapsed_seconds=311.208 learning_rate=0.000133178
2026-09-21 01:13:13 UTC completed_step=3840 elapsed_seconds=312.299 learning_rate=0.000131293
2026-09-21 01:13:15 UTC step=3840 elapsed_seconds=313.965 mean_loss=0.0902024 errors=2/10002 exact_sentences=1022/1024
2026-09-21 01:13:16 UTC completed_step=3856 elapsed_seconds=315.062 learning_rate=0.000129428
2026-09-21 01:13:17 UTC completed_step=3872 elapsed_seconds=316.153 learning_rate=0.000127585
2026-09-21 01:13:18 UTC completed_step=3888 elapsed_seconds=317.245 learning_rate=0.000125762
2026-09-21 01:13:19 UTC completed_step=3904 elapsed_seconds=318.337 learning_rate=0.000123961
2026-09-21 01:13:20 UTC completed_step=3920 elapsed_seconds=319.429 learning_rate=0.000122182
2026-09-21 01:13:21 UTC completed_step=3936 elapsed_seconds=320.521 learning_rate=0.000120425
2026-09-21 01:13:22 UTC completed_step=3952 elapsed_seconds=321.612 learning_rate=0.00011869
2026-09-21 01:13:23 UTC completed_step=3968 elapsed_seconds=322.702 learning_rate=0.000116977
2026-09-21 01:13:25 UTC step=3968 elapsed_seconds=324.377 mean_loss=0.0783577 errors=4/10002 exact_sentences=1020/1024
2026-09-21 01:13:26 UTC completed_step=3984 elapsed_seconds=325.472 learning_rate=0.000115286
2026-09-21 01:13:27 UTC completed_step=4000 elapsed_seconds=326.561 learning_rate=0.000113618
2026-09-21 01:13:28 UTC completed_step=4016 elapsed_seconds=327.652 learning_rate=0.000111973
2026-09-21 01:13:29 UTC completed_step=4032 elapsed_seconds=328.746 learning_rate=0.000110351
2026-09-21 01:13:30 UTC completed_step=4048 elapsed_seconds=329.837 learning_rate=0.000108752
2026-09-21 01:13:32 UTC completed_step=4064 elapsed_seconds=330.926 learning_rate=0.000107176
2026-09-21 01:13:33 UTC completed_step=4080 elapsed_seconds=332.018 learning_rate=0.000105623
2026-09-21 01:13:34 UTC completed_step=4096 elapsed_seconds=333.109 learning_rate=0.000104095
2026-09-21 01:13:35 UTC step=4096 elapsed_seconds=334.772 mean_loss=0.0687087 errors=2/10002 exact_sentences=1022/1024
2026-09-21 01:13:36 UTC completed_step=4112 elapsed_seconds=335.871 learning_rate=0.00010259
2026-09-21 01:13:38 UTC completed_step=4128 elapsed_seconds=336.963 learning_rate=0.000101109
2026-09-21 01:13:39 UTC completed_step=4144 elapsed_seconds=338.056 learning_rate=9.96516e-05
2026-09-21 01:13:40 UTC completed_step=4160 elapsed_seconds=339.147 learning_rate=9.82188e-05
2026-09-21 01:13:41 UTC completed_step=4176 elapsed_seconds=340.238 learning_rate=9.68105e-05
2026-09-21 01:13:42 UTC completed_step=4192 elapsed_seconds=341.329 learning_rate=9.54266e-05
2026-09-21 01:13:43 UTC completed_step=4208 elapsed_seconds=342.419 learning_rate=9.40675e-05
2026-09-21 01:13:44 UTC completed_step=4224 elapsed_seconds=343.508 learning_rate=9.27331e-05
2026-09-21 01:13:46 UTC step=4224 elapsed_seconds=345.169 mean_loss=0.0606103 errors=1/10002 exact_sentences=1023/1024
2026-09-21 01:13:47 UTC completed_step=4240 elapsed_seconds=346.265 learning_rate=9.14238e-05
2026-09-21 01:13:48 UTC completed_step=4256 elapsed_seconds=347.355 learning_rate=9.01395e-05
2026-09-21 01:13:49 UTC completed_step=4272 elapsed_seconds=348.446 learning_rate=8.88805e-05
2026-09-21 01:13:50 UTC completed_step=4288 elapsed_seconds=349.54 learning_rate=8.76469e-05
2026-09-21 01:13:51 UTC completed_step=4304 elapsed_seconds=350.632 learning_rate=8.64388e-05
2026-09-21 01:13:52 UTC completed_step=4320 elapsed_seconds=351.724 learning_rate=8.52563e-05
2026-09-21 01:13:53 UTC completed_step=4336 elapsed_seconds=352.814 learning_rate=8.40995e-05
2026-09-21 01:13:54 UTC completed_step=4352 elapsed_seconds=353.904 learning_rate=8.29687e-05
2026-09-21 01:13:56 UTC step=4352 elapsed_seconds=355.572 mean_loss=0.0542454 errors=0/10002 exact_sentences=1024/1024
2026-09-21 01:13:58 UTC step=4352 elapsed_seconds=357.263 mean_loss=0.0542454 errors=0/10002 exact_sentences=1024/1024
MEMORIZED checkpoint=/home/ubuntu/checkpoints/memorize_general_facts/width_depth_coarse_0/width_64/layers_2/step_4352
