layers=1 width=64 heads=1 feed_forward_width=256 parameters=3333056 samples=1024 scored_targets=10002
2026-09-21 01:02:14 UTC step=0 elapsed_seconds=1.58069 mean_loss=10.8506 errors=10002/10002 exact_sentences=0/1024
2026-09-21 01:02:15 UTC completed_step=16 elapsed_seconds=2.69101 learning_rate=9.6e-05
2026-09-21 01:02:16 UTC completed_step=32 elapsed_seconds=3.58594 learning_rate=0.000192
2026-09-21 01:02:17 UTC completed_step=48 elapsed_seconds=4.48032 learning_rate=0.000288
2026-09-21 01:02:17 UTC completed_step=64 elapsed_seconds=5.37507 learning_rate=0.000384
2026-09-21 01:02:18 UTC completed_step=80 elapsed_seconds=6.27014 learning_rate=0.00048
2026-09-21 01:02:19 UTC completed_step=96 elapsed_seconds=7.16496 learning_rate=0.000576
2026-09-21 01:02:20 UTC completed_step=112 elapsed_seconds=8.05888 learning_rate=0.000599992
2026-09-21 01:02:21 UTC completed_step=128 elapsed_seconds=8.95389 learning_rate=0.000599956
2026-09-21 01:02:23 UTC step=128 elapsed_seconds=10.5108 mean_loss=6.7413 errors=7954/10002 exact_sentences=1/1024
2026-09-21 01:02:24 UTC completed_step=144 elapsed_seconds=11.4113 learning_rate=0.000599893
2026-09-21 01:02:24 UTC completed_step=160 elapsed_seconds=12.3057 learning_rate=0.0005998
2026-09-21 01:02:25 UTC completed_step=176 elapsed_seconds=13.2015 learning_rate=0.00059968
2026-09-21 01:02:26 UTC completed_step=192 elapsed_seconds=14.0933 learning_rate=0.00059953
2026-09-21 01:02:27 UTC completed_step=208 elapsed_seconds=14.9862 learning_rate=0.000599353
2026-09-21 01:02:28 UTC completed_step=224 elapsed_seconds=15.8781 learning_rate=0.000599147
2026-09-21 01:02:29 UTC completed_step=240 elapsed_seconds=16.7696 learning_rate=0.000598913
2026-09-21 01:02:30 UTC completed_step=256 elapsed_seconds=17.6617 learning_rate=0.000598651
2026-09-21 01:02:31 UTC step=256 elapsed_seconds=19.2231 mean_loss=5.65716 errors=7778/10002 exact_sentences=1/1024
2026-09-21 01:02:32 UTC completed_step=272 elapsed_seconds=20.12 learning_rate=0.00059836
2026-09-21 01:02:33 UTC completed_step=288 elapsed_seconds=21.014 learning_rate=0.000598041
2026-09-21 01:02:34 UTC completed_step=304 elapsed_seconds=21.9079 learning_rate=0.000597694
2026-09-21 01:02:35 UTC completed_step=320 elapsed_seconds=22.8024 learning_rate=0.000597319
2026-09-21 01:02:36 UTC completed_step=336 elapsed_seconds=23.6964 learning_rate=0.000596915
2026-09-21 01:02:37 UTC completed_step=352 elapsed_seconds=24.5898 learning_rate=0.000596484
2026-09-21 01:02:38 UTC completed_step=368 elapsed_seconds=25.4832 learning_rate=0.000596024
2026-09-21 01:02:38 UTC completed_step=384 elapsed_seconds=26.3761 learning_rate=0.000595536
2026-09-21 01:02:40 UTC step=384 elapsed_seconds=27.9379 mean_loss=5.23918 errors=7402/10002 exact_sentences=1/1024
2026-09-21 01:02:41 UTC completed_step=400 elapsed_seconds=28.8347 learning_rate=0.000595021
2026-09-21 01:02:42 UTC completed_step=416 elapsed_seconds=29.7282 learning_rate=0.000594478
2026-09-21 01:02:43 UTC completed_step=432 elapsed_seconds=30.6204 learning_rate=0.000593906
2026-09-21 01:02:44 UTC completed_step=448 elapsed_seconds=31.5152 learning_rate=0.000593307
2026-09-21 01:02:45 UTC completed_step=464 elapsed_seconds=32.4089 learning_rate=0.000592681
2026-09-21 01:02:45 UTC completed_step=480 elapsed_seconds=33.3051 learning_rate=0.000592026
2026-09-21 01:02:46 UTC completed_step=496 elapsed_seconds=34.1986 learning_rate=0.000591344
2026-09-21 01:02:47 UTC completed_step=512 elapsed_seconds=35.094 learning_rate=0.000590635
2026-09-21 01:02:49 UTC step=512 elapsed_seconds=36.6829 mean_loss=4.84823 errors=7056/10002 exact_sentences=1/1024
2026-09-21 01:02:50 UTC completed_step=528 elapsed_seconds=37.5857 learning_rate=0.000589898
2026-09-21 01:02:51 UTC completed_step=544 elapsed_seconds=38.4808 learning_rate=0.000589134
2026-09-21 01:02:51 UTC completed_step=560 elapsed_seconds=39.3772 learning_rate=0.000588342
2026-09-21 01:02:52 UTC completed_step=576 elapsed_seconds=40.2737 learning_rate=0.000587524
2026-09-21 01:02:53 UTC completed_step=592 elapsed_seconds=41.169 learning_rate=0.000586678
2026-09-21 01:02:54 UTC completed_step=608 elapsed_seconds=42.0655 learning_rate=0.000585805
2026-09-21 01:02:55 UTC completed_step=624 elapsed_seconds=42.9594 learning_rate=0.000584906
2026-09-21 01:02:56 UTC completed_step=640 elapsed_seconds=43.8552 learning_rate=0.000583979
2026-09-21 01:02:58 UTC step=640 elapsed_seconds=45.4213 mean_loss=4.46548 errors=6669/10002 exact_sentences=1/1024
2026-09-21 01:02:58 UTC completed_step=656 elapsed_seconds=46.321 learning_rate=0.000583026
2026-09-21 01:02:59 UTC completed_step=672 elapsed_seconds=47.2165 learning_rate=0.000582046
2026-09-21 01:03:00 UTC completed_step=688 elapsed_seconds=48.1106 learning_rate=0.00058104
2026-09-21 01:03:01 UTC completed_step=704 elapsed_seconds=49.0047 learning_rate=0.000580007
2026-09-21 01:03:02 UTC completed_step=720 elapsed_seconds=49.8979 learning_rate=0.000578948
2026-09-21 01:03:03 UTC completed_step=736 elapsed_seconds=50.7925 learning_rate=0.000577862
2026-09-21 01:03:04 UTC completed_step=752 elapsed_seconds=51.6872 learning_rate=0.000576751
2026-09-21 01:03:05 UTC completed_step=768 elapsed_seconds=52.5814 learning_rate=0.000575614
2026-09-21 01:03:06 UTC step=768 elapsed_seconds=54.1682 mean_loss=4.07923 errors=6284/10002 exact_sentences=1/1024
2026-09-21 01:03:07 UTC completed_step=784 elapsed_seconds=55.0673 learning_rate=0.000574451
2026-09-21 01:03:08 UTC completed_step=800 elapsed_seconds=55.9613 learning_rate=0.000573262
2026-09-21 01:03:09 UTC completed_step=816 elapsed_seconds=56.8552 learning_rate=0.000572047
2026-09-21 01:03:10 UTC completed_step=832 elapsed_seconds=57.7509 learning_rate=0.000570807
2026-09-21 01:03:11 UTC completed_step=848 elapsed_seconds=58.6444 learning_rate=0.000569542
2026-09-21 01:03:12 UTC completed_step=864 elapsed_seconds=59.5379 learning_rate=0.000568251
2026-09-21 01:03:13 UTC completed_step=880 elapsed_seconds=60.4332 learning_rate=0.000566936
2026-09-21 01:03:13 UTC completed_step=896 elapsed_seconds=61.3283 learning_rate=0.000565595
2026-09-21 01:03:15 UTC step=896 elapsed_seconds=62.8809 mean_loss=3.7269 errors=5953/10002 exact_sentences=1/1024
2026-09-21 01:03:16 UTC completed_step=912 elapsed_seconds=63.7808 learning_rate=0.00056423
2026-09-21 01:03:17 UTC completed_step=928 elapsed_seconds=64.6754 learning_rate=0.00056284
2026-09-21 01:03:18 UTC completed_step=944 elapsed_seconds=65.5693 learning_rate=0.000561425
2026-09-21 01:03:19 UTC completed_step=960 elapsed_seconds=66.4638 learning_rate=0.000559986
2026-09-21 01:03:19 UTC completed_step=976 elapsed_seconds=67.3572 learning_rate=0.000558523
2026-09-21 01:03:20 UTC completed_step=992 elapsed_seconds=68.252 learning_rate=0.000557036
2026-09-21 01:03:21 UTC completed_step=1008 elapsed_seconds=69.1447 learning_rate=0.000555525
2026-09-21 01:03:22 UTC completed_step=1024 elapsed_seconds=70.0388 learning_rate=0.000553991
2026-09-21 01:03:24 UTC step=1024 elapsed_seconds=71.6131 mean_loss=3.38135 errors=5426/10002 exact_sentences=1/1024
2026-09-21 01:03:25 UTC completed_step=1040 elapsed_seconds=72.5146 learning_rate=0.000552432
2026-09-21 01:03:26 UTC completed_step=1056 elapsed_seconds=73.4087 learning_rate=0.000550851
2026-09-21 01:03:26 UTC completed_step=1072 elapsed_seconds=74.3028 learning_rate=0.000549246
2026-09-21 01:03:27 UTC completed_step=1088 elapsed_seconds=75.1986 learning_rate=0.000547618
2026-09-21 01:03:28 UTC completed_step=1104 elapsed_seconds=76.0928 learning_rate=0.000545967
2026-09-21 01:03:29 UTC completed_step=1120 elapsed_seconds=76.9874 learning_rate=0.000544293
2026-09-21 01:03:30 UTC completed_step=1136 elapsed_seconds=77.8816 learning_rate=0.000542597
2026-09-21 01:03:31 UTC completed_step=1152 elapsed_seconds=78.7746 learning_rate=0.000540878
2026-09-21 01:03:32 UTC step=1152 elapsed_seconds=80.354 mean_loss=3.06415 errors=4966/10002 exact_sentences=3/1024
2026-09-21 01:03:33 UTC completed_step=1168 elapsed_seconds=81.2527 learning_rate=0.000539138
2026-09-21 01:03:34 UTC completed_step=1184 elapsed_seconds=82.1459 learning_rate=0.000537375
2026-09-21 01:03:35 UTC completed_step=1200 elapsed_seconds=83.0395 learning_rate=0.00053559
2026-09-21 01:03:36 UTC completed_step=1216 elapsed_seconds=83.9334 learning_rate=0.000533784
2026-09-21 01:03:37 UTC completed_step=1232 elapsed_seconds=84.8281 learning_rate=0.000531957
2026-09-21 01:03:38 UTC completed_step=1248 elapsed_seconds=85.7222 learning_rate=0.000530108
2026-09-21 01:03:39 UTC completed_step=1264 elapsed_seconds=86.6162 learning_rate=0.000528238
2026-09-21 01:03:40 UTC completed_step=1280 elapsed_seconds=87.5105 learning_rate=0.000526347
2026-09-21 01:03:41 UTC step=1280 elapsed_seconds=89.0629 mean_loss=2.75632 errors=4384/10002 exact_sentences=3/1024
2026-09-21 01:03:42 UTC completed_step=1296 elapsed_seconds=89.9616 learning_rate=0.000524435
2026-09-21 01:03:43 UTC completed_step=1312 elapsed_seconds=90.8562 learning_rate=0.000522503
2026-09-21 01:03:44 UTC completed_step=1328 elapsed_seconds=91.7511 learning_rate=0.000520551
2026-09-21 01:03:45 UTC completed_step=1344 elapsed_seconds=92.6487 learning_rate=0.000518579
2026-09-21 01:03:46 UTC completed_step=1360 elapsed_seconds=93.5465 learning_rate=0.000516587
2026-09-21 01:03:47 UTC completed_step=1376 elapsed_seconds=94.445 learning_rate=0.000514575
2026-09-21 01:03:47 UTC completed_step=1392 elapsed_seconds=95.3431 learning_rate=0.000512544
2026-09-21 01:03:48 UTC completed_step=1408 elapsed_seconds=96.2412 learning_rate=0.000510494
2026-09-21 01:03:50 UTC step=1408 elapsed_seconds=97.8212 mean_loss=2.46506 errors=3885/10002 exact_sentences=6/1024
2026-09-21 01:03:51 UTC completed_step=1424 elapsed_seconds=98.721 learning_rate=0.000508424
2026-09-21 01:03:52 UTC completed_step=1440 elapsed_seconds=99.6163 learning_rate=0.000506336
2026-09-21 01:03:53 UTC completed_step=1456 elapsed_seconds=100.51 learning_rate=0.00050423
2026-09-21 01:03:54 UTC completed_step=1472 elapsed_seconds=101.404 learning_rate=0.000502104
2026-09-21 01:03:54 UTC completed_step=1488 elapsed_seconds=102.297 learning_rate=0.000499961
2026-09-21 01:03:55 UTC completed_step=1504 elapsed_seconds=103.191 learning_rate=0.0004978
2026-09-21 01:03:56 UTC completed_step=1520 elapsed_seconds=104.084 learning_rate=0.000495622
2026-09-21 01:03:57 UTC completed_step=1536 elapsed_seconds=104.98 learning_rate=0.000493426
2026-09-21 01:03:59 UTC step=1536 elapsed_seconds=106.551 mean_loss=2.19222 errors=3521/10002 exact_sentences=10/1024
2026-09-21 01:04:00 UTC completed_step=1552 elapsed_seconds=107.453 learning_rate=0.000491212
2026-09-21 01:04:00 UTC completed_step=1568 elapsed_seconds=108.347 learning_rate=0.000488982
2026-09-21 01:04:01 UTC completed_step=1584 elapsed_seconds=109.242 learning_rate=0.000486735
2026-09-21 01:04:02 UTC completed_step=1600 elapsed_seconds=110.135 learning_rate=0.000484472
2026-09-21 01:04:03 UTC completed_step=1616 elapsed_seconds=111.03 learning_rate=0.000482192
2026-09-21 01:04:04 UTC completed_step=1632 elapsed_seconds=111.925 learning_rate=0.000479896
2026-09-21 01:04:05 UTC completed_step=1648 elapsed_seconds=112.82 learning_rate=0.000477584
2026-09-21 01:04:06 UTC completed_step=1664 elapsed_seconds=113.714 learning_rate=0.000475257
2026-09-21 01:04:07 UTC step=1664 elapsed_seconds=115.275 mean_loss=1.94897 errors=3234/10002 exact_sentences=15/1024
2026-09-21 01:04:08 UTC completed_step=1680 elapsed_seconds=116.175 learning_rate=0.000472915
2026-09-21 01:04:09 UTC completed_step=1696 elapsed_seconds=117.069 learning_rate=0.000470558
2026-09-21 01:04:10 UTC completed_step=1712 elapsed_seconds=117.963 learning_rate=0.000468185
2026-09-21 01:04:11 UTC completed_step=1728 elapsed_seconds=118.857 learning_rate=0.000465799
2026-09-21 01:04:12 UTC completed_step=1744 elapsed_seconds=119.751 learning_rate=0.000463398
2026-09-21 01:04:13 UTC completed_step=1760 elapsed_seconds=120.645 learning_rate=0.000460983
2026-09-21 01:04:14 UTC completed_step=1776 elapsed_seconds=121.541 learning_rate=0.000458554
2026-09-21 01:04:15 UTC completed_step=1792 elapsed_seconds=122.437 learning_rate=0.000456112
2026-09-21 01:04:16 UTC step=1792 elapsed_seconds=123.991 mean_loss=1.71941 errors=2842/10002 exact_sentences=26/1024
2026-09-21 01:04:17 UTC completed_step=1808 elapsed_seconds=124.891 learning_rate=0.000453656
2026-09-21 01:04:18 UTC completed_step=1824 elapsed_seconds=125.786 learning_rate=0.000451187
2026-09-21 01:04:19 UTC completed_step=1840 elapsed_seconds=126.681 learning_rate=0.000448706
2026-09-21 01:04:20 UTC completed_step=1856 elapsed_seconds=127.576 learning_rate=0.000446212
2026-09-21 01:04:21 UTC completed_step=1872 elapsed_seconds=128.47 learning_rate=0.000443706
2026-09-21 01:04:21 UTC completed_step=1888 elapsed_seconds=129.364 learning_rate=0.000441188
2026-09-21 01:04:22 UTC completed_step=1904 elapsed_seconds=130.256 learning_rate=0.000438658
2026-09-21 01:04:23 UTC completed_step=1920 elapsed_seconds=131.149 learning_rate=0.000436117
2026-09-21 01:04:25 UTC step=1920 elapsed_seconds=132.715 mean_loss=1.50964 errors=2375/10002 exact_sentences=72/1024
2026-09-21 01:04:26 UTC completed_step=1936 elapsed_seconds=133.613 learning_rate=0.000433564
2026-09-21 01:04:27 UTC completed_step=1952 elapsed_seconds=134.505 learning_rate=0.000431001
2026-09-21 01:04:28 UTC completed_step=1968 elapsed_seconds=135.4 learning_rate=0.000428427
2026-09-21 01:04:28 UTC completed_step=1984 elapsed_seconds=136.294 learning_rate=0.000425843
2026-09-21 01:04:29 UTC completed_step=2000 elapsed_seconds=137.187 learning_rate=0.000423249
2026-09-21 01:04:30 UTC completed_step=2016 elapsed_seconds=138.08 learning_rate=0.000420644
2026-09-21 01:04:31 UTC completed_step=2032 elapsed_seconds=138.973 learning_rate=0.000418031
2026-09-21 01:04:32 UTC completed_step=2048 elapsed_seconds=139.867 learning_rate=0.000415408
2026-09-21 01:04:34 UTC step=2048 elapsed_seconds=141.448 mean_loss=1.31946 errors=2022/10002 exact_sentences=117/1024
2026-09-21 01:04:34 UTC completed_step=2064 elapsed_seconds=142.353 learning_rate=0.000412776
2026-09-21 01:04:35 UTC completed_step=2080 elapsed_seconds=143.248 learning_rate=0.000410135
2026-09-21 01:04:36 UTC completed_step=2096 elapsed_seconds=144.145 learning_rate=0.000407486
2026-09-21 01:04:37 UTC completed_step=2112 elapsed_seconds=145.04 learning_rate=0.000404829
2026-09-21 01:04:38 UTC completed_step=2128 elapsed_seconds=145.935 learning_rate=0.000402164
2026-09-21 01:04:39 UTC completed_step=2144 elapsed_seconds=146.827 learning_rate=0.000399491
2026-09-21 01:04:40 UTC completed_step=2160 elapsed_seconds=147.721 learning_rate=0.000396811
2026-09-21 01:04:41 UTC completed_step=2176 elapsed_seconds=148.614 learning_rate=0.000394124
2026-09-21 01:04:42 UTC step=2176 elapsed_seconds=150.176 mean_loss=1.14269 errors=1723/10002 exact_sentences=180/1024
2026-09-21 01:04:43 UTC completed_step=2192 elapsed_seconds=151.074 learning_rate=0.00039143
2026-09-21 01:04:44 UTC completed_step=2208 elapsed_seconds=151.967 learning_rate=0.00038873
2026-09-21 01:04:45 UTC completed_step=2224 elapsed_seconds=152.861 learning_rate=0.000386023
2026-09-21 01:04:46 UTC completed_step=2240 elapsed_seconds=153.754 learning_rate=0.000383311
2026-09-21 01:04:47 UTC completed_step=2256 elapsed_seconds=154.648 learning_rate=0.000380593
2026-09-21 01:04:48 UTC completed_step=2272 elapsed_seconds=155.542 learning_rate=0.00037787
2026-09-21 01:04:49 UTC completed_step=2288 elapsed_seconds=156.435 learning_rate=0.000375141
2026-09-21 01:04:49 UTC completed_step=2304 elapsed_seconds=157.33 learning_rate=0.000372408
2026-09-21 01:04:51 UTC step=2304 elapsed_seconds=158.889 mean_loss=0.991697 errors=1362/10002 exact_sentences=260/1024
2026-09-21 01:04:52 UTC completed_step=2320 elapsed_seconds=159.79 learning_rate=0.000369671
2026-09-21 01:04:53 UTC completed_step=2336 elapsed_seconds=160.686 learning_rate=0.000366929
2026-09-21 01:04:54 UTC completed_step=2352 elapsed_seconds=161.58 learning_rate=0.000364183
2026-09-21 01:04:55 UTC completed_step=2368 elapsed_seconds=162.476 learning_rate=0.000361434
2026-09-21 01:04:55 UTC completed_step=2384 elapsed_seconds=163.372 learning_rate=0.000358682
2026-09-21 01:04:56 UTC completed_step=2400 elapsed_seconds=164.266 learning_rate=0.000355926
2026-09-21 01:04:57 UTC completed_step=2416 elapsed_seconds=165.159 learning_rate=0.000353168
2026-09-21 01:04:58 UTC completed_step=2432 elapsed_seconds=166.054 learning_rate=0.000350407
2026-09-21 01:05:00 UTC step=2432 elapsed_seconds=167.638 mean_loss=0.855329 errors=1097/10002 exact_sentences=345/1024
2026-09-21 01:05:01 UTC completed_step=2448 elapsed_seconds=168.537 learning_rate=0.000347644
2026-09-21 01:05:02 UTC completed_step=2464 elapsed_seconds=169.432 learning_rate=0.00034488
2026-09-21 01:05:02 UTC completed_step=2480 elapsed_seconds=170.327 learning_rate=0.000342113
2026-09-21 01:05:03 UTC completed_step=2496 elapsed_seconds=171.222 learning_rate=0.000339346
2026-09-21 01:05:04 UTC completed_step=2512 elapsed_seconds=172.116 learning_rate=0.000336577
2026-09-21 01:05:05 UTC completed_step=2528 elapsed_seconds=173.009 learning_rate=0.000333808
2026-09-21 01:05:06 UTC completed_step=2544 elapsed_seconds=173.902 learning_rate=0.000331039
2026-09-21 01:05:07 UTC completed_step=2560 elapsed_seconds=174.798 learning_rate=0.000328269
2026-09-21 01:05:08 UTC step=2560 elapsed_seconds=176.379 mean_loss=0.734343 errors=812/10002 exact_sentences=481/1024
2026-09-21 01:05:09 UTC completed_step=2576 elapsed_seconds=177.282 learning_rate=0.000325499
2026-09-21 01:05:10 UTC completed_step=2592 elapsed_seconds=178.178 learning_rate=0.00032273
2026-09-21 01:05:11 UTC completed_step=2608 elapsed_seconds=179.073 learning_rate=0.000319962
2026-09-21 01:05:12 UTC completed_step=2624 elapsed_seconds=179.968 learning_rate=0.000317195
2026-09-21 01:05:13 UTC completed_step=2640 elapsed_seconds=180.862 learning_rate=0.000314429
2026-09-21 01:05:14 UTC completed_step=2656 elapsed_seconds=181.757 learning_rate=0.000311665
2026-09-21 01:05:15 UTC completed_step=2672 elapsed_seconds=182.651 learning_rate=0.000308902
2026-09-21 01:05:16 UTC completed_step=2688 elapsed_seconds=183.545 learning_rate=0.000306142
2026-09-21 01:05:17 UTC step=2688 elapsed_seconds=185.114 mean_loss=0.631882 errors=613/10002 exact_sentences=584/1024
2026-09-21 01:05:18 UTC completed_step=2704 elapsed_seconds=186.018 learning_rate=0.000303385
2026-09-21 01:05:19 UTC completed_step=2720 elapsed_seconds=186.916 learning_rate=0.00030063
2026-09-21 01:05:20 UTC completed_step=2736 elapsed_seconds=187.815 learning_rate=0.000297878
2026-09-21 01:05:21 UTC completed_step=2752 elapsed_seconds=188.712 learning_rate=0.00029513
2026-09-21 01:05:22 UTC completed_step=2768 elapsed_seconds=189.606 learning_rate=0.000292385
2026-09-21 01:05:23 UTC completed_step=2784 elapsed_seconds=190.5 learning_rate=0.000289644
2026-09-21 01:05:23 UTC completed_step=2800 elapsed_seconds=191.395 learning_rate=0.000286908
2026-09-21 01:05:24 UTC completed_step=2816 elapsed_seconds=192.29 learning_rate=0.000284176
2026-09-21 01:05:26 UTC step=2816 elapsed_seconds=193.856 mean_loss=0.536817 errors=427/10002 exact_sentences=685/1024
2026-09-21 01:05:27 UTC completed_step=2832 elapsed_seconds=194.756 learning_rate=0.000281449
2026-09-21 01:05:28 UTC completed_step=2848 elapsed_seconds=195.652 learning_rate=0.000278727
2026-09-21 01:05:29 UTC completed_step=2864 elapsed_seconds=196.55 learning_rate=0.00027601
2026-09-21 01:05:30 UTC completed_step=2880 elapsed_seconds=197.448 learning_rate=0.0002733
2026-09-21 01:05:30 UTC completed_step=2896 elapsed_seconds=198.345 learning_rate=0.000270595
2026-09-21 01:05:31 UTC completed_step=2912 elapsed_seconds=199.241 learning_rate=0.000267896
2026-09-21 01:05:32 UTC completed_step=2928 elapsed_seconds=200.138 learning_rate=0.000265204
2026-09-21 01:05:33 UTC completed_step=2944 elapsed_seconds=201.032 learning_rate=0.000262518
2026-09-21 01:05:35 UTC step=2944 elapsed_seconds=202.598 mean_loss=0.456826 errors=311/10002 exact_sentences=755/1024
2026-09-21 01:05:36 UTC completed_step=2960 elapsed_seconds=203.497 learning_rate=0.00025984
2026-09-21 01:05:36 UTC completed_step=2976 elapsed_seconds=204.391 learning_rate=0.000257169
2026-09-21 01:05:37 UTC completed_step=2992 elapsed_seconds=205.284 learning_rate=0.000254506
2026-09-21 01:05:38 UTC completed_step=3008 elapsed_seconds=206.177 learning_rate=0.000251851
2026-09-21 01:05:39 UTC completed_step=3024 elapsed_seconds=207.07 learning_rate=0.000249204
2026-09-21 01:05:40 UTC completed_step=3040 elapsed_seconds=207.963 learning_rate=0.000246565
2026-09-21 01:05:41 UTC completed_step=3056 elapsed_seconds=208.857 learning_rate=0.000243936
2026-09-21 01:05:42 UTC completed_step=3072 elapsed_seconds=209.75 learning_rate=0.000241315
2026-09-21 01:05:43 UTC step=3072 elapsed_seconds=211.319 mean_loss=0.3891 errors=211/10002 exact_sentences=838/1024
2026-09-21 01:05:44 UTC completed_step=3088 elapsed_seconds=212.219 learning_rate=0.000238704
2026-09-21 01:05:45 UTC completed_step=3104 elapsed_seconds=213.112 learning_rate=0.000236102
2026-09-21 01:05:46 UTC completed_step=3120 elapsed_seconds=214.005 learning_rate=0.00023351
2026-09-21 01:05:47 UTC completed_step=3136 elapsed_seconds=214.9 learning_rate=0.000230928
2026-09-21 01:05:48 UTC completed_step=3152 elapsed_seconds=215.794 learning_rate=0.000228357
2026-09-21 01:05:49 UTC completed_step=3168 elapsed_seconds=216.686 learning_rate=0.000225796
2026-09-21 01:05:50 UTC completed_step=3184 elapsed_seconds=217.579 learning_rate=0.000223247
2026-09-21 01:05:51 UTC completed_step=3200 elapsed_seconds=218.473 learning_rate=0.000220708
2026-09-21 01:05:52 UTC step=3200 elapsed_seconds=220.065 mean_loss=0.332636 errors=159/10002 exact_sentences=883/1024
2026-09-21 01:05:53 UTC completed_step=3216 elapsed_seconds=220.964 learning_rate=0.000218182
2026-09-21 01:05:54 UTC completed_step=3232 elapsed_seconds=221.86 learning_rate=0.000215666
2026-09-21 01:05:55 UTC completed_step=3248 elapsed_seconds=222.754 learning_rate=0.000213163
2026-09-21 01:05:56 UTC completed_step=3264 elapsed_seconds=223.648 learning_rate=0.000210673
2026-09-21 01:05:57 UTC completed_step=3280 elapsed_seconds=224.542 learning_rate=0.000208194
2026-09-21 01:05:58 UTC completed_step=3296 elapsed_seconds=225.436 learning_rate=0.000205729
2026-09-21 01:05:58 UTC completed_step=3312 elapsed_seconds=226.331 learning_rate=0.000203277
2026-09-21 01:05:59 UTC completed_step=3328 elapsed_seconds=227.226 learning_rate=0.000200838
2026-09-21 01:06:01 UTC step=3328 elapsed_seconds=228.801 mean_loss=0.284596 errors=96/10002 exact_sentences=937/1024
2026-09-21 01:06:02 UTC completed_step=3344 elapsed_seconds=229.7 learning_rate=0.000198412
2026-09-21 01:06:03 UTC completed_step=3360 elapsed_seconds=230.594 learning_rate=0.000196001
2026-09-21 01:06:04 UTC completed_step=3376 elapsed_seconds=231.489 learning_rate=0.000193603
2026-09-21 01:06:04 UTC completed_step=3392 elapsed_seconds=232.382 learning_rate=0.00019122
2026-09-21 01:06:05 UTC completed_step=3408 elapsed_seconds=233.275 learning_rate=0.000188852
2026-09-21 01:06:06 UTC completed_step=3424 elapsed_seconds=234.169 learning_rate=0.000186498
2026-09-21 01:06:07 UTC completed_step=3440 elapsed_seconds=235.062 learning_rate=0.000184159
2026-09-21 01:06:08 UTC completed_step=3456 elapsed_seconds=235.956 learning_rate=0.000181836
2026-09-21 01:06:10 UTC step=3456 elapsed_seconds=237.545 mean_loss=0.244453 errors=64/10002 exact_sentences=967/1024
2026-09-21 01:06:11 UTC completed_step=3472 elapsed_seconds=238.443 learning_rate=0.000179529
2026-09-21 01:06:11 UTC completed_step=3488 elapsed_seconds=239.337 learning_rate=0.000177237
2026-09-21 01:06:12 UTC completed_step=3504 elapsed_seconds=240.232 learning_rate=0.000174961
2026-09-21 01:06:13 UTC completed_step=3520 elapsed_seconds=241.128 learning_rate=0.000172702
2026-09-21 01:06:14 UTC completed_step=3536 elapsed_seconds=242.024 learning_rate=0.000170459
2026-09-21 01:06:15 UTC completed_step=3552 elapsed_seconds=242.918 learning_rate=0.000168233
2026-09-21 01:06:16 UTC completed_step=3568 elapsed_seconds=243.812 learning_rate=0.000166024
2026-09-21 01:06:17 UTC completed_step=3584 elapsed_seconds=244.708 learning_rate=0.000163832
2026-09-21 01:06:18 UTC step=3584 elapsed_seconds=246.289 mean_loss=0.210841 errors=47/10002 exact_sentences=980/1024
2026-09-21 01:06:19 UTC completed_step=3600 elapsed_seconds=247.191 learning_rate=0.000161658
2026-09-21 01:06:20 UTC completed_step=3616 elapsed_seconds=248.085 learning_rate=0.000159501
2026-09-21 01:06:21 UTC completed_step=3632 elapsed_seconds=248.98 learning_rate=0.000157363
2026-09-21 01:06:22 UTC completed_step=3648 elapsed_seconds=249.875 learning_rate=0.000155242
2026-09-21 01:06:23 UTC completed_step=3664 elapsed_seconds=250.77 learning_rate=0.00015314
2026-09-21 01:06:24 UTC completed_step=3680 elapsed_seconds=251.666 learning_rate=0.000151057
2026-09-21 01:06:25 UTC completed_step=3696 elapsed_seconds=252.56 learning_rate=0.000148992
2026-09-21 01:06:26 UTC completed_step=3712 elapsed_seconds=253.455 learning_rate=0.000146946
2026-09-21 01:06:27 UTC step=3712 elapsed_seconds=255.034 mean_loss=0.183947 errors=35/10002 exact_sentences=993/1024
2026-09-21 01:06:28 UTC completed_step=3728 elapsed_seconds=255.935 learning_rate=0.00014492
2026-09-21 01:06:29 UTC completed_step=3744 elapsed_seconds=256.832 learning_rate=0.000142913
2026-09-21 01:06:30 UTC completed_step=3760 elapsed_seconds=257.728 learning_rate=0.000140926
2026-09-21 01:06:31 UTC completed_step=3776 elapsed_seconds=258.625 learning_rate=0.000138959
2026-09-21 01:06:32 UTC completed_step=3792 elapsed_seconds=259.522 learning_rate=0.000137012
2026-09-21 01:06:33 UTC completed_step=3808 elapsed_seconds=260.416 learning_rate=0.000135085
2026-09-21 01:06:33 UTC completed_step=3824 elapsed_seconds=261.312 learning_rate=0.000133178
2026-09-21 01:06:34 UTC completed_step=3840 elapsed_seconds=262.207 learning_rate=0.000131293
2026-09-21 01:06:36 UTC step=3840 elapsed_seconds=263.781 mean_loss=0.161342 errors=27/10002 exact_sentences=999/1024
2026-09-21 01:06:37 UTC completed_step=3856 elapsed_seconds=264.68 learning_rate=0.000129428
2026-09-21 01:06:38 UTC completed_step=3872 elapsed_seconds=265.575 learning_rate=0.000127585
2026-09-21 01:06:39 UTC completed_step=3888 elapsed_seconds=266.468 learning_rate=0.000125762
2026-09-21 01:06:39 UTC completed_step=3904 elapsed_seconds=267.362 learning_rate=0.000123961
2026-09-21 01:06:40 UTC completed_step=3920 elapsed_seconds=268.254 learning_rate=0.000122182
2026-09-21 01:06:41 UTC completed_step=3936 elapsed_seconds=269.148 learning_rate=0.000120425
2026-09-21 01:06:42 UTC completed_step=3952 elapsed_seconds=270.043 learning_rate=0.00011869
2026-09-21 01:06:43 UTC completed_step=3968 elapsed_seconds=270.936 learning_rate=0.000116977
2026-09-21 01:06:45 UTC step=3968 elapsed_seconds=272.498 mean_loss=0.143322 errors=21/10002 exact_sentences=1004/1024
2026-09-21 01:06:45 UTC completed_step=3984 elapsed_seconds=273.397 learning_rate=0.000115286
2026-09-21 01:06:46 UTC completed_step=4000 elapsed_seconds=274.293 learning_rate=0.000113618
2026-09-21 01:06:47 UTC completed_step=4016 elapsed_seconds=275.186 learning_rate=0.000111973
2026-09-21 01:06:48 UTC completed_step=4032 elapsed_seconds=276.08 learning_rate=0.000110351
2026-09-21 01:06:49 UTC completed_step=4048 elapsed_seconds=276.975 learning_rate=0.000108752
2026-09-21 01:06:50 UTC completed_step=4064 elapsed_seconds=277.87 learning_rate=0.000107176
2026-09-21 01:06:51 UTC completed_step=4080 elapsed_seconds=278.762 learning_rate=0.000105623
2026-09-21 01:06:52 UTC completed_step=4096 elapsed_seconds=279.656 learning_rate=0.000104095
2026-09-21 01:06:53 UTC step=4096 elapsed_seconds=281.213 mean_loss=0.12857 errors=15/10002 exact_sentences=1010/1024
2026-09-21 01:06:54 UTC completed_step=4112 elapsed_seconds=282.115 learning_rate=0.00010259
2026-09-21 01:06:55 UTC completed_step=4128 elapsed_seconds=283.008 learning_rate=0.000101109
2026-09-21 01:06:56 UTC completed_step=4144 elapsed_seconds=283.901 learning_rate=9.96516e-05
2026-09-21 01:06:57 UTC completed_step=4160 elapsed_seconds=284.796 learning_rate=9.82188e-05
2026-09-21 01:06:58 UTC completed_step=4176 elapsed_seconds=285.696 learning_rate=9.68105e-05
2026-09-21 01:06:59 UTC completed_step=4192 elapsed_seconds=286.596 learning_rate=9.54266e-05
2026-09-21 01:07:00 UTC completed_step=4208 elapsed_seconds=287.496 learning_rate=9.40675e-05
2026-09-21 01:07:00 UTC completed_step=4224 elapsed_seconds=288.395 learning_rate=9.27331e-05
2026-09-21 01:07:02 UTC step=4224 elapsed_seconds=289.954 mean_loss=0.116284 errors=11/10002 exact_sentences=1013/1024
2026-09-21 01:07:03 UTC completed_step=4240 elapsed_seconds=290.858 learning_rate=9.14238e-05
2026-09-21 01:07:04 UTC completed_step=4256 elapsed_seconds=291.753 learning_rate=9.01395e-05
2026-09-21 01:07:05 UTC completed_step=4272 elapsed_seconds=292.648 learning_rate=8.88805e-05
2026-09-21 01:07:06 UTC completed_step=4288 elapsed_seconds=293.543 learning_rate=8.76469e-05
2026-09-21 01:07:07 UTC completed_step=4304 elapsed_seconds=294.436 learning_rate=8.64388e-05
2026-09-21 01:07:07 UTC completed_step=4320 elapsed_seconds=295.329 learning_rate=8.52563e-05
2026-09-21 01:07:08 UTC completed_step=4336 elapsed_seconds=296.223 learning_rate=8.40995e-05
2026-09-21 01:07:09 UTC completed_step=4352 elapsed_seconds=297.117 learning_rate=8.29687e-05
2026-09-21 01:07:11 UTC step=4352 elapsed_seconds=298.691 mean_loss=0.106269 errors=9/10002 exact_sentences=1015/1024
2026-09-21 01:07:12 UTC completed_step=4368 elapsed_seconds=299.594 learning_rate=8.18638e-05
2026-09-21 01:07:13 UTC completed_step=4384 elapsed_seconds=300.492 learning_rate=8.0785e-05
2026-09-21 01:07:13 UTC completed_step=4400 elapsed_seconds=301.39 learning_rate=7.97325e-05
2026-09-21 01:07:14 UTC completed_step=4416 elapsed_seconds=302.287 learning_rate=7.87063e-05
2026-09-21 01:07:15 UTC completed_step=4432 elapsed_seconds=303.183 learning_rate=7.77065e-05
2026-09-21 01:07:16 UTC completed_step=4448 elapsed_seconds=304.078 learning_rate=7.67333e-05
2026-09-21 01:07:17 UTC completed_step=4464 elapsed_seconds=304.97 learning_rate=7.57867e-05
2026-09-21 01:07:18 UTC completed_step=4480 elapsed_seconds=305.865 learning_rate=7.48669e-05
2026-09-21 01:07:20 UTC step=4480 elapsed_seconds=307.436 mean_loss=0.0977339 errors=6/10002 exact_sentences=1019/1024
2026-09-21 01:07:20 UTC completed_step=4496 elapsed_seconds=308.334 learning_rate=7.3974e-05
2026-09-21 01:07:21 UTC completed_step=4512 elapsed_seconds=309.228 learning_rate=7.3108e-05
2026-09-21 01:07:22 UTC completed_step=4528 elapsed_seconds=310.125 learning_rate=7.2269e-05
2026-09-21 01:07:23 UTC completed_step=4544 elapsed_seconds=311.024 learning_rate=7.14571e-05
2026-09-21 01:07:24 UTC completed_step=4560 elapsed_seconds=311.922 learning_rate=7.06725e-05
2026-09-21 01:07:25 UTC completed_step=4576 elapsed_seconds=312.821 learning_rate=6.99151e-05
2026-09-21 01:07:26 UTC completed_step=4592 elapsed_seconds=313.718 learning_rate=6.91851e-05
2026-09-21 01:07:27 UTC completed_step=4608 elapsed_seconds=314.614 learning_rate=6.84825e-05
2026-09-21 01:07:28 UTC step=4608 elapsed_seconds=316.171 mean_loss=0.0905942 errors=5/10002 exact_sentences=1020/1024
2026-09-21 01:07:29 UTC completed_step=4624 elapsed_seconds=317.075 learning_rate=6.78075e-05
2026-09-21 01:07:30 UTC completed_step=4640 elapsed_seconds=317.971 learning_rate=6.71601e-05
2026-09-21 01:07:31 UTC completed_step=4656 elapsed_seconds=318.867 learning_rate=6.65403e-05
2026-09-21 01:07:32 UTC completed_step=4672 elapsed_seconds=319.764 learning_rate=6.59482e-05
2026-09-21 01:07:33 UTC completed_step=4688 elapsed_seconds=320.66 learning_rate=6.5384e-05
2026-09-21 01:07:34 UTC completed_step=4704 elapsed_seconds=321.552 learning_rate=6.48475e-05
2026-09-21 01:07:35 UTC completed_step=4720 elapsed_seconds=322.445 learning_rate=6.4339e-05
2026-09-21 01:07:35 UTC completed_step=4736 elapsed_seconds=323.338 learning_rate=6.38584e-05
2026-09-21 01:07:37 UTC step=4736 elapsed_seconds=324.905 mean_loss=0.084415 errors=3/10002 exact_sentences=1021/1024
2026-09-21 01:07:38 UTC completed_step=4752 elapsed_seconds=325.805 learning_rate=6.34059e-05
2026-09-21 01:07:39 UTC completed_step=4768 elapsed_seconds=326.7 learning_rate=6.29814e-05
2026-09-21 01:07:40 UTC completed_step=4784 elapsed_seconds=327.595 learning_rate=6.2585e-05
2026-09-21 01:07:41 UTC completed_step=4800 elapsed_seconds=328.491 learning_rate=6.22167e-05
2026-09-21 01:07:41 UTC completed_step=4816 elapsed_seconds=329.387 learning_rate=6.18766e-05
2026-09-21 01:07:42 UTC completed_step=4832 elapsed_seconds=330.282 learning_rate=6.15647e-05
2026-09-21 01:07:43 UTC completed_step=4848 elapsed_seconds=331.178 learning_rate=6.12811e-05
2026-09-21 01:07:44 UTC completed_step=4864 elapsed_seconds=332.072 learning_rate=6.10258e-05
2026-09-21 01:07:46 UTC step=4864 elapsed_seconds=333.647 mean_loss=0.0787546 errors=3/10002 exact_sentences=1021/1024
2026-09-21 01:07:47 UTC completed_step=4880 elapsed_seconds=334.546 learning_rate=6.07987e-05
2026-09-21 01:07:48 UTC completed_step=4896 elapsed_seconds=335.439 learning_rate=6.06e-05
2026-09-21 01:07:48 UTC completed_step=4912 elapsed_seconds=336.332 learning_rate=6.04296e-05
2026-09-21 01:07:49 UTC completed_step=4928 elapsed_seconds=337.225 learning_rate=6.02876e-05
2026-09-21 01:07:50 UTC completed_step=4944 elapsed_seconds=338.118 learning_rate=6.0174e-05
2026-09-21 01:07:51 UTC completed_step=4960 elapsed_seconds=339.011 learning_rate=6.00888e-05
2026-09-21 01:07:52 UTC completed_step=4976 elapsed_seconds=339.904 learning_rate=6.0032e-05
2026-09-21 01:07:53 UTC completed_step=4992 elapsed_seconds=340.797 learning_rate=6.00036e-05
2026-09-21 01:07:54 UTC step=4992 elapsed_seconds=342.365 mean_loss=0.0738169 errors=1/10002 exact_sentences=1023/1024
2026-09-21 01:07:56 UTC step=5000 elapsed_seconds=344.376 mean_loss=0.0735539 errors=2/10002 exact_sentences=1022/1024
2026-09-21 01:07:58 UTC step=5000 elapsed_seconds=345.97 mean_loss=0.0735539 errors=2/10002 exact_sentences=1022/1024
BUDGET_EXHAUSTED checkpoint=/home/ubuntu/checkpoints/memorize_general_facts/width_depth_coarse_0/width_64/layers_1/step_5000
