layers=1 width=64 heads=1 feed_forward_width=256 parameters=3333056 samples=1024 scored_targets=10002
2026-09-21 02:17:59 UTC step=0 elapsed_seconds=1.58561 mean_loss=10.8506 errors=10002/10002 exact_sentences=0/1024
2026-09-21 02:18:01 UTC completed_step=16 elapsed_seconds=2.69991 learning_rate=9.6e-05
2026-09-21 02:18:01 UTC completed_step=32 elapsed_seconds=3.5946 learning_rate=0.000192
2026-09-21 02:18:02 UTC completed_step=48 elapsed_seconds=4.49044 learning_rate=0.000288
2026-09-21 02:18:03 UTC completed_step=64 elapsed_seconds=5.38543 learning_rate=0.000384
2026-09-21 02:18:04 UTC completed_step=80 elapsed_seconds=6.28092 learning_rate=0.00048
2026-09-21 02:18:05 UTC completed_step=96 elapsed_seconds=7.17519 learning_rate=0.000576
2026-09-21 02:18:06 UTC completed_step=112 elapsed_seconds=8.06764 learning_rate=0.0006
2026-09-21 02:18:07 UTC completed_step=128 elapsed_seconds=8.96125 learning_rate=0.000599997
2026-09-21 02:18:08 UTC step=128 elapsed_seconds=10.5258 mean_loss=6.74129 errors=7954/10002 exact_sentences=1/1024
2026-09-21 02:18:09 UTC completed_step=144 elapsed_seconds=11.4244 learning_rate=0.000599994
2026-09-21 02:18:10 UTC completed_step=160 elapsed_seconds=12.3168 learning_rate=0.000599988
2026-09-21 02:18:11 UTC completed_step=176 elapsed_seconds=13.2095 learning_rate=0.000599981
2026-09-21 02:18:12 UTC completed_step=192 elapsed_seconds=14.1024 learning_rate=0.000599972
2026-09-21 02:18:13 UTC completed_step=208 elapsed_seconds=14.9959 learning_rate=0.000599961
2026-09-21 02:18:14 UTC completed_step=224 elapsed_seconds=15.888 learning_rate=0.000599948
2026-09-21 02:18:15 UTC completed_step=240 elapsed_seconds=16.7821 learning_rate=0.000599934
2026-09-21 02:18:16 UTC completed_step=256 elapsed_seconds=17.6765 learning_rate=0.000599918
2026-09-21 02:18:17 UTC step=256 elapsed_seconds=19.244 mean_loss=5.65704 errors=7777/10002 exact_sentences=1/1024
2026-09-21 02:18:18 UTC completed_step=272 elapsed_seconds=20.1419 learning_rate=0.0005999
2026-09-21 02:18:19 UTC completed_step=288 elapsed_seconds=21.0355 learning_rate=0.000599881
2026-09-21 02:18:20 UTC completed_step=304 elapsed_seconds=21.9301 learning_rate=0.00059986
2026-09-21 02:18:21 UTC completed_step=320 elapsed_seconds=22.825 learning_rate=0.000599837
2026-09-21 02:18:22 UTC completed_step=336 elapsed_seconds=23.7194 learning_rate=0.000599813
2026-09-21 02:18:22 UTC completed_step=352 elapsed_seconds=24.6129 learning_rate=0.000599786
2026-09-21 02:18:23 UTC completed_step=368 elapsed_seconds=25.5073 learning_rate=0.000599758
2026-09-21 02:18:24 UTC completed_step=384 elapsed_seconds=26.4023 learning_rate=0.000599729
2026-09-21 02:18:26 UTC step=384 elapsed_seconds=27.9638 mean_loss=5.23795 errors=7402/10002 exact_sentences=1/1024
2026-09-21 02:18:27 UTC completed_step=400 elapsed_seconds=28.8628 learning_rate=0.000599697
2026-09-21 02:18:28 UTC completed_step=416 elapsed_seconds=29.7585 learning_rate=0.000599664
2026-09-21 02:18:28 UTC completed_step=432 elapsed_seconds=30.6541 learning_rate=0.000599629
2026-09-21 02:18:29 UTC completed_step=448 elapsed_seconds=31.5485 learning_rate=0.000599593
2026-09-21 02:18:30 UTC completed_step=464 elapsed_seconds=32.4421 learning_rate=0.000599554
2026-09-21 02:18:31 UTC completed_step=480 elapsed_seconds=33.3362 learning_rate=0.000599514
2026-09-21 02:18:32 UTC completed_step=496 elapsed_seconds=34.23 learning_rate=0.000599473
2026-09-21 02:18:33 UTC completed_step=512 elapsed_seconds=35.1243 learning_rate=0.000599429
2026-09-21 02:18:35 UTC step=512 elapsed_seconds=36.6803 mean_loss=4.84353 errors=7058/10002 exact_sentences=1/1024
2026-09-21 02:18:35 UTC completed_step=528 elapsed_seconds=37.5828 learning_rate=0.000599384
2026-09-21 02:18:36 UTC completed_step=544 elapsed_seconds=38.4778 learning_rate=0.000599337
2026-09-21 02:18:37 UTC completed_step=560 elapsed_seconds=39.372 learning_rate=0.000599288
2026-09-21 02:18:38 UTC completed_step=576 elapsed_seconds=40.2664 learning_rate=0.000599238
2026-09-21 02:18:39 UTC completed_step=592 elapsed_seconds=41.1594 learning_rate=0.000599186
2026-09-21 02:18:40 UTC completed_step=608 elapsed_seconds=42.0538 learning_rate=0.000599132
2026-09-21 02:18:41 UTC completed_step=624 elapsed_seconds=42.9485 learning_rate=0.000599077
2026-09-21 02:18:42 UTC completed_step=640 elapsed_seconds=43.8449 learning_rate=0.000599019
2026-09-21 02:18:43 UTC step=640 elapsed_seconds=45.4405 mean_loss=4.45461 errors=6661/10002 exact_sentences=1/1024
2026-09-21 02:18:44 UTC completed_step=656 elapsed_seconds=46.3399 learning_rate=0.000598961
2026-09-21 02:18:45 UTC completed_step=672 elapsed_seconds=47.2366 learning_rate=0.0005989
2026-09-21 02:18:46 UTC completed_step=688 elapsed_seconds=48.1311 learning_rate=0.000598838
2026-09-21 02:18:47 UTC completed_step=704 elapsed_seconds=49.0272 learning_rate=0.000598773
2026-09-21 02:18:48 UTC completed_step=720 elapsed_seconds=49.923 learning_rate=0.000598708
2026-09-21 02:18:49 UTC completed_step=736 elapsed_seconds=50.8175 learning_rate=0.00059864
2026-09-21 02:18:50 UTC completed_step=752 elapsed_seconds=51.7142 learning_rate=0.000598571
2026-09-21 02:18:50 UTC completed_step=768 elapsed_seconds=52.6095 learning_rate=0.0005985
2026-09-21 02:18:52 UTC step=768 elapsed_seconds=54.1706 mean_loss=4.061 errors=6272/10002 exact_sentences=1/1024
2026-09-21 02:18:53 UTC completed_step=784 elapsed_seconds=55.0714 learning_rate=0.000598427
2026-09-21 02:18:54 UTC completed_step=800 elapsed_seconds=55.9666 learning_rate=0.000598353
2026-09-21 02:18:55 UTC completed_step=816 elapsed_seconds=56.8599 learning_rate=0.000598277
2026-09-21 02:18:56 UTC completed_step=832 elapsed_seconds=57.7555 learning_rate=0.000598199
2026-09-21 02:18:56 UTC completed_step=848 elapsed_seconds=58.6495 learning_rate=0.00059812
2026-09-21 02:18:57 UTC completed_step=864 elapsed_seconds=59.5431 learning_rate=0.000598038
2026-09-21 02:18:58 UTC completed_step=880 elapsed_seconds=60.4382 learning_rate=0.000597956
2026-09-21 02:18:59 UTC completed_step=896 elapsed_seconds=61.3322 learning_rate=0.000597871
2026-09-21 02:19:01 UTC step=896 elapsed_seconds=62.9097 mean_loss=3.69319 errors=5918/10002 exact_sentences=1/1024
2026-09-21 02:19:02 UTC completed_step=912 elapsed_seconds=63.8092 learning_rate=0.000597785
2026-09-21 02:19:03 UTC completed_step=928 elapsed_seconds=64.7025 learning_rate=0.000597697
2026-09-21 02:19:03 UTC completed_step=944 elapsed_seconds=65.5959 learning_rate=0.000597607
2026-09-21 02:19:04 UTC completed_step=960 elapsed_seconds=66.4897 learning_rate=0.000597515
2026-09-21 02:19:05 UTC completed_step=976 elapsed_seconds=67.3831 learning_rate=0.000597422
2026-09-21 02:19:06 UTC completed_step=992 elapsed_seconds=68.2776 learning_rate=0.000597327
2026-09-21 02:19:07 UTC completed_step=1008 elapsed_seconds=69.1712 learning_rate=0.000597231
2026-09-21 02:19:08 UTC completed_step=1024 elapsed_seconds=70.066 learning_rate=0.000597133
2026-09-21 02:19:09 UTC step=1024 elapsed_seconds=71.6397 mean_loss=3.33238 errors=5319/10002 exact_sentences=1/1024
2026-09-21 02:19:10 UTC completed_step=1040 elapsed_seconds=72.5403 learning_rate=0.000597033
2026-09-21 02:19:11 UTC completed_step=1056 elapsed_seconds=73.4343 learning_rate=0.000596931
2026-09-21 02:19:12 UTC completed_step=1072 elapsed_seconds=74.3282 learning_rate=0.000596827
2026-09-21 02:19:13 UTC completed_step=1088 elapsed_seconds=75.2239 learning_rate=0.000596722
2026-09-21 02:19:14 UTC completed_step=1104 elapsed_seconds=76.1183 learning_rate=0.000596616
2026-09-21 02:19:15 UTC completed_step=1120 elapsed_seconds=77.0137 learning_rate=0.000596507
2026-09-21 02:19:16 UTC completed_step=1136 elapsed_seconds=77.9087 learning_rate=0.000596397
2026-09-21 02:19:17 UTC completed_step=1152 elapsed_seconds=78.8027 learning_rate=0.000596285
2026-09-21 02:19:18 UTC step=1152 elapsed_seconds=80.3592 mean_loss=2.99636 errors=4854/10002 exact_sentences=3/1024
2026-09-21 02:19:19 UTC completed_step=1168 elapsed_seconds=81.2597 learning_rate=0.000596171
2026-09-21 02:19:20 UTC completed_step=1184 elapsed_seconds=82.1546 learning_rate=0.000596056
2026-09-21 02:19:21 UTC completed_step=1200 elapsed_seconds=83.0492 learning_rate=0.000595939
2026-09-21 02:19:22 UTC completed_step=1216 elapsed_seconds=83.9453 learning_rate=0.00059582
2026-09-21 02:19:23 UTC completed_step=1232 elapsed_seconds=84.841 learning_rate=0.0005957
2026-09-21 02:19:24 UTC completed_step=1248 elapsed_seconds=85.738 learning_rate=0.000595578
2026-09-21 02:19:24 UTC completed_step=1264 elapsed_seconds=86.6364 learning_rate=0.000595454
2026-09-21 02:19:25 UTC completed_step=1280 elapsed_seconds=87.5359 learning_rate=0.000595329
2026-09-21 02:19:27 UTC step=1280 elapsed_seconds=89.0973 mean_loss=2.66366 errors=4225/10002 exact_sentences=3/1024
2026-09-21 02:19:28 UTC completed_step=1296 elapsed_seconds=90.0021 learning_rate=0.000595202
2026-09-21 02:19:29 UTC completed_step=1312 elapsed_seconds=90.9016 learning_rate=0.000595073
2026-09-21 02:19:30 UTC completed_step=1328 elapsed_seconds=91.8005 learning_rate=0.000594942
2026-09-21 02:19:31 UTC completed_step=1344 elapsed_seconds=92.6939 learning_rate=0.00059481
2026-09-21 02:19:31 UTC completed_step=1360 elapsed_seconds=93.5869 learning_rate=0.000594676
2026-09-21 02:19:32 UTC completed_step=1376 elapsed_seconds=94.4806 learning_rate=0.00059454
2026-09-21 02:19:33 UTC completed_step=1392 elapsed_seconds=95.3735 learning_rate=0.000594403
2026-09-21 02:19:34 UTC completed_step=1408 elapsed_seconds=96.2673 learning_rate=0.000594264
2026-09-21 02:19:36 UTC step=1408 elapsed_seconds=97.8506 mean_loss=2.34207 errors=3751/10002 exact_sentences=7/1024
2026-09-21 02:19:37 UTC completed_step=1424 elapsed_seconds=98.7505 learning_rate=0.000594123
2026-09-21 02:19:37 UTC completed_step=1440 elapsed_seconds=99.6478 learning_rate=0.000593981
2026-09-21 02:19:38 UTC completed_step=1456 elapsed_seconds=100.543 learning_rate=0.000593837
2026-09-21 02:19:39 UTC completed_step=1472 elapsed_seconds=101.439 learning_rate=0.000593691
2026-09-21 02:19:40 UTC completed_step=1488 elapsed_seconds=102.334 learning_rate=0.000593544
2026-09-21 02:19:41 UTC completed_step=1504 elapsed_seconds=103.23 learning_rate=0.000593395
2026-09-21 02:19:42 UTC completed_step=1520 elapsed_seconds=104.127 learning_rate=0.000593244
2026-09-21 02:19:43 UTC completed_step=1536 elapsed_seconds=105.026 learning_rate=0.000593092
2026-09-21 02:19:44 UTC step=1536 elapsed_seconds=106.581 mean_loss=2.03722 errors=3332/10002 exact_sentences=11/1024
2026-09-21 02:19:45 UTC completed_step=1552 elapsed_seconds=107.487 learning_rate=0.000592938
2026-09-21 02:19:46 UTC completed_step=1568 elapsed_seconds=108.384 learning_rate=0.000592782
2026-09-21 02:19:47 UTC completed_step=1584 elapsed_seconds=109.282 learning_rate=0.000592624
2026-09-21 02:19:48 UTC completed_step=1600 elapsed_seconds=110.178 learning_rate=0.000592465
2026-09-21 02:19:49 UTC completed_step=1616 elapsed_seconds=111.073 learning_rate=0.000592304
2026-09-21 02:19:50 UTC completed_step=1632 elapsed_seconds=111.969 learning_rate=0.000592142
2026-09-21 02:19:51 UTC completed_step=1648 elapsed_seconds=112.863 learning_rate=0.000591978
2026-09-21 02:19:52 UTC completed_step=1664 elapsed_seconds=113.758 learning_rate=0.000591812
2026-09-21 02:19:53 UTC step=1664 elapsed_seconds=115.327 mean_loss=1.7644 errors=2954/10002 exact_sentences=24/1024
2026-09-21 02:19:54 UTC completed_step=1680 elapsed_seconds=116.226 learning_rate=0.000591644
2026-09-21 02:19:55 UTC completed_step=1696 elapsed_seconds=117.119 learning_rate=0.000591475
2026-09-21 02:19:56 UTC completed_step=1712 elapsed_seconds=118.013 learning_rate=0.000591304
2026-09-21 02:19:57 UTC completed_step=1728 elapsed_seconds=118.906 learning_rate=0.000591132
2026-09-21 02:19:58 UTC completed_step=1744 elapsed_seconds=119.8 learning_rate=0.000590957
2026-09-21 02:19:59 UTC completed_step=1760 elapsed_seconds=120.694 learning_rate=0.000590782
2026-09-21 02:19:59 UTC completed_step=1776 elapsed_seconds=121.588 learning_rate=0.000590604
2026-09-21 02:20:00 UTC completed_step=1792 elapsed_seconds=122.483 learning_rate=0.000590425
2026-09-21 02:20:02 UTC step=1792 elapsed_seconds=124.042 mean_loss=1.50241 errors=2500/10002 exact_sentences=58/1024
2026-09-21 02:20:03 UTC completed_step=1808 elapsed_seconds=124.943 learning_rate=0.000590244
2026-09-21 02:20:04 UTC completed_step=1824 elapsed_seconds=125.836 learning_rate=0.000590062
2026-09-21 02:20:05 UTC completed_step=1840 elapsed_seconds=126.73 learning_rate=0.000589877
2026-09-21 02:20:05 UTC completed_step=1856 elapsed_seconds=127.625 learning_rate=0.000589692
2026-09-21 02:20:06 UTC completed_step=1872 elapsed_seconds=128.52 learning_rate=0.000589504
2026-09-21 02:20:07 UTC completed_step=1888 elapsed_seconds=129.416 learning_rate=0.000589315
2026-09-21 02:20:08 UTC completed_step=1904 elapsed_seconds=130.312 learning_rate=0.000589124
2026-09-21 02:20:09 UTC completed_step=1920 elapsed_seconds=131.209 learning_rate=0.000588932
2026-09-21 02:20:11 UTC step=1920 elapsed_seconds=132.779 mean_loss=1.26069 errors=1908/10002 exact_sentences=146/1024
2026-09-21 02:20:12 UTC completed_step=1936 elapsed_seconds=133.679 learning_rate=0.000588738
2026-09-21 02:20:12 UTC completed_step=1952 elapsed_seconds=134.574 learning_rate=0.000588542
2026-09-21 02:20:13 UTC completed_step=1968 elapsed_seconds=135.471 learning_rate=0.000588344
2026-09-21 02:20:14 UTC completed_step=1984 elapsed_seconds=136.367 learning_rate=0.000588145
2026-09-21 02:20:15 UTC completed_step=2000 elapsed_seconds=137.261 learning_rate=0.000587945
2026-09-21 02:20:16 UTC completed_step=2016 elapsed_seconds=138.157 learning_rate=0.000587742
2026-09-21 02:20:17 UTC completed_step=2032 elapsed_seconds=139.054 learning_rate=0.000587538
2026-09-21 02:20:18 UTC completed_step=2048 elapsed_seconds=139.948 learning_rate=0.000587333
2026-09-21 02:20:19 UTC step=2048 elapsed_seconds=141.513 mean_loss=1.03427 errors=1535/10002 exact_sentences=222/1024
2026-09-21 02:20:20 UTC completed_step=2064 elapsed_seconds=142.416 learning_rate=0.000587126
2026-09-21 02:20:21 UTC completed_step=2080 elapsed_seconds=143.309 learning_rate=0.000586917
2026-09-21 02:20:22 UTC completed_step=2096 elapsed_seconds=144.202 learning_rate=0.000586706
2026-09-21 02:20:23 UTC completed_step=2112 elapsed_seconds=145.095 learning_rate=0.000586494
2026-09-21 02:20:24 UTC completed_step=2128 elapsed_seconds=145.988 learning_rate=0.00058628
2026-09-21 02:20:25 UTC completed_step=2144 elapsed_seconds=146.881 learning_rate=0.000586065
2026-09-21 02:20:26 UTC completed_step=2160 elapsed_seconds=147.773 learning_rate=0.000585848
2026-09-21 02:20:27 UTC completed_step=2176 elapsed_seconds=148.665 learning_rate=0.000585629
2026-09-21 02:20:28 UTC step=2176 elapsed_seconds=150.238 mean_loss=0.834681 errors=1127/10002 exact_sentences=346/1024
2026-09-21 02:20:29 UTC completed_step=2192 elapsed_seconds=151.135 learning_rate=0.000585409
2026-09-21 02:20:30 UTC completed_step=2208 elapsed_seconds=152.026 learning_rate=0.000585187
2026-09-21 02:20:31 UTC completed_step=2224 elapsed_seconds=152.921 learning_rate=0.000584963
2026-09-21 02:20:32 UTC completed_step=2240 elapsed_seconds=153.816 learning_rate=0.000584738
2026-09-21 02:20:33 UTC completed_step=2256 elapsed_seconds=154.711 learning_rate=0.000584511
2026-09-21 02:20:33 UTC completed_step=2272 elapsed_seconds=155.605 learning_rate=0.000584282
2026-09-21 02:20:34 UTC completed_step=2288 elapsed_seconds=156.501 learning_rate=0.000584052
2026-09-21 02:20:35 UTC completed_step=2304 elapsed_seconds=157.396 learning_rate=0.000583821
2026-09-21 02:20:37 UTC step=2304 elapsed_seconds=158.971 mean_loss=0.654977 errors=715/10002 exact_sentences=522/1024
2026-09-21 02:20:38 UTC completed_step=2320 elapsed_seconds=159.869 learning_rate=0.000583587
2026-09-21 02:20:39 UTC completed_step=2336 elapsed_seconds=160.763 learning_rate=0.000583352
2026-09-21 02:20:39 UTC completed_step=2352 elapsed_seconds=161.655 learning_rate=0.000583116
2026-09-21 02:20:40 UTC completed_step=2368 elapsed_seconds=162.549 learning_rate=0.000582877
2026-09-21 02:20:41 UTC completed_step=2384 elapsed_seconds=163.442 learning_rate=0.000582638
2026-09-21 02:20:42 UTC completed_step=2400 elapsed_seconds=164.336 learning_rate=0.000582396
2026-09-21 02:20:43 UTC completed_step=2416 elapsed_seconds=165.232 learning_rate=0.000582153
2026-09-21 02:20:44 UTC completed_step=2432 elapsed_seconds=166.128 learning_rate=0.000581909
2026-09-21 02:20:46 UTC step=2432 elapsed_seconds=167.692 mean_loss=0.502626 errors=442/10002 exact_sentences=688/1024
2026-09-21 02:20:46 UTC completed_step=2448 elapsed_seconds=168.592 learning_rate=0.000581662
2026-09-21 02:20:47 UTC completed_step=2464 elapsed_seconds=169.488 learning_rate=0.000581414
2026-09-21 02:20:48 UTC completed_step=2480 elapsed_seconds=170.385 learning_rate=0.000581165
2026-09-21 02:20:49 UTC completed_step=2496 elapsed_seconds=171.283 learning_rate=0.000580914
2026-09-21 02:20:50 UTC completed_step=2512 elapsed_seconds=172.179 learning_rate=0.000580661
2026-09-21 02:20:51 UTC completed_step=2528 elapsed_seconds=173.075 learning_rate=0.000580407
2026-09-21 02:20:52 UTC completed_step=2544 elapsed_seconds=173.972 learning_rate=0.000580151
2026-09-21 02:20:53 UTC completed_step=2560 elapsed_seconds=174.87 learning_rate=0.000579894
2026-09-21 02:20:54 UTC step=2560 elapsed_seconds=176.427 mean_loss=0.372795 errors=219/10002 exact_sentences=837/1024
2026-09-21 02:20:55 UTC completed_step=2576 elapsed_seconds=177.332 learning_rate=0.000579635
2026-09-21 02:20:56 UTC completed_step=2592 elapsed_seconds=178.228 learning_rate=0.000579374
2026-09-21 02:20:57 UTC completed_step=2608 elapsed_seconds=179.122 learning_rate=0.000579112
2026-09-21 02:20:58 UTC completed_step=2624 elapsed_seconds=180.016 learning_rate=0.000578848
2026-09-21 02:20:59 UTC completed_step=2640 elapsed_seconds=180.911 learning_rate=0.000578583
2026-09-21 02:21:00 UTC completed_step=2656 elapsed_seconds=181.804 learning_rate=0.000578316
2026-09-21 02:21:01 UTC completed_step=2672 elapsed_seconds=182.701 learning_rate=0.000578047
2026-09-21 02:21:01 UTC completed_step=2688 elapsed_seconds=183.599 learning_rate=0.000577777
2026-09-21 02:21:03 UTC step=2688 elapsed_seconds=185.158 mean_loss=0.270804 errors=126/10002 exact_sentences=911/1024
2026-09-21 02:21:04 UTC completed_step=2704 elapsed_seconds=186.057 learning_rate=0.000577505
2026-09-21 02:21:05 UTC completed_step=2720 elapsed_seconds=186.95 learning_rate=0.000577232
2026-09-21 02:21:06 UTC completed_step=2736 elapsed_seconds=187.843 learning_rate=0.000576957
2026-09-21 02:21:07 UTC completed_step=2752 elapsed_seconds=188.737 learning_rate=0.00057668
2026-09-21 02:21:07 UTC completed_step=2768 elapsed_seconds=189.631 learning_rate=0.000576402
2026-09-21 02:21:08 UTC completed_step=2784 elapsed_seconds=190.526 learning_rate=0.000576123
2026-09-21 02:21:09 UTC completed_step=2800 elapsed_seconds=191.42 learning_rate=0.000575842
2026-09-21 02:21:10 UTC completed_step=2816 elapsed_seconds=192.314 learning_rate=0.000575559
2026-09-21 02:21:12 UTC step=2816 elapsed_seconds=193.883 mean_loss=0.184701 errors=68/10002 exact_sentences=964/1024
2026-09-21 02:21:13 UTC completed_step=2832 elapsed_seconds=194.782 learning_rate=0.000575274
2026-09-21 02:21:14 UTC completed_step=2848 elapsed_seconds=195.676 learning_rate=0.000574989
2026-09-21 02:21:14 UTC completed_step=2864 elapsed_seconds=196.569 learning_rate=0.000574701
2026-09-21 02:21:15 UTC completed_step=2880 elapsed_seconds=197.463 learning_rate=0.000574412
2026-09-21 02:21:16 UTC completed_step=2896 elapsed_seconds=198.355 learning_rate=0.000574121
2026-09-21 02:21:17 UTC completed_step=2912 elapsed_seconds=199.25 learning_rate=0.000573829
2026-09-21 02:21:18 UTC completed_step=2928 elapsed_seconds=200.145 learning_rate=0.000573536
2026-09-21 02:21:19 UTC completed_step=2944 elapsed_seconds=201.043 learning_rate=0.00057324
2026-09-21 02:21:20 UTC step=2944 elapsed_seconds=202.606 mean_loss=0.127592 errors=38/10002 exact_sentences=989/1024
2026-09-21 02:21:21 UTC completed_step=2960 elapsed_seconds=203.509 learning_rate=0.000572944
2026-09-21 02:21:22 UTC completed_step=2976 elapsed_seconds=204.408 learning_rate=0.000572645
2026-09-21 02:21:23 UTC completed_step=2992 elapsed_seconds=205.307 learning_rate=0.000572345
2026-09-21 02:21:24 UTC completed_step=3008 elapsed_seconds=206.205 learning_rate=0.000572044
2026-09-21 02:21:25 UTC completed_step=3024 elapsed_seconds=207.101 learning_rate=0.000571741
2026-09-21 02:21:26 UTC completed_step=3040 elapsed_seconds=207.996 learning_rate=0.000571436
2026-09-21 02:21:27 UTC completed_step=3056 elapsed_seconds=208.893 learning_rate=0.00057113
2026-09-21 02:21:28 UTC completed_step=3072 elapsed_seconds=209.787 learning_rate=0.000570823
2026-09-21 02:21:29 UTC step=3072 elapsed_seconds=211.369 mean_loss=0.0830516 errors=20/10002 exact_sentences=1005/1024
2026-09-21 02:21:30 UTC completed_step=3088 elapsed_seconds=212.27 learning_rate=0.000570514
2026-09-21 02:21:31 UTC completed_step=3104 elapsed_seconds=213.167 learning_rate=0.000570203
2026-09-21 02:21:32 UTC completed_step=3120 elapsed_seconds=214.062 learning_rate=0.000569891
2026-09-21 02:21:33 UTC completed_step=3136 elapsed_seconds=214.958 learning_rate=0.000569577
2026-09-21 02:21:34 UTC completed_step=3152 elapsed_seconds=215.852 learning_rate=0.000569262
2026-09-21 02:21:35 UTC completed_step=3168 elapsed_seconds=216.746 learning_rate=0.000568945
2026-09-21 02:21:35 UTC completed_step=3184 elapsed_seconds=217.639 learning_rate=0.000568627
2026-09-21 02:21:36 UTC completed_step=3200 elapsed_seconds=218.535 learning_rate=0.000568307
2026-09-21 02:21:38 UTC step=3200 elapsed_seconds=220.094 mean_loss=0.058377 errors=20/10002 exact_sentences=1005/1024
2026-09-21 02:21:39 UTC completed_step=3216 elapsed_seconds=220.992 learning_rate=0.000567985
2026-09-21 02:21:40 UTC completed_step=3232 elapsed_seconds=221.886 learning_rate=0.000567663
2026-09-21 02:21:41 UTC completed_step=3248 elapsed_seconds=222.779 learning_rate=0.000567338
2026-09-21 02:21:42 UTC completed_step=3264 elapsed_seconds=223.673 learning_rate=0.000567012
2026-09-21 02:21:42 UTC completed_step=3280 elapsed_seconds=224.567 learning_rate=0.000566685
2026-09-21 02:21:43 UTC completed_step=3296 elapsed_seconds=225.46 learning_rate=0.000566356
2026-09-21 02:21:44 UTC completed_step=3312 elapsed_seconds=226.353 learning_rate=0.000566025
2026-09-21 02:21:45 UTC completed_step=3328 elapsed_seconds=227.246 learning_rate=0.000565694
2026-09-21 02:21:47 UTC step=3328 elapsed_seconds=228.835 mean_loss=0.040058 errors=18/10002 exact_sentences=1006/1024
2026-09-21 02:21:48 UTC completed_step=3344 elapsed_seconds=229.734 learning_rate=0.00056536
2026-09-21 02:21:48 UTC completed_step=3360 elapsed_seconds=230.628 learning_rate=0.000565025
2026-09-21 02:21:49 UTC completed_step=3376 elapsed_seconds=231.522 learning_rate=0.000564689
2026-09-21 02:21:50 UTC completed_step=3392 elapsed_seconds=232.417 learning_rate=0.000564351
2026-09-21 02:21:51 UTC completed_step=3408 elapsed_seconds=233.31 learning_rate=0.000564011
2026-09-21 02:21:52 UTC completed_step=3424 elapsed_seconds=234.205 learning_rate=0.00056367
2026-09-21 02:21:53 UTC completed_step=3440 elapsed_seconds=235.101 learning_rate=0.000563328
2026-09-21 02:21:54 UTC completed_step=3456 elapsed_seconds=235.997 learning_rate=0.000562984
2026-09-21 02:21:55 UTC step=3456 elapsed_seconds=237.551 mean_loss=0.0292273 errors=10/10002 exact_sentences=1014/1024
2026-09-21 02:21:56 UTC completed_step=3472 elapsed_seconds=238.451 learning_rate=0.000562639
2026-09-21 02:21:57 UTC completed_step=3488 elapsed_seconds=239.344 learning_rate=0.000562292
2026-09-21 02:21:58 UTC completed_step=3504 elapsed_seconds=240.239 learning_rate=0.000561943
2026-09-21 02:21:59 UTC completed_step=3520 elapsed_seconds=241.132 learning_rate=0.000561594
2026-09-21 02:22:00 UTC completed_step=3536 elapsed_seconds=242.026 learning_rate=0.000561242
2026-09-21 02:22:01 UTC completed_step=3552 elapsed_seconds=242.922 learning_rate=0.000560889
2026-09-21 02:22:02 UTC completed_step=3568 elapsed_seconds=243.817 learning_rate=0.000560535
2026-09-21 02:22:03 UTC completed_step=3584 elapsed_seconds=244.713 learning_rate=0.000560179
2026-09-21 02:22:04 UTC step=3584 elapsed_seconds=246.27 mean_loss=0.0272953 errors=20/10002 exact_sentences=1008/1024
2026-09-21 02:22:05 UTC completed_step=3600 elapsed_seconds=247.174 learning_rate=0.000559822
2026-09-21 02:22:06 UTC completed_step=3616 elapsed_seconds=248.068 learning_rate=0.000559464
2026-09-21 02:22:07 UTC completed_step=3632 elapsed_seconds=248.964 learning_rate=0.000559103
2026-09-21 02:22:08 UTC completed_step=3648 elapsed_seconds=249.86 learning_rate=0.000558742
2026-09-21 02:22:09 UTC completed_step=3664 elapsed_seconds=250.754 learning_rate=0.000558379
2026-09-21 02:22:09 UTC completed_step=3680 elapsed_seconds=251.649 learning_rate=0.000558014
2026-09-21 02:22:10 UTC completed_step=3696 elapsed_seconds=252.544 learning_rate=0.000557648
2026-09-21 02:22:11 UTC completed_step=3712 elapsed_seconds=253.439 learning_rate=0.000557281
2026-09-21 02:22:13 UTC step=3712 elapsed_seconds=254.998 mean_loss=0.0210078 errors=24/10002 exact_sentences=1000/1024
2026-09-21 02:22:14 UTC completed_step=3728 elapsed_seconds=255.901 learning_rate=0.000556912
2026-09-21 02:22:15 UTC completed_step=3744 elapsed_seconds=256.798 learning_rate=0.000556542
2026-09-21 02:22:16 UTC completed_step=3760 elapsed_seconds=257.697 learning_rate=0.00055617
2026-09-21 02:22:16 UTC completed_step=3776 elapsed_seconds=258.595 learning_rate=0.000555797
2026-09-21 02:22:17 UTC completed_step=3792 elapsed_seconds=259.492 learning_rate=0.000555422
2026-09-21 02:22:18 UTC completed_step=3808 elapsed_seconds=260.387 learning_rate=0.000555046
2026-09-21 02:22:19 UTC completed_step=3824 elapsed_seconds=261.281 learning_rate=0.000554668
2026-09-21 02:22:20 UTC completed_step=3840 elapsed_seconds=262.176 learning_rate=0.000554289
2026-09-21 02:22:22 UTC step=3840 elapsed_seconds=263.743 mean_loss=0.0167812 errors=15/10002 exact_sentences=1010/1024
2026-09-21 02:22:22 UTC completed_step=3856 elapsed_seconds=264.643 learning_rate=0.000553909
2026-09-21 02:22:23 UTC completed_step=3872 elapsed_seconds=265.536 learning_rate=0.000553527
2026-09-21 02:22:24 UTC completed_step=3888 elapsed_seconds=266.43 learning_rate=0.000553144
2026-09-21 02:22:25 UTC completed_step=3904 elapsed_seconds=267.327 learning_rate=0.000552759
2026-09-21 02:22:26 UTC completed_step=3920 elapsed_seconds=268.226 learning_rate=0.000552373
2026-09-21 02:22:27 UTC completed_step=3936 elapsed_seconds=269.124 learning_rate=0.000551986
2026-09-21 02:22:28 UTC completed_step=3952 elapsed_seconds=270.022 learning_rate=0.000551597
2026-09-21 02:22:29 UTC completed_step=3968 elapsed_seconds=270.92 learning_rate=0.000551206
2026-09-21 02:22:30 UTC step=3968 elapsed_seconds=272.5 mean_loss=0.0143372 errors=13/10002 exact_sentences=1011/1024
2026-09-21 02:22:31 UTC completed_step=3984 elapsed_seconds=273.4 learning_rate=0.000550815
2026-09-21 02:22:32 UTC completed_step=4000 elapsed_seconds=274.293 learning_rate=0.000550421
2026-09-21 02:22:33 UTC completed_step=4016 elapsed_seconds=275.186 learning_rate=0.000550027
2026-09-21 02:22:34 UTC completed_step=4032 elapsed_seconds=276.08 learning_rate=0.000549631
2026-09-21 02:22:35 UTC completed_step=4048 elapsed_seconds=276.974 learning_rate=0.000549234
2026-09-21 02:22:36 UTC completed_step=4064 elapsed_seconds=277.868 learning_rate=0.000548835
2026-09-21 02:22:37 UTC completed_step=4080 elapsed_seconds=278.763 learning_rate=0.000548435
2026-09-21 02:22:37 UTC completed_step=4096 elapsed_seconds=279.659 learning_rate=0.000548033
2026-09-21 02:22:39 UTC step=4096 elapsed_seconds=281.216 mean_loss=0.011265 errors=10/10002 exact_sentences=1014/1024
2026-09-21 02:22:40 UTC completed_step=4112 elapsed_seconds=282.121 learning_rate=0.00054763
2026-09-21 02:22:41 UTC completed_step=4128 elapsed_seconds=283.016 learning_rate=0.000547226
2026-09-21 02:22:42 UTC completed_step=4144 elapsed_seconds=283.912 learning_rate=0.00054682
2026-09-21 02:22:43 UTC completed_step=4160 elapsed_seconds=284.807 learning_rate=0.000546413
2026-09-21 02:22:44 UTC completed_step=4176 elapsed_seconds=285.703 learning_rate=0.000546004
2026-09-21 02:22:44 UTC completed_step=4192 elapsed_seconds=286.6 learning_rate=0.000545595
2026-09-21 02:22:45 UTC completed_step=4208 elapsed_seconds=287.495 learning_rate=0.000545183
2026-09-21 02:22:46 UTC completed_step=4224 elapsed_seconds=288.39 learning_rate=0.000544771
2026-09-21 02:22:48 UTC step=4224 elapsed_seconds=289.976 mean_loss=0.00997409 errors=11/10002 exact_sentences=1013/1024
2026-09-21 02:22:49 UTC completed_step=4240 elapsed_seconds=290.875 learning_rate=0.000544357
2026-09-21 02:22:50 UTC completed_step=4256 elapsed_seconds=291.772 learning_rate=0.000543941
2026-09-21 02:22:51 UTC completed_step=4272 elapsed_seconds=292.67 learning_rate=0.000543525
2026-09-21 02:22:51 UTC completed_step=4288 elapsed_seconds=293.569 learning_rate=0.000543107
2026-09-21 02:22:52 UTC completed_step=4304 elapsed_seconds=294.467 learning_rate=0.000542687
2026-09-21 02:22:53 UTC completed_step=4320 elapsed_seconds=295.363 learning_rate=0.000542266
2026-09-21 02:22:54 UTC completed_step=4336 elapsed_seconds=296.26 learning_rate=0.000541844
2026-09-21 02:22:55 UTC completed_step=4352 elapsed_seconds=297.154 learning_rate=0.000541421
2026-09-21 02:22:57 UTC step=4352 elapsed_seconds=298.713 mean_loss=0.00848647 errors=11/10002 exact_sentences=1013/1024
2026-09-21 02:22:57 UTC completed_step=4368 elapsed_seconds=299.611 learning_rate=0.000540996
2026-09-21 02:22:58 UTC completed_step=4384 elapsed_seconds=300.504 learning_rate=0.00054057
2026-09-21 02:22:59 UTC completed_step=4400 elapsed_seconds=301.396 learning_rate=0.000540142
2026-09-21 02:23:00 UTC completed_step=4416 elapsed_seconds=302.288 learning_rate=0.000539713
2026-09-21 02:23:01 UTC completed_step=4432 elapsed_seconds=303.183 learning_rate=0.000539283
2026-09-21 02:23:02 UTC completed_step=4448 elapsed_seconds=304.076 learning_rate=0.000538851
2026-09-21 02:23:03 UTC completed_step=4464 elapsed_seconds=304.97 learning_rate=0.000538418
2026-09-21 02:23:04 UTC completed_step=4480 elapsed_seconds=305.864 learning_rate=0.000537984
2026-09-21 02:23:05 UTC step=4480 elapsed_seconds=307.443 mean_loss=0.00939818 errors=12/10002 exact_sentences=1014/1024
2026-09-21 02:23:06 UTC completed_step=4496 elapsed_seconds=308.342 learning_rate=0.000537549
2026-09-21 02:23:07 UTC completed_step=4512 elapsed_seconds=309.235 learning_rate=0.000537112
2026-09-21 02:23:08 UTC completed_step=4528 elapsed_seconds=310.13 learning_rate=0.000536674
2026-09-21 02:23:09 UTC completed_step=4544 elapsed_seconds=311.026 learning_rate=0.000536234
2026-09-21 02:23:10 UTC completed_step=4560 elapsed_seconds=311.921 learning_rate=0.000535793
2026-09-21 02:23:11 UTC completed_step=4576 elapsed_seconds=312.817 learning_rate=0.000535351
2026-09-21 02:23:12 UTC completed_step=4592 elapsed_seconds=313.713 learning_rate=0.000534908
2026-09-21 02:23:12 UTC completed_step=4608 elapsed_seconds=314.609 learning_rate=0.000534463
2026-09-21 02:23:14 UTC step=4608 elapsed_seconds=316.172 mean_loss=0.00527283 errors=5/10002 exact_sentences=1019/1024
2026-09-21 02:23:15 UTC completed_step=4624 elapsed_seconds=317.076 learning_rate=0.000534017
2026-09-21 02:23:16 UTC completed_step=4640 elapsed_seconds=317.969 learning_rate=0.000533569
2026-09-21 02:23:17 UTC completed_step=4656 elapsed_seconds=318.865 learning_rate=0.000533121
2026-09-21 02:23:18 UTC completed_step=4672 elapsed_seconds=319.759 learning_rate=0.000532671
2026-09-21 02:23:18 UTC completed_step=4688 elapsed_seconds=320.655 learning_rate=0.00053222
2026-09-21 02:23:19 UTC completed_step=4704 elapsed_seconds=321.549 learning_rate=0.000531767
2026-09-21 02:23:20 UTC completed_step=4720 elapsed_seconds=322.442 learning_rate=0.000531313
2026-09-21 02:23:21 UTC completed_step=4736 elapsed_seconds=323.338 learning_rate=0.000530858
2026-09-21 02:23:23 UTC step=4736 elapsed_seconds=324.9 mean_loss=0.00610634 errors=6/10002 exact_sentences=1018/1024
2026-09-21 02:23:24 UTC completed_step=4752 elapsed_seconds=325.801 learning_rate=0.000530402
2026-09-21 02:23:25 UTC completed_step=4768 elapsed_seconds=326.699 learning_rate=0.000529944
2026-09-21 02:23:25 UTC completed_step=4784 elapsed_seconds=327.594 learning_rate=0.000529485
2026-09-21 02:23:26 UTC completed_step=4800 elapsed_seconds=328.487 learning_rate=0.000529025
2026-09-21 02:23:27 UTC completed_step=4816 elapsed_seconds=329.38 learning_rate=0.000528563
2026-09-21 02:23:28 UTC completed_step=4832 elapsed_seconds=330.273 learning_rate=0.000528101
2026-09-21 02:23:29 UTC completed_step=4848 elapsed_seconds=331.168 learning_rate=0.000527637
2026-09-21 02:23:30 UTC completed_step=4864 elapsed_seconds=332.061 learning_rate=0.000527171
2026-09-21 02:23:31 UTC step=4864 elapsed_seconds=333.623 mean_loss=0.00322977 errors=4/10002 exact_sentences=1021/1024
2026-09-21 02:23:32 UTC completed_step=4880 elapsed_seconds=334.521 learning_rate=0.000526705
2026-09-21 02:23:33 UTC completed_step=4896 elapsed_seconds=335.414 learning_rate=0.000526237
2026-09-21 02:23:34 UTC completed_step=4912 elapsed_seconds=336.307 learning_rate=0.000525768
2026-09-21 02:23:35 UTC completed_step=4928 elapsed_seconds=337.199 learning_rate=0.000525298
2026-09-21 02:23:36 UTC completed_step=4944 elapsed_seconds=338.092 learning_rate=0.000524826
2026-09-21 02:23:37 UTC completed_step=4960 elapsed_seconds=338.985 learning_rate=0.000524353
2026-09-21 02:23:38 UTC completed_step=4976 elapsed_seconds=339.879 learning_rate=0.000523879
2026-09-21 02:23:39 UTC completed_step=4992 elapsed_seconds=340.773 learning_rate=0.000523404
2026-09-21 02:23:40 UTC step=4992 elapsed_seconds=342.335 mean_loss=0.0034239 errors=3/10002 exact_sentences=1021/1024
2026-09-21 02:23:41 UTC completed_step=5008 elapsed_seconds=343.234 learning_rate=0.000522927
2026-09-21 02:23:42 UTC completed_step=5024 elapsed_seconds=344.126 learning_rate=0.00052245
2026-09-21 02:23:43 UTC completed_step=5040 elapsed_seconds=345.02 learning_rate=0.000521971
2026-09-21 02:23:44 UTC completed_step=5056 elapsed_seconds=345.916 learning_rate=0.000521491
2026-09-21 02:23:45 UTC completed_step=5072 elapsed_seconds=346.811 learning_rate=0.000521009
2026-09-21 02:23:46 UTC completed_step=5088 elapsed_seconds=347.709 learning_rate=0.000520527
2026-09-21 02:23:46 UTC completed_step=5104 elapsed_seconds=348.605 learning_rate=0.000520043
2026-09-21 02:23:47 UTC completed_step=5120 elapsed_seconds=349.503 learning_rate=0.000519558
2026-09-21 02:23:49 UTC step=5120 elapsed_seconds=351.065 mean_loss=0.00598719 errors=11/10002 exact_sentences=1014/1024
2026-09-21 02:23:50 UTC completed_step=5136 elapsed_seconds=351.971 learning_rate=0.000519071
2026-09-21 02:23:51 UTC completed_step=5152 elapsed_seconds=352.866 learning_rate=0.000518584
2026-09-21 02:23:52 UTC completed_step=5168 elapsed_seconds=353.761 learning_rate=0.000518095
2026-09-21 02:23:52 UTC completed_step=5184 elapsed_seconds=354.656 learning_rate=0.000517605
2026-09-21 02:23:53 UTC completed_step=5200 elapsed_seconds=355.552 learning_rate=0.000517114
2026-09-21 02:23:54 UTC completed_step=5216 elapsed_seconds=356.446 learning_rate=0.000516622
2026-09-21 02:23:55 UTC completed_step=5232 elapsed_seconds=357.341 learning_rate=0.000516129
2026-09-21 02:23:56 UTC completed_step=5248 elapsed_seconds=358.235 learning_rate=0.000515634
2026-09-21 02:23:58 UTC step=5248 elapsed_seconds=359.816 mean_loss=0.0029189 errors=2/10002 exact_sentences=1022/1024
2026-09-21 02:23:59 UTC completed_step=5264 elapsed_seconds=360.716 learning_rate=0.000515138
2026-09-21 02:23:59 UTC completed_step=5280 elapsed_seconds=361.611 learning_rate=0.000514641
2026-09-21 02:24:00 UTC completed_step=5296 elapsed_seconds=362.505 learning_rate=0.000514143
2026-09-21 02:24:01 UTC completed_step=5312 elapsed_seconds=363.4 learning_rate=0.000513644
2026-09-21 02:24:02 UTC completed_step=5328 elapsed_seconds=364.295 learning_rate=0.000513143
2026-09-21 02:24:03 UTC completed_step=5344 elapsed_seconds=365.19 learning_rate=0.000512641
2026-09-21 02:24:04 UTC completed_step=5360 elapsed_seconds=366.086 learning_rate=0.000512139
2026-09-21 02:24:05 UTC completed_step=5376 elapsed_seconds=366.982 learning_rate=0.000511635
2026-09-21 02:24:06 UTC step=5376 elapsed_seconds=368.559 mean_loss=0.00181823 errors=2/10002 exact_sentences=1023/1024
2026-09-21 02:24:07 UTC completed_step=5392 elapsed_seconds=369.46 learning_rate=0.000511129
2026-09-21 02:24:08 UTC completed_step=5408 elapsed_seconds=370.355 learning_rate=0.000510623
2026-09-21 02:24:09 UTC completed_step=5424 elapsed_seconds=371.251 learning_rate=0.000510116
2026-09-21 02:24:10 UTC completed_step=5440 elapsed_seconds=372.146 learning_rate=0.000509607
2026-09-21 02:24:11 UTC completed_step=5456 elapsed_seconds=373.04 learning_rate=0.000509097
2026-09-21 02:24:12 UTC completed_step=5472 elapsed_seconds=373.933 learning_rate=0.000508586
2026-09-21 02:24:13 UTC completed_step=5488 elapsed_seconds=374.829 learning_rate=0.000508074
2026-09-21 02:24:14 UTC completed_step=5504 elapsed_seconds=375.724 learning_rate=0.000507561
2026-09-21 02:24:15 UTC step=5504 elapsed_seconds=377.28 mean_loss=0.00231086 errors=3/10002 exact_sentences=1021/1024
2026-09-21 02:24:16 UTC completed_step=5520 elapsed_seconds=378.178 learning_rate=0.000507047
2026-09-21 02:24:17 UTC completed_step=5536 elapsed_seconds=379.074 learning_rate=0.000506531
2026-09-21 02:24:18 UTC completed_step=5552 elapsed_seconds=379.969 learning_rate=0.000506015
2026-09-21 02:24:19 UTC completed_step=5568 elapsed_seconds=380.863 learning_rate=0.000505497
2026-09-21 02:24:20 UTC completed_step=5584 elapsed_seconds=381.76 learning_rate=0.000504978
2026-09-21 02:24:20 UTC completed_step=5600 elapsed_seconds=382.655 learning_rate=0.000504458
2026-09-21 02:24:21 UTC completed_step=5616 elapsed_seconds=383.55 learning_rate=0.000503937
2026-09-21 02:24:22 UTC completed_step=5632 elapsed_seconds=384.446 learning_rate=0.000503415
2026-09-21 02:24:24 UTC step=5632 elapsed_seconds=386.01 mean_loss=0.00046606 errors=0/10002 exact_sentences=1024/1024
2026-09-21 02:24:25 UTC step=5632 elapsed_seconds=387.595 mean_loss=0.00046606 errors=0/10002 exact_sentences=1024/1024
MEMORIZED checkpoint=/home/ubuntu/checkpoints/memorize_general_facts/width_depth_long_0/width_64/layers_1/step_5632
