layers=1 width=128 heads=2 feed_forward_width=512 parameters=6764416 samples=1024 scored_targets=10002
2026-09-21 00:56:58 UTC step=0 elapsed_seconds=2.26738 mean_loss=10.8177 errors=10002/10002 exact_sentences=0/1024
2026-09-21 00:57:00 UTC completed_step=16 elapsed_seconds=3.85786 learning_rate=9.6e-05
2026-09-21 00:57:01 UTC completed_step=32 elapsed_seconds=5.24644 learning_rate=0.000192
2026-09-21 00:57:03 UTC completed_step=48 elapsed_seconds=6.63412 learning_rate=0.000288
2026-09-21 00:57:04 UTC completed_step=64 elapsed_seconds=8.02369 learning_rate=0.000384
2026-09-21 00:57:05 UTC completed_step=80 elapsed_seconds=9.41315 learning_rate=0.00048
2026-09-21 00:57:07 UTC completed_step=96 elapsed_seconds=10.8025 learning_rate=0.000576
2026-09-21 00:57:08 UTC completed_step=112 elapsed_seconds=12.1905 learning_rate=0.000599992
2026-09-21 00:57:10 UTC completed_step=128 elapsed_seconds=13.5799 learning_rate=0.000599956
2026-09-21 00:57:12 UTC step=128 elapsed_seconds=15.8632 mean_loss=5.80047 errors=7665/10002 exact_sentences=1/1024
2026-09-21 00:57:13 UTC completed_step=144 elapsed_seconds=17.2559 learning_rate=0.000599893
2026-09-21 00:57:15 UTC completed_step=160 elapsed_seconds=18.6438 learning_rate=0.0005998
2026-09-21 00:57:16 UTC completed_step=176 elapsed_seconds=20.0318 learning_rate=0.00059968
2026-09-21 00:57:17 UTC completed_step=192 elapsed_seconds=21.4198 learning_rate=0.00059953
2026-09-21 00:57:19 UTC completed_step=208 elapsed_seconds=22.808 learning_rate=0.000599353
2026-09-21 00:57:20 UTC completed_step=224 elapsed_seconds=24.1958 learning_rate=0.000599147
2026-09-21 00:57:22 UTC completed_step=240 elapsed_seconds=25.5853 learning_rate=0.000598913
2026-09-21 00:57:23 UTC completed_step=256 elapsed_seconds=26.9771 learning_rate=0.000598651
2026-09-21 00:57:25 UTC step=256 elapsed_seconds=29.2535 mean_loss=5.03211 errors=7093/10002 exact_sentences=1/1024
2026-09-21 00:57:27 UTC completed_step=272 elapsed_seconds=30.6495 learning_rate=0.00059836
2026-09-21 00:57:28 UTC completed_step=288 elapsed_seconds=32.0404 learning_rate=0.000598041
2026-09-21 00:57:29 UTC completed_step=304 elapsed_seconds=33.4306 learning_rate=0.000597694
2026-09-21 00:57:31 UTC completed_step=320 elapsed_seconds=34.8211 learning_rate=0.000597319
2026-09-21 00:57:32 UTC completed_step=336 elapsed_seconds=36.2098 learning_rate=0.000596915
2026-09-21 00:57:34 UTC completed_step=352 elapsed_seconds=37.5986 learning_rate=0.000596484
2026-09-21 00:57:35 UTC completed_step=368 elapsed_seconds=38.9873 learning_rate=0.000596024
2026-09-21 00:57:36 UTC completed_step=384 elapsed_seconds=40.3765 learning_rate=0.000595536
2026-09-21 00:57:39 UTC step=384 elapsed_seconds=42.6673 mean_loss=4.27344 errors=6351/10002 exact_sentences=1/1024
2026-09-21 00:57:40 UTC completed_step=400 elapsed_seconds=44.0615 learning_rate=0.000595021
2026-09-21 00:57:42 UTC completed_step=416 elapsed_seconds=45.4514 learning_rate=0.000594478
2026-09-21 00:57:43 UTC completed_step=432 elapsed_seconds=46.8406 learning_rate=0.000593906
2026-09-21 00:57:44 UTC completed_step=448 elapsed_seconds=48.2295 learning_rate=0.000593307
2026-09-21 00:57:46 UTC completed_step=464 elapsed_seconds=49.618 learning_rate=0.000592681
2026-09-21 00:57:47 UTC completed_step=480 elapsed_seconds=51.0061 learning_rate=0.000592026
2026-09-21 00:57:48 UTC completed_step=496 elapsed_seconds=52.395 learning_rate=0.000591344
2026-09-21 00:57:50 UTC completed_step=512 elapsed_seconds=53.7837 learning_rate=0.000590635
2026-09-21 00:57:52 UTC step=512 elapsed_seconds=56.0634 mean_loss=3.5427 errors=5738/10002 exact_sentences=1/1024
2026-09-21 00:57:54 UTC completed_step=528 elapsed_seconds=57.4617 learning_rate=0.000589898
2026-09-21 00:57:55 UTC completed_step=544 elapsed_seconds=58.8498 learning_rate=0.000589134
2026-09-21 00:57:56 UTC completed_step=560 elapsed_seconds=60.2393 learning_rate=0.000588342
2026-09-21 00:57:58 UTC completed_step=576 elapsed_seconds=61.63 learning_rate=0.000587524
2026-09-21 00:57:59 UTC completed_step=592 elapsed_seconds=63.0213 learning_rate=0.000586678
2026-09-21 00:58:00 UTC completed_step=608 elapsed_seconds=64.4118 learning_rate=0.000585805
2026-09-21 00:58:02 UTC completed_step=624 elapsed_seconds=65.801 learning_rate=0.000584906
2026-09-21 00:58:03 UTC completed_step=640 elapsed_seconds=67.1903 learning_rate=0.000583979
2026-09-21 00:58:06 UTC step=640 elapsed_seconds=69.4591 mean_loss=2.8808 errors=4744/10002 exact_sentences=4/1024
2026-09-21 00:58:07 UTC completed_step=656 elapsed_seconds=70.8532 learning_rate=0.000583026
2026-09-21 00:58:08 UTC completed_step=672 elapsed_seconds=72.2426 learning_rate=0.000582046
2026-09-21 00:58:10 UTC completed_step=688 elapsed_seconds=73.6313 learning_rate=0.00058104
2026-09-21 00:58:11 UTC completed_step=704 elapsed_seconds=75.0205 learning_rate=0.000580007
2026-09-21 00:58:12 UTC completed_step=720 elapsed_seconds=76.4113 learning_rate=0.000578948
2026-09-21 00:58:14 UTC completed_step=736 elapsed_seconds=77.8031 learning_rate=0.000577862
2026-09-21 00:58:15 UTC completed_step=752 elapsed_seconds=79.1928 learning_rate=0.000576751
2026-09-21 00:58:17 UTC completed_step=768 elapsed_seconds=80.5822 learning_rate=0.000575614
2026-09-21 00:58:19 UTC step=768 elapsed_seconds=82.86 mean_loss=2.24501 errors=3534/10002 exact_sentences=14/1024
2026-09-21 00:58:20 UTC completed_step=784 elapsed_seconds=84.2546 learning_rate=0.000574451
2026-09-21 00:58:22 UTC completed_step=800 elapsed_seconds=85.6419 learning_rate=0.000573262
2026-09-21 00:58:23 UTC completed_step=816 elapsed_seconds=87.0287 learning_rate=0.000572047
2026-09-21 00:58:24 UTC completed_step=832 elapsed_seconds=88.4164 learning_rate=0.000570807
2026-09-21 00:58:26 UTC completed_step=848 elapsed_seconds=89.8047 learning_rate=0.000569542
2026-09-21 00:58:27 UTC completed_step=864 elapsed_seconds=91.1936 learning_rate=0.000568251
2026-09-21 00:58:29 UTC completed_step=880 elapsed_seconds=92.5846 learning_rate=0.000566936
2026-09-21 00:58:30 UTC completed_step=896 elapsed_seconds=93.9724 learning_rate=0.000565595
2026-09-21 00:58:32 UTC step=896 elapsed_seconds=96.2338 mean_loss=1.66252 errors=2374/10002 exact_sentences=95/1024
2026-09-21 00:58:34 UTC completed_step=912 elapsed_seconds=97.628 learning_rate=0.00056423
2026-09-21 00:58:35 UTC completed_step=928 elapsed_seconds=99.0162 learning_rate=0.00056284
2026-09-21 00:58:36 UTC completed_step=944 elapsed_seconds=100.406 learning_rate=0.000561425
2026-09-21 00:58:38 UTC completed_step=960 elapsed_seconds=101.796 learning_rate=0.000559986
2026-09-21 00:58:39 UTC completed_step=976 elapsed_seconds=103.185 learning_rate=0.000558523
2026-09-21 00:58:41 UTC completed_step=992 elapsed_seconds=104.573 learning_rate=0.000557036
2026-09-21 00:58:42 UTC completed_step=1008 elapsed_seconds=105.96 learning_rate=0.000555525
2026-09-21 00:58:43 UTC completed_step=1024 elapsed_seconds=107.348 learning_rate=0.000553991
2026-09-21 00:58:46 UTC step=1024 elapsed_seconds=109.626 mean_loss=1.14926 errors=1397/10002 exact_sentences=270/1024
2026-09-21 00:58:47 UTC completed_step=1040 elapsed_seconds=111.024 learning_rate=0.000552432
2026-09-21 00:58:48 UTC completed_step=1056 elapsed_seconds=112.413 learning_rate=0.000550851
2026-09-21 00:58:50 UTC completed_step=1072 elapsed_seconds=113.803 learning_rate=0.000549246
2026-09-21 00:58:51 UTC completed_step=1088 elapsed_seconds=115.194 learning_rate=0.000547618
2026-09-21 00:58:53 UTC completed_step=1104 elapsed_seconds=116.584 learning_rate=0.000545967
2026-09-21 00:58:54 UTC completed_step=1120 elapsed_seconds=117.974 learning_rate=0.000544293
2026-09-21 00:58:55 UTC completed_step=1136 elapsed_seconds=119.363 learning_rate=0.000542597
2026-09-21 00:58:57 UTC completed_step=1152 elapsed_seconds=120.751 learning_rate=0.000540878
2026-09-21 00:58:59 UTC step=1152 elapsed_seconds=123.023 mean_loss=0.727158 errors=570/10002 exact_sentences=600/1024
2026-09-21 00:59:00 UTC completed_step=1168 elapsed_seconds=124.416 learning_rate=0.000539138
2026-09-21 00:59:02 UTC completed_step=1184 elapsed_seconds=125.803 learning_rate=0.000537375
2026-09-21 00:59:03 UTC completed_step=1200 elapsed_seconds=127.19 learning_rate=0.00053559
2026-09-21 00:59:05 UTC completed_step=1216 elapsed_seconds=128.578 learning_rate=0.000533784
2026-09-21 00:59:06 UTC completed_step=1232 elapsed_seconds=129.965 learning_rate=0.000531957
2026-09-21 00:59:07 UTC completed_step=1248 elapsed_seconds=131.353 learning_rate=0.000530108
2026-09-21 00:59:09 UTC completed_step=1264 elapsed_seconds=132.742 learning_rate=0.000528238
2026-09-21 00:59:10 UTC completed_step=1280 elapsed_seconds=134.131 learning_rate=0.000526347
2026-09-21 00:59:12 UTC step=1280 elapsed_seconds=136.397 mean_loss=0.411102 errors=129/10002 exact_sentences=909/1024
2026-09-21 00:59:14 UTC completed_step=1296 elapsed_seconds=137.79 learning_rate=0.000524435
2026-09-21 00:59:15 UTC completed_step=1312 elapsed_seconds=139.178 learning_rate=0.000522503
2026-09-21 00:59:17 UTC completed_step=1328 elapsed_seconds=140.566 learning_rate=0.000520551
2026-09-21 00:59:18 UTC completed_step=1344 elapsed_seconds=141.955 learning_rate=0.000518579
2026-09-21 00:59:19 UTC completed_step=1360 elapsed_seconds=143.342 learning_rate=0.000516587
2026-09-21 00:59:21 UTC completed_step=1376 elapsed_seconds=144.729 learning_rate=0.000514575
2026-09-21 00:59:22 UTC completed_step=1392 elapsed_seconds=146.117 learning_rate=0.000512544
2026-09-21 00:59:24 UTC completed_step=1408 elapsed_seconds=147.506 learning_rate=0.000510494
2026-09-21 00:59:26 UTC step=1408 elapsed_seconds=149.776 mean_loss=0.207892 errors=31/10002 exact_sentences=995/1024
2026-09-21 00:59:27 UTC completed_step=1424 elapsed_seconds=151.17 learning_rate=0.000508424
2026-09-21 00:59:29 UTC completed_step=1440 elapsed_seconds=152.559 learning_rate=0.000506336
2026-09-21 00:59:30 UTC completed_step=1456 elapsed_seconds=153.947 learning_rate=0.00050423
2026-09-21 00:59:31 UTC completed_step=1472 elapsed_seconds=155.336 learning_rate=0.000502104
2026-09-21 00:59:33 UTC completed_step=1488 elapsed_seconds=156.726 learning_rate=0.000499961
2026-09-21 00:59:34 UTC completed_step=1504 elapsed_seconds=158.115 learning_rate=0.0004978
2026-09-21 00:59:36 UTC completed_step=1520 elapsed_seconds=159.504 learning_rate=0.000495622
2026-09-21 00:59:37 UTC completed_step=1536 elapsed_seconds=160.895 learning_rate=0.000493426
2026-09-21 00:59:39 UTC step=1536 elapsed_seconds=163.161 mean_loss=0.103261 errors=13/10002 exact_sentences=1011/1024
2026-09-21 00:59:41 UTC completed_step=1552 elapsed_seconds=164.565 learning_rate=0.000491212
2026-09-21 00:59:42 UTC completed_step=1568 elapsed_seconds=165.958 learning_rate=0.000488982
2026-09-21 00:59:43 UTC completed_step=1584 elapsed_seconds=167.349 learning_rate=0.000486735
2026-09-21 00:59:45 UTC completed_step=1600 elapsed_seconds=168.74 learning_rate=0.000484472
2026-09-21 00:59:46 UTC completed_step=1616 elapsed_seconds=170.131 learning_rate=0.000482192
2026-09-21 00:59:48 UTC completed_step=1632 elapsed_seconds=171.519 learning_rate=0.000479896
2026-09-21 00:59:49 UTC completed_step=1648 elapsed_seconds=172.907 learning_rate=0.000477584
2026-09-21 00:59:50 UTC completed_step=1664 elapsed_seconds=174.295 learning_rate=0.000475257
2026-09-21 00:59:53 UTC step=1664 elapsed_seconds=176.558 mean_loss=0.0488072 errors=9/10002 exact_sentences=1015/1024
2026-09-21 00:59:54 UTC completed_step=1680 elapsed_seconds=177.954 learning_rate=0.000472915
2026-09-21 00:59:55 UTC completed_step=1696 elapsed_seconds=179.346 learning_rate=0.000470558
2026-09-21 00:59:57 UTC completed_step=1712 elapsed_seconds=180.738 learning_rate=0.000468185
2026-09-21 00:59:58 UTC completed_step=1728 elapsed_seconds=182.127 learning_rate=0.000465799
2026-09-21 01:00:00 UTC completed_step=1744 elapsed_seconds=183.515 learning_rate=0.000463398
2026-09-21 01:00:01 UTC completed_step=1760 elapsed_seconds=184.904 learning_rate=0.000460983
2026-09-21 01:00:02 UTC completed_step=1776 elapsed_seconds=186.292 learning_rate=0.000458554
2026-09-21 01:00:04 UTC completed_step=1792 elapsed_seconds=187.68 learning_rate=0.000456112
2026-09-21 01:00:06 UTC step=1792 elapsed_seconds=189.97 mean_loss=0.0312051 errors=15/10002 exact_sentences=1009/1024
2026-09-21 01:00:07 UTC completed_step=1808 elapsed_seconds=191.362 learning_rate=0.000453656
2026-09-21 01:00:09 UTC completed_step=1824 elapsed_seconds=192.749 learning_rate=0.000451187
2026-09-21 01:00:10 UTC completed_step=1840 elapsed_seconds=194.138 learning_rate=0.000448706
2026-09-21 01:00:12 UTC completed_step=1856 elapsed_seconds=195.526 learning_rate=0.000446212
2026-09-21 01:00:13 UTC completed_step=1872 elapsed_seconds=196.914 learning_rate=0.000443706
2026-09-21 01:00:14 UTC completed_step=1888 elapsed_seconds=198.303 learning_rate=0.000441188
2026-09-21 01:00:16 UTC completed_step=1904 elapsed_seconds=199.693 learning_rate=0.000438658
2026-09-21 01:00:17 UTC completed_step=1920 elapsed_seconds=201.082 learning_rate=0.000436117
2026-09-21 01:00:19 UTC step=1920 elapsed_seconds=203.359 mean_loss=0.0246832 errors=16/10002 exact_sentences=1008/1024
2026-09-21 01:00:21 UTC completed_step=1936 elapsed_seconds=204.754 learning_rate=0.000433564
2026-09-21 01:00:22 UTC completed_step=1952 elapsed_seconds=206.144 learning_rate=0.000431001
2026-09-21 01:00:24 UTC completed_step=1968 elapsed_seconds=207.533 learning_rate=0.000428427
2026-09-21 01:00:25 UTC completed_step=1984 elapsed_seconds=208.923 learning_rate=0.000425843
2026-09-21 01:00:26 UTC completed_step=2000 elapsed_seconds=210.313 learning_rate=0.000423249
2026-09-21 01:00:28 UTC completed_step=2016 elapsed_seconds=211.702 learning_rate=0.000420644
2026-09-21 01:00:29 UTC completed_step=2032 elapsed_seconds=213.093 learning_rate=0.000418031
2026-09-21 01:00:31 UTC completed_step=2048 elapsed_seconds=214.482 learning_rate=0.000415408
2026-09-21 01:00:33 UTC step=2048 elapsed_seconds=216.75 mean_loss=0.0131579 errors=5/10002 exact_sentences=1019/1024
2026-09-21 01:00:34 UTC completed_step=2064 elapsed_seconds=218.149 learning_rate=0.000412776
2026-09-21 01:00:36 UTC completed_step=2080 elapsed_seconds=219.539 learning_rate=0.000410135
2026-09-21 01:00:37 UTC completed_step=2096 elapsed_seconds=220.929 learning_rate=0.000407486
2026-09-21 01:00:38 UTC completed_step=2112 elapsed_seconds=222.317 learning_rate=0.000404829
2026-09-21 01:00:40 UTC completed_step=2128 elapsed_seconds=223.708 learning_rate=0.000402164
2026-09-21 01:00:41 UTC completed_step=2144 elapsed_seconds=225.098 learning_rate=0.000399491
2026-09-21 01:00:43 UTC completed_step=2160 elapsed_seconds=226.489 learning_rate=0.000396811
2026-09-21 01:00:44 UTC completed_step=2176 elapsed_seconds=227.881 learning_rate=0.000394124
2026-09-21 01:00:46 UTC step=2176 elapsed_seconds=230.168 mean_loss=0.00939954 errors=5/10002 exact_sentences=1019/1024
2026-09-21 01:00:48 UTC completed_step=2192 elapsed_seconds=231.562 learning_rate=0.00039143
2026-09-21 01:00:49 UTC completed_step=2208 elapsed_seconds=232.95 learning_rate=0.00038873
2026-09-21 01:00:50 UTC completed_step=2224 elapsed_seconds=234.338 learning_rate=0.000386023
2026-09-21 01:00:52 UTC completed_step=2240 elapsed_seconds=235.727 learning_rate=0.000383311
2026-09-21 01:00:53 UTC completed_step=2256 elapsed_seconds=237.119 learning_rate=0.000380593
2026-09-21 01:00:55 UTC completed_step=2272 elapsed_seconds=238.509 learning_rate=0.00037787
2026-09-21 01:00:56 UTC completed_step=2288 elapsed_seconds=239.897 learning_rate=0.000375141
2026-09-21 01:00:57 UTC completed_step=2304 elapsed_seconds=241.285 learning_rate=0.000372408
2026-09-21 01:01:00 UTC step=2304 elapsed_seconds=243.559 mean_loss=0.00717377 errors=5/10002 exact_sentences=1021/1024
2026-09-21 01:01:01 UTC completed_step=2320 elapsed_seconds=244.953 learning_rate=0.000369671
2026-09-21 01:01:02 UTC completed_step=2336 elapsed_seconds=246.341 learning_rate=0.000366929
2026-09-21 01:01:04 UTC completed_step=2352 elapsed_seconds=247.731 learning_rate=0.000364183
2026-09-21 01:01:05 UTC completed_step=2368 elapsed_seconds=249.121 learning_rate=0.000361434
2026-09-21 01:01:07 UTC completed_step=2384 elapsed_seconds=250.51 learning_rate=0.000358682
2026-09-21 01:01:08 UTC completed_step=2400 elapsed_seconds=251.897 learning_rate=0.000355926
2026-09-21 01:01:09 UTC completed_step=2416 elapsed_seconds=253.285 learning_rate=0.000353168
2026-09-21 01:01:11 UTC completed_step=2432 elapsed_seconds=254.673 learning_rate=0.000350407
2026-09-21 01:01:13 UTC step=2432 elapsed_seconds=256.946 mean_loss=0.00623124 errors=5/10002 exact_sentences=1019/1024
2026-09-21 01:01:14 UTC completed_step=2448 elapsed_seconds=258.339 learning_rate=0.000347644
2026-09-21 01:01:16 UTC completed_step=2464 elapsed_seconds=259.728 learning_rate=0.00034488
2026-09-21 01:01:17 UTC completed_step=2480 elapsed_seconds=261.116 learning_rate=0.000342113
2026-09-21 01:01:19 UTC completed_step=2496 elapsed_seconds=262.505 learning_rate=0.000339346
2026-09-21 01:01:20 UTC completed_step=2512 elapsed_seconds=263.893 learning_rate=0.000336577
2026-09-21 01:01:21 UTC completed_step=2528 elapsed_seconds=265.284 learning_rate=0.000333808
2026-09-21 01:01:23 UTC completed_step=2544 elapsed_seconds=266.675 learning_rate=0.000331039
2026-09-21 01:01:24 UTC completed_step=2560 elapsed_seconds=268.063 learning_rate=0.000328269
2026-09-21 01:01:26 UTC step=2560 elapsed_seconds=270.334 mean_loss=0.00743831 errors=9/10002 exact_sentences=1015/1024
2026-09-21 01:01:28 UTC completed_step=2576 elapsed_seconds=271.734 learning_rate=0.000325499
2026-09-21 01:01:29 UTC completed_step=2592 elapsed_seconds=273.123 learning_rate=0.00032273
2026-09-21 01:01:31 UTC completed_step=2608 elapsed_seconds=274.512 learning_rate=0.000319962
2026-09-21 01:01:32 UTC completed_step=2624 elapsed_seconds=275.901 learning_rate=0.000317195
2026-09-21 01:01:33 UTC completed_step=2640 elapsed_seconds=277.292 learning_rate=0.000314429
2026-09-21 01:01:35 UTC completed_step=2656 elapsed_seconds=278.681 learning_rate=0.000311665
2026-09-21 01:01:36 UTC completed_step=2672 elapsed_seconds=280.069 learning_rate=0.000308902
2026-09-21 01:01:38 UTC completed_step=2688 elapsed_seconds=281.457 learning_rate=0.000306142
2026-09-21 01:01:40 UTC step=2688 elapsed_seconds=283.728 mean_loss=0.00197735 errors=2/10002 exact_sentences=1023/1024
2026-09-21 01:01:41 UTC completed_step=2704 elapsed_seconds=285.121 learning_rate=0.000303385
2026-09-21 01:01:43 UTC completed_step=2720 elapsed_seconds=286.508 learning_rate=0.00030063
2026-09-21 01:01:44 UTC completed_step=2736 elapsed_seconds=287.896 learning_rate=0.000297878
2026-09-21 01:01:45 UTC completed_step=2752 elapsed_seconds=289.284 learning_rate=0.00029513
2026-09-21 01:01:47 UTC completed_step=2768 elapsed_seconds=290.671 learning_rate=0.000292385
2026-09-21 01:01:48 UTC completed_step=2784 elapsed_seconds=292.058 learning_rate=0.000289644
2026-09-21 01:01:50 UTC completed_step=2800 elapsed_seconds=293.448 learning_rate=0.000286908
2026-09-21 01:01:51 UTC completed_step=2816 elapsed_seconds=294.837 learning_rate=0.000284176
2026-09-21 01:01:53 UTC step=2816 elapsed_seconds=297.1 mean_loss=0.00125893 errors=1/10002 exact_sentences=1023/1024
2026-09-21 01:01:55 UTC completed_step=2832 elapsed_seconds=298.496 learning_rate=0.000281449
2026-09-21 01:01:56 UTC completed_step=2848 elapsed_seconds=299.885 learning_rate=0.000278727
2026-09-21 01:01:57 UTC completed_step=2864 elapsed_seconds=301.272 learning_rate=0.00027601
2026-09-21 01:01:59 UTC completed_step=2880 elapsed_seconds=302.659 learning_rate=0.0002733
2026-09-21 01:02:00 UTC completed_step=2896 elapsed_seconds=304.048 learning_rate=0.000270595
2026-09-21 01:02:01 UTC completed_step=2912 elapsed_seconds=305.439 learning_rate=0.000267896
2026-09-21 01:02:03 UTC completed_step=2928 elapsed_seconds=306.828 learning_rate=0.000265204
2026-09-21 01:02:04 UTC completed_step=2944 elapsed_seconds=308.219 learning_rate=0.000262518
2026-09-21 01:02:07 UTC step=2944 elapsed_seconds=310.488 mean_loss=0.00118125 errors=0/10002 exact_sentences=1024/1024
2026-09-21 01:02:09 UTC step=2944 elapsed_seconds=312.78 mean_loss=0.00118125 errors=0/10002 exact_sentences=1024/1024
MEMORIZED checkpoint=/home/ubuntu/checkpoints/memorize_general_facts/width_depth_coarse_0/width_128/layers_1/step_2944
