layers=4 width=32 heads=1 feed_forward_width=128 parameters=1692352 samples=1024 scored_targets=10002
2026-09-21 01:26:11 UTC step=0 elapsed_seconds=1.533 mean_loss=10.8162 errors=10002/10002 exact_sentences=0/1024
2026-09-21 01:26:12 UTC completed_step=16 elapsed_seconds=2.96763 learning_rate=9.6e-05
2026-09-21 01:26:13 UTC completed_step=32 elapsed_seconds=4.17678 learning_rate=0.000192
2026-09-21 01:26:14 UTC completed_step=48 elapsed_seconds=5.38515 learning_rate=0.000288
2026-09-21 01:26:16 UTC completed_step=64 elapsed_seconds=6.59389 learning_rate=0.000384
2026-09-21 01:26:17 UTC completed_step=80 elapsed_seconds=7.80288 learning_rate=0.00048
2026-09-21 01:26:18 UTC completed_step=96 elapsed_seconds=9.01167 learning_rate=0.000576
2026-09-21 01:26:19 UTC completed_step=112 elapsed_seconds=10.2202 learning_rate=0.000599992
2026-09-21 01:26:20 UTC completed_step=128 elapsed_seconds=11.4284 learning_rate=0.000599956
2026-09-21 01:26:22 UTC step=128 elapsed_seconds=12.9542 mean_loss=8.30024 errors=8978/10002 exact_sentences=0/1024
2026-09-21 01:26:23 UTC completed_step=144 elapsed_seconds=14.1681 learning_rate=0.000599893
2026-09-21 01:26:24 UTC completed_step=160 elapsed_seconds=15.3802 learning_rate=0.0005998
2026-09-21 01:26:26 UTC completed_step=176 elapsed_seconds=16.5935 learning_rate=0.00059968
2026-09-21 01:26:27 UTC completed_step=192 elapsed_seconds=17.8067 learning_rate=0.00059953
2026-09-21 01:26:28 UTC completed_step=208 elapsed_seconds=19.0184 learning_rate=0.000599353
2026-09-21 01:26:29 UTC completed_step=224 elapsed_seconds=20.2286 learning_rate=0.000599147
2026-09-21 01:26:30 UTC completed_step=240 elapsed_seconds=21.4393 learning_rate=0.000598913
2026-09-21 01:26:32 UTC completed_step=256 elapsed_seconds=22.6477 learning_rate=0.000598651
2026-09-21 01:26:33 UTC step=256 elapsed_seconds=24.1954 mean_loss=6.23808 errors=8516/10002 exact_sentences=0/1024
2026-09-21 01:26:34 UTC completed_step=272 elapsed_seconds=25.4064 learning_rate=0.00059836
2026-09-21 01:26:36 UTC completed_step=288 elapsed_seconds=26.6124 learning_rate=0.000598041
2026-09-21 01:26:37 UTC completed_step=304 elapsed_seconds=27.8212 learning_rate=0.000597694
2026-09-21 01:26:38 UTC completed_step=320 elapsed_seconds=29.031 learning_rate=0.000597319
2026-09-21 01:26:39 UTC completed_step=336 elapsed_seconds=30.2406 learning_rate=0.000596915
2026-09-21 01:26:40 UTC completed_step=352 elapsed_seconds=31.4519 learning_rate=0.000596484
2026-09-21 01:26:42 UTC completed_step=368 elapsed_seconds=32.6614 learning_rate=0.000596024
2026-09-21 01:26:43 UTC completed_step=384 elapsed_seconds=33.8699 learning_rate=0.000595536
2026-09-21 01:26:44 UTC step=384 elapsed_seconds=35.4059 mean_loss=5.84597 errors=7942/10002 exact_sentences=1/1024
2026-09-21 01:26:46 UTC completed_step=400 elapsed_seconds=36.6206 learning_rate=0.000595021
2026-09-21 01:26:47 UTC completed_step=416 elapsed_seconds=37.834 learning_rate=0.000594478
2026-09-21 01:26:48 UTC completed_step=432 elapsed_seconds=39.0471 learning_rate=0.000593906
2026-09-21 01:26:49 UTC completed_step=448 elapsed_seconds=40.2591 learning_rate=0.000593307
2026-09-21 01:26:50 UTC completed_step=464 elapsed_seconds=41.4691 learning_rate=0.000592681
2026-09-21 01:26:52 UTC completed_step=480 elapsed_seconds=42.6806 learning_rate=0.000592026
2026-09-21 01:26:53 UTC completed_step=496 elapsed_seconds=43.8918 learning_rate=0.000591344
2026-09-21 01:26:54 UTC completed_step=512 elapsed_seconds=45.1042 learning_rate=0.000590635
2026-09-21 01:26:56 UTC step=512 elapsed_seconds=46.6403 mean_loss=5.5283 errors=7638/10002 exact_sentences=1/1024
2026-09-21 01:26:57 UTC completed_step=528 elapsed_seconds=47.8585 learning_rate=0.000589898
2026-09-21 01:26:58 UTC completed_step=544 elapsed_seconds=49.0702 learning_rate=0.000589134
2026-09-21 01:26:59 UTC completed_step=560 elapsed_seconds=50.2818 learning_rate=0.000588342
2026-09-21 01:27:00 UTC completed_step=576 elapsed_seconds=51.4931 learning_rate=0.000587524
2026-09-21 01:27:02 UTC completed_step=592 elapsed_seconds=52.7022 learning_rate=0.000586678
2026-09-21 01:27:03 UTC completed_step=608 elapsed_seconds=53.9104 learning_rate=0.000585805
2026-09-21 01:27:04 UTC completed_step=624 elapsed_seconds=55.117 learning_rate=0.000584906
2026-09-21 01:27:05 UTC completed_step=640 elapsed_seconds=56.3257 learning_rate=0.000583979
2026-09-21 01:27:07 UTC step=640 elapsed_seconds=57.8574 mean_loss=5.26696 errors=7488/10002 exact_sentences=1/1024
2026-09-21 01:27:08 UTC completed_step=656 elapsed_seconds=59.0698 learning_rate=0.000583026
2026-09-21 01:27:09 UTC completed_step=672 elapsed_seconds=60.2774 learning_rate=0.000582046
2026-09-21 01:27:10 UTC completed_step=688 elapsed_seconds=61.4848 learning_rate=0.00058104
2026-09-21 01:27:12 UTC completed_step=704 elapsed_seconds=62.6922 learning_rate=0.000580007
2026-09-21 01:27:13 UTC completed_step=720 elapsed_seconds=63.8993 learning_rate=0.000578948
2026-09-21 01:27:14 UTC completed_step=736 elapsed_seconds=65.1063 learning_rate=0.000577862
2026-09-21 01:27:15 UTC completed_step=752 elapsed_seconds=66.3138 learning_rate=0.000576751
2026-09-21 01:27:16 UTC completed_step=768 elapsed_seconds=67.5215 learning_rate=0.000575614
2026-09-21 01:27:18 UTC step=768 elapsed_seconds=69.0632 mean_loss=5.04459 errors=7328/10002 exact_sentences=1/1024
2026-09-21 01:27:19 UTC completed_step=784 elapsed_seconds=70.2754 learning_rate=0.000574451
2026-09-21 01:27:20 UTC completed_step=800 elapsed_seconds=71.4862 learning_rate=0.000573262
2026-09-21 01:27:22 UTC completed_step=816 elapsed_seconds=72.6982 learning_rate=0.000572047
2026-09-21 01:27:23 UTC completed_step=832 elapsed_seconds=73.91 learning_rate=0.000570807
2026-09-21 01:27:24 UTC completed_step=848 elapsed_seconds=75.1237 learning_rate=0.000569542
2026-09-21 01:27:25 UTC completed_step=864 elapsed_seconds=76.3388 learning_rate=0.000568251
2026-09-21 01:27:27 UTC completed_step=880 elapsed_seconds=77.5537 learning_rate=0.000566936
2026-09-21 01:27:28 UTC completed_step=896 elapsed_seconds=78.7652 learning_rate=0.000565595
2026-09-21 01:27:29 UTC step=896 elapsed_seconds=80.2987 mean_loss=4.8537 errors=7208/10002 exact_sentences=1/1024
2026-09-21 01:27:30 UTC completed_step=912 elapsed_seconds=81.514 learning_rate=0.00056423
2026-09-21 01:27:32 UTC completed_step=928 elapsed_seconds=82.7213 learning_rate=0.00056284
2026-09-21 01:27:33 UTC completed_step=944 elapsed_seconds=83.9309 learning_rate=0.000561425
2026-09-21 01:27:34 UTC completed_step=960 elapsed_seconds=85.1418 learning_rate=0.000559986
2026-09-21 01:27:35 UTC completed_step=976 elapsed_seconds=86.3496 learning_rate=0.000558523
2026-09-21 01:27:37 UTC completed_step=992 elapsed_seconds=87.558 learning_rate=0.000557036
2026-09-21 01:27:38 UTC completed_step=1008 elapsed_seconds=88.7671 learning_rate=0.000555525
2026-09-21 01:27:39 UTC completed_step=1024 elapsed_seconds=89.976 learning_rate=0.000553991
2026-09-21 01:27:40 UTC step=1024 elapsed_seconds=91.5012 mean_loss=4.65979 errors=6954/10002 exact_sentences=1/1024
2026-09-21 01:27:42 UTC completed_step=1040 elapsed_seconds=92.7179 learning_rate=0.000552432
2026-09-21 01:27:43 UTC completed_step=1056 elapsed_seconds=93.9286 learning_rate=0.000550851
2026-09-21 01:27:44 UTC completed_step=1072 elapsed_seconds=95.1375 learning_rate=0.000549246
2026-09-21 01:27:45 UTC completed_step=1088 elapsed_seconds=96.3474 learning_rate=0.000547618
2026-09-21 01:27:47 UTC completed_step=1104 elapsed_seconds=97.554 learning_rate=0.000545967
2026-09-21 01:27:48 UTC completed_step=1120 elapsed_seconds=98.7617 learning_rate=0.000544293
2026-09-21 01:27:49 UTC completed_step=1136 elapsed_seconds=99.9695 learning_rate=0.000542597
2026-09-21 01:27:50 UTC completed_step=1152 elapsed_seconds=101.18 learning_rate=0.000540878
2026-09-21 01:27:52 UTC step=1152 elapsed_seconds=102.71 mean_loss=4.47472 errors=6791/10002 exact_sentences=1/1024
2026-09-21 01:27:53 UTC completed_step=1168 elapsed_seconds=103.924 learning_rate=0.000539138
2026-09-21 01:27:54 UTC completed_step=1184 elapsed_seconds=105.132 learning_rate=0.000537375
2026-09-21 01:27:55 UTC completed_step=1200 elapsed_seconds=106.343 learning_rate=0.00053559
2026-09-21 01:27:57 UTC completed_step=1216 elapsed_seconds=107.554 learning_rate=0.000533784
2026-09-21 01:27:58 UTC completed_step=1232 elapsed_seconds=108.763 learning_rate=0.000531957
2026-09-21 01:27:59 UTC completed_step=1248 elapsed_seconds=109.975 learning_rate=0.000530108
2026-09-21 01:28:00 UTC completed_step=1264 elapsed_seconds=111.187 learning_rate=0.000528238
2026-09-21 01:28:01 UTC completed_step=1280 elapsed_seconds=112.398 learning_rate=0.000526347
2026-09-21 01:28:03 UTC step=1280 elapsed_seconds=113.925 mean_loss=4.30204 errors=6660/10002 exact_sentences=1/1024
2026-09-21 01:28:04 UTC completed_step=1296 elapsed_seconds=115.139 learning_rate=0.000524435
2026-09-21 01:28:05 UTC completed_step=1312 elapsed_seconds=116.349 learning_rate=0.000522503
2026-09-21 01:28:07 UTC completed_step=1328 elapsed_seconds=117.557 learning_rate=0.000520551
2026-09-21 01:28:08 UTC completed_step=1344 elapsed_seconds=118.768 learning_rate=0.000518579
2026-09-21 01:28:09 UTC completed_step=1360 elapsed_seconds=119.981 learning_rate=0.000516587
2026-09-21 01:28:10 UTC completed_step=1376 elapsed_seconds=121.192 learning_rate=0.000514575
2026-09-21 01:28:11 UTC completed_step=1392 elapsed_seconds=122.403 learning_rate=0.000512544
2026-09-21 01:28:13 UTC completed_step=1408 elapsed_seconds=123.613 learning_rate=0.000510494
2026-09-21 01:28:14 UTC step=1408 elapsed_seconds=125.14 mean_loss=4.13203 errors=6488/10002 exact_sentences=1/1024
2026-09-21 01:28:15 UTC completed_step=1424 elapsed_seconds=126.353 learning_rate=0.000508424
2026-09-21 01:28:17 UTC completed_step=1440 elapsed_seconds=127.562 learning_rate=0.000506336
2026-09-21 01:28:18 UTC completed_step=1456 elapsed_seconds=128.771 learning_rate=0.00050423
2026-09-21 01:28:19 UTC completed_step=1472 elapsed_seconds=129.98 learning_rate=0.000502104
2026-09-21 01:28:20 UTC completed_step=1488 elapsed_seconds=131.189 learning_rate=0.000499961
2026-09-21 01:28:21 UTC completed_step=1504 elapsed_seconds=132.397 learning_rate=0.0004978
2026-09-21 01:28:23 UTC completed_step=1520 elapsed_seconds=133.605 learning_rate=0.000495622
2026-09-21 01:28:24 UTC completed_step=1536 elapsed_seconds=134.814 learning_rate=0.000493426
2026-09-21 01:28:25 UTC step=1536 elapsed_seconds=136.341 mean_loss=3.97615 errors=6207/10002 exact_sentences=1/1024
2026-09-21 01:28:27 UTC completed_step=1552 elapsed_seconds=137.559 learning_rate=0.000491212
2026-09-21 01:28:28 UTC completed_step=1568 elapsed_seconds=138.769 learning_rate=0.000488982
2026-09-21 01:28:29 UTC completed_step=1584 elapsed_seconds=139.979 learning_rate=0.000486735
2026-09-21 01:28:30 UTC completed_step=1600 elapsed_seconds=141.19 learning_rate=0.000484472
2026-09-21 01:28:31 UTC completed_step=1616 elapsed_seconds=142.402 learning_rate=0.000482192
2026-09-21 01:28:33 UTC completed_step=1632 elapsed_seconds=143.611 learning_rate=0.000479896
2026-09-21 01:28:34 UTC completed_step=1648 elapsed_seconds=144.821 learning_rate=0.000477584
2026-09-21 01:28:35 UTC completed_step=1664 elapsed_seconds=146.03 learning_rate=0.000475257
2026-09-21 01:28:37 UTC step=1664 elapsed_seconds=147.571 mean_loss=3.8386 errors=6212/10002 exact_sentences=1/1024
2026-09-21 01:28:38 UTC completed_step=1680 elapsed_seconds=148.787 learning_rate=0.000472915
2026-09-21 01:28:39 UTC completed_step=1696 elapsed_seconds=150 learning_rate=0.000470558
2026-09-21 01:28:40 UTC completed_step=1712 elapsed_seconds=151.215 learning_rate=0.000468185
2026-09-21 01:28:41 UTC completed_step=1728 elapsed_seconds=152.428 learning_rate=0.000465799
2026-09-21 01:28:43 UTC completed_step=1744 elapsed_seconds=153.641 learning_rate=0.000463398
2026-09-21 01:28:44 UTC completed_step=1760 elapsed_seconds=154.854 learning_rate=0.000460983
2026-09-21 01:28:45 UTC completed_step=1776 elapsed_seconds=156.066 learning_rate=0.000458554
2026-09-21 01:28:46 UTC completed_step=1792 elapsed_seconds=157.274 learning_rate=0.000456112
2026-09-21 01:28:48 UTC step=1792 elapsed_seconds=158.82 mean_loss=3.68442 errors=5983/10002 exact_sentences=1/1024
2026-09-21 01:28:49 UTC completed_step=1808 elapsed_seconds=160.035 learning_rate=0.000453656
2026-09-21 01:28:50 UTC completed_step=1824 elapsed_seconds=161.244 learning_rate=0.000451187
2026-09-21 01:28:51 UTC completed_step=1840 elapsed_seconds=162.454 learning_rate=0.000448706
2026-09-21 01:28:53 UTC completed_step=1856 elapsed_seconds=163.663 learning_rate=0.000446212
2026-09-21 01:28:54 UTC completed_step=1872 elapsed_seconds=164.873 learning_rate=0.000443706
2026-09-21 01:28:55 UTC completed_step=1888 elapsed_seconds=166.083 learning_rate=0.000441188
2026-09-21 01:28:56 UTC completed_step=1904 elapsed_seconds=167.293 learning_rate=0.000438658
2026-09-21 01:28:57 UTC completed_step=1920 elapsed_seconds=168.503 learning_rate=0.000436117
2026-09-21 01:28:59 UTC step=1920 elapsed_seconds=170.065 mean_loss=3.54113 errors=5779/10002 exact_sentences=1/1024
2026-09-21 01:29:00 UTC completed_step=1936 elapsed_seconds=171.279 learning_rate=0.000433564
2026-09-21 01:29:01 UTC completed_step=1952 elapsed_seconds=172.489 learning_rate=0.000431001
2026-09-21 01:29:03 UTC completed_step=1968 elapsed_seconds=173.699 learning_rate=0.000428427
2026-09-21 01:29:04 UTC completed_step=1984 elapsed_seconds=174.908 learning_rate=0.000425843
2026-09-21 01:29:05 UTC completed_step=2000 elapsed_seconds=176.119 learning_rate=0.000423249
2026-09-21 01:29:06 UTC completed_step=2016 elapsed_seconds=177.328 learning_rate=0.000420644
2026-09-21 01:29:08 UTC completed_step=2032 elapsed_seconds=178.538 learning_rate=0.000418031
2026-09-21 01:29:09 UTC completed_step=2048 elapsed_seconds=179.748 learning_rate=0.000415408
2026-09-21 01:29:10 UTC step=2048 elapsed_seconds=181.286 mean_loss=3.4068 errors=5496/10002 exact_sentences=1/1024
2026-09-21 01:29:11 UTC completed_step=2064 elapsed_seconds=182.503 learning_rate=0.000412776
2026-09-21 01:29:13 UTC completed_step=2080 elapsed_seconds=183.714 learning_rate=0.000410135
2026-09-21 01:29:14 UTC completed_step=2096 elapsed_seconds=184.924 learning_rate=0.000407486
2026-09-21 01:29:15 UTC completed_step=2112 elapsed_seconds=186.137 learning_rate=0.000404829
2026-09-21 01:29:16 UTC completed_step=2128 elapsed_seconds=187.346 learning_rate=0.000402164
2026-09-21 01:29:18 UTC completed_step=2144 elapsed_seconds=188.555 learning_rate=0.000399491
2026-09-21 01:29:19 UTC completed_step=2160 elapsed_seconds=189.764 learning_rate=0.000396811
2026-09-21 01:29:20 UTC completed_step=2176 elapsed_seconds=190.974 learning_rate=0.000394124
2026-09-21 01:29:21 UTC step=2176 elapsed_seconds=192.518 mean_loss=3.27729 errors=5416/10002 exact_sentences=1/1024
2026-09-21 01:29:23 UTC completed_step=2192 elapsed_seconds=193.73 learning_rate=0.00039143
2026-09-21 01:29:24 UTC completed_step=2208 elapsed_seconds=194.939 learning_rate=0.00038873
2026-09-21 01:29:25 UTC completed_step=2224 elapsed_seconds=196.148 learning_rate=0.000386023
2026-09-21 01:29:26 UTC completed_step=2240 elapsed_seconds=197.358 learning_rate=0.000383311
2026-09-21 01:29:28 UTC completed_step=2256 elapsed_seconds=198.567 learning_rate=0.000380593
2026-09-21 01:29:29 UTC completed_step=2272 elapsed_seconds=199.775 learning_rate=0.00037787
2026-09-21 01:29:30 UTC completed_step=2288 elapsed_seconds=200.982 learning_rate=0.000375141
2026-09-21 01:29:31 UTC completed_step=2304 elapsed_seconds=202.189 learning_rate=0.000372408
2026-09-21 01:29:33 UTC step=2304 elapsed_seconds=203.732 mean_loss=3.15261 errors=5267/10002 exact_sentences=2/1024
2026-09-21 01:29:34 UTC completed_step=2320 elapsed_seconds=204.947 learning_rate=0.000369671
2026-09-21 01:29:35 UTC completed_step=2336 elapsed_seconds=206.157 learning_rate=0.000366929
2026-09-21 01:29:36 UTC completed_step=2352 elapsed_seconds=207.367 learning_rate=0.000364183
2026-09-21 01:29:38 UTC completed_step=2368 elapsed_seconds=208.578 learning_rate=0.000361434
2026-09-21 01:29:39 UTC completed_step=2384 elapsed_seconds=209.791 learning_rate=0.000358682
2026-09-21 01:29:40 UTC completed_step=2400 elapsed_seconds=211.005 learning_rate=0.000355926
2026-09-21 01:29:41 UTC completed_step=2416 elapsed_seconds=212.217 learning_rate=0.000353168
2026-09-21 01:29:42 UTC completed_step=2432 elapsed_seconds=213.43 learning_rate=0.000350407
2026-09-21 01:29:44 UTC step=2432 elapsed_seconds=214.963 mean_loss=3.04174 errors=5023/10002 exact_sentences=1/1024
2026-09-21 01:29:45 UTC completed_step=2448 elapsed_seconds=216.179 learning_rate=0.000347644
2026-09-21 01:29:46 UTC completed_step=2464 elapsed_seconds=217.39 learning_rate=0.00034488
2026-09-21 01:29:48 UTC completed_step=2480 elapsed_seconds=218.598 learning_rate=0.000342113
2026-09-21 01:29:49 UTC completed_step=2496 elapsed_seconds=219.808 learning_rate=0.000339346
2026-09-21 01:29:50 UTC completed_step=2512 elapsed_seconds=221.018 learning_rate=0.000336577
2026-09-21 01:29:51 UTC completed_step=2528 elapsed_seconds=222.227 learning_rate=0.000333808
2026-09-21 01:29:52 UTC completed_step=2544 elapsed_seconds=223.435 learning_rate=0.000331039
2026-09-21 01:29:54 UTC completed_step=2560 elapsed_seconds=224.643 learning_rate=0.000328269
2026-09-21 01:29:55 UTC step=2560 elapsed_seconds=226.169 mean_loss=2.93752 errors=4827/10002 exact_sentences=3/1024
2026-09-21 01:29:56 UTC completed_step=2576 elapsed_seconds=227.385 learning_rate=0.000325499
2026-09-21 01:29:58 UTC completed_step=2592 elapsed_seconds=228.595 learning_rate=0.00032273
2026-09-21 01:29:59 UTC completed_step=2608 elapsed_seconds=229.804 learning_rate=0.000319962
2026-09-21 01:30:00 UTC completed_step=2624 elapsed_seconds=231.015 learning_rate=0.000317195
2026-09-21 01:30:01 UTC completed_step=2640 elapsed_seconds=232.225 learning_rate=0.000314429
2026-09-21 01:30:02 UTC completed_step=2656 elapsed_seconds=233.435 learning_rate=0.000311665
2026-09-21 01:30:04 UTC completed_step=2672 elapsed_seconds=234.647 learning_rate=0.000308902
2026-09-21 01:30:05 UTC completed_step=2688 elapsed_seconds=235.858 learning_rate=0.000306142
2026-09-21 01:30:06 UTC step=2688 elapsed_seconds=237.386 mean_loss=2.83639 errors=4656/10002 exact_sentences=6/1024
2026-09-21 01:30:08 UTC completed_step=2704 elapsed_seconds=238.602 learning_rate=0.000303385
2026-09-21 01:30:09 UTC completed_step=2720 elapsed_seconds=239.812 learning_rate=0.00030063
2026-09-21 01:30:10 UTC completed_step=2736 elapsed_seconds=241.019 learning_rate=0.000297878
2026-09-21 01:30:11 UTC completed_step=2752 elapsed_seconds=242.227 learning_rate=0.00029513
2026-09-21 01:30:12 UTC completed_step=2768 elapsed_seconds=243.437 learning_rate=0.000292385
2026-09-21 01:30:14 UTC completed_step=2784 elapsed_seconds=244.647 learning_rate=0.000289644
2026-09-21 01:30:15 UTC completed_step=2800 elapsed_seconds=245.855 learning_rate=0.000286908
2026-09-21 01:30:16 UTC completed_step=2816 elapsed_seconds=247.067 learning_rate=0.000284176
2026-09-21 01:30:18 UTC step=2816 elapsed_seconds=248.602 mean_loss=2.73301 errors=4494/10002 exact_sentences=7/1024
2026-09-21 01:30:19 UTC completed_step=2832 elapsed_seconds=249.819 learning_rate=0.000281449
2026-09-21 01:30:20 UTC completed_step=2848 elapsed_seconds=251.029 learning_rate=0.000278727
2026-09-21 01:30:21 UTC completed_step=2864 elapsed_seconds=252.241 learning_rate=0.00027601
2026-09-21 01:30:22 UTC completed_step=2880 elapsed_seconds=253.454 learning_rate=0.0002733
2026-09-21 01:30:24 UTC completed_step=2896 elapsed_seconds=254.664 learning_rate=0.000270595
2026-09-21 01:30:25 UTC completed_step=2912 elapsed_seconds=255.875 learning_rate=0.000267896
2026-09-21 01:30:26 UTC completed_step=2928 elapsed_seconds=257.084 learning_rate=0.000265204
2026-09-21 01:30:27 UTC completed_step=2944 elapsed_seconds=258.292 learning_rate=0.000262518
2026-09-21 01:30:29 UTC step=2944 elapsed_seconds=259.832 mean_loss=2.64781 errors=4348/10002 exact_sentences=8/1024
2026-09-21 01:30:30 UTC completed_step=2960 elapsed_seconds=261.044 learning_rate=0.00025984
2026-09-21 01:30:31 UTC completed_step=2976 elapsed_seconds=262.254 learning_rate=0.000257169
2026-09-21 01:30:32 UTC completed_step=2992 elapsed_seconds=263.464 learning_rate=0.000254506
2026-09-21 01:30:34 UTC completed_step=3008 elapsed_seconds=264.673 learning_rate=0.000251851
2026-09-21 01:30:35 UTC completed_step=3024 elapsed_seconds=265.882 learning_rate=0.000249204
2026-09-21 01:30:36 UTC completed_step=3040 elapsed_seconds=267.091 learning_rate=0.000246565
2026-09-21 01:30:37 UTC completed_step=3056 elapsed_seconds=268.301 learning_rate=0.000243936
2026-09-21 01:30:38 UTC completed_step=3072 elapsed_seconds=269.515 learning_rate=0.000241315
2026-09-21 01:30:40 UTC step=3072 elapsed_seconds=271.043 mean_loss=2.55915 errors=4147/10002 exact_sentences=8/1024
2026-09-21 01:30:41 UTC completed_step=3088 elapsed_seconds=272.263 learning_rate=0.000238704
2026-09-21 01:30:42 UTC completed_step=3104 elapsed_seconds=273.475 learning_rate=0.000236102
2026-09-21 01:30:44 UTC completed_step=3120 elapsed_seconds=274.684 learning_rate=0.00023351
2026-09-21 01:30:45 UTC completed_step=3136 elapsed_seconds=275.894 learning_rate=0.000230928
2026-09-21 01:30:46 UTC completed_step=3152 elapsed_seconds=277.104 learning_rate=0.000228357
2026-09-21 01:30:47 UTC completed_step=3168 elapsed_seconds=278.319 learning_rate=0.000225796
2026-09-21 01:30:49 UTC completed_step=3184 elapsed_seconds=279.531 learning_rate=0.000223247
2026-09-21 01:30:50 UTC completed_step=3200 elapsed_seconds=280.743 learning_rate=0.000220708
2026-09-21 01:30:51 UTC step=3200 elapsed_seconds=282.266 mean_loss=2.48057 errors=3973/10002 exact_sentences=13/1024
2026-09-21 01:30:52 UTC completed_step=3216 elapsed_seconds=283.483 learning_rate=0.000218182
2026-09-21 01:30:54 UTC completed_step=3232 elapsed_seconds=284.694 learning_rate=0.000215666
2026-09-21 01:30:55 UTC completed_step=3248 elapsed_seconds=285.906 learning_rate=0.000213163
2026-09-21 01:30:56 UTC completed_step=3264 elapsed_seconds=287.116 learning_rate=0.000210673
2026-09-21 01:30:57 UTC completed_step=3280 elapsed_seconds=288.328 learning_rate=0.000208194
2026-09-21 01:30:59 UTC completed_step=3296 elapsed_seconds=289.538 learning_rate=0.000205729
2026-09-21 01:31:00 UTC completed_step=3312 elapsed_seconds=290.746 learning_rate=0.000203277
2026-09-21 01:31:01 UTC completed_step=3328 elapsed_seconds=291.957 learning_rate=0.000200838
2026-09-21 01:31:02 UTC step=3328 elapsed_seconds=293.491 mean_loss=2.4123 errors=3902/10002 exact_sentences=15/1024
2026-09-21 01:31:04 UTC completed_step=3344 elapsed_seconds=294.704 learning_rate=0.000198412
2026-09-21 01:31:05 UTC completed_step=3360 elapsed_seconds=295.914 learning_rate=0.000196001
2026-09-21 01:31:06 UTC completed_step=3376 elapsed_seconds=297.125 learning_rate=0.000193603
2026-09-21 01:31:07 UTC completed_step=3392 elapsed_seconds=298.336 learning_rate=0.00019122
2026-09-21 01:31:09 UTC completed_step=3408 elapsed_seconds=299.546 learning_rate=0.000188852
2026-09-21 01:31:10 UTC completed_step=3424 elapsed_seconds=300.755 learning_rate=0.000186498
2026-09-21 01:31:11 UTC completed_step=3440 elapsed_seconds=301.965 learning_rate=0.000184159
2026-09-21 01:31:12 UTC completed_step=3456 elapsed_seconds=303.173 learning_rate=0.000181836
2026-09-21 01:31:14 UTC step=3456 elapsed_seconds=304.704 mean_loss=2.35393 errors=3790/10002 exact_sentences=13/1024
2026-09-21 01:31:15 UTC completed_step=3472 elapsed_seconds=305.92 learning_rate=0.000179529
2026-09-21 01:31:16 UTC completed_step=3488 elapsed_seconds=307.13 learning_rate=0.000177237
2026-09-21 01:31:17 UTC completed_step=3504 elapsed_seconds=308.339 learning_rate=0.000174961
2026-09-21 01:31:19 UTC completed_step=3520 elapsed_seconds=309.549 learning_rate=0.000172702
2026-09-21 01:31:20 UTC completed_step=3536 elapsed_seconds=310.76 learning_rate=0.000170459
2026-09-21 01:31:21 UTC completed_step=3552 elapsed_seconds=311.969 learning_rate=0.000168233
2026-09-21 01:31:22 UTC completed_step=3568 elapsed_seconds=313.179 learning_rate=0.000166024
2026-09-21 01:31:23 UTC completed_step=3584 elapsed_seconds=314.391 learning_rate=0.000163832
2026-09-21 01:31:25 UTC step=3584 elapsed_seconds=315.917 mean_loss=2.29147 errors=3595/10002 exact_sentences=16/1024
2026-09-21 01:31:26 UTC completed_step=3600 elapsed_seconds=317.136 learning_rate=0.000161658
2026-09-21 01:31:27 UTC completed_step=3616 elapsed_seconds=318.347 learning_rate=0.000159501
2026-09-21 01:31:29 UTC completed_step=3632 elapsed_seconds=319.559 learning_rate=0.000157363
2026-09-21 01:31:30 UTC completed_step=3648 elapsed_seconds=320.77 learning_rate=0.000155242
2026-09-21 01:31:31 UTC completed_step=3664 elapsed_seconds=321.978 learning_rate=0.00015314
2026-09-21 01:31:32 UTC completed_step=3680 elapsed_seconds=323.186 learning_rate=0.000151057
2026-09-21 01:31:33 UTC completed_step=3696 elapsed_seconds=324.395 learning_rate=0.000148992
2026-09-21 01:31:35 UTC completed_step=3712 elapsed_seconds=325.605 learning_rate=0.000146946
2026-09-21 01:31:36 UTC step=3712 elapsed_seconds=327.147 mean_loss=2.23842 errors=3525/10002 exact_sentences=22/1024
2026-09-21 01:31:37 UTC completed_step=3728 elapsed_seconds=328.362 learning_rate=0.00014492
2026-09-21 01:31:39 UTC completed_step=3744 elapsed_seconds=329.57 learning_rate=0.000142913
2026-09-21 01:31:40 UTC completed_step=3760 elapsed_seconds=330.783 learning_rate=0.000140926
2026-09-21 01:31:41 UTC completed_step=3776 elapsed_seconds=331.995 learning_rate=0.000138959
2026-09-21 01:31:42 UTC completed_step=3792 elapsed_seconds=333.209 learning_rate=0.000137012
2026-09-21 01:31:43 UTC completed_step=3808 elapsed_seconds=334.42 learning_rate=0.000135085
2026-09-21 01:31:45 UTC completed_step=3824 elapsed_seconds=335.634 learning_rate=0.000133178
2026-09-21 01:31:46 UTC completed_step=3840 elapsed_seconds=336.846 learning_rate=0.000131293
2026-09-21 01:31:47 UTC step=3840 elapsed_seconds=338.4 mean_loss=2.1907 errors=3401/10002 exact_sentences=24/1024
2026-09-21 01:31:49 UTC completed_step=3856 elapsed_seconds=339.615 learning_rate=0.000129428
2026-09-21 01:31:50 UTC completed_step=3872 elapsed_seconds=340.825 learning_rate=0.000127585
2026-09-21 01:31:51 UTC completed_step=3888 elapsed_seconds=342.035 learning_rate=0.000125762
2026-09-21 01:31:52 UTC completed_step=3904 elapsed_seconds=343.245 learning_rate=0.000123961
2026-09-21 01:31:53 UTC completed_step=3920 elapsed_seconds=344.454 learning_rate=0.000122182
2026-09-21 01:31:55 UTC completed_step=3936 elapsed_seconds=345.665 learning_rate=0.000120425
2026-09-21 01:31:56 UTC completed_step=3952 elapsed_seconds=346.875 learning_rate=0.00011869
2026-09-21 01:31:57 UTC completed_step=3968 elapsed_seconds=348.086 learning_rate=0.000116977
2026-09-21 01:31:59 UTC step=3968 elapsed_seconds=349.626 mean_loss=2.14589 errors=3359/10002 exact_sentences=25/1024
2026-09-21 01:32:00 UTC completed_step=3984 elapsed_seconds=350.839 learning_rate=0.000115286
2026-09-21 01:32:01 UTC completed_step=4000 elapsed_seconds=352.047 learning_rate=0.000113618
2026-09-21 01:32:02 UTC completed_step=4016 elapsed_seconds=353.255 learning_rate=0.000111973
2026-09-21 01:32:03 UTC completed_step=4032 elapsed_seconds=354.465 learning_rate=0.000110351
2026-09-21 01:32:05 UTC completed_step=4048 elapsed_seconds=355.677 learning_rate=0.000108752
2026-09-21 01:32:06 UTC completed_step=4064 elapsed_seconds=356.887 learning_rate=0.000107176
2026-09-21 01:32:07 UTC completed_step=4080 elapsed_seconds=358.098 learning_rate=0.000105623
2026-09-21 01:32:08 UTC completed_step=4096 elapsed_seconds=359.309 learning_rate=0.000104095
2026-09-21 01:32:10 UTC step=4096 elapsed_seconds=360.84 mean_loss=2.10725 errors=3293/10002 exact_sentences=25/1024
2026-09-21 01:32:11 UTC completed_step=4112 elapsed_seconds=362.058 learning_rate=0.00010259
2026-09-21 01:32:12 UTC completed_step=4128 elapsed_seconds=363.27 learning_rate=0.000101109
2026-09-21 01:32:13 UTC completed_step=4144 elapsed_seconds=364.481 learning_rate=9.96516e-05
2026-09-21 01:32:15 UTC completed_step=4160 elapsed_seconds=365.692 learning_rate=9.82188e-05
2026-09-21 01:32:16 UTC completed_step=4176 elapsed_seconds=366.901 learning_rate=9.68105e-05
2026-09-21 01:32:17 UTC completed_step=4192 elapsed_seconds=368.11 learning_rate=9.54266e-05
2026-09-21 01:32:18 UTC completed_step=4208 elapsed_seconds=369.318 learning_rate=9.40675e-05
2026-09-21 01:32:20 UTC completed_step=4224 elapsed_seconds=370.528 learning_rate=9.27331e-05
2026-09-21 01:32:21 UTC step=4224 elapsed_seconds=372.05 mean_loss=2.07183 errors=3197/10002 exact_sentences=31/1024
2026-09-21 01:32:22 UTC completed_step=4240 elapsed_seconds=373.266 learning_rate=9.14238e-05
2026-09-21 01:32:23 UTC completed_step=4256 elapsed_seconds=374.476 learning_rate=9.01395e-05
2026-09-21 01:32:25 UTC completed_step=4272 elapsed_seconds=375.686 learning_rate=8.88805e-05
2026-09-21 01:32:26 UTC completed_step=4288 elapsed_seconds=376.894 learning_rate=8.76469e-05
2026-09-21 01:32:27 UTC completed_step=4304 elapsed_seconds=378.102 learning_rate=8.64388e-05
2026-09-21 01:32:28 UTC completed_step=4320 elapsed_seconds=379.313 learning_rate=8.52563e-05
2026-09-21 01:32:30 UTC completed_step=4336 elapsed_seconds=380.528 learning_rate=8.40995e-05
2026-09-21 01:32:31 UTC completed_step=4352 elapsed_seconds=381.741 learning_rate=8.29687e-05
2026-09-21 01:32:32 UTC step=4352 elapsed_seconds=383.288 mean_loss=2.04144 errors=3149/10002 exact_sentences=32/1024
2026-09-21 01:32:33 UTC completed_step=4368 elapsed_seconds=384.506 learning_rate=8.18638e-05
2026-09-21 01:32:35 UTC completed_step=4384 elapsed_seconds=385.716 learning_rate=8.0785e-05
2026-09-21 01:32:36 UTC completed_step=4400 elapsed_seconds=386.926 learning_rate=7.97325e-05
2026-09-21 01:32:37 UTC completed_step=4416 elapsed_seconds=388.137 learning_rate=7.87063e-05
2026-09-21 01:32:38 UTC completed_step=4432 elapsed_seconds=389.345 learning_rate=7.77065e-05
2026-09-21 01:32:40 UTC completed_step=4448 elapsed_seconds=390.553 learning_rate=7.67333e-05
2026-09-21 01:32:41 UTC completed_step=4464 elapsed_seconds=391.762 learning_rate=7.57867e-05
2026-09-21 01:32:42 UTC completed_step=4480 elapsed_seconds=392.972 learning_rate=7.48669e-05
2026-09-21 01:32:43 UTC step=4480 elapsed_seconds=394.513 mean_loss=2.01459 errors=3074/10002 exact_sentences=40/1024
2026-09-21 01:32:45 UTC completed_step=4496 elapsed_seconds=395.727 learning_rate=7.3974e-05
2026-09-21 01:32:46 UTC completed_step=4512 elapsed_seconds=396.936 learning_rate=7.3108e-05
2026-09-21 01:32:47 UTC completed_step=4528 elapsed_seconds=398.147 learning_rate=7.2269e-05
2026-09-21 01:32:48 UTC completed_step=4544 elapsed_seconds=399.358 learning_rate=7.14571e-05
2026-09-21 01:32:50 UTC completed_step=4560 elapsed_seconds=400.569 learning_rate=7.06725e-05
2026-09-21 01:32:51 UTC completed_step=4576 elapsed_seconds=401.78 learning_rate=6.99151e-05
2026-09-21 01:32:52 UTC completed_step=4592 elapsed_seconds=402.99 learning_rate=6.91851e-05
2026-09-21 01:32:53 UTC completed_step=4608 elapsed_seconds=404.199 learning_rate=6.84825e-05
2026-09-21 01:32:55 UTC step=4608 elapsed_seconds=405.733 mean_loss=1.98964 errors=3051/10002 exact_sentences=38/1024
2026-09-21 01:32:56 UTC completed_step=4624 elapsed_seconds=406.95 learning_rate=6.78075e-05
2026-09-21 01:32:57 UTC completed_step=4640 elapsed_seconds=408.158 learning_rate=6.71601e-05
2026-09-21 01:32:58 UTC completed_step=4656 elapsed_seconds=409.367 learning_rate=6.65403e-05
2026-09-21 01:33:00 UTC completed_step=4672 elapsed_seconds=410.579 learning_rate=6.59482e-05
2026-09-21 01:33:01 UTC completed_step=4688 elapsed_seconds=411.79 learning_rate=6.5384e-05
2026-09-21 01:33:02 UTC completed_step=4704 elapsed_seconds=413 learning_rate=6.48475e-05
2026-09-21 01:33:03 UTC completed_step=4720 elapsed_seconds=414.21 learning_rate=6.4339e-05
2026-09-21 01:33:04 UTC completed_step=4736 elapsed_seconds=415.421 learning_rate=6.38584e-05
2026-09-21 01:33:06 UTC step=4736 elapsed_seconds=416.962 mean_loss=1.96677 errors=2991/10002 exact_sentences=41/1024
2026-09-21 01:33:07 UTC completed_step=4752 elapsed_seconds=418.177 learning_rate=6.34059e-05
2026-09-21 01:33:08 UTC completed_step=4768 elapsed_seconds=419.388 learning_rate=6.29814e-05
2026-09-21 01:33:10 UTC completed_step=4784 elapsed_seconds=420.598 learning_rate=6.2585e-05
2026-09-21 01:33:11 UTC completed_step=4800 elapsed_seconds=421.807 learning_rate=6.22167e-05
2026-09-21 01:33:12 UTC completed_step=4816 elapsed_seconds=423.016 learning_rate=6.18766e-05
2026-09-21 01:33:13 UTC completed_step=4832 elapsed_seconds=424.223 learning_rate=6.15647e-05
2026-09-21 01:33:14 UTC completed_step=4848 elapsed_seconds=425.432 learning_rate=6.12811e-05
2026-09-21 01:33:16 UTC completed_step=4864 elapsed_seconds=426.643 learning_rate=6.10258e-05
2026-09-21 01:33:17 UTC step=4864 elapsed_seconds=428.174 mean_loss=1.94377 errors=2962/10002 exact_sentences=48/1024
2026-09-21 01:33:18 UTC completed_step=4880 elapsed_seconds=429.388 learning_rate=6.07987e-05
2026-09-21 01:33:20 UTC completed_step=4896 elapsed_seconds=430.597 learning_rate=6.06e-05
2026-09-21 01:33:21 UTC completed_step=4912 elapsed_seconds=431.805 learning_rate=6.04296e-05
2026-09-21 01:33:22 UTC completed_step=4928 elapsed_seconds=433.013 learning_rate=6.02876e-05
2026-09-21 01:33:23 UTC completed_step=4944 elapsed_seconds=434.22 learning_rate=6.0174e-05
2026-09-21 01:33:24 UTC completed_step=4960 elapsed_seconds=435.429 learning_rate=6.00888e-05
2026-09-21 01:33:26 UTC completed_step=4976 elapsed_seconds=436.641 learning_rate=6.0032e-05
2026-09-21 01:33:27 UTC completed_step=4992 elapsed_seconds=437.852 learning_rate=6.00036e-05
2026-09-21 01:33:28 UTC step=4992 elapsed_seconds=439.391 mean_loss=1.92287 errors=2912/10002 exact_sentences=45/1024
2026-09-21 01:33:31 UTC step=5000 elapsed_seconds=441.536 mean_loss=1.922 errors=2894/10002 exact_sentences=50/1024
2026-09-21 01:33:32 UTC step=5000 elapsed_seconds=443.101 mean_loss=1.922 errors=2894/10002 exact_sentences=50/1024
BUDGET_EXHAUSTED checkpoint=/home/ubuntu/checkpoints/memorize_general_facts/width_depth_coarse_0/width_32/layers_4/step_5000
