layers=2 width=32 heads=1 feed_forward_width=128 parameters=1666944 samples=1024 scored_targets=10002
2026-09-21 01:14:02 UTC step=0 elapsed_seconds=1.4042 mean_loss=10.8194 errors=10002/10002 exact_sentences=0/1024
2026-09-21 01:14:03 UTC completed_step=16 elapsed_seconds=2.50777 learning_rate=9.6e-05
2026-09-21 01:14:04 UTC completed_step=32 elapsed_seconds=3.39313 learning_rate=0.000192
2026-09-21 01:14:05 UTC completed_step=48 elapsed_seconds=4.27894 learning_rate=0.000288
2026-09-21 01:14:06 UTC completed_step=64 elapsed_seconds=5.16384 learning_rate=0.000384
2026-09-21 01:14:06 UTC completed_step=80 elapsed_seconds=6.04903 learning_rate=0.00048
2026-09-21 01:14:07 UTC completed_step=96 elapsed_seconds=6.9347 learning_rate=0.000576
2026-09-21 01:14:08 UTC completed_step=112 elapsed_seconds=7.81822 learning_rate=0.000599992
2026-09-21 01:14:09 UTC completed_step=128 elapsed_seconds=8.70094 learning_rate=0.000599956
2026-09-21 01:14:11 UTC step=128 elapsed_seconds=10.0783 mean_loss=8.28496 errors=8908/10002 exact_sentences=0/1024
2026-09-21 01:14:11 UTC completed_step=144 elapsed_seconds=10.9662 learning_rate=0.000599893
2026-09-21 01:14:12 UTC completed_step=160 elapsed_seconds=11.8486 learning_rate=0.0005998
2026-09-21 01:14:13 UTC completed_step=176 elapsed_seconds=12.731 learning_rate=0.00059968
2026-09-21 01:14:14 UTC completed_step=192 elapsed_seconds=13.6151 learning_rate=0.00059953
2026-09-21 01:14:15 UTC completed_step=208 elapsed_seconds=14.5012 learning_rate=0.000599353
2026-09-21 01:14:16 UTC completed_step=224 elapsed_seconds=15.3873 learning_rate=0.000599147
2026-09-21 01:14:17 UTC completed_step=240 elapsed_seconds=16.2732 learning_rate=0.000598913
2026-09-21 01:14:18 UTC completed_step=256 elapsed_seconds=17.1587 learning_rate=0.000598651
2026-09-21 01:14:19 UTC step=256 elapsed_seconds=18.5459 mean_loss=6.23302 errors=8083/10002 exact_sentences=0/1024
2026-09-21 01:14:20 UTC completed_step=272 elapsed_seconds=19.4358 learning_rate=0.00059836
2026-09-21 01:14:21 UTC completed_step=288 elapsed_seconds=20.3198 learning_rate=0.000598041
2026-09-21 01:14:22 UTC completed_step=304 elapsed_seconds=21.2026 learning_rate=0.000597694
2026-09-21 01:14:23 UTC completed_step=320 elapsed_seconds=22.0844 learning_rate=0.000597319
2026-09-21 01:14:23 UTC completed_step=336 elapsed_seconds=22.9671 learning_rate=0.000596915
2026-09-21 01:14:24 UTC completed_step=352 elapsed_seconds=23.8501 learning_rate=0.000596484
2026-09-21 01:14:25 UTC completed_step=368 elapsed_seconds=24.734 learning_rate=0.000596024
2026-09-21 01:14:26 UTC completed_step=384 elapsed_seconds=25.6184 learning_rate=0.000595536
2026-09-21 01:14:27 UTC step=384 elapsed_seconds=27.0061 mean_loss=5.83926 errors=7959/10002 exact_sentences=1/1024
2026-09-21 01:14:28 UTC completed_step=400 elapsed_seconds=27.8951 learning_rate=0.000595021
2026-09-21 01:14:29 UTC completed_step=416 elapsed_seconds=28.7815 learning_rate=0.000594478
2026-09-21 01:14:30 UTC completed_step=432 elapsed_seconds=29.6663 learning_rate=0.000593906
2026-09-21 01:14:31 UTC completed_step=448 elapsed_seconds=30.5517 learning_rate=0.000593307
2026-09-21 01:14:32 UTC completed_step=464 elapsed_seconds=31.4369 learning_rate=0.000592681
2026-09-21 01:14:33 UTC completed_step=480 elapsed_seconds=32.3193 learning_rate=0.000592026
2026-09-21 01:14:34 UTC completed_step=496 elapsed_seconds=33.203 learning_rate=0.000591344
2026-09-21 01:14:35 UTC completed_step=512 elapsed_seconds=34.0847 learning_rate=0.000590635
2026-09-21 01:14:36 UTC step=512 elapsed_seconds=35.4698 mean_loss=5.51737 errors=7612/10002 exact_sentences=1/1024
2026-09-21 01:14:37 UTC completed_step=528 elapsed_seconds=36.3599 learning_rate=0.000589898
2026-09-21 01:14:38 UTC completed_step=544 elapsed_seconds=37.2426 learning_rate=0.000589134
2026-09-21 01:14:39 UTC completed_step=560 elapsed_seconds=38.1251 learning_rate=0.000588342
2026-09-21 01:14:39 UTC completed_step=576 elapsed_seconds=39.0086 learning_rate=0.000587524
2026-09-21 01:14:40 UTC completed_step=592 elapsed_seconds=39.8916 learning_rate=0.000586678
2026-09-21 01:14:41 UTC completed_step=608 elapsed_seconds=40.7753 learning_rate=0.000585805
2026-09-21 01:14:42 UTC completed_step=624 elapsed_seconds=41.6579 learning_rate=0.000584906
2026-09-21 01:14:43 UTC completed_step=640 elapsed_seconds=42.5415 learning_rate=0.000583979
2026-09-21 01:14:44 UTC step=640 elapsed_seconds=43.9275 mean_loss=5.26976 errors=7495/10002 exact_sentences=1/1024
2026-09-21 01:14:45 UTC completed_step=656 elapsed_seconds=44.8174 learning_rate=0.000583026
2026-09-21 01:14:46 UTC completed_step=672 elapsed_seconds=45.7037 learning_rate=0.000582046
2026-09-21 01:14:47 UTC completed_step=688 elapsed_seconds=46.5892 learning_rate=0.00058104
2026-09-21 01:14:48 UTC completed_step=704 elapsed_seconds=47.4763 learning_rate=0.000580007
2026-09-21 01:14:49 UTC completed_step=720 elapsed_seconds=48.363 learning_rate=0.000578948
2026-09-21 01:14:50 UTC completed_step=736 elapsed_seconds=49.2495 learning_rate=0.000577862
2026-09-21 01:14:51 UTC completed_step=752 elapsed_seconds=50.1347 learning_rate=0.000576751
2026-09-21 01:14:51 UTC completed_step=768 elapsed_seconds=51.0181 learning_rate=0.000575614
2026-09-21 01:14:53 UTC step=768 elapsed_seconds=52.4234 mean_loss=5.05637 errors=7358/10002 exact_sentences=1/1024
2026-09-21 01:14:54 UTC completed_step=784 elapsed_seconds=53.312 learning_rate=0.000574451
2026-09-21 01:14:55 UTC completed_step=800 elapsed_seconds=54.1953 learning_rate=0.000573262
2026-09-21 01:14:56 UTC completed_step=816 elapsed_seconds=55.0789 learning_rate=0.000572047
2026-09-21 01:14:56 UTC completed_step=832 elapsed_seconds=55.9638 learning_rate=0.000570807
2026-09-21 01:14:57 UTC completed_step=848 elapsed_seconds=56.848 learning_rate=0.000569542
2026-09-21 01:14:58 UTC completed_step=864 elapsed_seconds=57.7327 learning_rate=0.000568251
2026-09-21 01:14:59 UTC completed_step=880 elapsed_seconds=58.6168 learning_rate=0.000566936
2026-09-21 01:15:00 UTC completed_step=896 elapsed_seconds=59.5025 learning_rate=0.000565595
2026-09-21 01:15:01 UTC step=896 elapsed_seconds=60.9014 mean_loss=4.85029 errors=7164/10002 exact_sentences=1/1024
2026-09-21 01:15:02 UTC completed_step=912 elapsed_seconds=61.7909 learning_rate=0.00056423
2026-09-21 01:15:03 UTC completed_step=928 elapsed_seconds=62.6734 learning_rate=0.00056284
2026-09-21 01:15:04 UTC completed_step=944 elapsed_seconds=63.5572 learning_rate=0.000561425
2026-09-21 01:15:05 UTC completed_step=960 elapsed_seconds=64.4383 learning_rate=0.000559986
2026-09-21 01:15:06 UTC completed_step=976 elapsed_seconds=65.3207 learning_rate=0.000558523
2026-09-21 01:15:07 UTC completed_step=992 elapsed_seconds=66.2036 learning_rate=0.000557036
2026-09-21 01:15:08 UTC completed_step=1008 elapsed_seconds=67.0848 learning_rate=0.000555525
2026-09-21 01:15:08 UTC completed_step=1024 elapsed_seconds=67.967 learning_rate=0.000553991
2026-09-21 01:15:10 UTC step=1024 elapsed_seconds=69.346 mean_loss=4.65078 errors=6982/10002 exact_sentences=1/1024
2026-09-21 01:15:11 UTC completed_step=1040 elapsed_seconds=70.2354 learning_rate=0.000552432
2026-09-21 01:15:12 UTC completed_step=1056 elapsed_seconds=71.1177 learning_rate=0.000550851
2026-09-21 01:15:12 UTC completed_step=1072 elapsed_seconds=71.9994 learning_rate=0.000549246
2026-09-21 01:15:13 UTC completed_step=1088 elapsed_seconds=72.8819 learning_rate=0.000547618
2026-09-21 01:15:14 UTC completed_step=1104 elapsed_seconds=73.7632 learning_rate=0.000545967
2026-09-21 01:15:15 UTC completed_step=1120 elapsed_seconds=74.6463 learning_rate=0.000544293
2026-09-21 01:15:16 UTC completed_step=1136 elapsed_seconds=75.5285 learning_rate=0.000542597
2026-09-21 01:15:17 UTC completed_step=1152 elapsed_seconds=76.4098 learning_rate=0.000540878
2026-09-21 01:15:18 UTC step=1152 elapsed_seconds=77.7927 mean_loss=4.46232 errors=6816/10002 exact_sentences=1/1024
2026-09-21 01:15:19 UTC completed_step=1168 elapsed_seconds=78.6787 learning_rate=0.000539138
2026-09-21 01:15:20 UTC completed_step=1184 elapsed_seconds=79.5595 learning_rate=0.000537375
2026-09-21 01:15:21 UTC completed_step=1200 elapsed_seconds=80.4413 learning_rate=0.00053559
2026-09-21 01:15:22 UTC completed_step=1216 elapsed_seconds=81.3255 learning_rate=0.000533784
2026-09-21 01:15:23 UTC completed_step=1232 elapsed_seconds=82.2091 learning_rate=0.000531957
2026-09-21 01:15:24 UTC completed_step=1248 elapsed_seconds=83.0917 learning_rate=0.000530108
2026-09-21 01:15:24 UTC completed_step=1264 elapsed_seconds=83.9741 learning_rate=0.000528238
2026-09-21 01:15:25 UTC completed_step=1280 elapsed_seconds=84.8568 learning_rate=0.000526347
2026-09-21 01:15:27 UTC step=1280 elapsed_seconds=86.2317 mean_loss=4.27614 errors=6581/10002 exact_sentences=1/1024
2026-09-21 01:15:28 UTC completed_step=1296 elapsed_seconds=87.1197 learning_rate=0.000524435
2026-09-21 01:15:28 UTC completed_step=1312 elapsed_seconds=88.0038 learning_rate=0.000522503
2026-09-21 01:15:29 UTC completed_step=1328 elapsed_seconds=88.8872 learning_rate=0.000520551
2026-09-21 01:15:30 UTC completed_step=1344 elapsed_seconds=89.7701 learning_rate=0.000518579
2026-09-21 01:15:31 UTC completed_step=1360 elapsed_seconds=90.6534 learning_rate=0.000516587
2026-09-21 01:15:32 UTC completed_step=1376 elapsed_seconds=91.5368 learning_rate=0.000514575
2026-09-21 01:15:33 UTC completed_step=1392 elapsed_seconds=92.421 learning_rate=0.000512544
2026-09-21 01:15:34 UTC completed_step=1408 elapsed_seconds=93.3068 learning_rate=0.000510494
2026-09-21 01:15:35 UTC step=1408 elapsed_seconds=94.7052 mean_loss=4.09657 errors=6412/10002 exact_sentences=1/1024
2026-09-21 01:15:36 UTC completed_step=1424 elapsed_seconds=95.5945 learning_rate=0.000508424
2026-09-21 01:15:37 UTC completed_step=1440 elapsed_seconds=96.4806 learning_rate=0.000506336
2026-09-21 01:15:38 UTC completed_step=1456 elapsed_seconds=97.366 learning_rate=0.00050423
2026-09-21 01:15:39 UTC completed_step=1472 elapsed_seconds=98.2505 learning_rate=0.000502104
2026-09-21 01:15:40 UTC completed_step=1488 elapsed_seconds=99.1366 learning_rate=0.000499961
2026-09-21 01:15:40 UTC completed_step=1504 elapsed_seconds=100.022 learning_rate=0.0004978
2026-09-21 01:15:41 UTC completed_step=1520 elapsed_seconds=100.907 learning_rate=0.000495622
2026-09-21 01:15:42 UTC completed_step=1536 elapsed_seconds=101.793 learning_rate=0.000493426
2026-09-21 01:15:44 UTC step=1536 elapsed_seconds=103.172 mean_loss=3.9333 errors=6210/10002 exact_sentences=1/1024
2026-09-21 01:15:44 UTC completed_step=1552 elapsed_seconds=104.065 learning_rate=0.000491212
2026-09-21 01:15:45 UTC completed_step=1568 elapsed_seconds=104.951 learning_rate=0.000488982
2026-09-21 01:15:46 UTC completed_step=1584 elapsed_seconds=105.834 learning_rate=0.000486735
2026-09-21 01:15:47 UTC completed_step=1600 elapsed_seconds=106.716 learning_rate=0.000484472
2026-09-21 01:15:48 UTC completed_step=1616 elapsed_seconds=107.6 learning_rate=0.000482192
2026-09-21 01:15:49 UTC completed_step=1632 elapsed_seconds=108.483 learning_rate=0.000479896
2026-09-21 01:15:50 UTC completed_step=1648 elapsed_seconds=109.366 learning_rate=0.000477584
2026-09-21 01:15:51 UTC completed_step=1664 elapsed_seconds=110.249 learning_rate=0.000475257
2026-09-21 01:15:52 UTC step=1664 elapsed_seconds=111.638 mean_loss=3.7733 errors=6081/10002 exact_sentences=1/1024
2026-09-21 01:15:53 UTC completed_step=1680 elapsed_seconds=112.527 learning_rate=0.000472915
2026-09-21 01:15:54 UTC completed_step=1696 elapsed_seconds=113.411 learning_rate=0.000470558
2026-09-21 01:15:55 UTC completed_step=1712 elapsed_seconds=114.295 learning_rate=0.000468185
2026-09-21 01:15:56 UTC completed_step=1728 elapsed_seconds=115.18 learning_rate=0.000465799
2026-09-21 01:15:56 UTC completed_step=1744 elapsed_seconds=116.066 learning_rate=0.000463398
2026-09-21 01:15:57 UTC completed_step=1760 elapsed_seconds=116.951 learning_rate=0.000460983
2026-09-21 01:15:58 UTC completed_step=1776 elapsed_seconds=117.835 learning_rate=0.000458554
2026-09-21 01:15:59 UTC completed_step=1792 elapsed_seconds=118.719 learning_rate=0.000456112
2026-09-21 01:16:01 UTC step=1792 elapsed_seconds=120.099 mean_loss=3.62208 errors=5892/10002 exact_sentences=1/1024
2026-09-21 01:16:01 UTC completed_step=1808 elapsed_seconds=120.988 learning_rate=0.000453656
2026-09-21 01:16:02 UTC completed_step=1824 elapsed_seconds=121.87 learning_rate=0.000451187
2026-09-21 01:16:03 UTC completed_step=1840 elapsed_seconds=122.754 learning_rate=0.000448706
2026-09-21 01:16:04 UTC completed_step=1856 elapsed_seconds=123.64 learning_rate=0.000446212
2026-09-21 01:16:05 UTC completed_step=1872 elapsed_seconds=124.526 learning_rate=0.000443706
2026-09-21 01:16:06 UTC completed_step=1888 elapsed_seconds=125.412 learning_rate=0.000441188
2026-09-21 01:16:07 UTC completed_step=1904 elapsed_seconds=126.297 learning_rate=0.000438658
2026-09-21 01:16:08 UTC completed_step=1920 elapsed_seconds=127.182 learning_rate=0.000436117
2026-09-21 01:16:09 UTC step=1920 elapsed_seconds=128.561 mean_loss=3.47736 errors=5738/10002 exact_sentences=2/1024
2026-09-21 01:16:10 UTC completed_step=1936 elapsed_seconds=129.45 learning_rate=0.000433564
2026-09-21 01:16:11 UTC completed_step=1952 elapsed_seconds=130.335 learning_rate=0.000431001
2026-09-21 01:16:12 UTC completed_step=1968 elapsed_seconds=131.219 learning_rate=0.000428427
2026-09-21 01:16:13 UTC completed_step=1984 elapsed_seconds=132.104 learning_rate=0.000425843
2026-09-21 01:16:13 UTC completed_step=2000 elapsed_seconds=132.986 learning_rate=0.000423249
2026-09-21 01:16:14 UTC completed_step=2016 elapsed_seconds=133.869 learning_rate=0.000420644
2026-09-21 01:16:15 UTC completed_step=2032 elapsed_seconds=134.753 learning_rate=0.000418031
2026-09-21 01:16:16 UTC completed_step=2048 elapsed_seconds=135.636 learning_rate=0.000415408
2026-09-21 01:16:17 UTC step=2048 elapsed_seconds=137.02 mean_loss=3.35683 errors=5492/10002 exact_sentences=2/1024
2026-09-21 01:16:18 UTC completed_step=2064 elapsed_seconds=137.911 learning_rate=0.000412776
2026-09-21 01:16:19 UTC completed_step=2080 elapsed_seconds=138.795 learning_rate=0.000410135
2026-09-21 01:16:20 UTC completed_step=2096 elapsed_seconds=139.677 learning_rate=0.000407486
2026-09-21 01:16:21 UTC completed_step=2112 elapsed_seconds=140.56 learning_rate=0.000404829
2026-09-21 01:16:22 UTC completed_step=2128 elapsed_seconds=141.446 learning_rate=0.000402164
2026-09-21 01:16:23 UTC completed_step=2144 elapsed_seconds=142.331 learning_rate=0.000399491
2026-09-21 01:16:24 UTC completed_step=2160 elapsed_seconds=143.217 learning_rate=0.000396811
2026-09-21 01:16:25 UTC completed_step=2176 elapsed_seconds=144.103 learning_rate=0.000394124
2026-09-21 01:16:26 UTC step=2176 elapsed_seconds=145.486 mean_loss=3.22061 errors=5349/10002 exact_sentences=2/1024
2026-09-21 01:16:27 UTC completed_step=2192 elapsed_seconds=146.375 learning_rate=0.00039143
2026-09-21 01:16:28 UTC completed_step=2208 elapsed_seconds=147.259 learning_rate=0.00038873
2026-09-21 01:16:29 UTC completed_step=2224 elapsed_seconds=148.141 learning_rate=0.000386023
2026-09-21 01:16:29 UTC completed_step=2240 elapsed_seconds=149.022 learning_rate=0.000383311
2026-09-21 01:16:30 UTC completed_step=2256 elapsed_seconds=149.905 learning_rate=0.000380593
2026-09-21 01:16:31 UTC completed_step=2272 elapsed_seconds=150.788 learning_rate=0.00037787
2026-09-21 01:16:32 UTC completed_step=2288 elapsed_seconds=151.671 learning_rate=0.000375141
2026-09-21 01:16:33 UTC completed_step=2304 elapsed_seconds=152.552 learning_rate=0.000372408
2026-09-21 01:16:34 UTC step=2304 elapsed_seconds=153.931 mean_loss=3.1031 errors=5031/10002 exact_sentences=4/1024
2026-09-21 01:16:35 UTC completed_step=2320 elapsed_seconds=154.821 learning_rate=0.000369671
2026-09-21 01:16:36 UTC completed_step=2336 elapsed_seconds=155.704 learning_rate=0.000366929
2026-09-21 01:16:37 UTC completed_step=2352 elapsed_seconds=156.588 learning_rate=0.000364183
2026-09-21 01:16:38 UTC completed_step=2368 elapsed_seconds=157.471 learning_rate=0.000361434
2026-09-21 01:16:39 UTC completed_step=2384 elapsed_seconds=158.354 learning_rate=0.000358682
2026-09-21 01:16:40 UTC completed_step=2400 elapsed_seconds=159.238 learning_rate=0.000355926
2026-09-21 01:16:41 UTC completed_step=2416 elapsed_seconds=160.122 learning_rate=0.000353168
2026-09-21 01:16:41 UTC completed_step=2432 elapsed_seconds=161.006 learning_rate=0.000350407
2026-09-21 01:16:43 UTC step=2432 elapsed_seconds=162.383 mean_loss=2.97868 errors=4943/10002 exact_sentences=3/1024
2026-09-21 01:16:44 UTC completed_step=2448 elapsed_seconds=163.271 learning_rate=0.000347644
2026-09-21 01:16:45 UTC completed_step=2464 elapsed_seconds=164.154 learning_rate=0.00034488
2026-09-21 01:16:45 UTC completed_step=2480 elapsed_seconds=165.037 learning_rate=0.000342113
2026-09-21 01:16:46 UTC completed_step=2496 elapsed_seconds=165.92 learning_rate=0.000339346
2026-09-21 01:16:47 UTC completed_step=2512 elapsed_seconds=166.802 learning_rate=0.000336577
2026-09-21 01:16:48 UTC completed_step=2528 elapsed_seconds=167.684 learning_rate=0.000333808
2026-09-21 01:16:49 UTC completed_step=2544 elapsed_seconds=168.566 learning_rate=0.000331039
2026-09-21 01:16:50 UTC completed_step=2560 elapsed_seconds=169.448 learning_rate=0.000328269
2026-09-21 01:16:51 UTC step=2560 elapsed_seconds=170.838 mean_loss=2.86824 errors=4682/10002 exact_sentences=6/1024
2026-09-21 01:16:52 UTC completed_step=2576 elapsed_seconds=171.727 learning_rate=0.000325499
2026-09-21 01:16:53 UTC completed_step=2592 elapsed_seconds=172.611 learning_rate=0.00032273
2026-09-21 01:16:54 UTC completed_step=2608 elapsed_seconds=173.496 learning_rate=0.000319962
2026-09-21 01:16:55 UTC completed_step=2624 elapsed_seconds=174.38 learning_rate=0.000317195
2026-09-21 01:16:56 UTC completed_step=2640 elapsed_seconds=175.263 learning_rate=0.000314429
2026-09-21 01:16:57 UTC completed_step=2656 elapsed_seconds=176.147 learning_rate=0.000311665
2026-09-21 01:16:57 UTC completed_step=2672 elapsed_seconds=177.033 learning_rate=0.000308902
2026-09-21 01:16:58 UTC completed_step=2688 elapsed_seconds=177.916 learning_rate=0.000306142
2026-09-21 01:17:00 UTC step=2688 elapsed_seconds=179.304 mean_loss=2.7769 errors=4559/10002 exact_sentences=6/1024
2026-09-21 01:17:01 UTC completed_step=2704 elapsed_seconds=180.193 learning_rate=0.000303385
2026-09-21 01:17:02 UTC completed_step=2720 elapsed_seconds=181.078 learning_rate=0.00030063
2026-09-21 01:17:02 UTC completed_step=2736 elapsed_seconds=181.962 learning_rate=0.000297878
2026-09-21 01:17:03 UTC completed_step=2752 elapsed_seconds=182.846 learning_rate=0.00029513
2026-09-21 01:17:04 UTC completed_step=2768 elapsed_seconds=183.729 learning_rate=0.000292385
2026-09-21 01:17:05 UTC completed_step=2784 elapsed_seconds=184.615 learning_rate=0.000289644
2026-09-21 01:17:06 UTC completed_step=2800 elapsed_seconds=185.5 learning_rate=0.000286908
2026-09-21 01:17:07 UTC completed_step=2816 elapsed_seconds=186.385 learning_rate=0.000284176
2026-09-21 01:17:08 UTC step=2816 elapsed_seconds=187.76 mean_loss=2.68252 errors=4363/10002 exact_sentences=5/1024
2026-09-21 01:17:09 UTC completed_step=2832 elapsed_seconds=188.649 learning_rate=0.000281449
2026-09-21 01:17:10 UTC completed_step=2848 elapsed_seconds=189.532 learning_rate=0.000278727
2026-09-21 01:17:11 UTC completed_step=2864 elapsed_seconds=190.414 learning_rate=0.00027601
2026-09-21 01:17:12 UTC completed_step=2880 elapsed_seconds=191.296 learning_rate=0.0002733
2026-09-21 01:17:13 UTC completed_step=2896 elapsed_seconds=192.179 learning_rate=0.000270595
2026-09-21 01:17:13 UTC completed_step=2912 elapsed_seconds=193.062 learning_rate=0.000267896
2026-09-21 01:17:14 UTC completed_step=2928 elapsed_seconds=193.944 learning_rate=0.000265204
2026-09-21 01:17:15 UTC completed_step=2944 elapsed_seconds=194.826 learning_rate=0.000262518
2026-09-21 01:17:17 UTC step=2944 elapsed_seconds=196.193 mean_loss=2.59521 errors=4199/10002 exact_sentences=6/1024
2026-09-21 01:17:18 UTC completed_step=2960 elapsed_seconds=197.082 learning_rate=0.00025984
2026-09-21 01:17:18 UTC completed_step=2976 elapsed_seconds=197.967 learning_rate=0.000257169
2026-09-21 01:17:19 UTC completed_step=2992 elapsed_seconds=198.853 learning_rate=0.000254506
2026-09-21 01:17:20 UTC completed_step=3008 elapsed_seconds=199.737 learning_rate=0.000251851
2026-09-21 01:17:21 UTC completed_step=3024 elapsed_seconds=200.621 learning_rate=0.000249204
2026-09-21 01:17:22 UTC completed_step=3040 elapsed_seconds=201.505 learning_rate=0.000246565
2026-09-21 01:17:23 UTC completed_step=3056 elapsed_seconds=202.391 learning_rate=0.000243936
2026-09-21 01:17:24 UTC completed_step=3072 elapsed_seconds=203.276 learning_rate=0.000241315
2026-09-21 01:17:25 UTC step=3072 elapsed_seconds=204.673 mean_loss=2.51206 errors=3987/10002 exact_sentences=7/1024
2026-09-21 01:17:26 UTC completed_step=3088 elapsed_seconds=205.564 learning_rate=0.000238704
2026-09-21 01:17:27 UTC completed_step=3104 elapsed_seconds=206.449 learning_rate=0.000236102
2026-09-21 01:17:28 UTC completed_step=3120 elapsed_seconds=207.334 learning_rate=0.00023351
2026-09-21 01:17:29 UTC completed_step=3136 elapsed_seconds=208.218 learning_rate=0.000230928
2026-09-21 01:17:30 UTC completed_step=3152 elapsed_seconds=209.102 learning_rate=0.000228357
2026-09-21 01:17:30 UTC completed_step=3168 elapsed_seconds=209.987 learning_rate=0.000225796
2026-09-21 01:17:31 UTC completed_step=3184 elapsed_seconds=210.87 learning_rate=0.000223247
2026-09-21 01:17:32 UTC completed_step=3200 elapsed_seconds=211.754 learning_rate=0.000220708
2026-09-21 01:17:34 UTC step=3200 elapsed_seconds=213.145 mean_loss=2.43899 errors=3851/10002 exact_sentences=9/1024
2026-09-21 01:17:34 UTC completed_step=3216 elapsed_seconds=214.035 learning_rate=0.000218182
2026-09-21 01:17:35 UTC completed_step=3232 elapsed_seconds=214.921 learning_rate=0.000215666
2026-09-21 01:17:36 UTC completed_step=3248 elapsed_seconds=215.806 learning_rate=0.000213163
2026-09-21 01:17:37 UTC completed_step=3264 elapsed_seconds=216.692 learning_rate=0.000210673
2026-09-21 01:17:38 UTC completed_step=3280 elapsed_seconds=217.578 learning_rate=0.000208194
2026-09-21 01:17:39 UTC completed_step=3296 elapsed_seconds=218.462 learning_rate=0.000205729
2026-09-21 01:17:40 UTC completed_step=3312 elapsed_seconds=219.345 learning_rate=0.000203277
2026-09-21 01:17:41 UTC completed_step=3328 elapsed_seconds=220.229 learning_rate=0.000200838
2026-09-21 01:17:42 UTC step=3328 elapsed_seconds=221.607 mean_loss=2.3735 errors=3684/10002 exact_sentences=8/1024
2026-09-21 01:17:43 UTC completed_step=3344 elapsed_seconds=222.497 learning_rate=0.000198412
2026-09-21 01:17:44 UTC completed_step=3360 elapsed_seconds=223.38 learning_rate=0.000196001
2026-09-21 01:17:45 UTC completed_step=3376 elapsed_seconds=224.263 learning_rate=0.000193603
2026-09-21 01:17:46 UTC completed_step=3392 elapsed_seconds=225.148 learning_rate=0.00019122
2026-09-21 01:17:46 UTC completed_step=3408 elapsed_seconds=226.033 learning_rate=0.000188852
2026-09-21 01:17:47 UTC completed_step=3424 elapsed_seconds=226.918 learning_rate=0.000186498
2026-09-21 01:17:48 UTC completed_step=3440 elapsed_seconds=227.804 learning_rate=0.000184159
2026-09-21 01:17:49 UTC completed_step=3456 elapsed_seconds=228.689 learning_rate=0.000181836
2026-09-21 01:17:50 UTC step=3456 elapsed_seconds=230.063 mean_loss=2.31224 errors=3668/10002 exact_sentences=8/1024
2026-09-21 01:17:51 UTC completed_step=3472 elapsed_seconds=230.953 learning_rate=0.000179529
2026-09-21 01:17:52 UTC completed_step=3488 elapsed_seconds=231.836 learning_rate=0.000177237
2026-09-21 01:17:53 UTC completed_step=3504 elapsed_seconds=232.721 learning_rate=0.000174961
2026-09-21 01:17:54 UTC completed_step=3520 elapsed_seconds=233.607 learning_rate=0.000172702
2026-09-21 01:17:55 UTC completed_step=3536 elapsed_seconds=234.493 learning_rate=0.000170459
2026-09-21 01:17:56 UTC completed_step=3552 elapsed_seconds=235.376 learning_rate=0.000168233
2026-09-21 01:17:57 UTC completed_step=3568 elapsed_seconds=236.261 learning_rate=0.000166024
2026-09-21 01:17:58 UTC completed_step=3584 elapsed_seconds=237.145 learning_rate=0.000163832
2026-09-21 01:17:59 UTC step=3584 elapsed_seconds=238.519 mean_loss=2.25594 errors=3532/10002 exact_sentences=13/1024
2026-09-21 01:18:00 UTC completed_step=3600 elapsed_seconds=239.412 learning_rate=0.000161658
2026-09-21 01:18:01 UTC completed_step=3616 elapsed_seconds=240.296 learning_rate=0.000159501
2026-09-21 01:18:02 UTC completed_step=3632 elapsed_seconds=241.18 learning_rate=0.000157363
2026-09-21 01:18:02 UTC completed_step=3648 elapsed_seconds=242.063 learning_rate=0.000155242
2026-09-21 01:18:03 UTC completed_step=3664 elapsed_seconds=242.946 learning_rate=0.00015314
2026-09-21 01:18:04 UTC completed_step=3680 elapsed_seconds=243.829 learning_rate=0.000151057
2026-09-21 01:18:05 UTC completed_step=3696 elapsed_seconds=244.71 learning_rate=0.000148992
2026-09-21 01:18:06 UTC completed_step=3712 elapsed_seconds=245.592 learning_rate=0.000146946
2026-09-21 01:18:07 UTC step=3712 elapsed_seconds=246.972 mean_loss=2.20585 errors=3427/10002 exact_sentences=14/1024
2026-09-21 01:18:08 UTC completed_step=3728 elapsed_seconds=247.86 learning_rate=0.00014492
2026-09-21 01:18:09 UTC completed_step=3744 elapsed_seconds=248.743 learning_rate=0.000142913
2026-09-21 01:18:10 UTC completed_step=3760 elapsed_seconds=249.627 learning_rate=0.000140926
2026-09-21 01:18:11 UTC completed_step=3776 elapsed_seconds=250.512 learning_rate=0.000138959
2026-09-21 01:18:12 UTC completed_step=3792 elapsed_seconds=251.398 learning_rate=0.000137012
2026-09-21 01:18:13 UTC completed_step=3808 elapsed_seconds=252.283 learning_rate=0.000135085
2026-09-21 01:18:14 UTC completed_step=3824 elapsed_seconds=253.169 learning_rate=0.000133178
2026-09-21 01:18:14 UTC completed_step=3840 elapsed_seconds=254.054 learning_rate=0.000131293
2026-09-21 01:18:16 UTC step=3840 elapsed_seconds=255.428 mean_loss=2.16234 errors=3340/10002 exact_sentences=19/1024
2026-09-21 01:18:17 UTC completed_step=3856 elapsed_seconds=256.319 learning_rate=0.000129428
2026-09-21 01:18:18 UTC completed_step=3872 elapsed_seconds=257.202 learning_rate=0.000127585
2026-09-21 01:18:19 UTC completed_step=3888 elapsed_seconds=258.086 learning_rate=0.000125762
2026-09-21 01:18:19 UTC completed_step=3904 elapsed_seconds=258.97 learning_rate=0.000123961
2026-09-21 01:18:20 UTC completed_step=3920 elapsed_seconds=259.854 learning_rate=0.000122182
2026-09-21 01:18:21 UTC completed_step=3936 elapsed_seconds=260.738 learning_rate=0.000120425
2026-09-21 01:18:22 UTC completed_step=3952 elapsed_seconds=261.622 learning_rate=0.00011869
2026-09-21 01:18:23 UTC completed_step=3968 elapsed_seconds=262.508 learning_rate=0.000116977
2026-09-21 01:18:24 UTC step=3968 elapsed_seconds=263.899 mean_loss=2.11879 errors=3293/10002 exact_sentences=21/1024
2026-09-21 01:18:25 UTC completed_step=3984 elapsed_seconds=264.789 learning_rate=0.000115286
2026-09-21 01:18:26 UTC completed_step=4000 elapsed_seconds=265.674 learning_rate=0.000113618
2026-09-21 01:18:27 UTC completed_step=4016 elapsed_seconds=266.56 learning_rate=0.000111973
2026-09-21 01:18:28 UTC completed_step=4032 elapsed_seconds=267.445 learning_rate=0.000110351
2026-09-21 01:18:29 UTC completed_step=4048 elapsed_seconds=268.328 learning_rate=0.000108752
2026-09-21 01:18:30 UTC completed_step=4064 elapsed_seconds=269.212 learning_rate=0.000107176
2026-09-21 01:18:31 UTC completed_step=4080 elapsed_seconds=270.095 learning_rate=0.000105623
2026-09-21 01:18:31 UTC completed_step=4096 elapsed_seconds=270.979 learning_rate=0.000104095
2026-09-21 01:18:33 UTC step=4096 elapsed_seconds=272.358 mean_loss=2.0825 errors=3179/10002 exact_sentences=25/1024
2026-09-21 01:18:34 UTC completed_step=4112 elapsed_seconds=273.249 learning_rate=0.00010259
2026-09-21 01:18:35 UTC completed_step=4128 elapsed_seconds=274.132 learning_rate=0.000101109
2026-09-21 01:18:35 UTC completed_step=4144 elapsed_seconds=275.018 learning_rate=9.96516e-05
2026-09-21 01:18:36 UTC completed_step=4160 elapsed_seconds=275.904 learning_rate=9.82188e-05
2026-09-21 01:18:37 UTC completed_step=4176 elapsed_seconds=276.791 learning_rate=9.68105e-05
2026-09-21 01:18:38 UTC completed_step=4192 elapsed_seconds=277.678 learning_rate=9.54266e-05
2026-09-21 01:18:39 UTC completed_step=4208 elapsed_seconds=278.564 learning_rate=9.40675e-05
2026-09-21 01:18:40 UTC completed_step=4224 elapsed_seconds=279.448 learning_rate=9.27331e-05
2026-09-21 01:18:41 UTC step=4224 elapsed_seconds=280.846 mean_loss=2.04971 errors=3149/10002 exact_sentences=25/1024
2026-09-21 01:18:42 UTC completed_step=4240 elapsed_seconds=281.738 learning_rate=9.14238e-05
2026-09-21 01:18:43 UTC completed_step=4256 elapsed_seconds=282.623 learning_rate=9.01395e-05
2026-09-21 01:18:44 UTC completed_step=4272 elapsed_seconds=283.509 learning_rate=8.88805e-05
2026-09-21 01:18:45 UTC completed_step=4288 elapsed_seconds=284.395 learning_rate=8.76469e-05
2026-09-21 01:18:46 UTC completed_step=4304 elapsed_seconds=285.279 learning_rate=8.64388e-05
2026-09-21 01:18:47 UTC completed_step=4320 elapsed_seconds=286.165 learning_rate=8.52563e-05
2026-09-21 01:18:47 UTC completed_step=4336 elapsed_seconds=287.049 learning_rate=8.40995e-05
2026-09-21 01:18:48 UTC completed_step=4352 elapsed_seconds=287.933 learning_rate=8.29687e-05
2026-09-21 01:18:50 UTC step=4352 elapsed_seconds=289.312 mean_loss=2.02257 errors=3072/10002 exact_sentences=24/1024
2026-09-21 01:18:51 UTC completed_step=4368 elapsed_seconds=290.202 learning_rate=8.18638e-05
2026-09-21 01:18:52 UTC completed_step=4384 elapsed_seconds=291.087 learning_rate=8.0785e-05
2026-09-21 01:18:52 UTC completed_step=4400 elapsed_seconds=291.972 learning_rate=7.97325e-05
2026-09-21 01:18:53 UTC completed_step=4416 elapsed_seconds=292.856 learning_rate=7.87063e-05
2026-09-21 01:18:54 UTC completed_step=4432 elapsed_seconds=293.74 learning_rate=7.77065e-05
2026-09-21 01:18:55 UTC completed_step=4448 elapsed_seconds=294.623 learning_rate=7.67333e-05
2026-09-21 01:18:56 UTC completed_step=4464 elapsed_seconds=295.507 learning_rate=7.57867e-05
2026-09-21 01:18:57 UTC completed_step=4480 elapsed_seconds=296.391 learning_rate=7.48669e-05
2026-09-21 01:18:58 UTC step=4480 elapsed_seconds=297.788 mean_loss=1.99512 errors=3048/10002 exact_sentences=30/1024
2026-09-21 01:18:59 UTC completed_step=4496 elapsed_seconds=298.677 learning_rate=7.3974e-05
2026-09-21 01:19:00 UTC completed_step=4512 elapsed_seconds=299.559 learning_rate=7.3108e-05
2026-09-21 01:19:01 UTC completed_step=4528 elapsed_seconds=300.442 learning_rate=7.2269e-05
2026-09-21 01:19:02 UTC completed_step=4544 elapsed_seconds=301.326 learning_rate=7.14571e-05
2026-09-21 01:19:03 UTC completed_step=4560 elapsed_seconds=302.21 learning_rate=7.06725e-05
2026-09-21 01:19:04 UTC completed_step=4576 elapsed_seconds=303.094 learning_rate=6.99151e-05
2026-09-21 01:19:04 UTC completed_step=4592 elapsed_seconds=303.977 learning_rate=6.91851e-05
2026-09-21 01:19:05 UTC completed_step=4608 elapsed_seconds=304.865 learning_rate=6.84825e-05
2026-09-21 01:19:07 UTC step=4608 elapsed_seconds=306.24 mean_loss=1.9706 errors=2988/10002 exact_sentences=29/1024
2026-09-21 01:19:08 UTC completed_step=4624 elapsed_seconds=307.135 learning_rate=6.78075e-05
2026-09-21 01:19:08 UTC completed_step=4640 elapsed_seconds=308.023 learning_rate=6.71601e-05
2026-09-21 01:19:09 UTC completed_step=4656 elapsed_seconds=308.912 learning_rate=6.65403e-05
2026-09-21 01:19:10 UTC completed_step=4672 elapsed_seconds=309.8 learning_rate=6.59482e-05
2026-09-21 01:19:11 UTC completed_step=4688 elapsed_seconds=310.687 learning_rate=6.5384e-05
2026-09-21 01:19:12 UTC completed_step=4704 elapsed_seconds=311.571 learning_rate=6.48475e-05
2026-09-21 01:19:13 UTC completed_step=4720 elapsed_seconds=312.454 learning_rate=6.4339e-05
2026-09-21 01:19:14 UTC completed_step=4736 elapsed_seconds=313.338 learning_rate=6.38584e-05
2026-09-21 01:19:15 UTC step=4736 elapsed_seconds=314.728 mean_loss=1.94976 errors=2969/10002 exact_sentences=29/1024
2026-09-21 01:19:16 UTC completed_step=4752 elapsed_seconds=315.618 learning_rate=6.34059e-05
2026-09-21 01:19:17 UTC completed_step=4768 elapsed_seconds=316.503 learning_rate=6.29814e-05
2026-09-21 01:19:18 UTC completed_step=4784 elapsed_seconds=317.388 learning_rate=6.2585e-05
2026-09-21 01:19:19 UTC completed_step=4800 elapsed_seconds=318.273 learning_rate=6.22167e-05
2026-09-21 01:19:20 UTC completed_step=4816 elapsed_seconds=319.159 learning_rate=6.18766e-05
2026-09-21 01:19:20 UTC completed_step=4832 elapsed_seconds=320.046 learning_rate=6.15647e-05
2026-09-21 01:19:21 UTC completed_step=4848 elapsed_seconds=320.932 learning_rate=6.12811e-05
2026-09-21 01:19:22 UTC completed_step=4864 elapsed_seconds=321.819 learning_rate=6.10258e-05
2026-09-21 01:19:24 UTC step=4864 elapsed_seconds=323.212 mean_loss=1.92978 errors=2916/10002 exact_sentences=35/1024
2026-09-21 01:19:25 UTC completed_step=4880 elapsed_seconds=324.101 learning_rate=6.07987e-05
2026-09-21 01:19:25 UTC completed_step=4896 elapsed_seconds=324.984 learning_rate=6.06e-05
2026-09-21 01:19:26 UTC completed_step=4912 elapsed_seconds=325.868 learning_rate=6.04296e-05
2026-09-21 01:19:27 UTC completed_step=4928 elapsed_seconds=326.753 learning_rate=6.02876e-05
2026-09-21 01:19:28 UTC completed_step=4944 elapsed_seconds=327.637 learning_rate=6.0174e-05
2026-09-21 01:19:29 UTC completed_step=4960 elapsed_seconds=328.522 learning_rate=6.00888e-05
2026-09-21 01:19:30 UTC completed_step=4976 elapsed_seconds=329.405 learning_rate=6.0032e-05
2026-09-21 01:19:31 UTC completed_step=4992 elapsed_seconds=330.289 learning_rate=6.00036e-05
2026-09-21 01:19:32 UTC step=4992 elapsed_seconds=331.677 mean_loss=1.9095 errors=2889/10002 exact_sentences=36/1024
2026-09-21 01:19:34 UTC step=5000 elapsed_seconds=333.52 mean_loss=1.90886 errors=2884/10002 exact_sentences=35/1024
2026-09-21 01:19:35 UTC step=5000 elapsed_seconds=334.918 mean_loss=1.90886 errors=2884/10002 exact_sentences=35/1024
BUDGET_EXHAUSTED checkpoint=/home/ubuntu/checkpoints/memorize_general_facts/width_depth_coarse_0/width_32/layers_2/step_5000
