layers=3 width=32 heads=1 feed_forward_width=128 parameters=1679648 samples=1024 scored_targets=10002
2026-09-21 01:19:39 UTC step=0 elapsed_seconds=1.4609 mean_loss=10.8186 errors=10002/10002 exact_sentences=0/1024
2026-09-21 01:19:40 UTC completed_step=16 elapsed_seconds=2.72381 learning_rate=9.6e-05
2026-09-21 01:19:41 UTC completed_step=32 elapsed_seconds=3.76927 learning_rate=0.000192
2026-09-21 01:19:42 UTC completed_step=48 elapsed_seconds=4.81443 learning_rate=0.000288
2026-09-21 01:19:44 UTC completed_step=64 elapsed_seconds=5.85899 learning_rate=0.000384
2026-09-21 01:19:45 UTC completed_step=80 elapsed_seconds=6.90351 learning_rate=0.00048
2026-09-21 01:19:46 UTC completed_step=96 elapsed_seconds=7.94868 learning_rate=0.000576
2026-09-21 01:19:47 UTC completed_step=112 elapsed_seconds=8.99367 learning_rate=0.000599992
2026-09-21 01:19:48 UTC completed_step=128 elapsed_seconds=10.0392 learning_rate=0.000599956
2026-09-21 01:19:49 UTC step=128 elapsed_seconds=11.5119 mean_loss=8.29226 errors=8978/10002 exact_sentences=0/1024
2026-09-21 01:19:50 UTC completed_step=144 elapsed_seconds=12.5616 learning_rate=0.000599893
2026-09-21 01:19:51 UTC completed_step=160 elapsed_seconds=13.6059 learning_rate=0.0005998
2026-09-21 01:19:52 UTC completed_step=176 elapsed_seconds=14.6504 learning_rate=0.00059968
2026-09-21 01:19:53 UTC completed_step=192 elapsed_seconds=15.6943 learning_rate=0.00059953
2026-09-21 01:19:54 UTC completed_step=208 elapsed_seconds=16.7393 learning_rate=0.000599353
2026-09-21 01:19:55 UTC completed_step=224 elapsed_seconds=17.7844 learning_rate=0.000599147
2026-09-21 01:19:56 UTC completed_step=240 elapsed_seconds=18.8306 learning_rate=0.000598913
2026-09-21 01:19:58 UTC completed_step=256 elapsed_seconds=19.8748 learning_rate=0.000598651
2026-09-21 01:19:59 UTC step=256 elapsed_seconds=21.3385 mean_loss=6.23711 errors=8194/10002 exact_sentences=0/1024
2026-09-21 01:20:00 UTC completed_step=272 elapsed_seconds=22.3918 learning_rate=0.00059836
2026-09-21 01:20:01 UTC completed_step=288 elapsed_seconds=23.4401 learning_rate=0.000598041
2026-09-21 01:20:02 UTC completed_step=304 elapsed_seconds=24.4896 learning_rate=0.000597694
2026-09-21 01:20:03 UTC completed_step=320 elapsed_seconds=25.5397 learning_rate=0.000597319
2026-09-21 01:20:04 UTC completed_step=336 elapsed_seconds=26.588 learning_rate=0.000596915
2026-09-21 01:20:05 UTC completed_step=352 elapsed_seconds=27.6368 learning_rate=0.000596484
2026-09-21 01:20:06 UTC completed_step=368 elapsed_seconds=28.6871 learning_rate=0.000596024
2026-09-21 01:20:07 UTC completed_step=384 elapsed_seconds=29.7367 learning_rate=0.000595536
2026-09-21 01:20:09 UTC step=384 elapsed_seconds=31.1884 mean_loss=5.84892 errors=7959/10002 exact_sentences=1/1024
2026-09-21 01:20:10 UTC completed_step=400 elapsed_seconds=32.2382 learning_rate=0.000595021
2026-09-21 01:20:11 UTC completed_step=416 elapsed_seconds=33.283 learning_rate=0.000594478
2026-09-21 01:20:12 UTC completed_step=432 elapsed_seconds=34.3272 learning_rate=0.000593906
2026-09-21 01:20:13 UTC completed_step=448 elapsed_seconds=35.3719 learning_rate=0.000593307
2026-09-21 01:20:14 UTC completed_step=464 elapsed_seconds=36.4171 learning_rate=0.000592681
2026-09-21 01:20:15 UTC completed_step=480 elapsed_seconds=37.463 learning_rate=0.000592026
2026-09-21 01:20:16 UTC completed_step=496 elapsed_seconds=38.5094 learning_rate=0.000591344
2026-09-21 01:20:17 UTC completed_step=512 elapsed_seconds=39.5553 learning_rate=0.000590635
2026-09-21 01:20:19 UTC step=512 elapsed_seconds=41.0307 mean_loss=5.52028 errors=7634/10002 exact_sentences=1/1024
2026-09-21 01:20:20 UTC completed_step=528 elapsed_seconds=42.084 learning_rate=0.000589898
2026-09-21 01:20:21 UTC completed_step=544 elapsed_seconds=43.1302 learning_rate=0.000589134
2026-09-21 01:20:22 UTC completed_step=560 elapsed_seconds=44.177 learning_rate=0.000588342
2026-09-21 01:20:23 UTC completed_step=576 elapsed_seconds=45.2238 learning_rate=0.000587524
2026-09-21 01:20:24 UTC completed_step=592 elapsed_seconds=46.2687 learning_rate=0.000586678
2026-09-21 01:20:25 UTC completed_step=608 elapsed_seconds=47.3137 learning_rate=0.000585805
2026-09-21 01:20:26 UTC completed_step=624 elapsed_seconds=48.358 learning_rate=0.000584906
2026-09-21 01:20:27 UTC completed_step=640 elapsed_seconds=49.4036 learning_rate=0.000583979
2026-09-21 01:20:29 UTC step=640 elapsed_seconds=50.8545 mean_loss=5.25349 errors=7475/10002 exact_sentences=1/1024
2026-09-21 01:20:30 UTC completed_step=656 elapsed_seconds=51.9056 learning_rate=0.000583026
2026-09-21 01:20:31 UTC completed_step=672 elapsed_seconds=52.9513 learning_rate=0.000582046
2026-09-21 01:20:32 UTC completed_step=688 elapsed_seconds=53.9968 learning_rate=0.00058104
2026-09-21 01:20:33 UTC completed_step=704 elapsed_seconds=55.0428 learning_rate=0.000580007
2026-09-21 01:20:34 UTC completed_step=720 elapsed_seconds=56.0894 learning_rate=0.000578948
2026-09-21 01:20:35 UTC completed_step=736 elapsed_seconds=57.1347 learning_rate=0.000577862
2026-09-21 01:20:36 UTC completed_step=752 elapsed_seconds=58.1798 learning_rate=0.000576751
2026-09-21 01:20:37 UTC completed_step=768 elapsed_seconds=59.2263 learning_rate=0.000575614
2026-09-21 01:20:38 UTC step=768 elapsed_seconds=60.6806 mean_loss=5.02394 errors=7321/10002 exact_sentences=1/1024
2026-09-21 01:20:39 UTC completed_step=784 elapsed_seconds=61.735 learning_rate=0.000574451
2026-09-21 01:20:40 UTC completed_step=800 elapsed_seconds=62.7867 learning_rate=0.000573262
2026-09-21 01:20:41 UTC completed_step=816 elapsed_seconds=63.8371 learning_rate=0.000572047
2026-09-21 01:20:43 UTC completed_step=832 elapsed_seconds=64.8881 learning_rate=0.000570807
2026-09-21 01:20:44 UTC completed_step=848 elapsed_seconds=65.9348 learning_rate=0.000569542
2026-09-21 01:20:45 UTC completed_step=864 elapsed_seconds=66.9789 learning_rate=0.000568251
2026-09-21 01:20:46 UTC completed_step=880 elapsed_seconds=68.0237 learning_rate=0.000566936
2026-09-21 01:20:47 UTC completed_step=896 elapsed_seconds=69.068 learning_rate=0.000565595
2026-09-21 01:20:48 UTC step=896 elapsed_seconds=70.5291 mean_loss=4.8251 errors=7177/10002 exact_sentences=1/1024
2026-09-21 01:20:49 UTC completed_step=912 elapsed_seconds=71.5827 learning_rate=0.00056423
2026-09-21 01:20:50 UTC completed_step=928 elapsed_seconds=72.6325 learning_rate=0.00056284
2026-09-21 01:20:51 UTC completed_step=944 elapsed_seconds=73.682 learning_rate=0.000561425
2026-09-21 01:20:52 UTC completed_step=960 elapsed_seconds=74.7322 learning_rate=0.000559986
2026-09-21 01:20:53 UTC completed_step=976 elapsed_seconds=75.7793 learning_rate=0.000558523
2026-09-21 01:20:54 UTC completed_step=992 elapsed_seconds=76.8251 learning_rate=0.000557036
2026-09-21 01:20:56 UTC completed_step=1008 elapsed_seconds=77.8704 learning_rate=0.000555525
2026-09-21 01:20:57 UTC completed_step=1024 elapsed_seconds=78.9164 learning_rate=0.000553991
2026-09-21 01:20:58 UTC step=1024 elapsed_seconds=80.3998 mean_loss=4.62556 errors=6914/10002 exact_sentences=1/1024
2026-09-21 01:20:59 UTC completed_step=1040 elapsed_seconds=81.4572 learning_rate=0.000552432
2026-09-21 01:21:00 UTC completed_step=1056 elapsed_seconds=82.5095 learning_rate=0.000550851
2026-09-21 01:21:01 UTC completed_step=1072 elapsed_seconds=83.5616 learning_rate=0.000549246
2026-09-21 01:21:02 UTC completed_step=1088 elapsed_seconds=84.6135 learning_rate=0.000547618
2026-09-21 01:21:03 UTC completed_step=1104 elapsed_seconds=85.6623 learning_rate=0.000545967
2026-09-21 01:21:04 UTC completed_step=1120 elapsed_seconds=86.7107 learning_rate=0.000544293
2026-09-21 01:21:05 UTC completed_step=1136 elapsed_seconds=87.7576 learning_rate=0.000542597
2026-09-21 01:21:06 UTC completed_step=1152 elapsed_seconds=88.8049 learning_rate=0.000540878
2026-09-21 01:21:08 UTC step=1152 elapsed_seconds=90.2557 mean_loss=4.45025 errors=6802/10002 exact_sentences=1/1024
2026-09-21 01:21:09 UTC completed_step=1168 elapsed_seconds=91.3088 learning_rate=0.000539138
2026-09-21 01:21:10 UTC completed_step=1184 elapsed_seconds=92.3572 learning_rate=0.000537375
2026-09-21 01:21:11 UTC completed_step=1200 elapsed_seconds=93.4064 learning_rate=0.00053559
2026-09-21 01:21:12 UTC completed_step=1216 elapsed_seconds=94.4559 learning_rate=0.000533784
2026-09-21 01:21:13 UTC completed_step=1232 elapsed_seconds=95.5036 learning_rate=0.000531957
2026-09-21 01:21:14 UTC completed_step=1248 elapsed_seconds=96.5497 learning_rate=0.000530108
2026-09-21 01:21:15 UTC completed_step=1264 elapsed_seconds=97.5947 learning_rate=0.000528238
2026-09-21 01:21:16 UTC completed_step=1280 elapsed_seconds=98.6397 learning_rate=0.000526347
2026-09-21 01:21:18 UTC step=1280 elapsed_seconds=100.102 mean_loss=4.25772 errors=6588/10002 exact_sentences=1/1024
2026-09-21 01:21:19 UTC completed_step=1296 elapsed_seconds=101.154 learning_rate=0.000524435
2026-09-21 01:21:20 UTC completed_step=1312 elapsed_seconds=102.203 learning_rate=0.000522503
2026-09-21 01:21:21 UTC completed_step=1328 elapsed_seconds=103.249 learning_rate=0.000520551
2026-09-21 01:21:22 UTC completed_step=1344 elapsed_seconds=104.294 learning_rate=0.000518579
2026-09-21 01:21:23 UTC completed_step=1360 elapsed_seconds=105.342 learning_rate=0.000516587
2026-09-21 01:21:24 UTC completed_step=1376 elapsed_seconds=106.393 learning_rate=0.000514575
2026-09-21 01:21:25 UTC completed_step=1392 elapsed_seconds=107.443 learning_rate=0.000512544
2026-09-21 01:21:26 UTC completed_step=1408 elapsed_seconds=108.493 learning_rate=0.000510494
2026-09-21 01:21:28 UTC step=1408 elapsed_seconds=109.953 mean_loss=4.07438 errors=6345/10002 exact_sentences=1/1024
2026-09-21 01:21:29 UTC completed_step=1424 elapsed_seconds=111.006 learning_rate=0.000508424
2026-09-21 01:21:30 UTC completed_step=1440 elapsed_seconds=112.057 learning_rate=0.000506336
2026-09-21 01:21:31 UTC completed_step=1456 elapsed_seconds=113.104 learning_rate=0.00050423
2026-09-21 01:21:32 UTC completed_step=1472 elapsed_seconds=114.152 learning_rate=0.000502104
2026-09-21 01:21:33 UTC completed_step=1488 elapsed_seconds=115.198 learning_rate=0.000499961
2026-09-21 01:21:34 UTC completed_step=1504 elapsed_seconds=116.244 learning_rate=0.0004978
2026-09-21 01:21:35 UTC completed_step=1520 elapsed_seconds=117.289 learning_rate=0.000495622
2026-09-21 01:21:36 UTC completed_step=1536 elapsed_seconds=118.334 learning_rate=0.000493426
2026-09-21 01:21:37 UTC step=1536 elapsed_seconds=119.819 mean_loss=3.90667 errors=6203/10002 exact_sentences=1/1024
2026-09-21 01:21:39 UTC completed_step=1552 elapsed_seconds=120.874 learning_rate=0.000491212
2026-09-21 01:21:40 UTC completed_step=1568 elapsed_seconds=121.922 learning_rate=0.000488982
2026-09-21 01:21:41 UTC completed_step=1584 elapsed_seconds=122.97 learning_rate=0.000486735
2026-09-21 01:21:42 UTC completed_step=1600 elapsed_seconds=124.017 learning_rate=0.000484472
2026-09-21 01:21:43 UTC completed_step=1616 elapsed_seconds=125.065 learning_rate=0.000482192
2026-09-21 01:21:44 UTC completed_step=1632 elapsed_seconds=126.111 learning_rate=0.000479896
2026-09-21 01:21:45 UTC completed_step=1648 elapsed_seconds=127.158 learning_rate=0.000477584
2026-09-21 01:21:46 UTC completed_step=1664 elapsed_seconds=128.203 learning_rate=0.000475257
2026-09-21 01:21:47 UTC step=1664 elapsed_seconds=129.658 mean_loss=3.74346 errors=6013/10002 exact_sentences=1/1024
2026-09-21 01:21:48 UTC completed_step=1680 elapsed_seconds=130.709 learning_rate=0.000472915
2026-09-21 01:21:49 UTC completed_step=1696 elapsed_seconds=131.753 learning_rate=0.000470558
2026-09-21 01:21:50 UTC completed_step=1712 elapsed_seconds=132.798 learning_rate=0.000468185
2026-09-21 01:21:51 UTC completed_step=1728 elapsed_seconds=133.843 learning_rate=0.000465799
2026-09-21 01:21:53 UTC completed_step=1744 elapsed_seconds=134.889 learning_rate=0.000463398
2026-09-21 01:21:54 UTC completed_step=1760 elapsed_seconds=135.936 learning_rate=0.000460983
2026-09-21 01:21:55 UTC completed_step=1776 elapsed_seconds=136.983 learning_rate=0.000458554
2026-09-21 01:21:56 UTC completed_step=1792 elapsed_seconds=138.03 learning_rate=0.000456112
2026-09-21 01:21:57 UTC step=1792 elapsed_seconds=139.488 mean_loss=3.61025 errors=5894/10002 exact_sentences=1/1024
2026-09-21 01:21:58 UTC completed_step=1808 elapsed_seconds=140.539 learning_rate=0.000453656
2026-09-21 01:21:59 UTC completed_step=1824 elapsed_seconds=141.584 learning_rate=0.000451187
2026-09-21 01:22:00 UTC completed_step=1840 elapsed_seconds=142.63 learning_rate=0.000448706
2026-09-21 01:22:01 UTC completed_step=1856 elapsed_seconds=143.674 learning_rate=0.000446212
2026-09-21 01:22:02 UTC completed_step=1872 elapsed_seconds=144.72 learning_rate=0.000443706
2026-09-21 01:22:03 UTC completed_step=1888 elapsed_seconds=145.767 learning_rate=0.000441188
2026-09-21 01:22:04 UTC completed_step=1904 elapsed_seconds=146.813 learning_rate=0.000438658
2026-09-21 01:22:06 UTC completed_step=1920 elapsed_seconds=147.859 learning_rate=0.000436117
2026-09-21 01:22:07 UTC step=1920 elapsed_seconds=149.311 mean_loss=3.45087 errors=5679/10002 exact_sentences=1/1024
2026-09-21 01:22:08 UTC completed_step=1936 elapsed_seconds=150.362 learning_rate=0.000433564
2026-09-21 01:22:09 UTC completed_step=1952 elapsed_seconds=151.41 learning_rate=0.000431001
2026-09-21 01:22:10 UTC completed_step=1968 elapsed_seconds=152.459 learning_rate=0.000428427
2026-09-21 01:22:11 UTC completed_step=1984 elapsed_seconds=153.506 learning_rate=0.000425843
2026-09-21 01:22:12 UTC completed_step=2000 elapsed_seconds=154.553 learning_rate=0.000423249
2026-09-21 01:22:13 UTC completed_step=2016 elapsed_seconds=155.597 learning_rate=0.000420644
2026-09-21 01:22:14 UTC completed_step=2032 elapsed_seconds=156.642 learning_rate=0.000418031
2026-09-21 01:22:15 UTC completed_step=2048 elapsed_seconds=157.687 learning_rate=0.000415408
2026-09-21 01:22:17 UTC step=2048 elapsed_seconds=159.141 mean_loss=3.30918 errors=5444/10002 exact_sentences=1/1024
2026-09-21 01:22:18 UTC completed_step=2064 elapsed_seconds=160.193 learning_rate=0.000412776
2026-09-21 01:22:19 UTC completed_step=2080 elapsed_seconds=161.241 learning_rate=0.000410135
2026-09-21 01:22:20 UTC completed_step=2096 elapsed_seconds=162.287 learning_rate=0.000407486
2026-09-21 01:22:21 UTC completed_step=2112 elapsed_seconds=163.331 learning_rate=0.000404829
2026-09-21 01:22:22 UTC completed_step=2128 elapsed_seconds=164.376 learning_rate=0.000402164
2026-09-21 01:22:23 UTC completed_step=2144 elapsed_seconds=165.422 learning_rate=0.000399491
2026-09-21 01:22:24 UTC completed_step=2160 elapsed_seconds=166.468 learning_rate=0.000396811
2026-09-21 01:22:25 UTC completed_step=2176 elapsed_seconds=167.513 learning_rate=0.000394124
2026-09-21 01:22:27 UTC step=2176 elapsed_seconds=168.961 mean_loss=3.18688 errors=5222/10002 exact_sentences=1/1024
2026-09-21 01:22:28 UTC completed_step=2192 elapsed_seconds=170.013 learning_rate=0.00039143
2026-09-21 01:22:29 UTC completed_step=2208 elapsed_seconds=171.064 learning_rate=0.00038873
2026-09-21 01:22:30 UTC completed_step=2224 elapsed_seconds=172.116 learning_rate=0.000386023
2026-09-21 01:22:31 UTC completed_step=2240 elapsed_seconds=173.166 learning_rate=0.000383311
2026-09-21 01:22:32 UTC completed_step=2256 elapsed_seconds=174.216 learning_rate=0.000380593
2026-09-21 01:22:33 UTC completed_step=2272 elapsed_seconds=175.268 learning_rate=0.00037787
2026-09-21 01:22:34 UTC completed_step=2288 elapsed_seconds=176.32 learning_rate=0.000375141
2026-09-21 01:22:35 UTC completed_step=2304 elapsed_seconds=177.371 learning_rate=0.000372408
2026-09-21 01:22:36 UTC step=2304 elapsed_seconds=178.826 mean_loss=3.06311 errors=5056/10002 exact_sentences=1/1024
2026-09-21 01:22:38 UTC completed_step=2320 elapsed_seconds=179.882 learning_rate=0.000369671
2026-09-21 01:22:39 UTC completed_step=2336 elapsed_seconds=180.928 learning_rate=0.000366929
2026-09-21 01:22:40 UTC completed_step=2352 elapsed_seconds=181.974 learning_rate=0.000364183
2026-09-21 01:22:41 UTC completed_step=2368 elapsed_seconds=183.02 learning_rate=0.000361434
2026-09-21 01:22:42 UTC completed_step=2384 elapsed_seconds=184.066 learning_rate=0.000358682
2026-09-21 01:22:43 UTC completed_step=2400 elapsed_seconds=185.116 learning_rate=0.000355926
2026-09-21 01:22:44 UTC completed_step=2416 elapsed_seconds=186.167 learning_rate=0.000353168
2026-09-21 01:22:45 UTC completed_step=2432 elapsed_seconds=187.217 learning_rate=0.000350407
2026-09-21 01:22:46 UTC step=2432 elapsed_seconds=188.677 mean_loss=2.94512 errors=4847/10002 exact_sentences=1/1024
2026-09-21 01:22:47 UTC completed_step=2448 elapsed_seconds=189.732 learning_rate=0.000347644
2026-09-21 01:22:48 UTC completed_step=2464 elapsed_seconds=190.777 learning_rate=0.00034488
2026-09-21 01:22:49 UTC completed_step=2480 elapsed_seconds=191.823 learning_rate=0.000342113
2026-09-21 01:22:51 UTC completed_step=2496 elapsed_seconds=192.87 learning_rate=0.000339346
2026-09-21 01:22:52 UTC completed_step=2512 elapsed_seconds=193.916 learning_rate=0.000336577
2026-09-21 01:22:53 UTC completed_step=2528 elapsed_seconds=194.962 learning_rate=0.000333808
2026-09-21 01:22:54 UTC completed_step=2544 elapsed_seconds=196.009 learning_rate=0.000331039
2026-09-21 01:22:55 UTC completed_step=2560 elapsed_seconds=197.055 learning_rate=0.000328269
2026-09-21 01:22:56 UTC step=2560 elapsed_seconds=198.534 mean_loss=2.84503 errors=4636/10002 exact_sentences=4/1024
2026-09-21 01:22:57 UTC completed_step=2576 elapsed_seconds=199.586 learning_rate=0.000325499
2026-09-21 01:22:58 UTC completed_step=2592 elapsed_seconds=200.632 learning_rate=0.00032273
2026-09-21 01:22:59 UTC completed_step=2608 elapsed_seconds=201.679 learning_rate=0.000319962
2026-09-21 01:23:00 UTC completed_step=2624 elapsed_seconds=202.724 learning_rate=0.000317195
2026-09-21 01:23:01 UTC completed_step=2640 elapsed_seconds=203.771 learning_rate=0.000314429
2026-09-21 01:23:02 UTC completed_step=2656 elapsed_seconds=204.818 learning_rate=0.000311665
2026-09-21 01:23:04 UTC completed_step=2672 elapsed_seconds=205.865 learning_rate=0.000308902
2026-09-21 01:23:05 UTC completed_step=2688 elapsed_seconds=206.911 learning_rate=0.000306142
2026-09-21 01:23:06 UTC step=2688 elapsed_seconds=208.358 mean_loss=2.73923 errors=4399/10002 exact_sentences=6/1024
2026-09-21 01:23:07 UTC completed_step=2704 elapsed_seconds=209.41 learning_rate=0.000303385
2026-09-21 01:23:08 UTC completed_step=2720 elapsed_seconds=210.458 learning_rate=0.00030063
2026-09-21 01:23:09 UTC completed_step=2736 elapsed_seconds=211.507 learning_rate=0.000297878
2026-09-21 01:23:10 UTC completed_step=2752 elapsed_seconds=212.556 learning_rate=0.00029513
2026-09-21 01:23:11 UTC completed_step=2768 elapsed_seconds=213.603 learning_rate=0.000292385
2026-09-21 01:23:12 UTC completed_step=2784 elapsed_seconds=214.648 learning_rate=0.000289644
2026-09-21 01:23:13 UTC completed_step=2800 elapsed_seconds=215.695 learning_rate=0.000286908
2026-09-21 01:23:14 UTC completed_step=2816 elapsed_seconds=216.741 learning_rate=0.000284176
2026-09-21 01:23:16 UTC step=2816 elapsed_seconds=218.201 mean_loss=2.64829 errors=4281/10002 exact_sentences=6/1024
2026-09-21 01:23:17 UTC completed_step=2832 elapsed_seconds=219.251 learning_rate=0.000281449
2026-09-21 01:23:18 UTC completed_step=2848 elapsed_seconds=220.298 learning_rate=0.000278727
2026-09-21 01:23:19 UTC completed_step=2864 elapsed_seconds=221.346 learning_rate=0.00027601
2026-09-21 01:23:20 UTC completed_step=2880 elapsed_seconds=222.392 learning_rate=0.0002733
2026-09-21 01:23:21 UTC completed_step=2896 elapsed_seconds=223.438 learning_rate=0.000270595
2026-09-21 01:23:22 UTC completed_step=2912 elapsed_seconds=224.487 learning_rate=0.000267896
2026-09-21 01:23:23 UTC completed_step=2928 elapsed_seconds=225.536 learning_rate=0.000265204
2026-09-21 01:23:24 UTC completed_step=2944 elapsed_seconds=226.585 learning_rate=0.000262518
2026-09-21 01:23:26 UTC step=2944 elapsed_seconds=228.035 mean_loss=2.56486 errors=4158/10002 exact_sentences=6/1024
2026-09-21 01:23:27 UTC completed_step=2960 elapsed_seconds=229.086 learning_rate=0.00025984
2026-09-21 01:23:28 UTC completed_step=2976 elapsed_seconds=230.133 learning_rate=0.000257169
2026-09-21 01:23:29 UTC completed_step=2992 elapsed_seconds=231.18 learning_rate=0.000254506
2026-09-21 01:23:30 UTC completed_step=3008 elapsed_seconds=232.226 learning_rate=0.000251851
2026-09-21 01:23:31 UTC completed_step=3024 elapsed_seconds=233.273 learning_rate=0.000249204
2026-09-21 01:23:32 UTC completed_step=3040 elapsed_seconds=234.321 learning_rate=0.000246565
2026-09-21 01:23:33 UTC completed_step=3056 elapsed_seconds=235.37 learning_rate=0.000243936
2026-09-21 01:23:34 UTC completed_step=3072 elapsed_seconds=236.42 learning_rate=0.000241315
2026-09-21 01:23:36 UTC step=3072 elapsed_seconds=237.871 mean_loss=2.48362 errors=4066/10002 exact_sentences=8/1024
2026-09-21 01:23:37 UTC completed_step=3088 elapsed_seconds=238.926 learning_rate=0.000238704
2026-09-21 01:23:38 UTC completed_step=3104 elapsed_seconds=239.973 learning_rate=0.000236102
2026-09-21 01:23:39 UTC completed_step=3120 elapsed_seconds=241.02 learning_rate=0.00023351
2026-09-21 01:23:40 UTC completed_step=3136 elapsed_seconds=242.068 learning_rate=0.000230928
2026-09-21 01:23:41 UTC completed_step=3152 elapsed_seconds=243.114 learning_rate=0.000228357
2026-09-21 01:23:42 UTC completed_step=3168 elapsed_seconds=244.161 learning_rate=0.000225796
2026-09-21 01:23:43 UTC completed_step=3184 elapsed_seconds=245.209 learning_rate=0.000223247
2026-09-21 01:23:44 UTC completed_step=3200 elapsed_seconds=246.257 learning_rate=0.000220708
2026-09-21 01:23:45 UTC step=3200 elapsed_seconds=247.706 mean_loss=2.40699 errors=3839/10002 exact_sentences=11/1024
2026-09-21 01:23:46 UTC completed_step=3216 elapsed_seconds=248.758 learning_rate=0.000218182
2026-09-21 01:23:47 UTC completed_step=3232 elapsed_seconds=249.804 learning_rate=0.000215666
2026-09-21 01:23:49 UTC completed_step=3248 elapsed_seconds=250.849 learning_rate=0.000213163
2026-09-21 01:23:50 UTC completed_step=3264 elapsed_seconds=251.895 learning_rate=0.000210673
2026-09-21 01:23:51 UTC completed_step=3280 elapsed_seconds=252.941 learning_rate=0.000208194
2026-09-21 01:23:52 UTC completed_step=3296 elapsed_seconds=253.985 learning_rate=0.000205729
2026-09-21 01:23:53 UTC completed_step=3312 elapsed_seconds=255.032 learning_rate=0.000203277
2026-09-21 01:23:54 UTC completed_step=3328 elapsed_seconds=256.078 learning_rate=0.000200838
2026-09-21 01:23:55 UTC step=3328 elapsed_seconds=257.529 mean_loss=2.33656 errors=3779/10002 exact_sentences=11/1024
2026-09-21 01:23:56 UTC completed_step=3344 elapsed_seconds=258.585 learning_rate=0.000198412
2026-09-21 01:23:57 UTC completed_step=3360 elapsed_seconds=259.635 learning_rate=0.000196001
2026-09-21 01:23:58 UTC completed_step=3376 elapsed_seconds=260.682 learning_rate=0.000193603
2026-09-21 01:23:59 UTC completed_step=3392 elapsed_seconds=261.728 learning_rate=0.00019122
2026-09-21 01:24:00 UTC completed_step=3408 elapsed_seconds=262.776 learning_rate=0.000188852
2026-09-21 01:24:01 UTC completed_step=3424 elapsed_seconds=263.822 learning_rate=0.000186498
2026-09-21 01:24:03 UTC completed_step=3440 elapsed_seconds=264.871 learning_rate=0.000184159
2026-09-21 01:24:04 UTC completed_step=3456 elapsed_seconds=265.918 learning_rate=0.000181836
2026-09-21 01:24:05 UTC step=3456 elapsed_seconds=267.376 mean_loss=2.2761 errors=3665/10002 exact_sentences=17/1024
2026-09-21 01:24:06 UTC completed_step=3472 elapsed_seconds=268.427 learning_rate=0.000179529
2026-09-21 01:24:07 UTC completed_step=3488 elapsed_seconds=269.473 learning_rate=0.000177237
2026-09-21 01:24:08 UTC completed_step=3504 elapsed_seconds=270.521 learning_rate=0.000174961
2026-09-21 01:24:09 UTC completed_step=3520 elapsed_seconds=271.569 learning_rate=0.000172702
2026-09-21 01:24:10 UTC completed_step=3536 elapsed_seconds=272.617 learning_rate=0.000170459
2026-09-21 01:24:11 UTC completed_step=3552 elapsed_seconds=273.665 learning_rate=0.000168233
2026-09-21 01:24:12 UTC completed_step=3568 elapsed_seconds=274.715 learning_rate=0.000166024
2026-09-21 01:24:13 UTC completed_step=3584 elapsed_seconds=275.765 learning_rate=0.000163832
2026-09-21 01:24:15 UTC step=3584 elapsed_seconds=277.215 mean_loss=2.22032 errors=3470/10002 exact_sentences=21/1024
2026-09-21 01:24:16 UTC completed_step=3600 elapsed_seconds=278.272 learning_rate=0.000161658
2026-09-21 01:24:17 UTC completed_step=3616 elapsed_seconds=279.319 learning_rate=0.000159501
2026-09-21 01:24:18 UTC completed_step=3632 elapsed_seconds=280.365 learning_rate=0.000157363
2026-09-21 01:24:19 UTC completed_step=3648 elapsed_seconds=281.411 learning_rate=0.000155242
2026-09-21 01:24:20 UTC completed_step=3664 elapsed_seconds=282.456 learning_rate=0.00015314
2026-09-21 01:24:21 UTC completed_step=3680 elapsed_seconds=283.503 learning_rate=0.000151057
2026-09-21 01:24:22 UTC completed_step=3696 elapsed_seconds=284.549 learning_rate=0.000148992
2026-09-21 01:24:23 UTC completed_step=3712 elapsed_seconds=285.596 learning_rate=0.000146946
2026-09-21 01:24:25 UTC step=3712 elapsed_seconds=287.046 mean_loss=2.17055 errors=3361/10002 exact_sentences=23/1024
2026-09-21 01:24:26 UTC completed_step=3728 elapsed_seconds=288.096 learning_rate=0.00014492
2026-09-21 01:24:27 UTC completed_step=3744 elapsed_seconds=289.142 learning_rate=0.000142913
2026-09-21 01:24:28 UTC completed_step=3760 elapsed_seconds=290.192 learning_rate=0.000140926
2026-09-21 01:24:29 UTC completed_step=3776 elapsed_seconds=291.238 learning_rate=0.000138959
2026-09-21 01:24:30 UTC completed_step=3792 elapsed_seconds=292.286 learning_rate=0.000137012
2026-09-21 01:24:31 UTC completed_step=3808 elapsed_seconds=293.333 learning_rate=0.000135085
2026-09-21 01:24:32 UTC completed_step=3824 elapsed_seconds=294.38 learning_rate=0.000133178
2026-09-21 01:24:33 UTC completed_step=3840 elapsed_seconds=295.426 learning_rate=0.000131293
2026-09-21 01:24:35 UTC step=3840 elapsed_seconds=296.874 mean_loss=2.12247 errors=3313/10002 exact_sentences=20/1024
2026-09-21 01:24:36 UTC completed_step=3856 elapsed_seconds=297.925 learning_rate=0.000129428
2026-09-21 01:24:37 UTC completed_step=3872 elapsed_seconds=298.972 learning_rate=0.000127585
2026-09-21 01:24:38 UTC completed_step=3888 elapsed_seconds=300.019 learning_rate=0.000125762
2026-09-21 01:24:39 UTC completed_step=3904 elapsed_seconds=301.065 learning_rate=0.000123961
2026-09-21 01:24:40 UTC completed_step=3920 elapsed_seconds=302.115 learning_rate=0.000122182
2026-09-21 01:24:41 UTC completed_step=3936 elapsed_seconds=303.164 learning_rate=0.000120425
2026-09-21 01:24:42 UTC completed_step=3952 elapsed_seconds=304.213 learning_rate=0.00011869
2026-09-21 01:24:43 UTC completed_step=3968 elapsed_seconds=305.263 learning_rate=0.000116977
2026-09-21 01:24:44 UTC step=3968 elapsed_seconds=306.743 mean_loss=2.08263 errors=3279/10002 exact_sentences=24/1024
2026-09-21 01:24:45 UTC completed_step=3984 elapsed_seconds=307.795 learning_rate=0.000115286
2026-09-21 01:24:46 UTC completed_step=4000 elapsed_seconds=308.841 learning_rate=0.000113618
2026-09-21 01:24:48 UTC completed_step=4016 elapsed_seconds=309.888 learning_rate=0.000111973
2026-09-21 01:24:49 UTC completed_step=4032 elapsed_seconds=310.934 learning_rate=0.000110351
2026-09-21 01:24:50 UTC completed_step=4048 elapsed_seconds=311.983 learning_rate=0.000108752
2026-09-21 01:24:51 UTC completed_step=4064 elapsed_seconds=313.03 learning_rate=0.000107176
2026-09-21 01:24:52 UTC completed_step=4080 elapsed_seconds=314.077 learning_rate=0.000105623
2026-09-21 01:24:53 UTC completed_step=4096 elapsed_seconds=315.124 learning_rate=0.000104095
2026-09-21 01:24:54 UTC step=4096 elapsed_seconds=316.582 mean_loss=2.04525 errors=3178/10002 exact_sentences=27/1024
2026-09-21 01:24:55 UTC completed_step=4112 elapsed_seconds=317.635 learning_rate=0.00010259
2026-09-21 01:24:56 UTC completed_step=4128 elapsed_seconds=318.68 learning_rate=0.000101109
2026-09-21 01:24:57 UTC completed_step=4144 elapsed_seconds=319.725 learning_rate=9.96516e-05
2026-09-21 01:24:58 UTC completed_step=4160 elapsed_seconds=320.771 learning_rate=9.82188e-05
2026-09-21 01:24:59 UTC completed_step=4176 elapsed_seconds=321.818 learning_rate=9.68105e-05
2026-09-21 01:25:01 UTC completed_step=4192 elapsed_seconds=322.864 learning_rate=9.54266e-05
2026-09-21 01:25:02 UTC completed_step=4208 elapsed_seconds=323.91 learning_rate=9.40675e-05
2026-09-21 01:25:03 UTC completed_step=4224 elapsed_seconds=324.957 learning_rate=9.27331e-05
2026-09-21 01:25:04 UTC step=4224 elapsed_seconds=326.425 mean_loss=2.01537 errors=3099/10002 exact_sentences=30/1024
2026-09-21 01:25:05 UTC completed_step=4240 elapsed_seconds=327.477 learning_rate=9.14238e-05
2026-09-21 01:25:06 UTC completed_step=4256 elapsed_seconds=328.523 learning_rate=9.01395e-05
2026-09-21 01:25:07 UTC completed_step=4272 elapsed_seconds=329.569 learning_rate=8.88805e-05
2026-09-21 01:25:08 UTC completed_step=4288 elapsed_seconds=330.614 learning_rate=8.76469e-05
2026-09-21 01:25:09 UTC completed_step=4304 elapsed_seconds=331.662 learning_rate=8.64388e-05
2026-09-21 01:25:10 UTC completed_step=4320 elapsed_seconds=332.71 learning_rate=8.52563e-05
2026-09-21 01:25:11 UTC completed_step=4336 elapsed_seconds=333.758 learning_rate=8.40995e-05
2026-09-21 01:25:12 UTC completed_step=4352 elapsed_seconds=334.804 learning_rate=8.29687e-05
2026-09-21 01:25:14 UTC step=4352 elapsed_seconds=336.281 mean_loss=1.98267 errors=3043/10002 exact_sentences=30/1024
2026-09-21 01:25:15 UTC completed_step=4368 elapsed_seconds=337.336 learning_rate=8.18638e-05
2026-09-21 01:25:16 UTC completed_step=4384 elapsed_seconds=338.384 learning_rate=8.0785e-05
2026-09-21 01:25:17 UTC completed_step=4400 elapsed_seconds=339.435 learning_rate=7.97325e-05
2026-09-21 01:25:18 UTC completed_step=4416 elapsed_seconds=340.483 learning_rate=7.87063e-05
2026-09-21 01:25:19 UTC completed_step=4432 elapsed_seconds=341.532 learning_rate=7.77065e-05
2026-09-21 01:25:20 UTC completed_step=4448 elapsed_seconds=342.582 learning_rate=7.67333e-05
2026-09-21 01:25:21 UTC completed_step=4464 elapsed_seconds=343.631 learning_rate=7.57867e-05
2026-09-21 01:25:22 UTC completed_step=4480 elapsed_seconds=344.68 learning_rate=7.48669e-05
2026-09-21 01:25:24 UTC step=4480 elapsed_seconds=346.138 mean_loss=1.95681 errors=3010/10002 exact_sentences=32/1024
2026-09-21 01:25:25 UTC completed_step=4496 elapsed_seconds=347.19 learning_rate=7.3974e-05
2026-09-21 01:25:26 UTC completed_step=4512 elapsed_seconds=348.237 learning_rate=7.3108e-05
2026-09-21 01:25:27 UTC completed_step=4528 elapsed_seconds=349.283 learning_rate=7.2269e-05
2026-09-21 01:25:28 UTC completed_step=4544 elapsed_seconds=350.332 learning_rate=7.14571e-05
2026-09-21 01:25:29 UTC completed_step=4560 elapsed_seconds=351.379 learning_rate=7.06725e-05
2026-09-21 01:25:30 UTC completed_step=4576 elapsed_seconds=352.425 learning_rate=6.99151e-05
2026-09-21 01:25:31 UTC completed_step=4592 elapsed_seconds=353.471 learning_rate=6.91851e-05
2026-09-21 01:25:32 UTC completed_step=4608 elapsed_seconds=354.516 learning_rate=6.84825e-05
2026-09-21 01:25:34 UTC step=4608 elapsed_seconds=355.985 mean_loss=1.93229 errors=2977/10002 exact_sentences=34/1024
2026-09-21 01:25:35 UTC completed_step=4624 elapsed_seconds=357.041 learning_rate=6.78075e-05
2026-09-21 01:25:36 UTC completed_step=4640 elapsed_seconds=358.09 learning_rate=6.71601e-05
2026-09-21 01:25:37 UTC completed_step=4656 elapsed_seconds=359.14 learning_rate=6.65403e-05
2026-09-21 01:25:38 UTC completed_step=4672 elapsed_seconds=360.188 learning_rate=6.59482e-05
2026-09-21 01:25:39 UTC completed_step=4688 elapsed_seconds=361.233 learning_rate=6.5384e-05
2026-09-21 01:25:40 UTC completed_step=4704 elapsed_seconds=362.279 learning_rate=6.48475e-05
2026-09-21 01:25:41 UTC completed_step=4720 elapsed_seconds=363.324 learning_rate=6.4339e-05
2026-09-21 01:25:42 UTC completed_step=4736 elapsed_seconds=364.371 learning_rate=6.38584e-05
2026-09-21 01:25:43 UTC step=4736 elapsed_seconds=365.817 mean_loss=1.90946 errors=2926/10002 exact_sentences=38/1024
2026-09-21 01:25:45 UTC completed_step=4752 elapsed_seconds=366.871 learning_rate=6.34059e-05
2026-09-21 01:25:46 UTC completed_step=4768 elapsed_seconds=367.919 learning_rate=6.29814e-05
2026-09-21 01:25:47 UTC completed_step=4784 elapsed_seconds=368.968 learning_rate=6.2585e-05
2026-09-21 01:25:48 UTC completed_step=4800 elapsed_seconds=370.014 learning_rate=6.22167e-05
2026-09-21 01:25:49 UTC completed_step=4816 elapsed_seconds=371.062 learning_rate=6.18766e-05
2026-09-21 01:25:50 UTC completed_step=4832 elapsed_seconds=372.107 learning_rate=6.15647e-05
2026-09-21 01:25:51 UTC completed_step=4848 elapsed_seconds=373.153 learning_rate=6.12811e-05
2026-09-21 01:25:52 UTC completed_step=4864 elapsed_seconds=374.199 learning_rate=6.10258e-05
2026-09-21 01:25:53 UTC step=4864 elapsed_seconds=375.643 mean_loss=1.88909 errors=2891/10002 exact_sentences=38/1024
2026-09-21 01:25:54 UTC completed_step=4880 elapsed_seconds=376.694 learning_rate=6.07987e-05
2026-09-21 01:25:55 UTC completed_step=4896 elapsed_seconds=377.743 learning_rate=6.06e-05
2026-09-21 01:25:56 UTC completed_step=4912 elapsed_seconds=378.79 learning_rate=6.04296e-05
2026-09-21 01:25:57 UTC completed_step=4928 elapsed_seconds=379.837 learning_rate=6.02876e-05
2026-09-21 01:25:59 UTC completed_step=4944 elapsed_seconds=380.886 learning_rate=6.0174e-05
2026-09-21 01:26:00 UTC completed_step=4960 elapsed_seconds=381.935 learning_rate=6.00888e-05
2026-09-21 01:26:01 UTC completed_step=4976 elapsed_seconds=382.985 learning_rate=6.0032e-05
2026-09-21 01:26:02 UTC completed_step=4992 elapsed_seconds=384.033 learning_rate=6.00036e-05
2026-09-21 01:26:03 UTC step=4992 elapsed_seconds=385.493 mean_loss=1.86948 errors=2841/10002 exact_sentences=45/1024
2026-09-21 01:26:05 UTC step=5000 elapsed_seconds=387.472 mean_loss=1.8683 errors=2854/10002 exact_sentences=43/1024
2026-09-21 01:26:07 UTC step=5000 elapsed_seconds=388.975 mean_loss=1.8683 errors=2854/10002 exact_sentences=43/1024
BUDGET_EXHAUSTED checkpoint=/home/ubuntu/checkpoints/memorize_general_facts/width_depth_coarse_0/width_32/layers_3/step_5000
