layers=1 width=32 heads=1 feed_forward_width=128 parameters=1654240 samples=1024 scored_targets=10002
2026-09-21 02:30:47 UTC step=0 elapsed_seconds=1.30236 mean_loss=10.8211 errors=10002/10002 exact_sentences=0/1024
2026-09-21 02:30:48 UTC completed_step=16 elapsed_seconds=2.24228 learning_rate=9.6e-05
2026-09-21 02:30:49 UTC completed_step=32 elapsed_seconds=2.96203 learning_rate=0.000192
2026-09-21 02:30:50 UTC completed_step=48 elapsed_seconds=3.68116 learning_rate=0.000288
2026-09-21 02:30:51 UTC completed_step=64 elapsed_seconds=4.40038 learning_rate=0.000384
2026-09-21 02:30:51 UTC completed_step=80 elapsed_seconds=5.12048 learning_rate=0.00048
2026-09-21 02:30:52 UTC completed_step=96 elapsed_seconds=5.83997 learning_rate=0.000576
2026-09-21 02:30:53 UTC completed_step=112 elapsed_seconds=6.55967 learning_rate=0.0006
2026-09-21 02:30:53 UTC completed_step=128 elapsed_seconds=7.27903 learning_rate=0.000599997
2026-09-21 02:30:55 UTC step=128 elapsed_seconds=8.58202 mean_loss=8.27923 errors=8978/10002 exact_sentences=0/1024
2026-09-21 02:30:55 UTC completed_step=144 elapsed_seconds=9.30702 learning_rate=0.000599994
2026-09-21 02:30:56 UTC completed_step=160 elapsed_seconds=10.0266 learning_rate=0.000599988
2026-09-21 02:30:57 UTC completed_step=176 elapsed_seconds=10.7459 learning_rate=0.000599981
2026-09-21 02:30:58 UTC completed_step=192 elapsed_seconds=11.4663 learning_rate=0.000599972
2026-09-21 02:30:58 UTC completed_step=208 elapsed_seconds=12.1873 learning_rate=0.000599961
2026-09-21 02:30:59 UTC completed_step=224 elapsed_seconds=12.908 learning_rate=0.000599948
2026-09-21 02:31:00 UTC completed_step=240 elapsed_seconds=13.6301 learning_rate=0.000599934
2026-09-21 02:31:00 UTC completed_step=256 elapsed_seconds=14.3512 learning_rate=0.000599918
2026-09-21 02:31:02 UTC step=256 elapsed_seconds=15.6571 mean_loss=6.23511 errors=8233/10002 exact_sentences=0/1024
2026-09-21 02:31:02 UTC completed_step=272 elapsed_seconds=16.382 learning_rate=0.0005999
2026-09-21 02:31:03 UTC completed_step=288 elapsed_seconds=17.1029 learning_rate=0.000599881
2026-09-21 02:31:04 UTC completed_step=304 elapsed_seconds=17.824 learning_rate=0.00059986
2026-09-21 02:31:05 UTC completed_step=320 elapsed_seconds=18.5456 learning_rate=0.000599837
2026-09-21 02:31:05 UTC completed_step=336 elapsed_seconds=19.2668 learning_rate=0.000599813
2026-09-21 02:31:06 UTC completed_step=352 elapsed_seconds=19.9879 learning_rate=0.000599786
2026-09-21 02:31:07 UTC completed_step=368 elapsed_seconds=20.7106 learning_rate=0.000599758
2026-09-21 02:31:08 UTC completed_step=384 elapsed_seconds=21.4334 learning_rate=0.000599729
2026-09-21 02:31:09 UTC step=384 elapsed_seconds=22.7315 mean_loss=5.88808 errors=7957/10002 exact_sentences=1/1024
2026-09-21 02:31:10 UTC completed_step=400 elapsed_seconds=23.4583 learning_rate=0.000599697
2026-09-21 02:31:10 UTC completed_step=416 elapsed_seconds=24.1805 learning_rate=0.000599664
2026-09-21 02:31:11 UTC completed_step=432 elapsed_seconds=24.9033 learning_rate=0.000599629
2026-09-21 02:31:12 UTC completed_step=448 elapsed_seconds=25.626 learning_rate=0.000599593
2026-09-21 02:31:12 UTC completed_step=464 elapsed_seconds=26.3477 learning_rate=0.000599554
2026-09-21 02:31:13 UTC completed_step=480 elapsed_seconds=27.0699 learning_rate=0.000599514
2026-09-21 02:31:14 UTC completed_step=496 elapsed_seconds=27.7938 learning_rate=0.000599473
2026-09-21 02:31:15 UTC completed_step=512 elapsed_seconds=28.517 learning_rate=0.000599429
2026-09-21 02:31:16 UTC step=512 elapsed_seconds=29.8268 mean_loss=5.5521 errors=7587/10002 exact_sentences=1/1024
2026-09-21 02:31:17 UTC completed_step=528 elapsed_seconds=30.5537 learning_rate=0.000599384
2026-09-21 02:31:17 UTC completed_step=544 elapsed_seconds=31.2737 learning_rate=0.000599337
2026-09-21 02:31:18 UTC completed_step=560 elapsed_seconds=31.9924 learning_rate=0.000599288
2026-09-21 02:31:19 UTC completed_step=576 elapsed_seconds=32.7115 learning_rate=0.000599238
2026-09-21 02:31:20 UTC completed_step=592 elapsed_seconds=33.4298 learning_rate=0.000599186
2026-09-21 02:31:20 UTC completed_step=608 elapsed_seconds=34.1492 learning_rate=0.000599132
2026-09-21 02:31:21 UTC completed_step=624 elapsed_seconds=34.8681 learning_rate=0.000599077
2026-09-21 02:31:22 UTC completed_step=640 elapsed_seconds=35.5879 learning_rate=0.000599019
2026-09-21 02:31:23 UTC step=640 elapsed_seconds=36.8838 mean_loss=5.3201 errors=7462/10002 exact_sentences=1/1024
2026-09-21 02:31:24 UTC completed_step=656 elapsed_seconds=37.6084 learning_rate=0.000598961
2026-09-21 02:31:24 UTC completed_step=672 elapsed_seconds=38.3284 learning_rate=0.0005989
2026-09-21 02:31:25 UTC completed_step=688 elapsed_seconds=39.0476 learning_rate=0.000598838
2026-09-21 02:31:26 UTC completed_step=704 elapsed_seconds=39.771 learning_rate=0.000598773
2026-09-21 02:31:27 UTC completed_step=720 elapsed_seconds=40.4947 learning_rate=0.000598708
2026-09-21 02:31:27 UTC completed_step=736 elapsed_seconds=41.2177 learning_rate=0.00059864
2026-09-21 02:31:28 UTC completed_step=752 elapsed_seconds=41.9407 learning_rate=0.000598571
2026-09-21 02:31:29 UTC completed_step=768 elapsed_seconds=42.6645 learning_rate=0.0005985
2026-09-21 02:31:30 UTC step=768 elapsed_seconds=43.9835 mean_loss=5.09892 errors=7420/10002 exact_sentences=1/1024
2026-09-21 02:31:31 UTC completed_step=784 elapsed_seconds=44.7112 learning_rate=0.000598427
2026-09-21 02:31:32 UTC completed_step=800 elapsed_seconds=45.4338 learning_rate=0.000598353
2026-09-21 02:31:32 UTC completed_step=816 elapsed_seconds=46.1557 learning_rate=0.000598277
2026-09-21 02:31:33 UTC completed_step=832 elapsed_seconds=46.8784 learning_rate=0.000598199
2026-09-21 02:31:34 UTC completed_step=848 elapsed_seconds=47.601 learning_rate=0.00059812
2026-09-21 02:31:34 UTC completed_step=864 elapsed_seconds=48.3239 learning_rate=0.000598038
2026-09-21 02:31:35 UTC completed_step=880 elapsed_seconds=49.0465 learning_rate=0.000597956
2026-09-21 02:31:36 UTC completed_step=896 elapsed_seconds=49.7684 learning_rate=0.000597871
2026-09-21 02:31:37 UTC step=896 elapsed_seconds=51.0635 mean_loss=4.88054 errors=7225/10002 exact_sentences=1/1024
2026-09-21 02:31:38 UTC completed_step=912 elapsed_seconds=51.7911 learning_rate=0.000597785
2026-09-21 02:31:39 UTC completed_step=928 elapsed_seconds=52.5124 learning_rate=0.000597697
2026-09-21 02:31:39 UTC completed_step=944 elapsed_seconds=53.2349 learning_rate=0.000597607
2026-09-21 02:31:40 UTC completed_step=960 elapsed_seconds=53.9567 learning_rate=0.000597515
2026-09-21 02:31:41 UTC completed_step=976 elapsed_seconds=54.6788 learning_rate=0.000597422
2026-09-21 02:31:42 UTC completed_step=992 elapsed_seconds=55.4011 learning_rate=0.000597327
2026-09-21 02:31:42 UTC completed_step=1008 elapsed_seconds=56.1229 learning_rate=0.000597231
2026-09-21 02:31:43 UTC completed_step=1024 elapsed_seconds=56.8457 learning_rate=0.000597133
2026-09-21 02:31:44 UTC step=1024 elapsed_seconds=58.1474 mean_loss=4.66636 errors=6982/10002 exact_sentences=1/1024
2026-09-21 02:31:45 UTC completed_step=1040 elapsed_seconds=58.8761 learning_rate=0.000597033
2026-09-21 02:31:46 UTC completed_step=1056 elapsed_seconds=59.5975 learning_rate=0.000596931
2026-09-21 02:31:46 UTC completed_step=1072 elapsed_seconds=60.3187 learning_rate=0.000596827
2026-09-21 02:31:47 UTC completed_step=1088 elapsed_seconds=61.0407 learning_rate=0.000596722
2026-09-21 02:31:48 UTC completed_step=1104 elapsed_seconds=61.7609 learning_rate=0.000596616
2026-09-21 02:31:49 UTC completed_step=1120 elapsed_seconds=62.4819 learning_rate=0.000596507
2026-09-21 02:31:49 UTC completed_step=1136 elapsed_seconds=63.2027 learning_rate=0.000596397
2026-09-21 02:31:50 UTC completed_step=1152 elapsed_seconds=63.9238 learning_rate=0.000596285
2026-09-21 02:31:51 UTC step=1152 elapsed_seconds=65.248 mean_loss=4.45623 errors=6723/10002 exact_sentences=1/1024
2026-09-21 02:31:52 UTC completed_step=1168 elapsed_seconds=65.9747 learning_rate=0.000596171
2026-09-21 02:31:53 UTC completed_step=1184 elapsed_seconds=66.6965 learning_rate=0.000596056
2026-09-21 02:31:54 UTC completed_step=1200 elapsed_seconds=67.4184 learning_rate=0.000595939
2026-09-21 02:31:54 UTC completed_step=1216 elapsed_seconds=68.1405 learning_rate=0.00059582
2026-09-21 02:31:55 UTC completed_step=1232 elapsed_seconds=68.8632 learning_rate=0.0005957
2026-09-21 02:31:56 UTC completed_step=1248 elapsed_seconds=69.5854 learning_rate=0.000595578
2026-09-21 02:31:56 UTC completed_step=1264 elapsed_seconds=70.3081 learning_rate=0.000595454
2026-09-21 02:31:57 UTC completed_step=1280 elapsed_seconds=71.0311 learning_rate=0.000595329
2026-09-21 02:31:58 UTC step=1280 elapsed_seconds=72.3375 mean_loss=4.25949 errors=6609/10002 exact_sentences=1/1024
2026-09-21 02:31:59 UTC completed_step=1296 elapsed_seconds=73.0644 learning_rate=0.000595202
2026-09-21 02:32:00 UTC completed_step=1312 elapsed_seconds=73.7881 learning_rate=0.000595073
2026-09-21 02:32:01 UTC completed_step=1328 elapsed_seconds=74.5104 learning_rate=0.000594942
2026-09-21 02:32:01 UTC completed_step=1344 elapsed_seconds=75.2322 learning_rate=0.00059481
2026-09-21 02:32:02 UTC completed_step=1360 elapsed_seconds=75.9545 learning_rate=0.000594676
2026-09-21 02:32:03 UTC completed_step=1376 elapsed_seconds=76.6775 learning_rate=0.00059454
2026-09-21 02:32:03 UTC completed_step=1392 elapsed_seconds=77.3982 learning_rate=0.000594403
2026-09-21 02:32:04 UTC completed_step=1408 elapsed_seconds=78.1196 learning_rate=0.000594264
2026-09-21 02:32:06 UTC step=1408 elapsed_seconds=79.4217 mean_loss=4.07989 errors=6296/10002 exact_sentences=1/1024
2026-09-21 02:32:06 UTC completed_step=1424 elapsed_seconds=80.1462 learning_rate=0.000594123
2026-09-21 02:32:07 UTC completed_step=1440 elapsed_seconds=80.868 learning_rate=0.000593981
2026-09-21 02:32:08 UTC completed_step=1456 elapsed_seconds=81.5885 learning_rate=0.000593837
2026-09-21 02:32:08 UTC completed_step=1472 elapsed_seconds=82.3088 learning_rate=0.000593691
2026-09-21 02:32:09 UTC completed_step=1488 elapsed_seconds=83.0292 learning_rate=0.000593544
2026-09-21 02:32:10 UTC completed_step=1504 elapsed_seconds=83.7492 learning_rate=0.000593395
2026-09-21 02:32:11 UTC completed_step=1520 elapsed_seconds=84.47 learning_rate=0.000593244
2026-09-21 02:32:11 UTC completed_step=1536 elapsed_seconds=85.1909 learning_rate=0.000593092
2026-09-21 02:32:13 UTC step=1536 elapsed_seconds=86.5039 mean_loss=3.89409 errors=6094/10002 exact_sentences=1/1024
2026-09-21 02:32:13 UTC completed_step=1552 elapsed_seconds=87.2307 learning_rate=0.000592938
2026-09-21 02:32:14 UTC completed_step=1568 elapsed_seconds=87.9506 learning_rate=0.000592782
2026-09-21 02:32:15 UTC completed_step=1584 elapsed_seconds=88.6701 learning_rate=0.000592624
2026-09-21 02:32:15 UTC completed_step=1600 elapsed_seconds=89.389 learning_rate=0.000592465
2026-09-21 02:32:16 UTC completed_step=1616 elapsed_seconds=90.1094 learning_rate=0.000592304
2026-09-21 02:32:17 UTC completed_step=1632 elapsed_seconds=90.8282 learning_rate=0.000592142
2026-09-21 02:32:18 UTC completed_step=1648 elapsed_seconds=91.5476 learning_rate=0.000591978
2026-09-21 02:32:18 UTC completed_step=1664 elapsed_seconds=92.2668 learning_rate=0.000591812
2026-09-21 02:32:20 UTC step=1664 elapsed_seconds=93.5785 mean_loss=3.71067 errors=6005/10002 exact_sentences=1/1024
2026-09-21 02:32:20 UTC completed_step=1680 elapsed_seconds=94.3027 learning_rate=0.000591644
2026-09-21 02:32:21 UTC completed_step=1696 elapsed_seconds=95.0218 learning_rate=0.000591475
2026-09-21 02:32:22 UTC completed_step=1712 elapsed_seconds=95.741 learning_rate=0.000591304
2026-09-21 02:32:23 UTC completed_step=1728 elapsed_seconds=96.4617 learning_rate=0.000591132
2026-09-21 02:32:23 UTC completed_step=1744 elapsed_seconds=97.183 learning_rate=0.000590957
2026-09-21 02:32:24 UTC completed_step=1760 elapsed_seconds=97.904 learning_rate=0.000590782
2026-09-21 02:32:25 UTC completed_step=1776 elapsed_seconds=98.6248 learning_rate=0.000590604
2026-09-21 02:32:25 UTC completed_step=1792 elapsed_seconds=99.3467 learning_rate=0.000590425
2026-09-21 02:32:27 UTC step=1792 elapsed_seconds=100.665 mean_loss=3.52616 errors=5740/10002 exact_sentences=1/1024
2026-09-21 02:32:27 UTC completed_step=1808 elapsed_seconds=101.391 learning_rate=0.000590244
2026-09-21 02:32:28 UTC completed_step=1824 elapsed_seconds=102.113 learning_rate=0.000590062
2026-09-21 02:32:29 UTC completed_step=1840 elapsed_seconds=102.833 learning_rate=0.000589877
2026-09-21 02:32:30 UTC completed_step=1856 elapsed_seconds=103.555 learning_rate=0.000589692
2026-09-21 02:32:30 UTC completed_step=1872 elapsed_seconds=104.276 learning_rate=0.000589504
2026-09-21 02:32:31 UTC completed_step=1888 elapsed_seconds=104.997 learning_rate=0.000589315
2026-09-21 02:32:32 UTC completed_step=1904 elapsed_seconds=105.72 learning_rate=0.000589124
2026-09-21 02:32:33 UTC completed_step=1920 elapsed_seconds=106.443 learning_rate=0.000588932
2026-09-21 02:32:34 UTC step=1920 elapsed_seconds=107.756 mean_loss=3.3537 errors=5526/10002 exact_sentences=1/1024
2026-09-21 02:32:35 UTC completed_step=1936 elapsed_seconds=108.484 learning_rate=0.000588738
2026-09-21 02:32:35 UTC completed_step=1952 elapsed_seconds=109.208 learning_rate=0.000588542
2026-09-21 02:32:36 UTC completed_step=1968 elapsed_seconds=109.93 learning_rate=0.000588344
2026-09-21 02:32:37 UTC completed_step=1984 elapsed_seconds=110.652 learning_rate=0.000588145
2026-09-21 02:32:37 UTC completed_step=2000 elapsed_seconds=111.377 learning_rate=0.000587945
2026-09-21 02:32:38 UTC completed_step=2016 elapsed_seconds=112.099 learning_rate=0.000587742
2026-09-21 02:32:39 UTC completed_step=2032 elapsed_seconds=112.822 learning_rate=0.000587538
2026-09-21 02:32:40 UTC completed_step=2048 elapsed_seconds=113.545 learning_rate=0.000587333
2026-09-21 02:32:41 UTC step=2048 elapsed_seconds=114.85 mean_loss=3.19088 errors=5237/10002 exact_sentences=2/1024
2026-09-21 02:32:42 UTC completed_step=2064 elapsed_seconds=115.58 learning_rate=0.000587126
2026-09-21 02:32:42 UTC completed_step=2080 elapsed_seconds=116.3 learning_rate=0.000586917
2026-09-21 02:32:43 UTC completed_step=2096 elapsed_seconds=117.02 learning_rate=0.000586706
2026-09-21 02:32:44 UTC completed_step=2112 elapsed_seconds=117.74 learning_rate=0.000586494
2026-09-21 02:32:45 UTC completed_step=2128 elapsed_seconds=118.459 learning_rate=0.00058628
2026-09-21 02:32:45 UTC completed_step=2144 elapsed_seconds=119.179 learning_rate=0.000586065
2026-09-21 02:32:46 UTC completed_step=2160 elapsed_seconds=119.899 learning_rate=0.000585848
2026-09-21 02:32:47 UTC completed_step=2176 elapsed_seconds=120.619 learning_rate=0.000585629
2026-09-21 02:32:48 UTC step=2176 elapsed_seconds=121.925 mean_loss=3.01824 errors=5011/10002 exact_sentences=1/1024
2026-09-21 02:32:49 UTC completed_step=2192 elapsed_seconds=122.65 learning_rate=0.000585409
2026-09-21 02:32:49 UTC completed_step=2208 elapsed_seconds=123.369 learning_rate=0.000585187
2026-09-21 02:32:50 UTC completed_step=2224 elapsed_seconds=124.09 learning_rate=0.000584963
2026-09-21 02:32:51 UTC completed_step=2240 elapsed_seconds=124.811 learning_rate=0.000584738
2026-09-21 02:32:52 UTC completed_step=2256 elapsed_seconds=125.534 learning_rate=0.000584511
2026-09-21 02:32:52 UTC completed_step=2272 elapsed_seconds=126.255 learning_rate=0.000584282
2026-09-21 02:32:53 UTC completed_step=2288 elapsed_seconds=126.976 learning_rate=0.000584052
2026-09-21 02:32:54 UTC completed_step=2304 elapsed_seconds=127.697 learning_rate=0.000583821
2026-09-21 02:32:55 UTC step=2304 elapsed_seconds=129.009 mean_loss=2.8615 errors=4765/10002 exact_sentences=2/1024
2026-09-21 02:32:56 UTC completed_step=2320 elapsed_seconds=129.736 learning_rate=0.000583587
2026-09-21 02:32:57 UTC completed_step=2336 elapsed_seconds=130.457 learning_rate=0.000583352
2026-09-21 02:32:57 UTC completed_step=2352 elapsed_seconds=131.178 learning_rate=0.000583116
2026-09-21 02:32:58 UTC completed_step=2368 elapsed_seconds=131.899 learning_rate=0.000582877
2026-09-21 02:32:59 UTC completed_step=2384 elapsed_seconds=132.62 learning_rate=0.000582638
2026-09-21 02:32:59 UTC completed_step=2400 elapsed_seconds=133.341 learning_rate=0.000582396
2026-09-21 02:33:00 UTC completed_step=2416 elapsed_seconds=134.063 learning_rate=0.000582153
2026-09-21 02:33:01 UTC completed_step=2432 elapsed_seconds=134.783 learning_rate=0.000581909
2026-09-21 02:33:02 UTC step=2432 elapsed_seconds=136.116 mean_loss=2.69838 errors=4501/10002 exact_sentences=4/1024
2026-09-21 02:33:03 UTC completed_step=2448 elapsed_seconds=136.842 learning_rate=0.000581662
2026-09-21 02:33:04 UTC completed_step=2464 elapsed_seconds=137.562 learning_rate=0.000581414
2026-09-21 02:33:04 UTC completed_step=2480 elapsed_seconds=138.283 learning_rate=0.000581165
2026-09-21 02:33:05 UTC completed_step=2496 elapsed_seconds=139.005 learning_rate=0.000580914
2026-09-21 02:33:06 UTC completed_step=2512 elapsed_seconds=139.725 learning_rate=0.000580661
2026-09-21 02:33:07 UTC completed_step=2528 elapsed_seconds=140.446 learning_rate=0.000580407
2026-09-21 02:33:07 UTC completed_step=2544 elapsed_seconds=141.166 learning_rate=0.000580151
2026-09-21 02:33:08 UTC completed_step=2560 elapsed_seconds=141.886 learning_rate=0.000579894
2026-09-21 02:33:09 UTC step=2560 elapsed_seconds=143.188 mean_loss=2.55578 errors=4208/10002 exact_sentences=7/1024
2026-09-21 02:33:10 UTC completed_step=2576 elapsed_seconds=143.916 learning_rate=0.000579635
2026-09-21 02:33:11 UTC completed_step=2592 elapsed_seconds=144.637 learning_rate=0.000579374
2026-09-21 02:33:11 UTC completed_step=2608 elapsed_seconds=145.356 learning_rate=0.000579112
2026-09-21 02:33:12 UTC completed_step=2624 elapsed_seconds=146.075 learning_rate=0.000578848
2026-09-21 02:33:13 UTC completed_step=2640 elapsed_seconds=146.795 learning_rate=0.000578583
2026-09-21 02:33:14 UTC completed_step=2656 elapsed_seconds=147.515 learning_rate=0.000578316
2026-09-21 02:33:14 UTC completed_step=2672 elapsed_seconds=148.234 learning_rate=0.000578047
2026-09-21 02:33:15 UTC completed_step=2688 elapsed_seconds=148.954 learning_rate=0.000577777
2026-09-21 02:33:16 UTC step=2688 elapsed_seconds=150.282 mean_loss=2.41576 errors=4215/10002 exact_sentences=6/1024
2026-09-21 02:33:17 UTC completed_step=2704 elapsed_seconds=151.006 learning_rate=0.000577505
2026-09-21 02:33:18 UTC completed_step=2720 elapsed_seconds=151.725 learning_rate=0.000577232
2026-09-21 02:33:19 UTC completed_step=2736 elapsed_seconds=152.444 learning_rate=0.000576957
2026-09-21 02:33:19 UTC completed_step=2752 elapsed_seconds=153.164 learning_rate=0.00057668
2026-09-21 02:33:20 UTC completed_step=2768 elapsed_seconds=153.886 learning_rate=0.000576402
2026-09-21 02:33:21 UTC completed_step=2784 elapsed_seconds=154.609 learning_rate=0.000576123
2026-09-21 02:33:21 UTC completed_step=2800 elapsed_seconds=155.331 learning_rate=0.000575842
2026-09-21 02:33:22 UTC completed_step=2816 elapsed_seconds=156.053 learning_rate=0.000575559
2026-09-21 02:33:23 UTC step=2816 elapsed_seconds=157.359 mean_loss=2.26276 errors=3846/10002 exact_sentences=7/1024
2026-09-21 02:33:24 UTC completed_step=2832 elapsed_seconds=158.086 learning_rate=0.000575274
2026-09-21 02:33:25 UTC completed_step=2848 elapsed_seconds=158.807 learning_rate=0.000574989
2026-09-21 02:33:26 UTC completed_step=2864 elapsed_seconds=159.529 learning_rate=0.000574701
2026-09-21 02:33:26 UTC completed_step=2880 elapsed_seconds=160.252 learning_rate=0.000574412
2026-09-21 02:33:27 UTC completed_step=2896 elapsed_seconds=160.973 learning_rate=0.000574121
2026-09-21 02:33:28 UTC completed_step=2912 elapsed_seconds=161.695 learning_rate=0.000573829
2026-09-21 02:33:29 UTC completed_step=2928 elapsed_seconds=162.417 learning_rate=0.000573536
2026-09-21 02:33:29 UTC completed_step=2944 elapsed_seconds=163.141 learning_rate=0.00057324
2026-09-21 02:33:31 UTC step=2944 elapsed_seconds=164.439 mean_loss=2.12904 errors=3642/10002 exact_sentences=10/1024
2026-09-21 02:33:31 UTC completed_step=2960 elapsed_seconds=165.167 learning_rate=0.000572944
2026-09-21 02:33:32 UTC completed_step=2976 elapsed_seconds=165.89 learning_rate=0.000572645
2026-09-21 02:33:33 UTC completed_step=2992 elapsed_seconds=166.614 learning_rate=0.000572345
2026-09-21 02:33:33 UTC completed_step=3008 elapsed_seconds=167.336 learning_rate=0.000572044
2026-09-21 02:33:34 UTC completed_step=3024 elapsed_seconds=168.06 learning_rate=0.000571741
2026-09-21 02:33:35 UTC completed_step=3040 elapsed_seconds=168.784 learning_rate=0.000571436
2026-09-21 02:33:36 UTC completed_step=3056 elapsed_seconds=169.506 learning_rate=0.00057113
2026-09-21 02:33:36 UTC completed_step=3072 elapsed_seconds=170.23 learning_rate=0.000570823
2026-09-21 02:33:38 UTC step=3072 elapsed_seconds=171.555 mean_loss=1.99444 errors=3437/10002 exact_sentences=15/1024
2026-09-21 02:33:38 UTC completed_step=3088 elapsed_seconds=172.285 learning_rate=0.000570514
2026-09-21 02:33:39 UTC completed_step=3104 elapsed_seconds=173.008 learning_rate=0.000570203
2026-09-21 02:33:40 UTC completed_step=3120 elapsed_seconds=173.73 learning_rate=0.000569891
2026-09-21 02:33:41 UTC completed_step=3136 elapsed_seconds=174.452 learning_rate=0.000569577
2026-09-21 02:33:41 UTC completed_step=3152 elapsed_seconds=175.174 learning_rate=0.000569262
2026-09-21 02:33:42 UTC completed_step=3168 elapsed_seconds=175.897 learning_rate=0.000568945
2026-09-21 02:33:43 UTC completed_step=3184 elapsed_seconds=176.619 learning_rate=0.000568627
2026-09-21 02:33:43 UTC completed_step=3200 elapsed_seconds=177.34 learning_rate=0.000568307
2026-09-21 02:33:45 UTC step=3200 elapsed_seconds=178.645 mean_loss=1.87647 errors=3210/10002 exact_sentences=23/1024
2026-09-21 02:33:45 UTC completed_step=3216 elapsed_seconds=179.373 learning_rate=0.000567985
2026-09-21 02:33:46 UTC completed_step=3232 elapsed_seconds=180.094 learning_rate=0.000567663
2026-09-21 02:33:47 UTC completed_step=3248 elapsed_seconds=180.815 learning_rate=0.000567338
2026-09-21 02:33:48 UTC completed_step=3264 elapsed_seconds=181.537 learning_rate=0.000567012
2026-09-21 02:33:48 UTC completed_step=3280 elapsed_seconds=182.258 learning_rate=0.000566685
2026-09-21 02:33:49 UTC completed_step=3296 elapsed_seconds=182.977 learning_rate=0.000566356
2026-09-21 02:33:50 UTC completed_step=3312 elapsed_seconds=183.697 learning_rate=0.000566025
2026-09-21 02:33:51 UTC completed_step=3328 elapsed_seconds=184.417 learning_rate=0.000565694
2026-09-21 02:33:52 UTC step=3328 elapsed_seconds=185.713 mean_loss=1.74999 errors=3065/10002 exact_sentences=26/1024
2026-09-21 02:33:53 UTC completed_step=3344 elapsed_seconds=186.437 learning_rate=0.00056536
2026-09-21 02:33:53 UTC completed_step=3360 elapsed_seconds=187.157 learning_rate=0.000565025
2026-09-21 02:33:54 UTC completed_step=3376 elapsed_seconds=187.877 learning_rate=0.000564689
2026-09-21 02:33:55 UTC completed_step=3392 elapsed_seconds=188.598 learning_rate=0.000564351
2026-09-21 02:33:55 UTC completed_step=3408 elapsed_seconds=189.317 learning_rate=0.000564011
2026-09-21 02:33:56 UTC completed_step=3424 elapsed_seconds=190.037 learning_rate=0.00056367
2026-09-21 02:33:57 UTC completed_step=3440 elapsed_seconds=190.757 learning_rate=0.000563328
2026-09-21 02:33:58 UTC completed_step=3456 elapsed_seconds=191.478 learning_rate=0.000562984
2026-09-21 02:33:59 UTC step=3456 elapsed_seconds=192.782 mean_loss=1.63597 errors=2816/10002 exact_sentences=41/1024
2026-09-21 02:34:00 UTC completed_step=3472 elapsed_seconds=193.507 learning_rate=0.000562639
2026-09-21 02:34:00 UTC completed_step=3488 elapsed_seconds=194.227 learning_rate=0.000562292
2026-09-21 02:34:01 UTC completed_step=3504 elapsed_seconds=194.947 learning_rate=0.000561943
2026-09-21 02:34:02 UTC completed_step=3520 elapsed_seconds=195.667 learning_rate=0.000561594
2026-09-21 02:34:02 UTC completed_step=3536 elapsed_seconds=196.387 learning_rate=0.000561242
2026-09-21 02:34:03 UTC completed_step=3552 elapsed_seconds=197.107 learning_rate=0.000560889
2026-09-21 02:34:04 UTC completed_step=3568 elapsed_seconds=197.826 learning_rate=0.000560535
2026-09-21 02:34:05 UTC completed_step=3584 elapsed_seconds=198.546 learning_rate=0.000560179
2026-09-21 02:34:06 UTC step=3584 elapsed_seconds=199.863 mean_loss=1.52446 errors=2596/10002 exact_sentences=68/1024
2026-09-21 02:34:07 UTC completed_step=3600 elapsed_seconds=200.591 learning_rate=0.000559822
2026-09-21 02:34:07 UTC completed_step=3616 elapsed_seconds=201.312 learning_rate=0.000559464
2026-09-21 02:34:08 UTC completed_step=3632 elapsed_seconds=202.037 learning_rate=0.000559103
2026-09-21 02:34:09 UTC completed_step=3648 elapsed_seconds=202.762 learning_rate=0.000558742
2026-09-21 02:34:10 UTC completed_step=3664 elapsed_seconds=203.486 learning_rate=0.000558379
2026-09-21 02:34:10 UTC completed_step=3680 elapsed_seconds=204.211 learning_rate=0.000558014
2026-09-21 02:34:11 UTC completed_step=3696 elapsed_seconds=204.936 learning_rate=0.000557648
2026-09-21 02:34:12 UTC completed_step=3712 elapsed_seconds=205.66 learning_rate=0.000557281
2026-09-21 02:34:13 UTC step=3712 elapsed_seconds=206.963 mean_loss=1.41804 errors=2424/10002 exact_sentences=85/1024
2026-09-21 02:34:14 UTC completed_step=3728 elapsed_seconds=207.692 learning_rate=0.000556912
2026-09-21 02:34:15 UTC completed_step=3744 elapsed_seconds=208.417 learning_rate=0.000556542
2026-09-21 02:34:15 UTC completed_step=3760 elapsed_seconds=209.141 learning_rate=0.00055617
2026-09-21 02:34:16 UTC completed_step=3776 elapsed_seconds=209.865 learning_rate=0.000555797
2026-09-21 02:34:17 UTC completed_step=3792 elapsed_seconds=210.589 learning_rate=0.000555422
2026-09-21 02:34:17 UTC completed_step=3808 elapsed_seconds=211.309 learning_rate=0.000555046
2026-09-21 02:34:18 UTC completed_step=3824 elapsed_seconds=212.03 learning_rate=0.000554668
2026-09-21 02:34:19 UTC completed_step=3840 elapsed_seconds=212.751 learning_rate=0.000554289
2026-09-21 02:34:20 UTC step=3840 elapsed_seconds=214.052 mean_loss=1.30942 errors=2199/10002 exact_sentences=113/1024
2026-09-21 02:34:21 UTC completed_step=3856 elapsed_seconds=214.778 learning_rate=0.000553909
2026-09-21 02:34:22 UTC completed_step=3872 elapsed_seconds=215.499 learning_rate=0.000553527
2026-09-21 02:34:22 UTC completed_step=3888 elapsed_seconds=216.221 learning_rate=0.000553144
2026-09-21 02:34:23 UTC completed_step=3904 elapsed_seconds=216.943 learning_rate=0.000552759
2026-09-21 02:34:24 UTC completed_step=3920 elapsed_seconds=217.664 learning_rate=0.000552373
2026-09-21 02:34:24 UTC completed_step=3936 elapsed_seconds=218.385 learning_rate=0.000551986
2026-09-21 02:34:25 UTC completed_step=3952 elapsed_seconds=219.106 learning_rate=0.000551597
2026-09-21 02:34:26 UTC completed_step=3968 elapsed_seconds=219.828 learning_rate=0.000551206
2026-09-21 02:34:27 UTC step=3968 elapsed_seconds=221.142 mean_loss=1.21235 errors=1972/10002 exact_sentences=152/1024
2026-09-21 02:34:28 UTC completed_step=3984 elapsed_seconds=221.868 learning_rate=0.000550815
2026-09-21 02:34:29 UTC completed_step=4000 elapsed_seconds=222.588 learning_rate=0.000550421
2026-09-21 02:34:29 UTC completed_step=4016 elapsed_seconds=223.309 learning_rate=0.000550027
2026-09-21 02:34:30 UTC completed_step=4032 elapsed_seconds=224.029 learning_rate=0.000549631
2026-09-21 02:34:31 UTC completed_step=4048 elapsed_seconds=224.749 learning_rate=0.000549234
2026-09-21 02:34:32 UTC completed_step=4064 elapsed_seconds=225.468 learning_rate=0.000548835
2026-09-21 02:34:32 UTC completed_step=4080 elapsed_seconds=226.188 learning_rate=0.000548435
2026-09-21 02:34:33 UTC completed_step=4096 elapsed_seconds=226.907 learning_rate=0.000548033
2026-09-21 02:34:34 UTC step=4096 elapsed_seconds=228.211 mean_loss=1.11648 errors=1773/10002 exact_sentences=185/1024
2026-09-21 02:34:35 UTC completed_step=4112 elapsed_seconds=228.938 learning_rate=0.00054763
2026-09-21 02:34:36 UTC completed_step=4128 elapsed_seconds=229.657 learning_rate=0.000547226
2026-09-21 02:34:36 UTC completed_step=4144 elapsed_seconds=230.378 learning_rate=0.00054682
2026-09-21 02:34:37 UTC completed_step=4160 elapsed_seconds=231.1 learning_rate=0.000546413
2026-09-21 02:34:38 UTC completed_step=4176 elapsed_seconds=231.821 learning_rate=0.000546004
2026-09-21 02:34:39 UTC completed_step=4192 elapsed_seconds=232.543 learning_rate=0.000545595
2026-09-21 02:34:39 UTC completed_step=4208 elapsed_seconds=233.263 learning_rate=0.000545183
2026-09-21 02:34:40 UTC completed_step=4224 elapsed_seconds=233.985 learning_rate=0.000544771
2026-09-21 02:34:41 UTC step=4224 elapsed_seconds=235.281 mean_loss=1.03241 errors=1664/10002 exact_sentences=199/1024
2026-09-21 02:34:42 UTC completed_step=4240 elapsed_seconds=236.008 learning_rate=0.000544357
2026-09-21 02:34:43 UTC completed_step=4256 elapsed_seconds=236.729 learning_rate=0.000543941
2026-09-21 02:34:44 UTC completed_step=4272 elapsed_seconds=237.451 learning_rate=0.000543525
2026-09-21 02:34:44 UTC completed_step=4288 elapsed_seconds=238.172 learning_rate=0.000543107
2026-09-21 02:34:45 UTC completed_step=4304 elapsed_seconds=238.893 learning_rate=0.000542687
2026-09-21 02:34:46 UTC completed_step=4320 elapsed_seconds=239.614 learning_rate=0.000542266
2026-09-21 02:34:46 UTC completed_step=4336 elapsed_seconds=240.335 learning_rate=0.000541844
2026-09-21 02:34:47 UTC completed_step=4352 elapsed_seconds=241.055 learning_rate=0.000541421
2026-09-21 02:34:48 UTC step=4352 elapsed_seconds=242.36 mean_loss=0.941403 errors=1468/10002 exact_sentences=251/1024
2026-09-21 02:34:49 UTC completed_step=4368 elapsed_seconds=243.085 learning_rate=0.000540996
2026-09-21 02:34:50 UTC completed_step=4384 elapsed_seconds=243.806 learning_rate=0.00054057
2026-09-21 02:34:51 UTC completed_step=4400 elapsed_seconds=244.526 learning_rate=0.000540142
2026-09-21 02:34:51 UTC completed_step=4416 elapsed_seconds=245.247 learning_rate=0.000539713
2026-09-21 02:34:52 UTC completed_step=4432 elapsed_seconds=245.967 learning_rate=0.000539283
2026-09-21 02:34:53 UTC completed_step=4448 elapsed_seconds=246.687 learning_rate=0.000538851
2026-09-21 02:34:54 UTC completed_step=4464 elapsed_seconds=247.407 learning_rate=0.000538418
2026-09-21 02:34:54 UTC completed_step=4480 elapsed_seconds=248.128 learning_rate=0.000537984
2026-09-21 02:34:56 UTC step=4480 elapsed_seconds=249.452 mean_loss=0.85639 errors=1246/10002 exact_sentences=328/1024
2026-09-21 02:34:56 UTC completed_step=4496 elapsed_seconds=250.177 learning_rate=0.000537549
2026-09-21 02:34:57 UTC completed_step=4512 elapsed_seconds=250.898 learning_rate=0.000537112
2026-09-21 02:34:58 UTC completed_step=4528 elapsed_seconds=251.616 learning_rate=0.000536674
2026-09-21 02:34:58 UTC completed_step=4544 elapsed_seconds=252.337 learning_rate=0.000536234
2026-09-21 02:34:59 UTC completed_step=4560 elapsed_seconds=253.057 learning_rate=0.000535793
2026-09-21 02:35:00 UTC completed_step=4576 elapsed_seconds=253.777 learning_rate=0.000535351
2026-09-21 02:35:01 UTC completed_step=4592 elapsed_seconds=254.497 learning_rate=0.000534908
2026-09-21 02:35:01 UTC completed_step=4608 elapsed_seconds=255.216 learning_rate=0.000534463
2026-09-21 02:35:03 UTC step=4608 elapsed_seconds=256.525 mean_loss=0.777529 errors=1057/10002 exact_sentences=401/1024
2026-09-21 02:35:03 UTC completed_step=4624 elapsed_seconds=257.251 learning_rate=0.000534017
2026-09-21 02:35:04 UTC completed_step=4640 elapsed_seconds=257.971 learning_rate=0.000533569
2026-09-21 02:35:05 UTC completed_step=4656 elapsed_seconds=258.693 learning_rate=0.000533121
2026-09-21 02:35:06 UTC completed_step=4672 elapsed_seconds=259.417 learning_rate=0.000532671
2026-09-21 02:35:06 UTC completed_step=4688 elapsed_seconds=260.141 learning_rate=0.00053222
2026-09-21 02:35:07 UTC completed_step=4704 elapsed_seconds=260.863 learning_rate=0.000531767
2026-09-21 02:35:08 UTC completed_step=4720 elapsed_seconds=261.585 learning_rate=0.000531313
2026-09-21 02:35:08 UTC completed_step=4736 elapsed_seconds=262.308 learning_rate=0.000530858
2026-09-21 02:35:10 UTC step=4736 elapsed_seconds=263.608 mean_loss=0.702263 errors=949/10002 exact_sentences=450/1024
2026-09-21 02:35:10 UTC completed_step=4752 elapsed_seconds=264.335 learning_rate=0.000530402
2026-09-21 02:35:11 UTC completed_step=4768 elapsed_seconds=265.057 learning_rate=0.000529944
2026-09-21 02:35:12 UTC completed_step=4784 elapsed_seconds=265.78 learning_rate=0.000529485
2026-09-21 02:35:13 UTC completed_step=4800 elapsed_seconds=266.502 learning_rate=0.000529025
2026-09-21 02:35:13 UTC completed_step=4816 elapsed_seconds=267.225 learning_rate=0.000528563
2026-09-21 02:35:14 UTC completed_step=4832 elapsed_seconds=267.947 learning_rate=0.000528101
2026-09-21 02:35:15 UTC completed_step=4848 elapsed_seconds=268.669 learning_rate=0.000527637
2026-09-21 02:35:15 UTC completed_step=4864 elapsed_seconds=269.391 learning_rate=0.000527171
2026-09-21 02:35:17 UTC step=4864 elapsed_seconds=270.686 mean_loss=0.635053 errors=773/10002 exact_sentences=528/1024
2026-09-21 02:35:18 UTC completed_step=4880 elapsed_seconds=271.412 learning_rate=0.000526705
2026-09-21 02:35:18 UTC completed_step=4896 elapsed_seconds=272.134 learning_rate=0.000526237
2026-09-21 02:35:19 UTC completed_step=4912 elapsed_seconds=272.855 learning_rate=0.000525768
2026-09-21 02:35:20 UTC completed_step=4928 elapsed_seconds=273.577 learning_rate=0.000525298
2026-09-21 02:35:20 UTC completed_step=4944 elapsed_seconds=274.3 learning_rate=0.000524826
2026-09-21 02:35:21 UTC completed_step=4960 elapsed_seconds=275.021 learning_rate=0.000524353
2026-09-21 02:35:22 UTC completed_step=4976 elapsed_seconds=275.743 learning_rate=0.000523879
2026-09-21 02:35:23 UTC completed_step=4992 elapsed_seconds=276.465 learning_rate=0.000523404
2026-09-21 02:35:24 UTC step=4992 elapsed_seconds=277.79 mean_loss=0.568016 errors=715/10002 exact_sentences=564/1024
2026-09-21 02:35:25 UTC completed_step=5008 elapsed_seconds=278.519 learning_rate=0.000522927
2026-09-21 02:35:25 UTC completed_step=5024 elapsed_seconds=279.243 learning_rate=0.00052245
2026-09-21 02:35:26 UTC completed_step=5040 elapsed_seconds=279.966 learning_rate=0.000521971
2026-09-21 02:35:27 UTC completed_step=5056 elapsed_seconds=280.689 learning_rate=0.000521491
2026-09-21 02:35:28 UTC completed_step=5072 elapsed_seconds=281.413 learning_rate=0.000521009
2026-09-21 02:35:28 UTC completed_step=5088 elapsed_seconds=282.137 learning_rate=0.000520527
2026-09-21 02:35:29 UTC completed_step=5104 elapsed_seconds=282.859 learning_rate=0.000520043
2026-09-21 02:35:30 UTC completed_step=5120 elapsed_seconds=283.581 learning_rate=0.000519558
2026-09-21 02:35:31 UTC step=5120 elapsed_seconds=284.902 mean_loss=0.507924 errors=561/10002 exact_sentences=632/1024
2026-09-21 02:35:32 UTC completed_step=5136 elapsed_seconds=285.632 learning_rate=0.000519071
2026-09-21 02:35:32 UTC completed_step=5152 elapsed_seconds=286.355 learning_rate=0.000518584
2026-09-21 02:35:33 UTC completed_step=5168 elapsed_seconds=287.076 learning_rate=0.000518095
2026-09-21 02:35:34 UTC completed_step=5184 elapsed_seconds=287.797 learning_rate=0.000517605
2026-09-21 02:35:35 UTC completed_step=5200 elapsed_seconds=288.518 learning_rate=0.000517114
2026-09-21 02:35:35 UTC completed_step=5216 elapsed_seconds=289.238 learning_rate=0.000516622
2026-09-21 02:35:36 UTC completed_step=5232 elapsed_seconds=289.959 learning_rate=0.000516129
2026-09-21 02:35:37 UTC completed_step=5248 elapsed_seconds=290.679 learning_rate=0.000515634
2026-09-21 02:35:38 UTC step=5248 elapsed_seconds=291.983 mean_loss=0.448246 errors=457/10002 exact_sentences=711/1024
2026-09-21 02:35:39 UTC completed_step=5264 elapsed_seconds=292.708 learning_rate=0.000515138
2026-09-21 02:35:40 UTC completed_step=5280 elapsed_seconds=293.429 learning_rate=0.000514641
2026-09-21 02:35:40 UTC completed_step=5296 elapsed_seconds=294.149 learning_rate=0.000514143
2026-09-21 02:35:41 UTC completed_step=5312 elapsed_seconds=294.87 learning_rate=0.000513644
2026-09-21 02:35:42 UTC completed_step=5328 elapsed_seconds=295.59 learning_rate=0.000513143
2026-09-21 02:35:42 UTC completed_step=5344 elapsed_seconds=296.311 learning_rate=0.000512641
2026-09-21 02:35:43 UTC completed_step=5360 elapsed_seconds=297.031 learning_rate=0.000512139
2026-09-21 02:35:44 UTC completed_step=5376 elapsed_seconds=297.751 learning_rate=0.000511635
2026-09-21 02:35:45 UTC step=5376 elapsed_seconds=299.056 mean_loss=0.400071 errors=393/10002 exact_sentences=744/1024
2026-09-21 02:35:46 UTC completed_step=5392 elapsed_seconds=299.78 learning_rate=0.000511129
2026-09-21 02:35:47 UTC completed_step=5408 elapsed_seconds=300.5 learning_rate=0.000510623
2026-09-21 02:35:47 UTC completed_step=5424 elapsed_seconds=301.22 learning_rate=0.000510116
2026-09-21 02:35:48 UTC completed_step=5440 elapsed_seconds=301.94 learning_rate=0.000509607
2026-09-21 02:35:49 UTC completed_step=5456 elapsed_seconds=302.66 learning_rate=0.000509097
2026-09-21 02:35:49 UTC completed_step=5472 elapsed_seconds=303.379 learning_rate=0.000508586
2026-09-21 02:35:50 UTC completed_step=5488 elapsed_seconds=304.098 learning_rate=0.000508074
2026-09-21 02:35:51 UTC completed_step=5504 elapsed_seconds=304.818 learning_rate=0.000507561
2026-09-21 02:35:52 UTC step=5504 elapsed_seconds=306.122 mean_loss=0.348147 errors=311/10002 exact_sentences=796/1024
2026-09-21 02:35:53 UTC completed_step=5520 elapsed_seconds=306.848 learning_rate=0.000507047
2026-09-21 02:35:54 UTC completed_step=5536 elapsed_seconds=307.571 learning_rate=0.000506531
2026-09-21 02:35:54 UTC completed_step=5552 elapsed_seconds=308.292 learning_rate=0.000506015
2026-09-21 02:35:55 UTC completed_step=5568 elapsed_seconds=309.013 learning_rate=0.000505497
2026-09-21 02:35:56 UTC completed_step=5584 elapsed_seconds=309.735 learning_rate=0.000504978
2026-09-21 02:35:57 UTC completed_step=5600 elapsed_seconds=310.456 learning_rate=0.000504458
2026-09-21 02:35:57 UTC completed_step=5616 elapsed_seconds=311.177 learning_rate=0.000503937
2026-09-21 02:35:58 UTC completed_step=5632 elapsed_seconds=311.9 learning_rate=0.000503415
2026-09-21 02:35:59 UTC step=5632 elapsed_seconds=313.2 mean_loss=0.303094 errors=251/10002 exact_sentences=833/1024
2026-09-21 02:36:00 UTC completed_step=5648 elapsed_seconds=313.928 learning_rate=0.000502891
2026-09-21 02:36:01 UTC completed_step=5664 elapsed_seconds=314.65 learning_rate=0.000502367
2026-09-21 02:36:01 UTC completed_step=5680 elapsed_seconds=315.372 learning_rate=0.000501842
2026-09-21 02:36:02 UTC completed_step=5696 elapsed_seconds=316.093 learning_rate=0.000501315
2026-09-21 02:36:03 UTC completed_step=5712 elapsed_seconds=316.815 learning_rate=0.000500787
2026-09-21 02:36:04 UTC completed_step=5728 elapsed_seconds=317.535 learning_rate=0.000500259
2026-09-21 02:36:04 UTC completed_step=5744 elapsed_seconds=318.255 learning_rate=0.000499729
2026-09-21 02:36:05 UTC completed_step=5760 elapsed_seconds=318.976 learning_rate=0.000499198
2026-09-21 02:36:06 UTC step=5760 elapsed_seconds=320.281 mean_loss=0.264675 errors=211/10002 exact_sentences=862/1024
2026-09-21 02:36:07 UTC completed_step=5776 elapsed_seconds=321.006 learning_rate=0.000498666
2026-09-21 02:36:08 UTC completed_step=5792 elapsed_seconds=321.727 learning_rate=0.000498133
2026-09-21 02:36:09 UTC completed_step=5808 elapsed_seconds=322.447 learning_rate=0.000497599
2026-09-21 02:36:09 UTC completed_step=5824 elapsed_seconds=323.167 learning_rate=0.000497063
2026-09-21 02:36:10 UTC completed_step=5840 elapsed_seconds=323.888 learning_rate=0.000496527
2026-09-21 02:36:11 UTC completed_step=5856 elapsed_seconds=324.609 learning_rate=0.00049599
2026-09-21 02:36:11 UTC completed_step=5872 elapsed_seconds=325.333 learning_rate=0.000495451
2026-09-21 02:36:12 UTC completed_step=5888 elapsed_seconds=326.059 learning_rate=0.000494912
2026-09-21 02:36:13 UTC step=5888 elapsed_seconds=327.376 mean_loss=0.227102 errors=156/10002 exact_sentences=895/1024
2026-09-21 02:36:14 UTC completed_step=5904 elapsed_seconds=328.1 learning_rate=0.000494371
2026-09-21 02:36:15 UTC completed_step=5920 elapsed_seconds=328.82 learning_rate=0.00049383
2026-09-21 02:36:16 UTC completed_step=5936 elapsed_seconds=329.541 learning_rate=0.000493287
2026-09-21 02:36:16 UTC completed_step=5952 elapsed_seconds=330.262 learning_rate=0.000492743
2026-09-21 02:36:17 UTC completed_step=5968 elapsed_seconds=330.983 learning_rate=0.000492199
2026-09-21 02:36:18 UTC completed_step=5984 elapsed_seconds=331.704 learning_rate=0.000491653
2026-09-21 02:36:19 UTC completed_step=6000 elapsed_seconds=332.424 learning_rate=0.000491106
2026-09-21 02:36:19 UTC completed_step=6016 elapsed_seconds=333.145 learning_rate=0.000490558
2026-09-21 02:36:21 UTC step=6016 elapsed_seconds=334.442 mean_loss=0.199321 errors=122/10002 exact_sentences=925/1024
2026-09-21 02:36:21 UTC completed_step=6032 elapsed_seconds=335.169 learning_rate=0.00049001
2026-09-21 02:36:22 UTC completed_step=6048 elapsed_seconds=335.893 learning_rate=0.00048946
2026-09-21 02:36:23 UTC completed_step=6064 elapsed_seconds=336.616 learning_rate=0.000488909
2026-09-21 02:36:23 UTC completed_step=6080 elapsed_seconds=337.339 learning_rate=0.000488357
2026-09-21 02:36:24 UTC completed_step=6096 elapsed_seconds=338.061 learning_rate=0.000487804
2026-09-21 02:36:25 UTC completed_step=6112 elapsed_seconds=338.783 learning_rate=0.00048725
2026-09-21 02:36:26 UTC completed_step=6128 elapsed_seconds=339.506 learning_rate=0.000486695
2026-09-21 02:36:26 UTC completed_step=6144 elapsed_seconds=340.228 learning_rate=0.000486139
2026-09-21 02:36:28 UTC step=6144 elapsed_seconds=341.529 mean_loss=0.171626 errors=96/10002 exact_sentences=942/1024
2026-09-21 02:36:28 UTC completed_step=6160 elapsed_seconds=342.258 learning_rate=0.000485583
2026-09-21 02:36:29 UTC completed_step=6176 elapsed_seconds=342.98 learning_rate=0.000485025
2026-09-21 02:36:30 UTC completed_step=6192 elapsed_seconds=343.704 learning_rate=0.000484466
2026-09-21 02:36:31 UTC completed_step=6208 elapsed_seconds=344.427 learning_rate=0.000483906
2026-09-21 02:36:31 UTC completed_step=6224 elapsed_seconds=345.152 learning_rate=0.000483345
2026-09-21 02:36:32 UTC completed_step=6240 elapsed_seconds=345.875 learning_rate=0.000482783
2026-09-21 02:36:33 UTC completed_step=6256 elapsed_seconds=346.599 learning_rate=0.00048222
2026-09-21 02:36:33 UTC completed_step=6272 elapsed_seconds=347.322 learning_rate=0.000481657
2026-09-21 02:36:35 UTC step=6272 elapsed_seconds=348.623 mean_loss=0.147027 errors=78/10002 exact_sentences=957/1024
2026-09-21 02:36:35 UTC completed_step=6288 elapsed_seconds=349.35 learning_rate=0.000481092
2026-09-21 02:36:36 UTC completed_step=6304 elapsed_seconds=350.073 learning_rate=0.000480526
2026-09-21 02:36:37 UTC completed_step=6320 elapsed_seconds=350.797 learning_rate=0.00047996
2026-09-21 02:36:38 UTC completed_step=6336 elapsed_seconds=351.521 learning_rate=0.000479392
2026-09-21 02:36:38 UTC completed_step=6352 elapsed_seconds=352.245 learning_rate=0.000478823
2026-09-21 02:36:39 UTC completed_step=6368 elapsed_seconds=352.969 learning_rate=0.000478254
2026-09-21 02:36:40 UTC completed_step=6384 elapsed_seconds=353.694 learning_rate=0.000477684
2026-09-21 02:36:41 UTC completed_step=6400 elapsed_seconds=354.419 learning_rate=0.000477112
2026-09-21 02:36:42 UTC step=6400 elapsed_seconds=355.724 mean_loss=0.129081 errors=68/10002 exact_sentences=964/1024
2026-09-21 02:36:43 UTC completed_step=6416 elapsed_seconds=356.45 learning_rate=0.00047654
2026-09-21 02:36:43 UTC completed_step=6432 elapsed_seconds=357.17 learning_rate=0.000475966
2026-09-21 02:36:44 UTC completed_step=6448 elapsed_seconds=357.892 learning_rate=0.000475392
2026-09-21 02:36:45 UTC completed_step=6464 elapsed_seconds=358.612 learning_rate=0.000474817
2026-09-21 02:36:45 UTC completed_step=6480 elapsed_seconds=359.332 learning_rate=0.000474241
2026-09-21 02:36:46 UTC completed_step=6496 elapsed_seconds=360.053 learning_rate=0.000473664
2026-09-21 02:36:47 UTC completed_step=6512 elapsed_seconds=360.774 learning_rate=0.000473086
2026-09-21 02:36:48 UTC completed_step=6528 elapsed_seconds=361.494 learning_rate=0.000472507
2026-09-21 02:36:49 UTC step=6528 elapsed_seconds=362.808 mean_loss=0.107574 errors=45/10002 exact_sentences=985/1024
2026-09-21 02:36:50 UTC completed_step=6544 elapsed_seconds=363.534 learning_rate=0.000471928
2026-09-21 02:36:50 UTC completed_step=6560 elapsed_seconds=364.259 learning_rate=0.000471347
2026-09-21 02:36:51 UTC completed_step=6576 elapsed_seconds=364.984 learning_rate=0.000470766
2026-09-21 02:36:52 UTC completed_step=6592 elapsed_seconds=365.707 learning_rate=0.000470183
2026-09-21 02:36:53 UTC completed_step=6608 elapsed_seconds=366.43 learning_rate=0.0004696
2026-09-21 02:36:53 UTC completed_step=6624 elapsed_seconds=367.153 learning_rate=0.000469016
2026-09-21 02:36:54 UTC completed_step=6640 elapsed_seconds=367.877 learning_rate=0.000468431
2026-09-21 02:36:55 UTC completed_step=6656 elapsed_seconds=368.6 learning_rate=0.000467845
2026-09-21 02:36:56 UTC step=6656 elapsed_seconds=369.897 mean_loss=0.0943234 errors=31/10002 exact_sentences=996/1024
2026-09-21 02:36:57 UTC completed_step=6672 elapsed_seconds=370.627 learning_rate=0.000467258
2026-09-21 02:36:57 UTC completed_step=6688 elapsed_seconds=371.35 learning_rate=0.00046667
2026-09-21 02:36:58 UTC completed_step=6704 elapsed_seconds=372.073 learning_rate=0.000466081
2026-09-21 02:36:59 UTC completed_step=6720 elapsed_seconds=372.796 learning_rate=0.000465492
2026-09-21 02:37:00 UTC completed_step=6736 elapsed_seconds=373.517 learning_rate=0.000464902
2026-09-21 02:37:00 UTC completed_step=6752 elapsed_seconds=374.238 learning_rate=0.00046431
2026-09-21 02:37:01 UTC completed_step=6768 elapsed_seconds=374.958 learning_rate=0.000463718
2026-09-21 02:37:02 UTC completed_step=6784 elapsed_seconds=375.678 learning_rate=0.000463125
2026-09-21 02:37:03 UTC step=6784 elapsed_seconds=376.986 mean_loss=0.0812092 errors=25/10002 exact_sentences=1000/1024
2026-09-21 02:37:04 UTC completed_step=6800 elapsed_seconds=377.71 learning_rate=0.000462532
2026-09-21 02:37:05 UTC completed_step=6816 elapsed_seconds=378.43 learning_rate=0.000461937
2026-09-21 02:37:05 UTC completed_step=6832 elapsed_seconds=379.151 learning_rate=0.000461342
2026-09-21 02:37:06 UTC completed_step=6848 elapsed_seconds=379.87 learning_rate=0.000460745
2026-09-21 02:37:07 UTC completed_step=6864 elapsed_seconds=380.59 learning_rate=0.000460148
2026-09-21 02:37:07 UTC completed_step=6880 elapsed_seconds=381.31 learning_rate=0.00045955
2026-09-21 02:37:08 UTC completed_step=6896 elapsed_seconds=382.031 learning_rate=0.000458951
2026-09-21 02:37:09 UTC completed_step=6912 elapsed_seconds=382.752 learning_rate=0.000458352
2026-09-21 02:37:10 UTC step=6912 elapsed_seconds=384.058 mean_loss=0.0666777 errors=16/10002 exact_sentences=1008/1024
2026-09-21 02:37:11 UTC completed_step=6928 elapsed_seconds=384.785 learning_rate=0.000457751
2026-09-21 02:37:12 UTC completed_step=6944 elapsed_seconds=385.506 learning_rate=0.00045715
2026-09-21 02:37:12 UTC completed_step=6960 elapsed_seconds=386.226 learning_rate=0.000456548
2026-09-21 02:37:13 UTC completed_step=6976 elapsed_seconds=386.947 learning_rate=0.000455945
2026-09-21 02:37:14 UTC completed_step=6992 elapsed_seconds=387.667 learning_rate=0.000455342
2026-09-21 02:37:14 UTC completed_step=7008 elapsed_seconds=388.388 learning_rate=0.000454737
2026-09-21 02:37:15 UTC completed_step=7024 elapsed_seconds=389.109 learning_rate=0.000454132
2026-09-21 02:37:16 UTC completed_step=7040 elapsed_seconds=389.829 learning_rate=0.000453526
2026-09-21 02:37:17 UTC step=7040 elapsed_seconds=391.135 mean_loss=0.0563614 errors=17/10002 exact_sentences=1007/1024
2026-09-21 02:37:18 UTC completed_step=7056 elapsed_seconds=391.86 learning_rate=0.000452919
2026-09-21 02:37:19 UTC completed_step=7072 elapsed_seconds=392.582 learning_rate=0.000452312
2026-09-21 02:37:19 UTC completed_step=7088 elapsed_seconds=393.304 learning_rate=0.000451703
2026-09-21 02:37:20 UTC completed_step=7104 elapsed_seconds=394.027 learning_rate=0.000451094
2026-09-21 02:37:21 UTC completed_step=7120 elapsed_seconds=394.748 learning_rate=0.000450484
2026-09-21 02:37:22 UTC completed_step=7136 elapsed_seconds=395.47 learning_rate=0.000449873
2026-09-21 02:37:22 UTC completed_step=7152 elapsed_seconds=396.191 learning_rate=0.000449262
2026-09-21 02:37:23 UTC completed_step=7168 elapsed_seconds=396.913 learning_rate=0.00044865
2026-09-21 02:37:24 UTC step=7168 elapsed_seconds=398.219 mean_loss=0.0511195 errors=15/10002 exact_sentences=1011/1024
2026-09-21 02:37:25 UTC completed_step=7184 elapsed_seconds=398.948 learning_rate=0.000448037
2026-09-21 02:37:26 UTC completed_step=7200 elapsed_seconds=399.67 learning_rate=0.000447423
2026-09-21 02:37:26 UTC completed_step=7216 elapsed_seconds=400.391 learning_rate=0.000446808
2026-09-21 02:37:27 UTC completed_step=7232 elapsed_seconds=401.114 learning_rate=0.000446193
2026-09-21 02:37:28 UTC completed_step=7248 elapsed_seconds=401.837 learning_rate=0.000445577
2026-09-21 02:37:29 UTC completed_step=7264 elapsed_seconds=402.56 learning_rate=0.00044496
2026-09-21 02:37:29 UTC completed_step=7280 elapsed_seconds=403.284 learning_rate=0.000444343
2026-09-21 02:37:30 UTC completed_step=7296 elapsed_seconds=404.005 learning_rate=0.000443725
2026-09-21 02:37:31 UTC step=7296 elapsed_seconds=405.309 mean_loss=0.0414666 errors=15/10002 exact_sentences=1009/1024
2026-09-21 02:37:32 UTC completed_step=7312 elapsed_seconds=406.036 learning_rate=0.000443106
2026-09-21 02:37:33 UTC completed_step=7328 elapsed_seconds=406.757 learning_rate=0.000442486
2026-09-21 02:37:34 UTC completed_step=7344 elapsed_seconds=407.479 learning_rate=0.000441866
2026-09-21 02:37:34 UTC completed_step=7360 elapsed_seconds=408.202 learning_rate=0.000441245
2026-09-21 02:37:35 UTC completed_step=7376 elapsed_seconds=408.924 learning_rate=0.000440623
2026-09-21 02:37:36 UTC completed_step=7392 elapsed_seconds=409.647 learning_rate=0.000440001
2026-09-21 02:37:36 UTC completed_step=7408 elapsed_seconds=410.368 learning_rate=0.000439377
2026-09-21 02:37:37 UTC completed_step=7424 elapsed_seconds=411.09 learning_rate=0.000438754
2026-09-21 02:37:38 UTC step=7424 elapsed_seconds=412.388 mean_loss=0.035461 errors=11/10002 exact_sentences=1013/1024
2026-09-21 02:37:39 UTC completed_step=7440 elapsed_seconds=413.114 learning_rate=0.000438129
2026-09-21 02:37:40 UTC completed_step=7456 elapsed_seconds=413.835 learning_rate=0.000437504
2026-09-21 02:37:41 UTC completed_step=7472 elapsed_seconds=414.556 learning_rate=0.000436878
2026-09-21 02:37:41 UTC completed_step=7488 elapsed_seconds=415.276 learning_rate=0.000436251
2026-09-21 02:37:42 UTC completed_step=7504 elapsed_seconds=415.996 learning_rate=0.000435624
2026-09-21 02:37:43 UTC completed_step=7520 elapsed_seconds=416.717 learning_rate=0.000434996
2026-09-21 02:37:44 UTC completed_step=7536 elapsed_seconds=417.437 learning_rate=0.000434367
2026-09-21 02:37:44 UTC completed_step=7552 elapsed_seconds=418.157 learning_rate=0.000433738
2026-09-21 02:37:46 UTC step=7552 elapsed_seconds=419.469 mean_loss=0.0309538 errors=11/10002 exact_sentences=1013/1024
2026-09-21 02:37:46 UTC completed_step=7568 elapsed_seconds=420.194 learning_rate=0.000433108
2026-09-21 02:37:47 UTC completed_step=7584 elapsed_seconds=420.914 learning_rate=0.000432477
2026-09-21 02:37:48 UTC completed_step=7600 elapsed_seconds=421.636 learning_rate=0.000431846
2026-09-21 02:37:48 UTC completed_step=7616 elapsed_seconds=422.357 learning_rate=0.000431214
2026-09-21 02:37:49 UTC completed_step=7632 elapsed_seconds=423.078 learning_rate=0.000430581
2026-09-21 02:37:50 UTC completed_step=7648 elapsed_seconds=423.798 learning_rate=0.000429948
2026-09-21 02:37:51 UTC completed_step=7664 elapsed_seconds=424.518 learning_rate=0.000429314
2026-09-21 02:37:51 UTC completed_step=7680 elapsed_seconds=425.239 learning_rate=0.00042868
2026-09-21 02:37:53 UTC step=7680 elapsed_seconds=426.548 mean_loss=0.0291955 errors=12/10002 exact_sentences=1012/1024
2026-09-21 02:37:53 UTC completed_step=7696 elapsed_seconds=427.274 learning_rate=0.000428045
2026-09-21 02:37:54 UTC completed_step=7712 elapsed_seconds=427.994 learning_rate=0.000427409
2026-09-21 02:37:55 UTC completed_step=7728 elapsed_seconds=428.714 learning_rate=0.000426773
2026-09-21 02:37:56 UTC completed_step=7744 elapsed_seconds=429.436 learning_rate=0.000426136
2026-09-21 02:37:56 UTC completed_step=7760 elapsed_seconds=430.157 learning_rate=0.000425498
2026-09-21 02:37:57 UTC completed_step=7776 elapsed_seconds=430.879 learning_rate=0.00042486
2026-09-21 02:37:58 UTC completed_step=7792 elapsed_seconds=431.601 learning_rate=0.000424221
2026-09-21 02:37:58 UTC completed_step=7808 elapsed_seconds=432.322 learning_rate=0.000423582
2026-09-21 02:38:00 UTC step=7808 elapsed_seconds=433.637 mean_loss=0.0235945 errors=7/10002 exact_sentences=1017/1024
2026-09-21 02:38:00 UTC completed_step=7824 elapsed_seconds=434.364 learning_rate=0.000422942
2026-09-21 02:38:01 UTC completed_step=7840 elapsed_seconds=435.086 learning_rate=0.000422301
2026-09-21 02:38:02 UTC completed_step=7856 elapsed_seconds=435.808 learning_rate=0.00042166
2026-09-21 02:38:03 UTC completed_step=7872 elapsed_seconds=436.53 learning_rate=0.000421018
2026-09-21 02:38:03 UTC completed_step=7888 elapsed_seconds=437.252 learning_rate=0.000420376
2026-09-21 02:38:04 UTC completed_step=7904 elapsed_seconds=437.973 learning_rate=0.000419733
2026-09-21 02:38:05 UTC completed_step=7920 elapsed_seconds=438.696 learning_rate=0.000419089
2026-09-21 02:38:06 UTC completed_step=7936 elapsed_seconds=439.421 learning_rate=0.000418445
2026-09-21 02:38:07 UTC step=7936 elapsed_seconds=440.729 mean_loss=0.0192087 errors=6/10002 exact_sentences=1018/1024
2026-09-21 02:38:08 UTC completed_step=7952 elapsed_seconds=441.455 learning_rate=0.0004178
2026-09-21 02:38:08 UTC completed_step=7968 elapsed_seconds=442.178 learning_rate=0.000417155
2026-09-21 02:38:09 UTC completed_step=7984 elapsed_seconds=442.899 learning_rate=0.000416509
2026-09-21 02:38:10 UTC completed_step=8000 elapsed_seconds=443.62 learning_rate=0.000415863
2026-09-21 02:38:10 UTC completed_step=8016 elapsed_seconds=444.343 learning_rate=0.000415216
2026-09-21 02:38:11 UTC completed_step=8032 elapsed_seconds=445.064 learning_rate=0.000414569
2026-09-21 02:38:12 UTC completed_step=8048 elapsed_seconds=445.787 learning_rate=0.000413921
2026-09-21 02:38:13 UTC completed_step=8064 elapsed_seconds=446.509 learning_rate=0.000413272
2026-09-21 02:38:14 UTC step=8064 elapsed_seconds=447.815 mean_loss=0.0173882 errors=7/10002 exact_sentences=1017/1024
2026-09-21 02:38:15 UTC completed_step=8080 elapsed_seconds=448.541 learning_rate=0.000412623
2026-09-21 02:38:15 UTC completed_step=8096 elapsed_seconds=449.263 learning_rate=0.000411974
2026-09-21 02:38:16 UTC completed_step=8112 elapsed_seconds=449.985 learning_rate=0.000411324
2026-09-21 02:38:17 UTC completed_step=8128 elapsed_seconds=450.706 learning_rate=0.000410673
2026-09-21 02:38:18 UTC completed_step=8144 elapsed_seconds=451.429 learning_rate=0.000410022
2026-09-21 02:38:18 UTC completed_step=8160 elapsed_seconds=452.151 learning_rate=0.000409371
2026-09-21 02:38:19 UTC completed_step=8176 elapsed_seconds=452.871 learning_rate=0.000408718
2026-09-21 02:38:20 UTC completed_step=8192 elapsed_seconds=453.591 learning_rate=0.000408066
2026-09-21 02:38:21 UTC step=8192 elapsed_seconds=454.887 mean_loss=0.0156334 errors=5/10002 exact_sentences=1019/1024
2026-09-21 02:38:22 UTC completed_step=8208 elapsed_seconds=455.614 learning_rate=0.000407413
2026-09-21 02:38:22 UTC completed_step=8224 elapsed_seconds=456.335 learning_rate=0.000406759
2026-09-21 02:38:23 UTC completed_step=8240 elapsed_seconds=457.056 learning_rate=0.000406105
2026-09-21 02:38:24 UTC completed_step=8256 elapsed_seconds=457.777 learning_rate=0.00040545
2026-09-21 02:38:25 UTC completed_step=8272 elapsed_seconds=458.498 learning_rate=0.000404795
2026-09-21 02:38:25 UTC completed_step=8288 elapsed_seconds=459.22 learning_rate=0.00040414
2026-09-21 02:38:26 UTC completed_step=8304 elapsed_seconds=459.942 learning_rate=0.000403484
2026-09-21 02:38:27 UTC completed_step=8320 elapsed_seconds=460.664 learning_rate=0.000402827
2026-09-21 02:38:28 UTC step=8320 elapsed_seconds=461.977 mean_loss=0.014725 errors=10/10002 exact_sentences=1014/1024
2026-09-21 02:38:29 UTC completed_step=8336 elapsed_seconds=462.702 learning_rate=0.00040217
2026-09-21 02:38:30 UTC completed_step=8352 elapsed_seconds=463.423 learning_rate=0.000401513
2026-09-21 02:38:30 UTC completed_step=8368 elapsed_seconds=464.143 learning_rate=0.000400855
2026-09-21 02:38:31 UTC completed_step=8384 elapsed_seconds=464.862 learning_rate=0.000400197
2026-09-21 02:38:32 UTC completed_step=8400 elapsed_seconds=465.582 learning_rate=0.000399538
2026-09-21 02:38:32 UTC completed_step=8416 elapsed_seconds=466.303 learning_rate=0.000398879
2026-09-21 02:38:33 UTC completed_step=8432 elapsed_seconds=467.023 learning_rate=0.000398219
2026-09-21 02:38:34 UTC completed_step=8448 elapsed_seconds=467.744 learning_rate=0.000397559
2026-09-21 02:38:35 UTC step=8448 elapsed_seconds=469.056 mean_loss=0.0117314 errors=4/10002 exact_sentences=1020/1024
2026-09-21 02:38:36 UTC completed_step=8464 elapsed_seconds=469.783 learning_rate=0.000396899
2026-09-21 02:38:37 UTC completed_step=8480 elapsed_seconds=470.506 learning_rate=0.000396238
2026-09-21 02:38:37 UTC completed_step=8496 elapsed_seconds=471.227 learning_rate=0.000395576
2026-09-21 02:38:38 UTC completed_step=8512 elapsed_seconds=471.95 learning_rate=0.000394914
2026-09-21 02:38:39 UTC completed_step=8528 elapsed_seconds=472.673 learning_rate=0.000394252
2026-09-21 02:38:39 UTC completed_step=8544 elapsed_seconds=473.395 learning_rate=0.00039359
2026-09-21 02:38:40 UTC completed_step=8560 elapsed_seconds=474.117 learning_rate=0.000392927
2026-09-21 02:38:41 UTC completed_step=8576 elapsed_seconds=474.839 learning_rate=0.000392263
2026-09-21 02:38:42 UTC step=8576 elapsed_seconds=476.138 mean_loss=0.010051 errors=6/10002 exact_sentences=1018/1024
2026-09-21 02:38:43 UTC completed_step=8592 elapsed_seconds=476.865 learning_rate=0.000391599
2026-09-21 02:38:44 UTC completed_step=8608 elapsed_seconds=477.587 learning_rate=0.000390935
2026-09-21 02:38:44 UTC completed_step=8624 elapsed_seconds=478.311 learning_rate=0.000390271
2026-09-21 02:38:45 UTC completed_step=8640 elapsed_seconds=479.033 learning_rate=0.000389606
2026-09-21 02:38:46 UTC completed_step=8656 elapsed_seconds=479.758 learning_rate=0.00038894
2026-09-21 02:38:47 UTC completed_step=8672 elapsed_seconds=480.481 learning_rate=0.000388275
2026-09-21 02:38:47 UTC completed_step=8688 elapsed_seconds=481.204 learning_rate=0.000387608
2026-09-21 02:38:48 UTC completed_step=8704 elapsed_seconds=481.927 learning_rate=0.000386942
2026-09-21 02:38:49 UTC step=8704 elapsed_seconds=483.223 mean_loss=0.00861586 errors=1/10002 exact_sentences=1023/1024
2026-09-21 02:38:50 UTC completed_step=8720 elapsed_seconds=483.952 learning_rate=0.000386275
2026-09-21 02:38:51 UTC completed_step=8736 elapsed_seconds=484.675 learning_rate=0.000385608
2026-09-21 02:38:51 UTC completed_step=8752 elapsed_seconds=485.399 learning_rate=0.00038494
2026-09-21 02:38:52 UTC completed_step=8768 elapsed_seconds=486.122 learning_rate=0.000384272
2026-09-21 02:38:53 UTC completed_step=8784 elapsed_seconds=486.845 learning_rate=0.000383604
2026-09-21 02:38:54 UTC completed_step=8800 elapsed_seconds=487.564 learning_rate=0.000382936
2026-09-21 02:38:54 UTC completed_step=8816 elapsed_seconds=488.284 learning_rate=0.000382267
2026-09-21 02:38:55 UTC completed_step=8832 elapsed_seconds=489.003 learning_rate=0.000381597
2026-09-21 02:38:56 UTC step=8832 elapsed_seconds=490.302 mean_loss=0.00802379 errors=4/10002 exact_sentences=1020/1024
2026-09-21 02:38:57 UTC completed_step=8848 elapsed_seconds=491.028 learning_rate=0.000380928
2026-09-21 02:38:58 UTC completed_step=8864 elapsed_seconds=491.748 learning_rate=0.000380258
2026-09-21 02:38:59 UTC completed_step=8880 elapsed_seconds=492.468 learning_rate=0.000379588
2026-09-21 02:38:59 UTC completed_step=8896 elapsed_seconds=493.188 learning_rate=0.000378917
2026-09-21 02:39:00 UTC completed_step=8912 elapsed_seconds=493.908 learning_rate=0.000378246
2026-09-21 02:39:01 UTC completed_step=8928 elapsed_seconds=494.628 learning_rate=0.000377575
2026-09-21 02:39:01 UTC completed_step=8944 elapsed_seconds=495.348 learning_rate=0.000376904
2026-09-21 02:39:02 UTC completed_step=8960 elapsed_seconds=496.068 learning_rate=0.000376232
2026-09-21 02:39:03 UTC step=8960 elapsed_seconds=497.374 mean_loss=0.00821554 errors=6/10002 exact_sentences=1018/1024
2026-09-21 02:39:04 UTC completed_step=8976 elapsed_seconds=498.1 learning_rate=0.00037556
2026-09-21 02:39:05 UTC completed_step=8992 elapsed_seconds=498.82 learning_rate=0.000374887
2026-09-21 02:39:06 UTC completed_step=9008 elapsed_seconds=499.541 learning_rate=0.000374215
2026-09-21 02:39:06 UTC completed_step=9024 elapsed_seconds=500.263 learning_rate=0.000373542
2026-09-21 02:39:07 UTC completed_step=9040 elapsed_seconds=500.983 learning_rate=0.000372869
2026-09-21 02:39:08 UTC completed_step=9056 elapsed_seconds=501.703 learning_rate=0.000372195
2026-09-21 02:39:09 UTC completed_step=9072 elapsed_seconds=502.425 learning_rate=0.000371521
2026-09-21 02:39:09 UTC completed_step=9088 elapsed_seconds=503.145 learning_rate=0.000370847
2026-09-21 02:39:11 UTC step=9088 elapsed_seconds=504.443 mean_loss=0.00654102 errors=5/10002 exact_sentences=1019/1024
2026-09-21 02:39:11 UTC completed_step=9104 elapsed_seconds=505.168 learning_rate=0.000370173
2026-09-21 02:39:12 UTC completed_step=9120 elapsed_seconds=505.888 learning_rate=0.000369499
2026-09-21 02:39:13 UTC completed_step=9136 elapsed_seconds=506.609 learning_rate=0.000368824
2026-09-21 02:39:13 UTC completed_step=9152 elapsed_seconds=507.331 learning_rate=0.000368149
2026-09-21 02:39:14 UTC completed_step=9168 elapsed_seconds=508.053 learning_rate=0.000367474
2026-09-21 02:39:15 UTC completed_step=9184 elapsed_seconds=508.776 learning_rate=0.000366798
2026-09-21 02:39:16 UTC completed_step=9200 elapsed_seconds=509.498 learning_rate=0.000366122
2026-09-21 02:39:16 UTC completed_step=9216 elapsed_seconds=510.218 learning_rate=0.000365446
2026-09-21 02:39:18 UTC step=9216 elapsed_seconds=511.526 mean_loss=0.00515014 errors=1/10002 exact_sentences=1023/1024
2026-09-21 02:39:18 UTC completed_step=9232 elapsed_seconds=512.253 learning_rate=0.00036477
2026-09-21 02:39:19 UTC completed_step=9248 elapsed_seconds=512.973 learning_rate=0.000364094
2026-09-21 02:39:20 UTC completed_step=9264 elapsed_seconds=513.693 learning_rate=0.000363417
2026-09-21 02:39:21 UTC completed_step=9280 elapsed_seconds=514.414 learning_rate=0.00036274
2026-09-21 02:39:21 UTC completed_step=9296 elapsed_seconds=515.134 learning_rate=0.000362063
2026-09-21 02:39:22 UTC completed_step=9312 elapsed_seconds=515.856 learning_rate=0.000361386
2026-09-21 02:39:23 UTC completed_step=9328 elapsed_seconds=516.578 learning_rate=0.000360708
2026-09-21 02:39:23 UTC completed_step=9344 elapsed_seconds=517.3 learning_rate=0.000360031
2026-09-21 02:39:25 UTC step=9344 elapsed_seconds=518.601 mean_loss=0.00507543 errors=4/10002 exact_sentences=1020/1024
2026-09-21 02:39:25 UTC completed_step=9360 elapsed_seconds=519.329 learning_rate=0.000359353
2026-09-21 02:39:26 UTC completed_step=9376 elapsed_seconds=520.051 learning_rate=0.000358675
2026-09-21 02:39:27 UTC completed_step=9392 elapsed_seconds=520.772 learning_rate=0.000357997
2026-09-21 02:39:28 UTC completed_step=9408 elapsed_seconds=521.493 learning_rate=0.000357318
2026-09-21 02:39:28 UTC completed_step=9424 elapsed_seconds=522.214 learning_rate=0.00035664
2026-09-21 02:39:29 UTC completed_step=9440 elapsed_seconds=522.936 learning_rate=0.000355961
2026-09-21 02:39:30 UTC completed_step=9456 elapsed_seconds=523.657 learning_rate=0.000355282
2026-09-21 02:39:30 UTC completed_step=9472 elapsed_seconds=524.378 learning_rate=0.000354603
2026-09-21 02:39:32 UTC step=9472 elapsed_seconds=525.706 mean_loss=0.00612311 errors=4/10002 exact_sentences=1020/1024
2026-09-21 02:39:33 UTC completed_step=9488 elapsed_seconds=526.436 learning_rate=0.000353924
2026-09-21 02:39:33 UTC completed_step=9504 elapsed_seconds=527.159 learning_rate=0.000353244
2026-09-21 02:39:34 UTC completed_step=9520 elapsed_seconds=527.883 learning_rate=0.000352565
2026-09-21 02:39:35 UTC completed_step=9536 elapsed_seconds=528.608 learning_rate=0.000351885
2026-09-21 02:39:35 UTC completed_step=9552 elapsed_seconds=529.332 learning_rate=0.000351205
2026-09-21 02:39:36 UTC completed_step=9568 elapsed_seconds=530.056 learning_rate=0.000350525
2026-09-21 02:39:37 UTC completed_step=9584 elapsed_seconds=530.78 learning_rate=0.000349845
2026-09-21 02:39:38 UTC completed_step=9600 elapsed_seconds=531.503 learning_rate=0.000349165
2026-09-21 02:39:39 UTC step=9600 elapsed_seconds=532.815 mean_loss=0.00519425 errors=5/10002 exact_sentences=1019/1024
2026-09-21 02:39:40 UTC completed_step=9616 elapsed_seconds=533.543 learning_rate=0.000348485
2026-09-21 02:39:40 UTC completed_step=9632 elapsed_seconds=534.268 learning_rate=0.000347804
2026-09-21 02:39:41 UTC completed_step=9648 elapsed_seconds=534.991 learning_rate=0.000347124
2026-09-21 02:39:42 UTC completed_step=9664 elapsed_seconds=535.714 learning_rate=0.000346443
2026-09-21 02:39:43 UTC completed_step=9680 elapsed_seconds=536.437 learning_rate=0.000345762
2026-09-21 02:39:43 UTC completed_step=9696 elapsed_seconds=537.16 learning_rate=0.000345081
2026-09-21 02:39:44 UTC completed_step=9712 elapsed_seconds=537.884 learning_rate=0.0003444
2026-09-21 02:39:45 UTC completed_step=9728 elapsed_seconds=538.607 learning_rate=0.000343719
2026-09-21 02:39:46 UTC step=9728 elapsed_seconds=539.926 mean_loss=0.00436262 errors=5/10002 exact_sentences=1020/1024
2026-09-21 02:39:47 UTC completed_step=9744 elapsed_seconds=540.656 learning_rate=0.000343038
2026-09-21 02:39:47 UTC completed_step=9760 elapsed_seconds=541.379 learning_rate=0.000342357
2026-09-21 02:39:48 UTC completed_step=9776 elapsed_seconds=542.103 learning_rate=0.000341676
2026-09-21 02:39:49 UTC completed_step=9792 elapsed_seconds=542.825 learning_rate=0.000340994
2026-09-21 02:39:50 UTC completed_step=9808 elapsed_seconds=543.55 learning_rate=0.000340313
2026-09-21 02:39:50 UTC completed_step=9824 elapsed_seconds=544.274 learning_rate=0.000339631
2026-09-21 02:39:51 UTC completed_step=9840 elapsed_seconds=544.998 learning_rate=0.00033895
2026-09-21 02:39:52 UTC completed_step=9856 elapsed_seconds=545.721 learning_rate=0.000338268
2026-09-21 02:39:53 UTC step=9856 elapsed_seconds=547.043 mean_loss=0.00352834 errors=1/10002 exact_sentences=1023/1024
2026-09-21 02:39:54 UTC completed_step=9872 elapsed_seconds=547.769 learning_rate=0.000337586
2026-09-21 02:39:55 UTC completed_step=9888 elapsed_seconds=548.49 learning_rate=0.000336904
2026-09-21 02:39:55 UTC completed_step=9904 elapsed_seconds=549.213 learning_rate=0.000336223
2026-09-21 02:39:56 UTC completed_step=9920 elapsed_seconds=549.937 learning_rate=0.000335541
2026-09-21 02:39:57 UTC completed_step=9936 elapsed_seconds=550.662 learning_rate=0.000334859
2026-09-21 02:39:57 UTC completed_step=9952 elapsed_seconds=551.386 learning_rate=0.000334177
2026-09-21 02:39:58 UTC completed_step=9968 elapsed_seconds=552.111 learning_rate=0.000333495
2026-09-21 02:39:59 UTC completed_step=9984 elapsed_seconds=552.835 learning_rate=0.000332813
2026-09-21 02:40:00 UTC step=9984 elapsed_seconds=554.139 mean_loss=0.00248192 errors=0/10002 exact_sentences=1024/1024
2026-09-21 02:40:02 UTC step=9984 elapsed_seconds=555.461 mean_loss=0.00248192 errors=0/10002 exact_sentences=1024/1024
MEMORIZED checkpoint=/home/ubuntu/checkpoints/memorize_general_facts/width_depth_long_1/width_32/layers_1/step_9984
